n=3 attempt=1 method=glynn seconds=8.6396e-05
FOUND n=3 permanent=2
n=4 attempt=1 method=glynn seconds=5.9936e-05
FOUND n=4 permanent=4
n=5 attempt=1 method=glynn seconds=5.0595e-05
FOUND n=5 permanent=8
n=6 attempt=1 method=glynn seconds=3.8771e-05
FOUND n=6 permanent=16
n=7 attempt=1 method=glynn seconds=5.2793e-05
FOUND n=7 permanent=16
n=8 attempt=1 method=glynn seconds=5.8082e-05
FOUND n=8 permanent=32
n=9 attempt=1 method=glynn seconds=6.1759e-05
FOUND n=9 permanent=64
n=10 attempt=1 method=glynn seconds=7.4875e-05
FOUND n=10 permanent=128
n=11 attempt=1 method=glynn seconds=8.0806e-05
FOUND n=11 permanent=256
n=12 attempt=1 method=glynn seconds=8.1485e-05
FOUND n=12 permanent=512
n=13 attempt=1 method=glynn seconds=0.000195668
FOUND n=13 permanent=1024
n=14 attempt=1 method=glynn seconds=0.000241634
FOUND n=14 permanent=2048
n=15 attempt=1 method=glynn seconds=0.000499354
FOUND n=15 permanent=2048
n=16 attempt=1 method=glynn seconds=0.000822325
FOUND n=16 permanent=4096
n=17 attempt=1 method=glynn seconds=0.00665125
FOUND n=17 permanent=8192
n=18 attempt=1 method=glynn seconds=0.00688847
FOUND n=18 permanent=16384
n=19 attempt=1 method=glynn seconds=0.0224528
FOUND n=19 permanent=32768
n=20 attempt=1 method=glynn seconds=0.0384594
FOUND n=20 permanent=65536
PASS n=1 permanent=1
PASS n=2 permanent=2 half_mod2_128=0x00000000000000000000000000000001 half_mod2_61_minus1=1 states=2 nonzero_candidates=1 threads=1 seconds=0.000222085
PASS n=3 permanent=2 half_mod2_128=0x00000000000000000000000000000001 half_mod2_61_minus1=1 states=2 nonzero_candidates=1 threads=1 seconds=0.000217052
PASS n=4 permanent=4 half_mod2_128=0x00000000000000000000000000000002 half_mod2_61_minus1=2 states=8 nonzero_candidates=1 threads=1 seconds=0.000215295
PASS n=5 permanent=8 half_mod2_128=0x00000000000000000000000000000004 half_mod2_61_minus1=4 states=8 nonzero_candidates=2 threads=1 seconds=0.000287127
PASS n=6 permanent=16 half_mod2_128=0x00000000000000000000000000000008 half_mod2_61_minus1=8 states=32 nonzero_candidates=2 threads=1 seconds=0.000224281
PASS n=7 permanent=16 half_mod2_128=0x00000000000000000000000000000008 half_mod2_61_minus1=8 states=32 nonzero_candidates=11 threads=1 seconds=0.000209526
PASS n=8 permanent=32 half_mod2_128=0x00000000000000000000000000000010 half_mod2_61_minus1=16 states=128 nonzero_candidates=5 threads=1 seconds=0.000289122
PASS n=9 permanent=64 half_mod2_128=0x00000000000000000000000000000020 half_mod2_61_minus1=32 states=128 nonzero_candidates=34 threads=1 seconds=0.00154122
PASS n=10 permanent=128 half_mod2_128=0x00000000000000000000000000000040 half_mod2_61_minus1=64 states=512 nonzero_candidates=68 threads=1 seconds=0.00051037
PASS n=11 permanent=256 half_mod2_128=0x00000000000000000000000000000080 half_mod2_61_minus1=128 states=512 nonzero_candidates=104 threads=1 seconds=0.000246591
PASS n=12 permanent=512 half_mod2_128=0x00000000000000000000000000000100 half_mod2_61_minus1=256 states=2048 nonzero_candidates=54 threads=1 seconds=0.000242629
PASS n=13 permanent=1024 half_mod2_128=0x00000000000000000000000000000200 half_mod2_61_minus1=512 states=2048 nonzero_candidates=269 threads=1 seconds=0.000541715
PASS n=14 permanent=2048 half_mod2_128=0x00000000000000000000000000000400 half_mod2_61_minus1=1024 states=8192 nonzero_candidates=496 threads=1 seconds=0.000501226
PASS n=15 permanent=2048 half_mod2_128=0x00000000000000000000000000000400 half_mod2_61_minus1=1024 states=8192 nonzero_candidates=1062 threads=1 seconds=0.000682255
PASS n=16 permanent=4096 half_mod2_128=0x00000000000000000000000000000800 half_mod2_61_minus1=2048 states=32768 nonzero_candidates=611 threads=1 seconds=0.000750078
PASS n=17 permanent=8192 half_mod2_128=0x00000000000000000000000000001000 half_mod2_61_minus1=4096 states=32768 nonzero_candidates=3123 threads=1 seconds=0.00176611
PASS n=18 permanent=16384 half_mod2_128=0x00000000000000000000000000002000 half_mod2_61_minus1=8192 states=131072 nonzero_candidates=2182 threads=1 seconds=0.00261186
PASS n=19 permanent=32768 half_mod2_128=0x00000000000000000000000000004000 half_mod2_61_minus1=16384 states=131072 nonzero_candidates=11891 threads=1 seconds=0.0271156
PASS n=20 permanent=65536 half_mod2_128=0x00000000000000000000000000008000 half_mod2_61_minus1=32768 states=524288 nonzero_candidates=9693 threads=1 seconds=0.0196522
n=21 attempt=1 method=dp seconds=0.111647
FOUND n=21 permanent=131072
n=22 attempt=1 method=dp seconds=0.171535
FOUND n=22 permanent=262144
n=23 attempt=1 method=dp seconds=0.330831
FOUND n=23 permanent=524288
n=24 attempt=1 method=dp seconds=0.694399
FOUND n=24 permanent=1048576
n=25 attempt=1 method=dp seconds=1.49635
FOUND n=25 permanent=2097152
n=26 attempt=1 method=dp seconds=3.90114
FOUND n=26 permanent=4194304
n=27 attempt=1 method=dp seconds=8.02986
FOUND n=27 permanent=8388608
n=28 attempt=1 method=dp seconds=9.27953
FOUND n=28 permanent=16777216
