$ systemd-run --user --quiet --wait --pipe --collect -p 'RestrictAddressFamilies=~AF_UNIX' --working-directory /home/runner/work/_temp/nla-lean-tools/.verification-tmp/nla-fresh-proof-sj32yqcg/project /usr/bin/env -i PATH=/home/runner/.elan/toolchains/leanprover--lean4---v4.33.1/bin:/home/runner/.elan/bin:/home/runner/go/bin:/opt/hostedtoolcache/go/1.27.1/x64/bin:/snap/bin:/home/runner/.local/bin:/opt/pipx_bin:/home/runner/.cargo/bin:/home/runner/.config/composer/vendor/bin:/usr/local/.ghcup/bin:/home/runner/.dotnet/tools:/usr/local/sbin:/usr/local/bin:/usr/sbin:/usr/bin:/sbin:/bin:/usr/games:/usr/local/games:/snap/bin HOME=/home/runner LANG=C.UTF-8 XDG_RUNTIME_DIR=/run/user/1001 DBUS_SESSION_BUS_ADDRESS=unix:path=/run/user/1001/bus GIT_TERMINAL_PROMPT=0 GIT_CONFIG_NOSYSTEM=1 GIT_CONFIG_GLOBAL=/dev/null COMPARATOR_BIN=/home/runner/work/_temp/nla-lean-tools/.tools/comparator/.lake/build/bin/comparator COMPARATOR_LEAN4EXPORT=/home/runner/work/_temp/nla-lean-tools/.tools/lean4export/.lake/build/bin/lean4export COMPARATOR_LANDRUN=/home/runner/work/_temp/nla-lean-tools/scripts/strict_landrun.py XDG_CACHE_HOME=/home/runner/work/_temp/nla-lean-tools/.tools/cache TMPDIR=/home/runner/work/_temp/nla-lean-tools/.verification-tmp lake env /home/runner/work/_temp/nla-lean-tools/.tools/comparator/.lake/build/bin/comparator comparator.json
Building Challenge
✔ [2157/2159] Built NLA.MI19.Definitions (1.5s)
⚠ [2158/2159] Built Challenge (1.3s)
warning: Challenge.lean:10:8: declaration uses `sorry`
warning: Challenge.lean:22:8: declaration uses `sorry`
Build completed successfully (2159 jobs).
Exporting #[Quot, Quot.mk, Quot.lift, Quot.ind, NLA.MI19.counterexample, NLA.MI19.not_subsetConjecture, propext, Classical.choice, Quot.sound, Nat.add, Nat.sub, Nat.mul, Nat.pow, Nat.gcd, Nat.div, Nat.mod, Nat.beq, Nat.ble, Nat.land, Nat.lor, Nat.xor, Nat.shiftLeft, Nat.shiftRight, String.ofList, Char.ofNat, List, eagerReduce, Nat, String, String.mk, Char, optParam, autoParam, semiOutParam, outParam] from Challenge
Building Solution
✔ [2792/2825] Built LeanCert.Core.Interval (3.2s)
✔ [2793/2825] Built LeanCert.Core.DerivativeIntervals (3.5s)
✔ [2794/2832] Built LeanCert.Contrib.Sinc (5.2s)
✔ [2795/2832] Built LeanCert.Core.Expr (5.5s)
✔ [2796/2836] Built LeanCert.Tactic.Verification (4.9s)
✔ [2797/2836] Built LeanCert.Core.Dyadic (5.4s)
✔ [2798/2836] Built LeanCert.Core.Taylor (8.5s)
✔ [2799/2837] Built LeanCert.Core.IntervalRat.Basic (9.4s)
✔ [2800/2837] Built LeanCert.Core.Support (3.4s)
✔ [2801/2837] Built LeanCert.Core.IntervalRat.LogReduction (4.6s)
✔ [2802/2837] Built LeanCert.Tactic.LeanCert.Bridge.Environment (2.6s)
✔ [2803/2837] Built LeanCert.Meta.Numeral (3.6s)
✔ [2804/2837] Built LeanCert.Engine.Eval.Result (2.7s)
✔ [2805/2837] Built LeanCert.Tactic.NumericalRefinement (529ms)
✔ [2806/2837] Built LeanCert.Core.TrigReduction (2.9s)
✔ [2807/2837] Built LeanCert.Tactic.IntervalAuto.Types (3.4s)
✔ [2808/2837] Built LeanCert.Core.IntervalRat.Transcendental (4.5s)
✔ [2809/2942] Built LeanCert.Tactic.IntervalAuto.Extract (3.5s)
✔ [2863/2944] Built LeanCert.Tactic.IntervalAuto.Norm (4.6s)
✔ [2865/2948] Built LeanCert.Meta.ToExpr (5.8s)
✔ [2866/2948] Built LeanCert.Tactic.VecUtil (4.4s)
✔ [2867/2948] Built LeanCert.Tactic.FinsetParse (4.5s)
✔ [2868/2948] Built LeanCert.Tactic.LeanCert.Normalize (4.5s)
✔ [2869/2994] Built LeanCert.Tactic.BridgeNative (2.1s)
✔ [3523/3603] Built LeanCert.Tactic.IntervalAuto.Parse (7.0s)
✔ [3524/3605] Built LeanCert.Tactic.FinSumExpand (2.3s)
✔ [3525/3607] Built LeanCert.Validity.Eventual (2.7s)
✔ [3526/3609] Built LeanCert.Tactic.LeanCert.Semantic.Domain (1.5s)
✔ [3527/3612] Built LeanCert.Tactic.IntervalAuto.Diagnostic (2.8s)
✔ [3528/3612] Built LeanCert.Tactic.LeanCert.Semantic.Goal (1.6s)
✔ [3529/3616] Built LeanCert.Tactic.VecSimp (1.6s)
✔ [3530/3617] Built LeanCert.Core.IntervalRat.Taylor (19s)
✔ [3531/3617] Built LeanCert.Tactic.LeanCert.Semantic.Parse.Comparison (1.2s)
✔ [3532/3620] Built LeanCert.Core.IntervalReal (2.3s)
✔ [3533/3620] Built LeanCert.Tactic.EventualBound (4.5s)
✔ [3534/3620] Built LeanCert.Tactic.Extension.Protocol (2.5s)
✔ [3535/3620] Built LeanCert.Core.IntervalRat.TrigReduced (2.7s)
✔ [3536/3620] Built LeanCert.Tactic.LeanCert.Semantic.Parse.Bound (2.8s)
✔ [3537/3620] Built LeanCert.Tactic.LeanCert.Diagnostic.Evidence (2.9s)
✔ [3538/3620] Built LeanCert.Tactic.LeanCert.Config (2.6s)
✔ [3539/3620] Built LeanCert.Engine.Affine.Basic (6.9s)
✔ [3540/3624] Built LeanCert.Core.IntervalRealEndpoints (5.8s)
✔ [3541/3625] Built LeanCert.Core.IntervalDyadic (7.9s)
✔ [3543/3625] Built LeanCert.Tactic.Extension.Registry (4.2s)
✔ [3544/3633] Built LeanCert.Engine.Affine.Nonlinear (5.5s)
✔ [3545/3635] Built LeanCert.Core.DyadicCell (5.4s)
✔ [3547/3640] Built LeanCert.Engine.Algebra.QPoly (5.7s)
✔ [3548/3640] Built LeanCert.Engine.FloatEval (3.6s)
✔ [3549/3640] Built LeanCert.Engine.Eval.Core (8.1s)
✔ [3550/3640] Built LeanCert.Core.DyadicFrontier (2.8s)
✔ [3551/3640] Built LeanCert.Tactic.Extension.Command (2.4s)
✔ [3552/3640] Built LeanCert.Engine.Algebra.QPolyIntegral (2.6s)
✔ [3553/3640] Built LeanCert.Tactic.Extension (1.0s)
✔ [3554/3640] Built LeanCert.Engine.Eval.Extended (3.1s)
✔ [3555/3640] Built LeanCert.Engine.Bounds.Lemmas (1.7s)
✔ [3556/3640] Built LeanCert.Engine.IntervalEval (1.5s)
✔ [3557/3640] Built LeanCert.Validity.Bounds.Checked (2.8s)
✔ [3558/3640] Built LeanCert.Validity.Bounds.Core (3.2s)
✔ [3559/3640] Built LeanCert.Engine.Affine.Transcendental (3.8s)
✔ [3560/3640] Built LeanCert.Engine.Optimization.Box (4.1s)
✔ [3561/3640] Built LeanCert.Engine.IntervalEvalDyadic (7.5s)
✔ [3562/3640] Built LeanCert.Engine.RootFinding.Basic (5.5s)
✔ [3563/3640] Built LeanCert.Engine.AD.Basic (2.7s)
✔ [3564/3640] Built LeanCert.Engine.Integrate (6.6s)
✔ [3565/3640] Built LeanCert.Engine.Search.Heuristic (4.3s)
✔ [3566/3640] Built LeanCert.Engine.IntervalEvalAffine (6.5s)
✔ [3567/3640] Built LeanCert.Engine.FinSumDyadic (5.6s)
✔ [3568/3640] Built LeanCert.Engine.TaylorModel.Core (9.8s)
✔ [3569/3640] Built LeanCert.Validity.DyadicBounds (3.6s)
✔ [3570/3640] Built LeanCert.Engine.RootFinding.Bisection (5.3s)
✔ [3571/3640] Built LeanCert.Engine.AD.Transcendental (4.3s)
✔ [3572/3640] Built LeanCert.Engine.Affine.Environment (4.0s)
✔ [3573/3640] Built LeanCert.Engine.WitnessSum (3.3s)
✔ [3574/3640] Built LeanCert.Engine.TaylorModel.Special (2.6s)
✔ [3575/3640] Built LeanCert.Engine.TaylorModel.Integral (3.4s)
✔ [3576/3640] Built LeanCert.Engine.AD.Eval (4.7s)
✔ [3577/3640] Built LeanCert.Engine.TaylorModel.ExpLog (9.1s)
✔ [3578/3640] Built LeanCert.Engine.AD.Correctness (5.1s)
✔ [3579/3640] Built LeanCert.Engine.TaylorModel.Trig (11s)
✔ [3580/3640] Built LeanCert.Engine.TaylorModel.Hyperbolic (13s)
✔ [3581/3640] Built LeanCert.Engine.AD.Computable (3.4s)
✔ [3582/3640] Built LeanCert.Engine.TaylorModel.Functions (2.3s)
✔ [3583/3640] Built LeanCert.Engine.AD.PartialCorrectness (5.7s)
✔ [3584/3640] Built LeanCert.Engine.AD.DomainChecked (3.3s)
✔ [3585/3640] Built LeanCert.Engine.TaylorModel.Expr (3.7s)
✔ [3586/3640] Built LeanCert.Engine.TaylorModel (1.8s)
✔ [3587/3640] Built LeanCert.Engine.AD.Dyadic (2.0s)
✔ [3588/3640] Built LeanCert.Engine.AD (1.5s)
✔ [3589/3640] Built LeanCert.Validity.Bounds.Smart (3.4s)
✔ [3590/3640] Built LeanCert.Meta.ProveSupported (3.9s)
✔ [3591/3640] Built LeanCert.Engine.IntervalEvalRefined (4.2s)
✔ [3592/3640] Built LeanCert.Engine.Optimize (6.3s)
✔ [3593/3640] Built LeanCert.Validity.Bounds.Bridge (3.0s)
✔ [3594/3640] Built LeanCert.Meta.ProveContinuous (4.5s)
✔ [3595/3640] Built LeanCert.Tactic.IntervalAuto.ProveCommon (5.5s)
✔ [3596/3640] Built LeanCert.Validity.Bounds.Basic (2.8s)
✔ [3597/3640] Built LeanCert.Engine.RootFinding.Newton (5.1s)
✔ [3598/3640] Built LeanCert.Engine.Optimization.Gradient (6.2s)
✔ [3599/3640] Built LeanCert.Tactic.LeanCert.Bridge.ReifiedFunction (2.0s)
✔ [3600/3640] Built LeanCert.Tactic.IntervalAuto.Basic (3.1s)
✔ [3601/3640] Built LeanCert.Validity.Integration (6.1s)
✔ [3602/3640] Built LeanCert.Engine.RootFinding.MVTBounds (9.3s)
✔ [3603/3640] Built LeanCert.Engine.RootFinding.Krawczyk (7.7s)
✔ [3604/3640] Built LeanCert.Tactic.LeanCert.Semantic.Prepare (7.1s)
✔ [3605/3640] Built LeanCert.Engine.RootFinding.KrawczykCandidate (6.0s)
✔ [3606/3640] Built LeanCert.Engine.RootFinding.Contraction (7.4s)
✔ [3607/3640] Built LeanCert.Tactic.LeanCert.Integral (9.1s)
✔ [3608/3640] Built LeanCert.Validity.Krawczyk (2.7s)
✔ [3609/3640] Built LeanCert.Engine.RootFinding.Main (2.8s)
✔ [3610/3640] Built LeanCert.Tactic.LeanCert.Solver.Protocol (5.2s)
✔ [3611/3640] Built LeanCert.Tactic.Extension.Execute (6.7s)
✔ [3612/3640] Built LeanCert.Engine.Optimization.Global (22s)
✔ [3613/3640] Built LeanCert.Engine.Optimization.Guided (2.9s)
✔ [3614/3640] Built LeanCert.Tactic.LeanCert.Diagnostic.Render (3.5s)
✔ [3615/3640] Built LeanCert.Tactic.Enclosure (3.4s)
✔ [3616/3640] Built LeanCert.Engine.Search.CounterExample (3.3s)
✔ [3617/3640] Built LeanCert.Validity.Types (3.7s)
✔ [3618/3640] Built LeanCert.Validity.Bounds (6.8s)
✔ [3619/3640] Built LeanCert.Engine.Optimization.BoundVerify (3.5s)
✔ [3620/3640] Built LeanCert.Discovery.Find (3.1s)
✔ [3621/3640] Built LeanCert.Tactic.IntervalAuto.OptBound (3.6s)
✔ [3622/3640] Built LeanCert.Tactic.IntervalAuto.RootBound (3.6s)
✔ [3623/3640] Built LeanCert.Tactic.IntervalAuto.Multivariate (5.2s)
✔ [3624/3640] Built LeanCert.Tactic.IntervalAuto.Bound (11s)
✔ [3625/3640] Built LeanCert.Tactic.IntervalAuto.Subdiv (4.9s)
✔ [3626/3640] Built LeanCert.Tactic.IntervalAuto.Adaptive (6.3s)
✔ [3627/3640] Built LeanCert.Tactic.IntervalAuto.PointIneq (7.2s)
✔ [3628/3640] Built LeanCert.Tactic.IntervalAuto (1.9s)
✔ [3629/3640] Built LeanCert.Tactic.Refute (3.4s)
✔ [3630/3640] Built LeanCert.Tactic.FinSumWitness (4.3s)
✔ [3631/3640] Built LeanCert.Tactic.FinSumBound (3.5s)
✔ [3632/3640] Built LeanCert.Tactic.LeanCert.Semantic.Parse (2.5s)
✔ [3633/3640] Built LeanCert.Tactic.Discovery (10s)
✔ [3634/3640] Built LeanCert.Tactic.Krawczyk (2.6s)
✔ [3635/3640] Built LeanCert.Tactic.LeanCert.Router (6.1s)
✔ [3636/3640] Built LeanCert.Tactic.LeanCert (1.0s)
✔ [3637/3640] Built LeanCert.Tactic (2.0s)
ℹ [3638/3640] Built NLA.MI19.Proof (5.0s)
info: NLA/MI19/Proof.lean:160:0: 'NLA.MI19.qPermanent_witness' depends on axioms: [propext, Classical.choice, Quot.sound]
info: NLA/MI19/Proof.lean:162:0: 'NLA.MI19.restrictedQPermanent_witness' depends on axioms: [propext, Classical.choice, Quot.sound]
info: NLA/MI19/Proof.lean:164:0: 'NLA.MI19.strict_scalar_gap' depends on axioms: [propext, Classical.choice, Quot.sound]
info: NLA/MI19/Proof.lean:166:0: 'NLA.MI19.counterexample_proved' depends on axioms: [propext, Classical.choice, Quot.sound]
info: NLA/MI19/Proof.lean:168:0: 'NLA.MI19.not_subsetConjecture_proved' depends on axioms: [propext, Classical.choice, Quot.sound]
ℹ [3639/3640] Built Solution (2.1s)
info: Solution.lean:31:0: 'NLA.MI19.counterexample' depends on axioms: [propext, Classical.choice, Quot.sound]
info: Solution.lean:33:0: 'NLA.MI19.not_subsetConjecture' depends on axioms: [propext, Classical.choice, Quot.sound]
Build completed successfully (3640 jobs).
Exporting #[Quot, Quot.mk, Quot.lift, Quot.ind, NLA.MI19.counterexample, NLA.MI19.not_subsetConjecture, propext, Classical.choice, Quot.sound, Nat.add, Nat.sub, Nat.mul, Nat.pow, Nat.gcd, Nat.div, Nat.mod, Nat.beq, Nat.ble, Nat.land, Nat.lor, Nat.xor, Nat.shiftLeft, Nat.shiftRight, String.ofList, Char.ofNat, List, eagerReduce, Nat, String, String.mk, Char, optParam, autoParam, semiOutParam, outParam] from Solution
Running Lean default kernel on solution.
Lean default kernel accepts the solution
Your solution is okay!

EXIT_STATUS=0
