$ systemd-run --user --quiet --wait --pipe --collect -p 'RestrictAddressFamilies=~AF_UNIX' --working-directory /home/runner/work/_temp/nla-statement-tools/.verification-tmp/nla-fresh-proof-pyn0jvab/project /usr/bin/env -i PATH=/home/runner/.elan/toolchains/leanprover--lean4---v4.33.1/bin:/home/runner/.elan/bin:/home/runner/go/bin:/opt/hostedtoolcache/go/1.27.1/x64/bin:/snap/bin:/home/runner/.local/bin:/opt/pipx_bin:/home/runner/.cargo/bin:/home/runner/.config/composer/vendor/bin:/usr/local/.ghcup/bin:/home/runner/.dotnet/tools:/usr/local/sbin:/usr/local/bin:/usr/sbin:/usr/bin:/sbin:/bin:/usr/games:/usr/local/games:/snap/bin HOME=/home/runner LANG=C.UTF-8 XDG_RUNTIME_DIR=/run/user/1001 DBUS_SESSION_BUS_ADDRESS=unix:path=/run/user/1001/bus GIT_TERMINAL_PROMPT=0 GIT_CONFIG_NOSYSTEM=1 GIT_CONFIG_GLOBAL=/dev/null COMPARATOR_BIN=/home/runner/work/_temp/nla-statement-tools/.tools/comparator/.lake/build/bin/comparator COMPARATOR_LEAN4EXPORT=/home/runner/work/_temp/nla-statement-tools/.tools/lean4export/.lake/build/bin/lean4export COMPARATOR_LANDRUN=/home/runner/work/_temp/nla-statement-tools/scripts/strict_landrun.py XDG_CACHE_HOME=/home/runner/work/_temp/nla-statement-tools/.tools/cache TMPDIR=/home/runner/work/_temp/nla-statement-tools/.verification-tmp lake env /home/runner/work/_temp/nla-statement-tools/.tools/comparator/.lake/build/bin/comparator comparator.json
Building IdentityChallenge
✔ [2756/2764] Built LeanCert.Tactic.LeanCert.Semantic.Domain (1.7s)
✔ [2757/2767] Built LeanCert.Tactic.LeanCert.Semantic.Goal (3.2s)
✔ [2775/2790] Built LeanCert.Core.Interval (4.1s)
✔ [2778/2811] Built LeanCert.Core.Dyadic (5.6s)
✔ [2781/2815] Built LeanCert.Core.Expr (8.4s)
✔ [2782/2815] Built LeanCert.Core.DerivativeIntervals (4.9s)
✔ [2783/2815] Built LeanCert.Contrib.Sinc (7.2s)
✔ [2784/2815] Built LeanCert.Core.Support (6.3s)
✔ [2785/2817] Built LeanCert.Core.IntervalRat.Basic (12s)
✔ [2786/2817] Built LeanCert.Core.Taylor (12s)
✔ [2787/2817] Built LeanCert.Core.IntervalRat.LogReduction (8.2s)
✔ [2788/2817] Built LeanCert.Meta.Numeral (6.6s)
✔ [2789/2819] Built LeanCert.Tactic.IntervalAuto.Types (5.0s)
✔ [2790/2819] Built LeanCert.Engine.Eval.Result (3.4s)
✔ [2791/2819] Built LeanCert.Core.TrigReduction (4.1s)
✔ [2792/2819] Built LeanCert.Core.IntervalRat.Transcendental (7.1s)
✔ [2793/2820] Built LeanCert.Tactic.IntervalAuto.Extract (6.6s)
✔ [2794/2824] Built LeanCert.Meta.ToExpr (10s)
✔ [2795/2824] Built LeanCert.Tactic.IntervalAuto.Norm (8.4s)
✔ [2796/2825] Built LeanCert.Tactic.Verification (6.3s)
✔ [2797/2854] Built LeanCert.Tactic.NumericalRefinement (997ms)
✔ [2851/2927] Built LeanCert.Tactic.LeanCert.Bridge.Environment (4.2s)
✔ [2852/2930] Built LeanCert.Tactic.FinsetParse (4.7s)
✔ [2853/2934] Built LeanCert.Tactic.IntervalAuto.Parse (7.9s)
✔ [2854/2934] Built LeanCert.Tactic.BridgeNative (2.3s)
✔ [2855/2938] Built LeanCert.Tactic.LeanCert.Normalize (4.7s)
✔ [2856/2939] Built LeanCert.Tactic.LeanCert.Semantic.Parse.Comparison (1.9s)
✔ [2857/2939] Built LeanCert.Tactic.IntervalAuto.Diagnostic (3.0s)
✔ [2858/2941] Built LeanCert.Core.IntervalRat.Taylor (26s)
✔ [2859/2942] Built LeanCert.Tactic.Extension.Protocol (3.7s)
✔ [2860/2942] Built LeanCert.Tactic.LeanCert.Semantic.Parse.Bound (3.0s)
✔ [2861/2942] Built LeanCert.Core.IntervalReal (2.0s)
✔ [2862/2942] Built LeanCert.Tactic.LeanCert.Diagnostic.Evidence (3.9s)
✔ [2863/2942] Built LeanCert.Core.IntervalRat.TrigReduced (3.8s)
✔ [2864/2942] Built LeanCert.Tactic.LeanCert.Config (2.4s)
✔ [2865/3052] Built LeanCert.Tactic.Extension.Registry (4.0s)
✔ [3527/3607] Built LeanCert.Core.IntervalRealEndpoints (6.9s)
✔ [3528/3607] Built LeanCert.Engine.Affine.Basic (10s)
✔ [3529/3607] Built LeanCert.Engine.Algebra.QPoly (8.9s)
✔ [3530/3609] Built LeanCert.Core.IntervalDyadic (12s)
✔ [3531/3613] Built LeanCert.Engine.Affine.Nonlinear (8.6s)
✔ [3532/3615] Built LeanCert.Engine.Algebra.QPolyIntegral (6.2s)
✔ [3533/3617] Built LeanCert.Engine.Eval.Core (12s)
✔ [3534/3617] Built LeanCert.Core.DyadicCell (7.7s)
✔ [3535/3619] Built LeanCert.Engine.FloatEval (4.0s)
✔ [3536/3623] Built LeanCert.Tactic.VecUtil (3.0s)
✔ [3537/3625] Built LeanCert.Validity.Eventual (3.9s)
✔ [3538/3626] Built LeanCert.Tactic.FinSumExpand (3.0s)
✔ [3539/3627] Built LeanCert.Engine.Eval.Extended (5.4s)
✔ [3540/3714] Built LeanCert.Core.DyadicFrontier (4.1s)
✔ [3722/3831] Built NLA.Statements.Infrastructure (1.8s)
✔ [3726/3831] Built LeanCert.Engine.Bounds.Lemmas (3.4s)
✔ [3727/3831] Built NLA.Statements.GaussianTrace (3.2s)
✔ [3728/3831] Built LeanCert.Tactic.EventualBound (6.3s)
ℹ [3729/3831] Built NLA.Statements.RA10 (4.2s)
info: NLA/Statements/RA10.lean:96:0: 'NLA.Statements.RA10.Target' depends on axioms: [propext, Classical.choice, Quot.sound]
ℹ [3730/3831] Built Reviewed.PF05 (3.2s)
info: Reviewed/PF05.lean:89:0: 'NLA.ReviewedStatements.PF05.Target' depends on axioms: [propext, Classical.choice, Quot.sound]
ℹ [3731/3831] Built Reviewed.RA10 (3.9s)
info: Reviewed/RA10.lean:97:0: 'NLA.ReviewedStatements.RA10.Target' depends on axioms: [propext, Classical.choice, Quot.sound]
ℹ [3732/3831] Built NLA.Statements.PF05 (3.1s)
info: NLA/Statements/PF05.lean:88:0: 'NLA.Statements.PF05.Target' depends on axioms: [propext, Classical.choice, Quot.sound]
ℹ [3733/3831] Built Reviewed.PF04 (2.8s)
info: Reviewed/PF04.lean:38:0: 'NLA.ReviewedStatements.PF04.Target' depends on axioms: [propext, Classical.choice, Quot.sound]
ℹ [3734/3831] Built NLA.Statements.PF04 (2.7s)
info: NLA/Statements/PF04.lean:37:0: 'NLA.Statements.PF04.Target' depends on axioms: [propext, Classical.choice, Quot.sound]
ℹ [3735/3831] Built Reviewed.MF03 (3.0s)
info: Reviewed/MF03.lean:44:0: 'NLA.ReviewedStatements.MF03.Target' depends on axioms: [propext, Classical.choice, Quot.sound]
ℹ [3736/3831] Built NLA.Statements.MF03 (3.1s)
info: NLA/Statements/MF03.lean:43:0: 'NLA.Statements.MF03.Target' depends on axioms: [propext, Classical.choice, Quot.sound]
ℹ [3737/3832] Built Reviewed.MD04 (2.8s)
info: Reviewed/MD04.lean:31:0: 'NLA.ReviewedStatements.MD04.Target' depends on axioms: [propext, Classical.choice, Quot.sound]
ℹ [3739/3832] Built NLA.Statements.MD04 (2.8s)
info: NLA/Statements/MD04.lean:30:0: 'NLA.Statements.MD04.Target' depends on axioms: [propext, Classical.choice, Quot.sound]
ℹ [3740/3833] Built Reviewed.MD03 (2.6s)
info: Reviewed/MD03.lean:30:0: 'NLA.ReviewedStatements.MD03.Target' depends on axioms: [propext, Classical.choice, Quot.sound]
ℹ [3741/3833] Built NLA.Statements.MD03 (2.5s)
info: NLA/Statements/MD03.lean:29:0: 'NLA.Statements.MD03.Target' depends on axioms: [propext, Classical.choice, Quot.sound]
ℹ [3742/3833] Built NLA.Statements.SP12 (2.9s)
info: NLA/Statements/SP12.lean:47:0: 'NLA.Statements.SP12.Target' depends on axioms: [propext, Classical.choice, Quot.sound]
✔ [3743/3833] Built LeanCert.Engine.IntervalEval (2.8s)
ℹ [3744/3833] Built Reviewed.RA13 (3.8s)
info: Reviewed/RA13.lean:59:0: 'NLA.ReviewedStatements.RA13.Target' depends on axioms: [propext, Classical.choice, Quot.sound]
ℹ [3746/3836] Built NLA.Statements.RA13 (3.8s)
info: NLA/Statements/RA13.lean:58:0: 'NLA.Statements.RA13.Target' depends on axioms: [propext, Classical.choice, Quot.sound]
ℹ [3748/3836] Built Reviewed.RA12 (3.6s)
info: Reviewed/RA12.lean:50:0: 'NLA.ReviewedStatements.RA12.Target' depends on axioms: [propext, Classical.choice, Quot.sound]
ℹ [3749/3836] Built NLA.Statements.RA12 (3.8s)
info: NLA/Statements/RA12.lean:49:0: 'NLA.Statements.RA12.Target' depends on axioms: [propext, Classical.choice, Quot.sound]
ℹ [3750/3836] Built Reviewed.SP12 (2.9s)
info: Reviewed/SP12.lean:48:0: 'NLA.ReviewedStatements.SP12.Target' depends on axioms: [propext, Classical.choice, Quot.sound]
ℹ [3751/3836] Built NLA.Statements.TR14 (3.9s)
info: NLA/Statements/TR14.lean:48:0: 'NLA.Statements.TR14.Target' depends on axioms: [propext, Classical.choice, Quot.sound]
✔ [3752/3836] Built LeanCert.Engine.Affine.Transcendental (5.1s)
✔ [3753/3836] Built LeanCert.Validity.Bounds.Checked (4.0s)
✔ [3754/3836] Built LeanCert.Validity.Bounds.Core (4.4s)
✔ [3755/3836] Built LeanCert.Engine.IntervalEvalDyadic (8.7s)
✔ [3756/3836] Built LeanCert.Engine.Optimization.Box (4.0s)
✔ [3757/3836] Built LeanCert.Engine.RootFinding.Basic (6.9s)
✔ [3759/3836] Built LeanCert.Engine.AD.Basic (4.4s)
✔ [3760/3836] Built LeanCert.Engine.Integrate (8.8s)
ℹ [3761/3836] Built Reviewed.TR14 (5.0s)
info: Reviewed/TR14.lean:49:0: 'NLA.ReviewedStatements.TR14.Target' depends on axioms: [propext, Classical.choice, Quot.sound]
✔ [3762/3836] Built LeanCert.Engine.TaylorModel.Core (12s)
✔ [3763/3836] Built LeanCert.Validity.DyadicBounds (5.4s)
✔ [3764/3836] Built LeanCert.Engine.IntervalEvalAffine (8.5s)
✔ [3765/3836] Built LeanCert.Engine.FinSumDyadic (6.6s)
✔ [3766/3836] Built LeanCert.Engine.Search.Heuristic (4.1s)
ℹ [3767/3836] Built Reviewed.SP11 (3.1s)
info: Reviewed/SP11.lean:34:0: 'NLA.ReviewedStatements.SP11.Target' depends on axioms: [propext, Classical.choice, Quot.sound]
ℹ [3768/3836] Built NLA.Statements.SP11 (3.1s)
info: NLA/Statements/SP11.lean:33:0: 'NLA.Statements.SP11.Target' depends on axioms: [propext, Classical.choice, Quot.sound]
✔ [3769/3836] Built LeanCert.Engine.RootFinding.Bisection (6.6s)
✔ [3770/3836] Built LeanCert.Engine.TaylorModel.Special (3.5s)
✔ [3771/3836] Built LeanCert.Engine.TaylorModel.Integral (4.7s)
✔ [3772/3836] Built LeanCert.Engine.AD.Transcendental (5.6s)
✔ [3773/3836] Built LeanCert.Engine.Affine.Environment (9.9s)
✔ [3774/3836] Built LeanCert.Engine.TaylorModel.ExpLog (12s)
✔ [3775/3836] Built LeanCert.Engine.WitnessSum (4.9s)
✔ [3776/3836] Built LeanCert.Engine.AD.Eval (3.4s)
✔ [3777/3836] Built LeanCert.Engine.TaylorModel.Trig (15s)
✔ [3778/3836] Built LeanCert.Engine.TaylorModel.Hyperbolic (18s)
✔ [3779/3836] Built LeanCert.Engine.TaylorModel.Functions (2.0s)
✔ [3780/3836] Built LeanCert.Engine.AD.Correctness (3.1s)
✔ [3781/3836] Built LeanCert.Engine.TaylorModel.Expr (5.8s)
✔ [3782/3836] Built LeanCert.Engine.AD.Computable (5.0s)
✔ [3783/3836] Built LeanCert.Engine.AD.PartialCorrectness (7.2s)
✔ [3784/3836] Built LeanCert.Engine.TaylorModel (2.7s)
✔ [3785/3836] Built LeanCert.Engine.AD.DomainChecked (3.5s)
✔ [3786/3836] Built LeanCert.Engine.AD.Dyadic (3.5s)
✔ [3787/3836] Built LeanCert.Engine.AD (1.9s)
✔ [3788/3836] Built LeanCert.Validity.Bounds.Smart (4.4s)
✔ [3789/3836] Built LeanCert.Engine.IntervalEvalRefined (4.0s)
✔ [3790/3836] Built LeanCert.Meta.ProveSupported (5.3s)
✔ [3791/3836] Built LeanCert.Engine.Optimize (7.9s)
✔ [3792/3836] Built LeanCert.Validity.Bounds.Bridge (4.2s)
✔ [3793/3836] Built LeanCert.Meta.ProveContinuous (5.7s)
✔ [3794/3836] Built LeanCert.Tactic.IntervalAuto.ProveCommon (8.4s)
✔ [3795/3836] Built LeanCert.Validity.Bounds.Basic (4.3s)
✔ [3796/3836] Built LeanCert.Engine.RootFinding.Newton (6.9s)
✔ [3797/3836] Built LeanCert.Engine.Optimization.Gradient (8.2s)
✔ [3798/3836] Built LeanCert.Tactic.IntervalAuto.Basic (4.0s)
✔ [3799/3836] Built LeanCert.Tactic.LeanCert.Bridge.ReifiedFunction (4.6s)
✔ [3800/3836] Built LeanCert.Validity.Integration (8.0s)
✔ [3801/3836] Built LeanCert.Engine.RootFinding.MVTBounds (11s)
✔ [3802/3836] Built LeanCert.Engine.RootFinding.Krawczyk (9.0s)
✔ [3803/3836] Built LeanCert.Tactic.LeanCert.Semantic.Prepare (8.4s)
✔ [3804/3836] Built LeanCert.Engine.RootFinding.KrawczykCandidate (7.2s)
✔ [3805/3836] Built LeanCert.Engine.RootFinding.Contraction (11s)
✔ [3806/3836] Built LeanCert.Tactic.LeanCert.Integral (14s)
✔ [3807/3836] Built LeanCert.Validity.Krawczyk (4.5s)
✔ [3808/3836] Built LeanCert.Engine.RootFinding.Main (3.1s)
✔ [3809/3836] Built LeanCert.Tactic.LeanCert.Solver.Protocol (7.1s)
✔ [3810/3836] Built LeanCert.Tactic.Extension.Execute (8.7s)
✔ [3811/3836] Built LeanCert.Engine.Optimization.Global (32s)
✔ [3812/3836] Built LeanCert.Tactic.LeanCert.Diagnostic.Render (4.1s)
✔ [3813/3836] Built LeanCert.Engine.Search.CounterExample (3.6s)
✔ [3814/3836] Built LeanCert.Validity.Types (3.8s)
✔ [3815/3836] Built LeanCert.Engine.Optimization.Guided (3.8s)
✔ [3816/3836] Built LeanCert.Engine.Optimization.BoundVerify (3.7s)
✔ [3817/3836] Built LeanCert.Validity.Bounds (7.4s)
✔ [3818/3836] Built LeanCert.Discovery.Find (4.1s)
✔ [3819/3836] Built LeanCert.Tactic.IntervalAuto.OptBound (4.7s)
✔ [3820/3836] Built LeanCert.Tactic.IntervalAuto.Multivariate (7.7s)
✔ [3821/3836] Built LeanCert.Tactic.IntervalAuto.RootBound (3.7s)
✔ [3822/3836] Built LeanCert.Tactic.IntervalAuto.Bound (17s)
✔ [3823/3836] Built LeanCert.Tactic.IntervalAuto.Subdiv (4.8s)
✔ [3824/3836] Built LeanCert.Tactic.IntervalAuto.Adaptive (7.6s)
✔ [3825/3836] Built LeanCert.Tactic.IntervalAuto.PointIneq (10s)
✔ [3826/3836] Built LeanCert.Tactic.IntervalAuto (2.6s)
✔ [3827/3836] Built LeanCert.Tactic.FinSumWitness (5.1s)
✔ [3828/3836] Built LeanCert.Tactic.FinSumBound (4.6s)
✔ [3829/3836] Built LeanCert.Tactic.LeanCert.Semantic.Parse (3.4s)
✔ [3830/3836] Built LeanCert.Tactic.Discovery (14s)
✔ [3831/3836] Built LeanCert.Tactic.Krawczyk (3.5s)
✔ [3832/3836] Built LeanCert.Tactic.LeanCert.Router (7.9s)
✔ [3833/3836] Built LeanCert.Tactic.LeanCert (2.5s)
ℹ [3834/3836] Built NLA.Statements.KernelSmoke (2.0s)
info: NLA/Statements/KernelSmoke.lean:14:0: 'NLA.Statements.KernelSmoke.log_two_upper' depends on axioms: [propext, Classical.choice, Quot.sound]
⚠ [3835/3836] Built IdentityChallenge (2.7s)
warning: IdentityChallenge.lean:27:8: declaration uses `sorry`
warning: IdentityChallenge.lean:28:8: declaration uses `sorry`
warning: IdentityChallenge.lean:29:8: declaration uses `sorry`
warning: IdentityChallenge.lean:30:8: declaration uses `sorry`
warning: IdentityChallenge.lean:31:8: declaration uses `sorry`
warning: IdentityChallenge.lean:32:8: declaration uses `sorry`
warning: IdentityChallenge.lean:33:8: declaration uses `sorry`
warning: IdentityChallenge.lean:34:8: declaration uses `sorry`
warning: IdentityChallenge.lean:35:8: declaration uses `sorry`
warning: IdentityChallenge.lean:36:8: declaration uses `sorry`
warning: IdentityChallenge.lean:37:8: declaration uses `sorry`
warning: IdentityChallenge.lean:38:8: declaration uses `sorry`
Build completed successfully (3836 jobs).
Exporting #[Quot, Quot.mk, Quot.lift, Quot.ind, NLA.Statements.ComparatorControl.log_two_upper, NLA.Statements.ComparatorControl.identity_MD03, NLA.Statements.ComparatorControl.identity_MD04, NLA.Statements.ComparatorControl.identity_MF03, NLA.Statements.ComparatorControl.identity_PF04, NLA.Statements.ComparatorControl.identity_PF05, NLA.Statements.ComparatorControl.identity_RA10, NLA.Statements.ComparatorControl.identity_RA12, NLA.Statements.ComparatorControl.identity_RA13, NLA.Statements.ComparatorControl.identity_SP11, NLA.Statements.ComparatorControl.identity_SP12, NLA.Statements.ComparatorControl.identity_TR14, propext, Classical.choice, Quot.sound, Nat.add, Nat.sub, Nat.mul, Nat.pow, Nat.gcd, Nat.div, Nat.mod, Nat.beq, Nat.ble, Nat.land, Nat.lor, Nat.xor, Nat.shiftLeft, Nat.shiftRight, String.ofList, Char.ofNat, List, eagerReduce, Nat, String, String.mk, Char, optParam, autoParam, semiOutParam, outParam] from IdentityChallenge
Building IdentitySolution
ℹ [3622/3742] Replayed NLA.Statements.KernelSmoke
info: NLA/Statements/KernelSmoke.lean:14:0: 'NLA.Statements.KernelSmoke.log_two_upper' depends on axioms: [propext, Classical.choice, Quot.sound]
ℹ [3624/3742] Replayed NLA.Statements.MD03
info: NLA/Statements/MD03.lean:29:0: 'NLA.Statements.MD03.Target' depends on axioms: [propext, Classical.choice, Quot.sound]
ℹ [3625/3742] Replayed Reviewed.MD03
info: Reviewed/MD03.lean:30:0: 'NLA.ReviewedStatements.MD03.Target' depends on axioms: [propext, Classical.choice, Quot.sound]
ℹ [3626/3742] Replayed NLA.Statements.MD04
info: NLA/Statements/MD04.lean:30:0: 'NLA.Statements.MD04.Target' depends on axioms: [propext, Classical.choice, Quot.sound]
ℹ [3627/3742] Replayed Reviewed.MD04
info: Reviewed/MD04.lean:31:0: 'NLA.ReviewedStatements.MD04.Target' depends on axioms: [propext, Classical.choice, Quot.sound]
ℹ [3628/3742] Replayed NLA.Statements.MF03
info: NLA/Statements/MF03.lean:43:0: 'NLA.Statements.MF03.Target' depends on axioms: [propext, Classical.choice, Quot.sound]
ℹ [3629/3742] Replayed Reviewed.MF03
info: Reviewed/MF03.lean:44:0: 'NLA.ReviewedStatements.MF03.Target' depends on axioms: [propext, Classical.choice, Quot.sound]
ℹ [3630/3742] Replayed NLA.Statements.PF04
info: NLA/Statements/PF04.lean:37:0: 'NLA.Statements.PF04.Target' depends on axioms: [propext, Classical.choice, Quot.sound]
ℹ [3631/3742] Replayed Reviewed.PF04
info: Reviewed/PF04.lean:38:0: 'NLA.ReviewedStatements.PF04.Target' depends on axioms: [propext, Classical.choice, Quot.sound]
ℹ [3635/3742] Replayed NLA.Statements.PF05
info: NLA/Statements/PF05.lean:88:0: 'NLA.Statements.PF05.Target' depends on axioms: [propext, Classical.choice, Quot.sound]
ℹ [3636/3742] Replayed Reviewed.PF05
info: Reviewed/PF05.lean:89:0: 'NLA.ReviewedStatements.PF05.Target' depends on axioms: [propext, Classical.choice, Quot.sound]
ℹ [3733/3742] Replayed NLA.Statements.RA10
info: NLA/Statements/RA10.lean:96:0: 'NLA.Statements.RA10.Target' depends on axioms: [propext, Classical.choice, Quot.sound]
ℹ [3734/3742] Replayed Reviewed.RA10
info: Reviewed/RA10.lean:97:0: 'NLA.ReviewedStatements.RA10.Target' depends on axioms: [propext, Classical.choice, Quot.sound]
ℹ [3818/3836] Replayed NLA.Statements.RA12
info: NLA/Statements/RA12.lean:49:0: 'NLA.Statements.RA12.Target' depends on axioms: [propext, Classical.choice, Quot.sound]
ℹ [3819/3836] Replayed Reviewed.RA12
info: Reviewed/RA12.lean:50:0: 'NLA.ReviewedStatements.RA12.Target' depends on axioms: [propext, Classical.choice, Quot.sound]
ℹ [3820/3836] Replayed NLA.Statements.RA13
info: NLA/Statements/RA13.lean:58:0: 'NLA.Statements.RA13.Target' depends on axioms: [propext, Classical.choice, Quot.sound]
ℹ [3821/3836] Replayed Reviewed.RA13
info: Reviewed/RA13.lean:59:0: 'NLA.ReviewedStatements.RA13.Target' depends on axioms: [propext, Classical.choice, Quot.sound]
ℹ [3829/3836] Replayed NLA.Statements.SP11
info: NLA/Statements/SP11.lean:33:0: 'NLA.Statements.SP11.Target' depends on axioms: [propext, Classical.choice, Quot.sound]
ℹ [3830/3836] Replayed Reviewed.SP11
info: Reviewed/SP11.lean:34:0: 'NLA.ReviewedStatements.SP11.Target' depends on axioms: [propext, Classical.choice, Quot.sound]
ℹ [3831/3836] Replayed NLA.Statements.SP12
info: NLA/Statements/SP12.lean:47:0: 'NLA.Statements.SP12.Target' depends on axioms: [propext, Classical.choice, Quot.sound]
ℹ [3832/3836] Replayed Reviewed.SP12
info: Reviewed/SP12.lean:48:0: 'NLA.ReviewedStatements.SP12.Target' depends on axioms: [propext, Classical.choice, Quot.sound]
ℹ [3833/3836] Replayed NLA.Statements.TR14
info: NLA/Statements/TR14.lean:48:0: 'NLA.Statements.TR14.Target' depends on axioms: [propext, Classical.choice, Quot.sound]
ℹ [3834/3836] Replayed Reviewed.TR14
info: Reviewed/TR14.lean:49:0: 'NLA.ReviewedStatements.TR14.Target' depends on axioms: [propext, Classical.choice, Quot.sound]
ℹ [3835/3836] Built IdentitySolution (2.9s)
info: IdentitySolution.lean:52:0: 'NLA.Statements.ComparatorControl.log_two_upper' depends on axioms: [propext, Classical.choice, Quot.sound]
info: IdentitySolution.lean:53:0: 'NLA.Statements.ComparatorControl.identity_MD03' depends on axioms: [propext, Classical.choice, Quot.sound]
info: IdentitySolution.lean:54:0: 'NLA.Statements.ComparatorControl.identity_MD04' depends on axioms: [propext, Classical.choice, Quot.sound]
info: IdentitySolution.lean:55:0: 'NLA.Statements.ComparatorControl.identity_MF03' depends on axioms: [propext, Classical.choice, Quot.sound]
info: IdentitySolution.lean:56:0: 'NLA.Statements.ComparatorControl.identity_PF04' depends on axioms: [propext, Classical.choice, Quot.sound]
info: IdentitySolution.lean:57:0: 'NLA.Statements.ComparatorControl.identity_PF05' depends on axioms: [propext, Classical.choice, Quot.sound]
info: IdentitySolution.lean:58:0: 'NLA.Statements.ComparatorControl.identity_RA10' depends on axioms: [propext, Classical.choice, Quot.sound]
info: IdentitySolution.lean:59:0: 'NLA.Statements.ComparatorControl.identity_RA12' depends on axioms: [propext, Classical.choice, Quot.sound]
info: IdentitySolution.lean:60:0: 'NLA.Statements.ComparatorControl.identity_RA13' depends on axioms: [propext, Classical.choice, Quot.sound]
info: IdentitySolution.lean:61:0: 'NLA.Statements.ComparatorControl.identity_SP11' depends on axioms: [propext, Classical.choice, Quot.sound]
info: IdentitySolution.lean:62:0: 'NLA.Statements.ComparatorControl.identity_SP12' depends on axioms: [propext, Classical.choice, Quot.sound]
info: IdentitySolution.lean:63:0: 'NLA.Statements.ComparatorControl.identity_TR14' depends on axioms: [propext, Classical.choice, Quot.sound]
Build completed successfully (3836 jobs).
Exporting #[Quot, Quot.mk, Quot.lift, Quot.ind, NLA.Statements.ComparatorControl.log_two_upper, NLA.Statements.ComparatorControl.identity_MD03, NLA.Statements.ComparatorControl.identity_MD04, NLA.Statements.ComparatorControl.identity_MF03, NLA.Statements.ComparatorControl.identity_PF04, NLA.Statements.ComparatorControl.identity_PF05, NLA.Statements.ComparatorControl.identity_RA10, NLA.Statements.ComparatorControl.identity_RA12, NLA.Statements.ComparatorControl.identity_RA13, NLA.Statements.ComparatorControl.identity_SP11, NLA.Statements.ComparatorControl.identity_SP12, NLA.Statements.ComparatorControl.identity_TR14, propext, Classical.choice, Quot.sound, Nat.add, Nat.sub, Nat.mul, Nat.pow, Nat.gcd, Nat.div, Nat.mod, Nat.beq, Nat.ble, Nat.land, Nat.lor, Nat.xor, Nat.shiftLeft, Nat.shiftRight, String.ofList, Char.ofNat, List, eagerReduce, Nat, String, String.mk, Char, optParam, autoParam, semiOutParam, outParam] from IdentitySolution
Running Lean default kernel on solution.
Lean default kernel accepts the solution
Your solution is okay!

EXIT_STATUS=0
