$ systemd-run --user --quiet --wait --pipe --collect -p 'RestrictAddressFamilies=~AF_UNIX' --working-directory /home/runner/work/_temp/nla-statement-tools/.verification-tmp/nla-fresh-proof-550bzkrt/project /usr/bin/env -i PATH=/home/runner/.elan/toolchains/leanprover--lean4---v4.33.1/bin:/home/runner/.elan/bin:/home/runner/go/bin:/opt/hostedtoolcache/go/1.27.1/x64/bin:/snap/bin:/home/runner/.local/bin:/opt/pipx_bin:/home/runner/.cargo/bin:/home/runner/.config/composer/vendor/bin:/usr/local/.ghcup/bin:/home/runner/.dotnet/tools:/usr/local/sbin:/usr/local/bin:/usr/sbin:/usr/bin:/sbin:/bin:/usr/games:/usr/local/games:/snap/bin HOME=/home/runner LANG=C.UTF-8 XDG_RUNTIME_DIR=/run/user/1001 DBUS_SESSION_BUS_ADDRESS=unix:path=/run/user/1001/bus GIT_TERMINAL_PROMPT=0 GIT_CONFIG_NOSYSTEM=1 GIT_CONFIG_GLOBAL=/dev/null COMPARATOR_BIN=/home/runner/work/_temp/nla-statement-tools/.tools/comparator/.lake/build/bin/comparator COMPARATOR_LEAN4EXPORT=/home/runner/work/_temp/nla-statement-tools/.tools/lean4export/.lake/build/bin/lean4export COMPARATOR_LANDRUN=/home/runner/work/_temp/nla-statement-tools/scripts/strict_landrun.py XDG_CACHE_HOME=/home/runner/work/_temp/nla-statement-tools/.tools/cache TMPDIR=/home/runner/work/_temp/nla-statement-tools/.verification-tmp lake env /home/runner/work/_temp/nla-statement-tools/.tools/comparator/.lake/build/bin/comparator comparator.json
Building IdentityChallenge
✔ [2756/2764] Built LeanCert.Tactic.LeanCert.Semantic.Domain (1.9s)
✔ [2757/2790] Built LeanCert.Tactic.LeanCert.Semantic.Goal (2.8s)
✔ [2775/2791] Built LeanCert.Core.Interval (5.1s)
✔ [2778/2810] Built LeanCert.Core.Dyadic (5.6s)
✔ [2781/2814] Built LeanCert.Core.Expr (8.2s)
✔ [2782/2814] Built LeanCert.Core.DerivativeIntervals (5.1s)
✔ [2783/2814] Built LeanCert.Contrib.Sinc (7.4s)
✔ [2784/2814] Built LeanCert.Core.Support (6.5s)
✔ [2785/2814] Built LeanCert.Core.IntervalRat.Basic (11s)
✔ [2786/2815] Built LeanCert.Core.IntervalRat.LogReduction (8.3s)
✔ [2787/2815] Built LeanCert.Meta.Numeral (6.1s)
✔ [2788/2816] Built LeanCert.Engine.Eval.Result (4.0s)
✔ [2789/2817] Built LeanCert.Core.TrigReduction (5.7s)
✔ [2790/2818] Built LeanCert.Core.Taylor (11s)
✔ [2791/2819] Built LeanCert.Core.IntervalRat.Transcendental (8.1s)
✔ [2792/2819] Built LeanCert.Tactic.IntervalAuto.Types (5.7s)
✔ [2793/2824] Built LeanCert.Meta.ToExpr (7.2s)
✔ [2794/2824] Built LeanCert.Tactic.IntervalAuto.Extract (4.0s)
✔ [2795/2824] Built LeanCert.Tactic.IntervalAuto.Norm (5.8s)
✔ [2796/2825] Built LeanCert.Tactic.Verification (5.4s)
✔ [2797/2847] Built LeanCert.Tactic.NumericalRefinement (1.2s)
✔ [2851/2927] Built LeanCert.Tactic.LeanCert.Bridge.Environment (6.2s)
✔ [2852/2930] Built LeanCert.Tactic.IntervalAuto.Parse (11s)
✔ [2853/2930] Built LeanCert.Tactic.FinsetParse (6.9s)
✔ [2854/2934] Built LeanCert.Tactic.LeanCert.Normalize (5.9s)
✔ [2855/2938] Built LeanCert.Tactic.BridgeNative (2.5s)
✔ [2856/2939] Built LeanCert.Tactic.IntervalAuto.Diagnostic (5.5s)
✔ [2857/2942] Built LeanCert.Tactic.LeanCert.Semantic.Parse.Comparison (1.0s)
✔ [2858/2942] Built LeanCert.Tactic.Extension.Protocol (3.6s)
✔ [2859/2942] Built LeanCert.Tactic.LeanCert.Diagnostic.Evidence (4.0s)
✔ [2860/2978] Built LeanCert.Tactic.LeanCert.Semantic.Parse.Bound (4.4s)
✔ [3381/3613] Built LeanCert.Tactic.LeanCert.Config (2.5s)
✔ [3523/3615] Built LeanCert.Core.IntervalRat.Taylor (26s)
✔ [3524/3615] Built LeanCert.Tactic.Extension.Registry (4.2s)
✔ [3525/3615] Built LeanCert.Engine.FloatEval (3.3s)
✔ [3526/3617] Built LeanCert.Core.IntervalReal (3.5s)
✔ [3527/3617] Built LeanCert.Engine.Algebra.QPoly (5.2s)
✔ [3528/3617] Built LeanCert.Core.IntervalRat.TrigReduced (4.2s)
✔ [3529/3617] Built LeanCert.Tactic.VecUtil (3.6s)
✔ [3531/3625] Built LeanCert.Core.IntervalRealEndpoints (6.4s)
✔ [3532/3625] Built LeanCert.Validity.Eventual (5.4s)
✔ [3533/3625] Built LeanCert.Engine.Affine.Basic (10s)
✔ [3534/3625] Built LeanCert.Tactic.FinSumExpand (4.3s)
✔ [3535/3625] Built LeanCert.Engine.Algebra.QPolyIntegral (6.4s)
✔ [3536/3625] Built LeanCert.Core.IntervalDyadic (11s)
✔ [3537/3625] Built LeanCert.Tactic.EventualBound (8.0s)
✔ [3538/3625] Built LeanCert.Core.DyadicCell (7.0s)
✔ [3539/3625] Built LeanCert.Engine.Affine.Nonlinear (8.6s)
✔ [3540/3625] Built LeanCert.Engine.Eval.Core (11s)
✔ [3541/3625] Built LeanCert.Core.DyadicFrontier (2.4s)
✔ [3542/3625] Built LeanCert.Engine.Eval.Extended (3.2s)
✔ [3543/3625] Built LeanCert.Engine.Bounds.Lemmas (2.1s)
✔ [3544/3625] Built LeanCert.Engine.IntervalEval (1.9s)
✔ [3545/3625] Built LeanCert.Validity.Bounds.Core (4.2s)
✔ [3546/3625] Built LeanCert.Engine.Affine.Transcendental (5.3s)
✔ [3547/3625] Built LeanCert.Engine.RootFinding.Basic (7.2s)
✔ [3548/3625] Built LeanCert.Validity.Bounds.Checked (4.5s)
✔ [3549/3625] Built LeanCert.Engine.IntervalEvalDyadic (8.0s)
✔ [3550/3625] Built LeanCert.Engine.Optimization.Box (4.7s)
✔ [3551/3625] Built LeanCert.Engine.AD.Basic (4.3s)
✔ [3552/3625] Built LeanCert.Engine.Integrate (9.3s)
✔ [3553/3625] Built LeanCert.Engine.IntervalEvalAffine (9.5s)
✔ [3554/3625] Built LeanCert.Engine.TaylorModel.Core (12s)
✔ [3555/3625] Built LeanCert.Validity.DyadicBounds (5.1s)
✔ [3556/3625] Built LeanCert.Engine.RootFinding.Bisection (8.0s)
✔ [3557/3625] Built LeanCert.Engine.Search.Heuristic (4.1s)
✔ [3558/3625] Built LeanCert.Engine.FinSumDyadic (5.8s)
✔ [3559/3625] Built LeanCert.Engine.AD.Transcendental (5.9s)
✔ [3560/3625] Built LeanCert.Engine.Affine.Environment (5.3s)
✔ [3561/3625] Built LeanCert.Engine.TaylorModel.Special (3.9s)
✔ [3562/3625] Built LeanCert.Engine.TaylorModel.Integral (4.6s)
✔ [3563/3625] Built LeanCert.Engine.WitnessSum (7.0s)
✔ [3564/3625] Built LeanCert.Engine.TaylorModel.ExpLog (13s)
✔ [3565/3625] Built LeanCert.Engine.AD.Eval (5.4s)
✔ [3566/3625] Built LeanCert.Engine.TaylorModel.Trig (14s)
✔ [3567/3625] Built LeanCert.Engine.TaylorModel.Hyperbolic (17s)
✔ [3568/3625] Built LeanCert.Engine.AD.Correctness (3.9s)
✔ [3569/3625] Built LeanCert.Engine.TaylorModel.Functions (2.4s)
✔ [3570/3625] Built LeanCert.Engine.AD.Computable (4.9s)
✔ [3571/3625] Built LeanCert.Engine.TaylorModel.Expr (5.8s)
✔ [3572/3625] Built LeanCert.Engine.AD.PartialCorrectness (7.8s)
✔ [3573/3625] Built LeanCert.Engine.AD.DomainChecked (3.8s)
✔ [3574/3625] Built LeanCert.Engine.TaylorModel (2.4s)
✔ [3575/3625] Built LeanCert.Engine.AD.Dyadic (3.4s)
✔ [3576/3625] Built LeanCert.Engine.AD (1.9s)
✔ [3577/3625] Built LeanCert.Validity.Bounds.Smart (4.6s)
✔ [3578/3625] Built LeanCert.Meta.ProveSupported (5.2s)
✔ [3579/3625] Built LeanCert.Engine.IntervalEvalRefined (5.3s)
✔ [3580/3625] Built LeanCert.Engine.Optimize (8.0s)
✔ [3581/3625] Built LeanCert.Validity.Bounds.Bridge (4.2s)
✔ [3582/3625] Built LeanCert.Meta.ProveContinuous (6.2s)
✔ [3583/3625] Built LeanCert.Tactic.IntervalAuto.ProveCommon (7.5s)
✔ [3584/3625] Built LeanCert.Engine.RootFinding.Newton (6.6s)
✔ [3585/3625] Built LeanCert.Validity.Bounds.Basic (4.2s)
✔ [3586/3625] Built LeanCert.Engine.Optimization.Gradient (8.3s)
✔ [3587/3625] Built LeanCert.Tactic.IntervalAuto.Basic (4.1s)
✔ [3588/3625] Built LeanCert.Tactic.LeanCert.Bridge.ReifiedFunction (4.4s)
✔ [3589/3625] Built LeanCert.Validity.Integration (8.2s)
✔ [3590/3625] Built LeanCert.Engine.RootFinding.MVTBounds (10s)
✔ [3591/3625] Built LeanCert.Tactic.LeanCert.Semantic.Prepare (8.2s)
✔ [3592/3625] Built LeanCert.Engine.RootFinding.Krawczyk (10s)
✔ [3593/3625] Built LeanCert.Engine.RootFinding.Contraction (11s)
✔ [3594/3625] Built LeanCert.Tactic.LeanCert.Integral (14s)
✔ [3595/3625] Built LeanCert.Tactic.Extension.Execute (13s)
✔ [3596/3625] Built LeanCert.Engine.RootFinding.KrawczykCandidate (4.4s)
✔ [3597/3625] Built LeanCert.Tactic.LeanCert.Solver.Protocol (7.7s)
✔ [3598/3625] Built LeanCert.Validity.Krawczyk (4.3s)
✔ [3599/3625] Built LeanCert.Engine.RootFinding.Main (3.1s)
✔ [3600/3625] Built LeanCert.Engine.Optimization.Global (31s)
✔ [3601/3625] Built LeanCert.Tactic.LeanCert.Diagnostic.Render (3.0s)
✔ [3602/3625] Built LeanCert.Engine.Search.CounterExample (3.6s)
✔ [3603/3625] Built LeanCert.Validity.Types (3.8s)
✔ [3604/3625] Built LeanCert.Engine.Optimization.Guided (3.7s)
✔ [3605/3625] Built LeanCert.Validity.Bounds (7.2s)
✔ [3606/3625] Built LeanCert.Engine.Optimization.BoundVerify (3.6s)
✔ [3607/3625] Built LeanCert.Discovery.Find (4.2s)
✔ [3608/3625] Built LeanCert.Tactic.IntervalAuto.OptBound (5.2s)
✔ [3609/3625] Built LeanCert.Tactic.IntervalAuto.Multivariate (7.4s)
✔ [3610/3625] Built LeanCert.Tactic.IntervalAuto.RootBound (3.0s)
✔ [3611/3625] Built LeanCert.Tactic.IntervalAuto.Bound (17s)
✔ [3612/3625] Built LeanCert.Tactic.IntervalAuto.Subdiv (4.5s)
✔ [3613/3625] Built LeanCert.Tactic.IntervalAuto.Adaptive (8.0s)
✔ [3614/3625] Built LeanCert.Tactic.IntervalAuto.PointIneq (9.8s)
✔ [3615/3625] Built LeanCert.Tactic.IntervalAuto (2.5s)
✔ [3616/3625] Built LeanCert.Tactic.FinSumWitness (4.0s)
✔ [3617/3625] Built LeanCert.Tactic.FinSumBound (4.5s)
✔ [3618/3625] Built LeanCert.Tactic.LeanCert.Semantic.Parse (3.3s)
✔ [3619/3625] Built LeanCert.Tactic.Discovery (13s)
✔ [3620/3625] Built LeanCert.Tactic.Krawczyk (3.3s)
✔ [3621/3625] Built LeanCert.Tactic.LeanCert.Router (7.0s)
✔ [3622/3625] Built LeanCert.Tactic.LeanCert (2.6s)
ℹ [3623/3625] Built NLA.Statements.KernelSmoke (3.1s)
info: NLA/Statements/KernelSmoke.lean:14:0: 'NLA.Statements.KernelSmoke.log_two_upper' depends on axioms: [propext, Classical.choice, Quot.sound]
⚠ [3624/3625] Built IdentityChallenge (2.7s)
warning: IdentityChallenge.lean:5:8: declaration uses `sorry`
Build completed successfully (3625 jobs).
Exporting #[Quot, Quot.mk, Quot.lift, Quot.ind, NLA.Statements.ComparatorControl.log_two_upper, propext, Classical.choice, Quot.sound, Nat.add, Nat.sub, Nat.mul, Nat.pow, Nat.gcd, Nat.div, Nat.mod, Nat.beq, Nat.ble, Nat.land, Nat.lor, Nat.xor, Nat.shiftLeft, Nat.shiftRight, String.ofList, Char.ofNat, List, eagerReduce, Nat, String, String.mk, Char, optParam, autoParam, semiOutParam, outParam] from IdentityChallenge
Building IdentitySolution
ℹ [3623/3625] Replayed NLA.Statements.KernelSmoke
info: NLA/Statements/KernelSmoke.lean:14:0: 'NLA.Statements.KernelSmoke.log_two_upper' depends on axioms: [propext, Classical.choice, Quot.sound]
ℹ [3624/3625] Built IdentitySolution (2.6s)
info: IdentitySolution.lean:8:0: 'NLA.Statements.ComparatorControl.log_two_upper' depends on axioms: [propext, Classical.choice, Quot.sound]
Build completed successfully (3625 jobs).
Exporting #[Quot, Quot.mk, Quot.lift, Quot.ind, NLA.Statements.ComparatorControl.log_two_upper, propext, Classical.choice, Quot.sound, Nat.add, Nat.sub, Nat.mul, Nat.pow, Nat.gcd, Nat.div, Nat.mod, Nat.beq, Nat.ble, Nat.land, Nat.lor, Nat.xor, Nat.shiftLeft, Nat.shiftRight, String.ofList, Char.ofNat, List, eagerReduce, Nat, String, String.mk, Char, optParam, autoParam, semiOutParam, outParam] from IdentitySolution
Running Lean default kernel on solution.
Lean default kernel accepts the solution
Your solution is okay!

EXIT_STATUS=0
