✔ [2326/2587] Built NLA.Statements.Infrastructure (999ms)
✔ [2581/2765] Built LeanCert.Tactic.LeanCert.Semantic.Domain (1.1s)
✔ [2758/2791] Built LeanCert.Tactic.LeanCert.Semantic.Goal (1.4s)
✔ [2774/2791] Built LeanCert.Core.Interval (3.3s)
✔ [2777/2812] Built LeanCert.Core.Dyadic (3.6s)
✔ [2782/2815] Built LeanCert.Core.DerivativeIntervals (2.8s)
✔ [2783/2815] Built LeanCert.Core.Expr (5.2s)
✔ [2784/2815] Built LeanCert.Contrib.Sinc (4.9s)
✔ [2785/2815] Built LeanCert.Core.Support (4.3s)
✔ [2786/2816] Built LeanCert.Core.IntervalRat.Basic (7.4s)
✔ [2787/2817] Built LeanCert.Core.Taylor (7.0s)
✔ [2788/2817] Built LeanCert.Core.IntervalRat.LogReduction (4.0s)
✔ [2789/2817] Built LeanCert.Meta.Numeral (3.1s)
✔ [2790/2818] Built LeanCert.Engine.Eval.Result (2.8s)
✔ [2791/2819] Built LeanCert.Core.TrigReduction (2.6s)
✔ [2792/2819] Built LeanCert.Tactic.IntervalAuto.Types (3.1s)
✔ [2793/2820] Built LeanCert.Core.IntervalRat.Transcendental (4.3s)
✔ [2794/2821] Built LeanCert.Tactic.IntervalAuto.Extract (3.4s)
✔ [2795/2825] Built LeanCert.Meta.ToExpr (5.5s)
✔ [2796/2825] Built LeanCert.Tactic.IntervalAuto.Norm (3.9s)
✔ [2797/2826] Built LeanCert.Tactic.Verification (3.6s)
✔ [2798/2931] Built LeanCert.Tactic.LeanCert.Bridge.Environment (2.8s)
✔ [2799/2931] Built LeanCert.Tactic.NumericalRefinement (753ms)
✔ [2853/2931] Built LeanCert.Tactic.IntervalAuto.Parse (6.1s)
✔ [2854/2931] Built LeanCert.Tactic.FinsetParse (2.8s)
✔ [2855/2935] Built LeanCert.Tactic.LeanCert.Normalize (3.1s)
✔ [2856/2939] Built LeanCert.Tactic.BridgeNative (1.3s)
✔ [2857/2940] Built LeanCert.Tactic.LeanCert.Semantic.Parse.Comparison (1.2s)
✔ [2858/2940] Built LeanCert.Core.IntervalRat.Taylor (15s)
✔ [2859/2942] Built LeanCert.Tactic.IntervalAuto.Diagnostic (2.6s)
✔ [2860/2942] Built LeanCert.Tactic.Extension.Protocol (2.3s)
✔ [2861/2943] Built LeanCert.Tactic.LeanCert.Semantic.Parse.Bound (2.5s)
✔ [2862/2943] Built LeanCert.Core.IntervalReal (1.9s)
✔ [2863/2943] Built LeanCert.Tactic.LeanCert.Diagnostic.Evidence (2.5s)
✔ [2864/2943] Built LeanCert.Core.IntervalRat.TrigReduced (2.4s)
✔ [2865/2943] Built LeanCert.Tactic.LeanCert.Config (1.3s)
✔ [2866/3112] Built LeanCert.Tactic.Extension.Registry (2.5s)
✔ [3528/3608] Built LeanCert.Core.IntervalRealEndpoints (4.1s)
✔ [3529/3608] Built LeanCert.Engine.Affine.Basic (6.4s)
✔ [3530/3610] Built LeanCert.Engine.Algebra.QPoly (4.0s)
✔ [3531/3610] Built LeanCert.Core.IntervalDyadic (7.6s)
✔ [3532/3616] Built LeanCert.Engine.Affine.Nonlinear (5.0s)
✔ [3533/3616] Built LeanCert.Engine.Algebra.QPolyIntegral (3.9s)
✔ [3534/3618] Built LeanCert.Engine.Eval.Core (7.5s)
✔ [3535/3618] Built LeanCert.Core.DyadicCell (4.5s)
✔ [3536/3626] Built LeanCert.Engine.FloatEval (2.2s)
✔ [3538/3630] Built LeanCert.Tactic.VecUtil (2.3s)
✔ [3539/3630] Built LeanCert.Validity.Eventual (2.7s)
✔ [3540/3630] Built LeanCert.Engine.Eval.Extended (3.5s)
✔ [3541/3630] Built LeanCert.Tactic.FinSumExpand (1.8s)
✔ [3542/3630] Built LeanCert.Core.DyadicFrontier (2.6s)
✔ [3543/3630] Built StatementControls (1.0s)
✔ [3545/3630] Built LeanCert.Engine.Bounds.Lemmas (1.8s)
✔ [3546/3630] Built LeanCert.Tactic.EventualBound (2.9s)
✔ [3547/3630] Built LeanCert.Engine.IntervalEval (1.5s)
✔ [3548/3630] Built LeanCert.Validity.Bounds.Checked (2.4s)
✔ [3549/3630] Built LeanCert.Validity.Bounds.Core (2.6s)
✔ [3550/3630] Built LeanCert.Engine.Affine.Transcendental (3.5s)
✔ [3551/3630] Built LeanCert.Engine.Optimization.Box (2.0s)
✔ [3552/3630] Built LeanCert.Engine.IntervalEvalDyadic (5.8s)
✔ [3553/3630] Built LeanCert.Engine.RootFinding.Basic (5.1s)
✔ [3554/3630] Built LeanCert.Engine.AD.Basic (2.9s)
✔ [3555/3630] Built LeanCert.Engine.Integrate (5.7s)
✔ [3556/3630] Built LeanCert.Engine.Search.Heuristic (3.2s)
✔ [3557/3630] Built LeanCert.Validity.DyadicBounds (3.2s)
✔ [3558/3630] Built LeanCert.Engine.TaylorModel.Core (7.8s)
✔ [3559/3630] Built LeanCert.Engine.IntervalEvalAffine (5.9s)
✔ [3560/3630] Built LeanCert.Engine.FinSumDyadic (4.1s)
✔ [3561/3630] Built LeanCert.Engine.TaylorModel.Integral (3.0s)
✔ [3562/3630] Built LeanCert.Engine.RootFinding.Bisection (4.1s)
✔ [3563/3630] Built LeanCert.Engine.AD.Transcendental (3.7s)
✔ [3564/3630] Built LeanCert.Engine.TaylorModel.Special (2.2s)
✔ [3565/3630] Built LeanCert.Engine.TaylorModel.ExpLog (7.5s)
✔ [3566/3630] Built LeanCert.Engine.Affine.Environment (5.9s)
✔ [3567/3630] Built LeanCert.Engine.AD.Eval (2.6s)
✔ [3568/3630] Built LeanCert.Engine.TaylorModel.Trig (9.6s)
✔ [3569/3630] Built LeanCert.Engine.WitnessSum (2.0s)
✔ [3570/3630] Built LeanCert.Engine.TaylorModel.Hyperbolic (10s)
✔ [3571/3630] Built LeanCert.Engine.AD.Correctness (2.1s)
✔ [3572/3630] Built LeanCert.Engine.TaylorModel.Functions (1.6s)
✔ [3573/3630] Built LeanCert.Engine.AD.Computable (3.2s)
✔ [3574/3630] Built LeanCert.Engine.TaylorModel.Expr (3.0s)
✔ [3575/3630] Built LeanCert.Engine.AD.PartialCorrectness (4.3s)
✔ [3576/3630] Built LeanCert.Engine.AD.DomainChecked (2.1s)
✔ [3577/3630] Built LeanCert.Engine.TaylorModel (1.5s)
✔ [3578/3630] Built LeanCert.Engine.AD.Dyadic (2.2s)
✔ [3579/3630] Built LeanCert.Engine.AD (1.3s)
✔ [3580/3630] Built LeanCert.Validity.Bounds.Smart (2.9s)
✔ [3581/3630] Built LeanCert.Meta.ProveSupported (3.1s)
✔ [3582/3630] Built LeanCert.Engine.IntervalEvalRefined (3.7s)
✔ [3583/3630] Built LeanCert.Engine.Optimize (4.0s)
✔ [3584/3630] Built LeanCert.Validity.Bounds.Bridge (2.5s)
✔ [3585/3630] Built LeanCert.Meta.ProveContinuous (3.7s)
✔ [3586/3630] Built LeanCert.Tactic.IntervalAuto.ProveCommon (4.5s)
✔ [3587/3630] Built LeanCert.Validity.Bounds.Basic (2.4s)
✔ [3588/3630] Built LeanCert.Engine.RootFinding.Newton (3.0s)
✔ [3589/3630] Built LeanCert.Engine.Optimization.Gradient (5.1s)
✔ [3590/3630] Built LeanCert.Tactic.LeanCert.Bridge.ReifiedFunction (2.6s)
✔ [3591/3630] Built LeanCert.Tactic.IntervalAuto.Basic (2.7s)
✔ [3592/3630] Built LeanCert.Validity.Integration (5.2s)
✔ [3593/3630] Built LeanCert.Engine.RootFinding.MVTBounds (5.9s)
✔ [3594/3630] Built LeanCert.Engine.RootFinding.Krawczyk (6.5s)
✔ [3595/3630] Built LeanCert.Tactic.LeanCert.Semantic.Prepare (5.8s)
✔ [3596/3630] Built LeanCert.Tactic.LeanCert.Integral (7.9s)
✔ [3597/3630] Built LeanCert.Engine.RootFinding.KrawczykCandidate (4.7s)
✔ [3598/3630] Built LeanCert.Engine.RootFinding.Contraction (5.9s)
✔ [3599/3630] Built LeanCert.Validity.Krawczyk (2.3s)
✔ [3600/3630] Built LeanCert.Engine.RootFinding.Main (2.4s)
✔ [3601/3630] Built LeanCert.Tactic.LeanCert.Solver.Protocol (4.7s)
✔ [3602/3630] Built LeanCert.Tactic.Extension.Execute (5.6s)
✔ [3603/3630] Built LeanCert.Engine.Optimization.Global (18s)
✔ [3604/3630] Built LeanCert.Tactic.LeanCert.Diagnostic.Render (2.7s)
✔ [3605/3630] Built LeanCert.Engine.Search.CounterExample (2.5s)
✔ [3606/3630] Built LeanCert.Validity.Types (2.7s)
✔ [3607/3630] Built LeanCert.Engine.Optimization.Guided (2.8s)
✔ [3608/3630] Built LeanCert.Validity.Bounds (5.1s)
✔ [3609/3630] Built LeanCert.Engine.Optimization.BoundVerify (2.6s)
✔ [3610/3630] Built LeanCert.Discovery.Find (2.9s)
✔ [3611/3630] Built LeanCert.Tactic.IntervalAuto.RootBound (3.1s)
✔ [3612/3630] Built LeanCert.Tactic.IntervalAuto.OptBound (3.2s)
✔ [3613/3630] Built LeanCert.Tactic.IntervalAuto.Multivariate (4.2s)
✔ [3614/3630] Built LeanCert.Tactic.IntervalAuto.Bound (9.4s)
✔ [3615/3630] Built LeanCert.Tactic.IntervalAuto.Subdiv (3.7s)
✔ [3616/3630] Built LeanCert.Tactic.IntervalAuto.Adaptive (4.3s)
✔ [3617/3630] Built LeanCert.Tactic.IntervalAuto.PointIneq (6.5s)
✔ [3618/3630] Built LeanCert.Tactic.IntervalAuto (1.6s)
✔ [3619/3630] Built LeanCert.Tactic.FinSumWitness (3.2s)
✔ [3620/3630] Built LeanCert.Tactic.FinSumBound (3.0s)
✔ [3621/3630] Built LeanCert.Tactic.LeanCert.Semantic.Parse (2.2s)
✔ [3622/3630] Built LeanCert.Tactic.Discovery (8.8s)
✔ [3623/3630] Built LeanCert.Tactic.Krawczyk (2.3s)
✔ [3624/3630] Built LeanCert.Tactic.LeanCert.Router (5.3s)
✔ [3625/3630] Built LeanCert.Tactic.LeanCert (1.8s)
ℹ [3626/3630] Built NLA.Statements.KernelSmoke (2.1s)
info: NLA/Statements/KernelSmoke.lean:14:0: 'NLA.Statements.KernelSmoke.log_two_upper' depends on axioms: [propext, Classical.choice, Quot.sound]
✔ [3627/3630] Built NLA (1.8s)
ℹ [3629/3630] Built IdentitySolution (1.9s)
info: IdentitySolution.lean:8:0: 'NLA.Statements.ComparatorControl.log_two_upper' depends on axioms: [propext, Classical.choice, Quot.sound]
Build completed successfully (3630 jobs).
