Development proof typecheck; cached dependencies; not authoritative Linux verification.
Lean (version 4.33.1, arm64-apple-darwin24.6.0, commit 819816b2e0a3bf405af45ae5c7af2491d8f5bee6, Release)
COMMAND: /private/tmp/nla-campaign-toolchain/lean-4.33.1-darwin_aarch64/bin/lean -o /private/tmp/nla-tr27-final-correctness-review-build/NLA/TR27/Definitions.olean NLA/TR27/Definitions.lean
EXIT: 0
COMMAND: /private/tmp/nla-campaign-toolchain/lean-4.33.1-darwin_aarch64/bin/lean -o /private/tmp/nla-tr27-final-correctness-review-build/NLA/TR27/Semantics.olean NLA/TR27/Semantics.lean
'NLA.TR27.rank_minima' depends on axioms: [propext, Classical.choice, Quot.sound]
'NLA.TR27.projective_cone_rank' depends on axioms: [propext, Classical.choice, Quot.sound]
'NLA.TR27.projective_span_range' depends on axioms: [propext, Classical.choice, Quot.sound]
'NLA.TR27.cone_projective_membership' depends on axioms: [propext, Classical.choice, Quot.sound]
'NLA.TR27.finite_coordinates' depends on axioms: [propext, Classical.choice, Quot.sound]
'NLA.TR27.tensor_representatives' depends on axioms: [propext, Classical.choice, Quot.sound]
EXIT: 0
COMMAND: /private/tmp/nla-campaign-toolchain/lean-4.33.1-darwin_aarch64/bin/lean -o /private/tmp/nla-tr27-final-correctness-review-build/NLA/TR27/SegreSemantics.olean NLA/TR27/SegreSemantics.lean
'NLA.TR27.segre_rank_minimum' depends on axioms: [propext, Classical.choice, Quot.sound]
'NLA.TR27.segre_cone_rank' depends on axioms: [propext, Classical.choice, Quot.sound]
EXIT: 0
COMMAND: /private/tmp/nla-campaign-toolchain/lean-4.33.1-darwin_aarch64/bin/lean -o /private/tmp/nla-tr27-final-correctness-review-build/NLA/TR27/AffineBorder.olean NLA/TR27/AffineBorder.lean
'NLA.TR27.projective_affine_border' depends on axioms: [propext, Classical.choice, Quot.sound]
'NLA.TR27.homogeneousComponent_vanishes' depends on axioms: [propext, Classical.choice, Quot.sound]
EXIT: 0
COMMAND: /private/tmp/nla-campaign-toolchain/lean-4.33.1-darwin_aarch64/bin/lean -o /private/tmp/nla-tr27-final-correctness-review-build/NLA/TR27/CoordinateTransport.olean NLA/TR27/CoordinateTransport.lean
'NLA.TR27.coordinate_transport' depends on axioms: [propext, Classical.choice, Quot.sound]
EXIT: 0
COMMAND: /private/tmp/nla-campaign-toolchain/lean-4.33.1-darwin_aarch64/bin/lean -o /private/tmp/nla-tr27-final-correctness-review-build/NLA/TR27/ProjectiveGeometry.olean NLA/TR27/ProjectiveGeometry.lean
'NLA.TR27.admissible_geometry' depends on axioms: [propext, Classical.choice, Quot.sound]
EXIT: 0
COMMAND: /private/tmp/nla-campaign-toolchain/lean-4.33.1-darwin_aarch64/bin/lean -o /private/tmp/nla-tr27-final-correctness-review-build/NLA/TR27/Algebra.olean NLA/TR27/Algebra.lean
EXIT: 0
COMMAND: /private/tmp/nla-campaign-toolchain/lean-4.33.1-darwin_aarch64/bin/lean -o /private/tmp/nla-tr27-final-correctness-review-build/NLA/TR27/IntegralImage.olean NLA/TR27/IntegralImage.lean
EXIT: 0
COMMAND: /private/tmp/nla-campaign-toolchain/lean-4.33.1-darwin_aarch64/bin/lean -o /private/tmp/nla-tr27-final-correctness-review-build/NLA/TR27/Geometry.olean NLA/TR27/Geometry.lean
EXIT: 0
COMMAND: /private/tmp/nla-campaign-toolchain/lean-4.33.1-darwin_aarch64/bin/lean -o /private/tmp/nla-tr27-final-correctness-review-build/NLA/TR27/Independence.olean NLA/TR27/Independence.lean
EXIT: 0
COMMAND: /private/tmp/nla-campaign-toolchain/lean-4.33.1-darwin_aarch64/bin/lean -o /private/tmp/nla-tr27-final-correctness-review-build/NLA/TR27/BorderWitness.olean NLA/TR27/BorderWitness.lean
EXIT: 0
