real-alpha-0.001 passed
real-alpha-0.05 passed
real-alpha-0.1 passed
real-alpha-0.25 passed
real-alpha-0.5 passed
real-alpha-0.75 passed
real-alpha-0.9 passed
real-alpha-0.95 passed
real-alpha-0.999 passed
dyadic-alpha-1/2 passed
dyadic-alpha-1/3 passed
dyadic-alpha-2/3 passed
dyadic-alpha-1/4 passed
dyadic-alpha-2/4 passed
dyadic-alpha-3/4 passed
dyadic-alpha-1/5 passed
dyadic-alpha-2/5 passed
dyadic-alpha-3/5 passed
dyadic-alpha-4/5 passed
dyadic-alpha-1/6 passed
dyadic-alpha-2/6 passed
dyadic-alpha-3/6 passed
dyadic-alpha-4/6 passed
dyadic-alpha-5/6 passed
dyadic-alpha-1/7 passed
dyadic-alpha-2/7 passed
dyadic-alpha-3/7 passed
dyadic-alpha-4/7 passed
dyadic-alpha-5/7 passed
dyadic-alpha-6/7 passed
dyadic-alpha-1/8 passed
dyadic-alpha-2/8 passed
dyadic-alpha-3/8 passed
dyadic-alpha-4/8 passed
dyadic-alpha-5/8 passed
dyadic-alpha-6/8 passed
dyadic-alpha-7/8 passed
dyadic-alpha-1/9 passed
dyadic-alpha-2/9 passed
dyadic-alpha-3/9 passed
dyadic-alpha-4/9 passed
dyadic-alpha-5/9 passed
dyadic-alpha-6/9 passed
dyadic-alpha-7/9 passed
dyadic-alpha-8/9 passed
rational-pair-irrational-alpha passed
ALL CHECKS PASSED: 46000 gap lists and full words, 9936 lower bounds, 40 tensor products
Output: /private/tmp/nla-review-wave3-artifacts/audit-functions/runs/growth.json
