{
  "exact_complex_block_damping_patterns": 63,
  "cyclic_sharpness_dimensions": [
    1,
    2,
    3,
    4,
    5,
    6,
    7,
    8,
    9,
    10
  ],
  "Jordan_power_identities": 150,
  "symbolic_compression_and_Gram_identities": true,
  "rational_exponents": [
    "1/8",
    "1/7",
    "1/6",
    "1/5",
    "1/4",
    "2/7",
    "1/3",
    "3/8",
    "2/5",
    "3/7",
    "1/2",
    "4/7",
    "3/5",
    "5/8",
    "2/3",
    "5/7",
    "3/4",
    "4/5",
    "5/6",
    "6/7",
    "7/8"
  ],
  "exact_arbitrary_gap_budget_checks": 3444,
  "exact_lower_word_boundary_checks": 567,
  "status": "PASS; finite exact corroboration, universal proofs separately reviewed"
}
