{
  "status": "all diagnostics passed; not a substitute for proof",
  "seed": 260911507,
  "exact_check": {
    "arithmetic": "exact SymPy rational",
    "identity_passed": true,
    "block_sizes": [
      2,
      1,
      2
    ],
    "block_scalars": [
      "12",
      "4",
      "1"
    ]
  },
  "damping": {
    "trials": 10000,
    "real_and_complex": true,
    "maximum_norm_ratio": 1.0,
    "maximum_relative_identity_error": 4.754490544752141e-16
  },
  "quantitative_comparison": {
    "trials": 5000,
    "wide_gap_trials": 4147,
    "dimensions": "2 through 10",
    "horizons": "1 through 60",
    "thresholds": "1; log-uniform on [1, 1e9]; d^2 L n",
    "real_and_complex": true,
    "worst_diagnostic_ratios": {
      "truncation_bound_ratio": 0.33873699823685505,
      "new_error_bound_ratio": 0.49430151970172986,
      "damping_product_ratio": 1.0,
      "new_product_bound_ratio": 0.3246382164444053,
      "similarity_identity_relative_error": 1.8730783517459546e-15
    }
  },
  "started_utc": "2026-09-11T22:27:49.780371+00:00",
  "completed_utc": "2026-09-11T22:27:55.626815+00:00"
}
