matrix-inequalities-and-norms/MI-01/README.md:33: trailing whitespace.
+2. T. Zhang, *Clarkson–McCarthy type inequalities, part I: $`\ell_p`$–$`\ell_p`$ and $`\ell_q`$–$`\ell_p`$ Schatten $`p`$-estimates*.  
matrix-inequalities-and-norms/MI-02/README.md:28: trailing whitespace.
+3. T. Zhang, *Bourin-type inequalities for $`\tau`$-measurable operators in fully symmetric spaces*.  
randomized-and-low-rank-approximation/RA-06/README.md:46: trailing whitespace.
+1. D. P. Woodruff and T. Yasuda, *Sharper Bounds for $`\ell_p`$ Sensitivity Sampling*.  
randomized-and-low-rank-approximation/RA-06/README.md:48: trailing whitespace.
+2. A. Munteanu and S. Omlor, *Optimal bounds for $`\ell_p`$ sensitivity sampling via $`\ell_2`$ augmentation*.  
randomized-and-low-rank-approximation/RA-12/README.md:59: trailing whitespace.
+**Conjecture.** For every such $`A`$, every integer $`m\ge1`$, and every $`\varepsilon\ge2/(m\mu)`$, the complete comparison chain holds:  
randomized-and-low-rank-approximation/RA-13/README.md:60: trailing whitespace.
+**Conjecture.** For every integer $`n\ge1`$, every such $`A`$, every integer $`m\ge1`$, and every  
randomized-and-low-rank-approximation/RA-14/README.md:31: trailing whitespace.
+**Open problem.** Determine $`q_{\mathrm{sp}}(n,k,\varepsilon)`$ up to universal constant factors, with the dependence on $`k`$, $`n`$, and $`\varepsilon`$ simultaneous. In particular, determine the optimal dependence on a growing target rank rather than keeping $`k`$ fixed. The answer must cover the finite-dimensional regime, where learning all columns uses $`n`$ queries.  
randomized-and-low-rank-approximation/RA-15/README.md:38: trailing whitespace.
+**Open problem.** Determine $`q_p(n,\varepsilon)`$ up to universal constant factors simultaneously in $`p`$, $`n`$, and $`\varepsilon`$, including the transition when finite $`p`$ grows with $`n`$ or $`\varepsilon^{-1}`$ and the endpoint $`p=\infty`$. Finite-dimensional saturation must be included, since $`n`$ column queries reveal $`A`$ exactly.  
references/maintainer-review-2026-09-12-pr153/README.md:3: trailing whitespace.
+PR: <https://github.com/ajt60gaibb/OpenProblemsInNLA/pull/153>  
references/maintainer-review-2026-09-12-pr153/README.md:4: trailing whitespace.
+Original reviewed head: `eaf3b80698555171804bef29e3a9e2b1607bc875`  
references/maintainer-review-2026-09-12-pr153/README.md:5: trailing whitespace.
+Integration base: `d7fcfe7bfe8c02cd98d9463fa5a8ba12850d5bdb`  
references/maintainer-review-2026-09-12-pr153/README.md:6: trailing whitespace.
+Repair commit: `82a55c4`  
references/maintainer-review-2026-09-12-pr153/live-artifacts.json:24: new blank line at EOF.
references/maintainer-review-2026-09-12-pr153/live-jobs.json:142: new blank line at EOF.
tensor-computations/TR-20/README.md:46: trailing whitespace.
+**Conjecture.** For every integer $`n\ge2`$, these discriminants are hypersurfaces and their degrees are  
tensor-computations/TR-20/README.md:60: trailing whitespace.
+Minimizing $`R_H`$ over real rank-one matrix states is a constrained energy problem underlying tensor variational algorithms. The discriminant records degeneracies of stationary states, where local solution branches can meet and conditioning can deteriorate. 
