'NLA.IE06.SelectedBlockCandidates.actualBlock' depends on axioms: [propext, Classical.choice, Quot.sound]
'NLA.IE06.SelectedBlockCandidates.extendedBlock' depends on axioms: [propext, Classical.choice, Quot.sound]
'NLA.IE06.SelectedBlockCandidates.nextOrder' depends on axioms: [propext, Classical.choice, Quot.sound]
'NLA.IE06.SelectedBlockCandidates.rowSet' depends on axioms: [propext, Classical.choice, Quot.sound]
'NLA.IE06.SelectedBlockCandidates.rowSet_card' depends on axioms: [propext, Classical.choice, Quot.sound]
'NLA.IE06.SelectedBlockCandidates.mem_rowSet' depends on axioms: [propext, Classical.choice, Quot.sound]
'NLA.IE06.SelectedBlockCandidates.rowSetEquiv' depends on axioms: [propext, Classical.choice, Quot.sound]
'NLA.IE06.SelectedBlockCandidates.rowSetEquiv_apply' depends on axioms: [propext, Classical.choice, Quot.sound]
'NLA.IE06.SelectedBlockCandidates.pivotOrder_prefix' depends on axioms: [propext, Classical.choice, Quot.sound]
'NLA.IE06.SelectedBlockCandidates.nextOrder_avoids_prefix' depends on axioms: [propext, Classical.choice, Quot.sound]
'NLA.IE06.SelectedBlockCandidates.candidateBlock_actual' depends on axioms: [propext, Classical.choice, Quot.sound]
'NLA.IE06.SelectedBlockCandidates.stack_actual' depends on axioms: [propext, Classical.choice, Quot.sound]
'NLA.IE06.SelectedBlockCandidates.fixedCandidateEvent' depends on axioms: [propext, Classical.choice, Quot.sound]
'NLA.IE06.SelectedBlockCandidates.fixedCandidateEvent_measure_le' depends on axioms: [propext,
 Classical.choice,
 Quot.sound]
'NLA.IE06.SelectedBlockCandidates.actual_event_subset_candidates' depends on axioms: [propext,
 Classical.choice,
 Quot.sound]
'NLA.IE06.SelectedBlockCandidates.card_ordered_candidates_le' depends on axioms: [propext, Classical.choice, Quot.sound]
'NLA.IE06.SelectedBlockCandidates.actual_stacking_union_tail' depends on axioms: [propext, Classical.choice, Quot.sound]
