✔ [2756/2765] Built NLA.Statements.Infrastructure (1.9s)
✔ [2757/2766] Built LeanCert.Tactic.LeanCert.Semantic.Domain (2.2s)
✔ [2758/2791] Built LeanCert.Tactic.LeanCert.Semantic.Goal (2.6s)
✔ [2778/2791] Built LeanCert.Core.Interval (3.9s)
✔ [2780/2811] Built LeanCert.Core.Dyadic (5.3s)
✔ [2782/2815] Built LeanCert.Core.Expr (8.1s)
✔ [2783/2815] Built LeanCert.Core.DerivativeIntervals (5.3s)
✔ [2784/2815] Built LeanCert.Contrib.Sinc (6.5s)
✔ [2785/2815] Built LeanCert.Core.Support (5.5s)
✔ [2786/2817] Built LeanCert.Core.IntervalRat.Basic (11s)
✔ [2787/2817] Built LeanCert.Core.IntervalRat.LogReduction (7.4s)
✔ [2788/2817] Built LeanCert.Meta.Numeral (5.5s)
✔ [2789/2817] Built LeanCert.Engine.Eval.Result (5.0s)
✔ [2790/2819] Built LeanCert.Core.TrigReduction (5.4s)
✔ [2791/2819] Built LeanCert.Core.Taylor (9.6s)
✔ [2792/2820] Built LeanCert.Core.IntervalRat.Transcendental (7.4s)
✔ [2793/2820] Built LeanCert.Tactic.IntervalAuto.Types (4.0s)
✔ [2794/2821] Built LeanCert.Tactic.IntervalAuto.Extract (3.9s)
✔ [2795/2825] Built LeanCert.Meta.ToExpr (6.5s)
✔ [2796/2825] Built LeanCert.Tactic.Verification (4.6s)
✔ [2797/2826] Built LeanCert.Tactic.IntervalAuto.Norm (6.2s)
✔ [2798/2889] Built LeanCert.Tactic.NumericalRefinement (1.4s)
✔ [2852/2931] Built LeanCert.Tactic.LeanCert.Bridge.Environment (4.3s)
✔ [2853/2931] Built LeanCert.Tactic.IntervalAuto.Parse (11s)
✔ [2854/2933] Built LeanCert.Tactic.FinsetParse (6.8s)
✔ [2855/2935] Built LeanCert.Tactic.BridgeNative (3.1s)
✔ [2856/2939] Built LeanCert.Tactic.LeanCert.Normalize (6.2s)
✔ [2857/2940] Built LeanCert.Tactic.LeanCert.Semantic.Parse.Comparison (1.7s)
✔ [2858/2940] Built LeanCert.Tactic.IntervalAuto.Diagnostic (3.8s)
✔ [2859/2943] Built LeanCert.Tactic.Extension.Protocol (3.6s)
✔ [2860/2943] Built LeanCert.Tactic.LeanCert.Semantic.Parse.Bound (3.8s)
✔ [2861/2962] Built LeanCert.Tactic.LeanCert.Diagnostic.Evidence (3.6s)
✔ [3523/3608] Built LeanCert.Tactic.LeanCert.Config (2.1s)
✔ [3524/3616] Built LeanCert.Tactic.Extension.Registry (4.1s)
✔ [3525/3618] Built LeanCert.Core.IntervalRat.Taylor (25s)
✔ [3526/3618] Built LeanCert.Core.IntervalReal (3.0s)
✔ [3527/3618] Built LeanCert.Engine.FloatEval (3.4s)
✔ [3528/3620] Built LeanCert.Engine.Algebra.QPoly (5.0s)
✔ [3529/3620] Built LeanCert.Tactic.VecUtil (3.9s)
✔ [3530/3620] Built LeanCert.Core.IntervalRat.TrigReduced (3.4s)
✔ [3531/3620] Built LeanCert.Validity.Eventual (3.5s)
✔ [3532/3624] Built LeanCert.Core.IntervalRealEndpoints (5.5s)
✔ [3533/3624] Built LeanCert.Engine.Affine.Basic (8.9s)
✔ [3534/3625] Built LeanCert.Engine.Algebra.QPolyIntegral (6.7s)
✔ [3535/3625] Built LeanCert.Tactic.FinSumExpand (4.0s)
✔ [3536/3633] Built LeanCert.Core.IntervalDyadic (10s)
✔ [3538/3633] Built LeanCert.Tactic.EventualBound (8.2s)
✔ [3540/3634] Built LeanCert.Engine.Affine.Nonlinear (7.5s)
✔ [3543/3675] Built NLA.Computation.BinaryEncoding (3.5s)
✔ [3698/3880] Built NLA.Computation.FiniteMachine (2.6s)
✔ [3782/3880] Built LeanCert.Engine.Eval.Core (11s)
✔ [3783/3882] Built LeanCert.Core.DyadicCell (7.2s)
✔ [3785/3882] Built NLA.Computation.QueryTape (1.8s)
✔ [3786/3882] Built NLA.Computation.Complexity (1.9s)
ℹ [3787/3882] Built NLA.Computation.Controls (3.6s)
info: NLA/Computation/Controls.lean:123:0: 'NLA.Computation.Controls.halt_preserves_input' depends on axioms: [propext, Classical.choice, Quot.sound]
info: NLA/Computation/Controls.lean:124:0: 'NLA.Computation.Controls.av_roundtrip_example' depends on axioms: [propext, Classical.choice, Quot.sound]
info: NLA/Computation/Controls.lean:125:0: 'NLA.Computation.FiniteMachine.RunsWithin' depends on axioms: [propext, Classical.choice, Quot.sound]
ℹ [3788/3882] Built NLA.Statements.AV01 (2.9s)
info: NLA/Statements/AV01.lean:38:0: 'NLA.Statements.AV01.Target' depends on axioms: [propext, Classical.choice, Quot.sound]
✔ [3789/3885] Built LeanCert.Engine.Eval.Extended (5.5s)
✔ [3790/3885] Built LeanCert.Core.DyadicFrontier (3.9s)
ℹ [3791/3885] Built Reviewed.AV01 (2.6s)
info: Reviewed/AV01.lean:39:0: 'NLA.ReviewedStatements.AV01.Target' depends on axioms: [propext, Classical.choice, Quot.sound]
✔ [3792/3886] Built NLA.Computation.ExactRealMachine (4.3s)
✔ [3793/3886] Built NLA.Computation.OracleMachine (2.3s)
✔ [3794/3886] Built LeanCert.Engine.Bounds.Lemmas (3.3s)
✔ [3795/3886] Built NLA.Statements.KrylovCompression (4.1s)
ℹ [3796/3891] Built NLA.Statements.IE12 (3.6s)
info: NLA/Statements/IE12.lean:64:0: 'NLA.Statements.IE12.Target' depends on axioms: [propext, Classical.choice, Quot.sound]
ℹ [3797/3891] Built Reviewed.IE12 (3.8s)
info: Reviewed/IE12.lean:65:0: 'NLA.ReviewedStatements.IE12.Target' depends on axioms: [propext, Classical.choice, Quot.sound]
ℹ [3798/3891] Built NLA.Computation.OracleControls (2.9s)
info: NLA/Computation/OracleControls.lean:103:0: 'NLA.Computation.Complexity.InNP' depends on axioms: [propext, Classical.choice, Quot.sound]
info: NLA/Computation/OracleControls.lean:104:0: 'NLA.Computation.Complexity.OracleNPHard' depends on axioms: [propext, Classical.choice, Quot.sound]
✔ [3799/3892] Built LeanCert.Engine.IntervalEval (2.8s)
ℹ [3802/3893] Built Reviewed.IE10 (3.4s)
info: Reviewed/IE10.lean:26:0: 'NLA.ReviewedStatements.IE10.Target' depends on axioms: [propext, Classical.choice, Quot.sound]
ℹ [3803/3893] Built NLA.Statements.IE10 (3.4s)
info: NLA/Statements/IE10.lean:25:0: 'NLA.Statements.IE10.Target' depends on axioms: [propext, Classical.choice, Quot.sound]
✔ [3804/3893] Built NLA.Computation.ExactRealControls (4.4s)
✔ [3805/3893] Built LeanCert.Validity.Bounds.Checked (3.7s)
✔ [3806/3893] Built LeanCert.Engine.Affine.Transcendental (5.2s)
✔ [3807/3893] Built LeanCert.Validity.Bounds.Core (4.1s)
✔ [3808/3893] Built LeanCert.Engine.IntervalEvalDyadic (8.7s)
✔ [3809/3893] Built LeanCert.Engine.Optimization.Box (4.4s)
✔ [3810/3895] Built LeanCert.Engine.RootFinding.Basic (7.2s)
✔ [3812/3895] Built LeanCert.Engine.AD.Basic (3.5s)
✔ [3813/3895] Built LeanCert.Engine.Integrate (8.0s)
✔ [3814/3895] Built StatementControls (5.0s)
✔ [3816/3895] Built LeanCert.Validity.DyadicBounds (4.0s)
✔ [3817/3895] Built LeanCert.Engine.TaylorModel.Core (11s)
✔ [3818/3896] Built LeanCert.Engine.IntervalEvalAffine (8.7s)
✔ [3819/3896] Built LeanCert.Engine.FinSumDyadic (6.3s)
✔ [3820/3896] Built LeanCert.Engine.Search.Heuristic (3.0s)
✔ [3821/3896] Built NLA.Statements.RowDeletion (3.5s)
ℹ [3822/3896] Built NLA.Statements.IV05 (3.0s)
info: NLA/Statements/IV05.lean:78:0: 'NLA.Statements.IV05.Target' depends on axioms: [propext, Classical.choice, Quot.sound]
✔ [3823/3896] Built LeanCert.Engine.RootFinding.Bisection (6.6s)
✔ [3824/3896] Built LeanCert.Engine.TaylorModel.Special (3.3s)
✔ [3825/3896] Built LeanCert.Engine.AD.Transcendental (5.5s)
✔ [3826/3896] Built LeanCert.Engine.TaylorModel.Integral (4.4s)
✔ [3827/3897] Built LeanCert.Engine.Affine.Environment (9.0s)
✔ [3828/3898] Built LeanCert.Engine.TaylorModel.ExpLog (12s)
ℹ [3829/3898] Built Reviewed.IV05 (3.7s)
info: Reviewed/IV05.lean:79:0: 'NLA.ReviewedStatements.IV05.Target' depends on axioms: [propext, Classical.choice, Quot.sound]
✔ [3830/3898] Built LeanCert.Engine.TaylorModel.Trig (15s)
✔ [3831/3898] Built LeanCert.Engine.TaylorModel.Hyperbolic (17s)
✔ [3832/3898] Built LeanCert.Engine.WitnessSum (4.1s)
ℹ [3833/3898] Built Reviewed.IE22 (3.9s)
info: Reviewed/IE22.lean:37:0: 'NLA.ReviewedStatements.IE22.Target' depends on axioms: [propext, Classical.choice, Quot.sound]
ℹ [3834/3898] Built NLA.Statements.IE22 (3.5s)
info: NLA/Statements/IE22.lean:36:0: 'NLA.Statements.IE22.Target' depends on axioms: [propext, Classical.choice, Quot.sound]
✔ [3835/3899] Built LeanCert.Engine.AD.Eval (3.0s)
ℹ [3836/3899] Built Reviewed.IE21 (3.6s)
info: Reviewed/IE21.lean:56:0: 'NLA.ReviewedStatements.IE21.Target' depends on axioms: [propext, Classical.choice, Quot.sound]
ℹ [3837/3900] Built NLA.Statements.IE21 (3.7s)
info: NLA/Statements/IE21.lean:55:0: 'NLA.Statements.IE21.Target' depends on axioms: [propext, Classical.choice, Quot.sound]
ℹ [3838/3900] Built NLA.Statements.MD03 (2.5s)
info: NLA/Statements/MD03.lean:29:0: 'NLA.Statements.MD03.Target' depends on axioms: [propext, Classical.choice, Quot.sound]
ℹ [3839/3901] Built Reviewed.MD03 (2.4s)
info: Reviewed/MD03.lean:30:0: 'NLA.ReviewedStatements.MD03.Target' depends on axioms: [propext, Classical.choice, Quot.sound]
✔ [3840/3902] Built LeanCert.Engine.TaylorModel.Functions (2.7s)
✔ [3841/3903] Built LeanCert.Engine.AD.Correctness (4.5s)
ℹ [3842/3903] Built NLA.Statements.MD04 (2.7s)
info: NLA/Statements/MD04.lean:30:0: 'NLA.Statements.MD04.Target' depends on axioms: [propext, Classical.choice, Quot.sound]
ℹ [3843/3904] Built Reviewed.MD04 (2.8s)
info: Reviewed/MD04.lean:31:0: 'NLA.ReviewedStatements.MD04.Target' depends on axioms: [propext, Classical.choice, Quot.sound]
ℹ [3844/3904] Built NLA.Statements.MF03 (3.2s)
info: NLA/Statements/MF03.lean:43:0: 'NLA.Statements.MF03.Target' depends on axioms: [propext, Classical.choice, Quot.sound]
ℹ [3845/3904] Built Reviewed.MF03 (2.9s)
info: Reviewed/MF03.lean:44:0: 'NLA.ReviewedStatements.MF03.Target' depends on axioms: [propext, Classical.choice, Quot.sound]
✔ [3846/3905] Built LeanCert.Engine.AD.Computable (5.5s)
✔ [3847/3906] Built LeanCert.Engine.TaylorModel.Expr (6.9s)
ℹ [3848/3906] Built NLA.Statements.PF04 (4.2s)
info: NLA/Statements/PF04.lean:37:0: 'NLA.Statements.PF04.Target' depends on axioms: [propext, Classical.choice, Quot.sound]
ℹ [3849/3906] Built Reviewed.PF04 (2.5s)
info: Reviewed/PF04.lean:38:0: 'NLA.ReviewedStatements.PF04.Target' depends on axioms: [propext, Classical.choice, Quot.sound]
✔ [3850/3906] Built LeanCert.Engine.AD.PartialCorrectness (8.1s)
ℹ [3851/3906] Built NLA.Statements.PF05 (3.1s)
info: NLA/Statements/PF05.lean:88:0: 'NLA.Statements.PF05.Target' depends on axioms: [propext, Classical.choice, Quot.sound]
✔ [3855/3915] Built LeanCert.Engine.AD.DomainChecked (4.4s)
✔ [3856/3917] Built LeanCert.Engine.TaylorModel (2.8s)
ℹ [3858/3920] Built Reviewed.PF05 (3.2s)
info: Reviewed/PF05.lean:89:0: 'NLA.ReviewedStatements.PF05.Target' depends on axioms: [propext, Classical.choice, Quot.sound]
ℹ [3860/3920] Built Reviewed.RA10 (3.7s)
info: Reviewed/RA10.lean:97:0: 'NLA.ReviewedStatements.RA10.Target' depends on axioms: [propext, Classical.choice, Quot.sound]
ℹ [3861/3920] Built NLA.Statements.RA10 (3.8s)
info: NLA/Statements/RA10.lean:96:0: 'NLA.Statements.RA10.Target' depends on axioms: [propext, Classical.choice, Quot.sound]
✔ [3862/3920] Built NLA.Statements.GaussianTrace (3.5s)
✔ [3863/3920] Built LeanCert.Engine.AD.Dyadic (5.4s)
ℹ [3864/3920] Built NLA.Statements.RA19 (3.4s)
info: NLA/Statements/RA19.lean:48:0: 'NLA.Statements.RA19.Target' depends on axioms: [propext, Classical.choice, Quot.sound]
ℹ [3865/3920] Built Reviewed.RA19 (3.1s)
info: Reviewed/RA19.lean:49:0: 'NLA.ReviewedStatements.RA19.Target' depends on axioms: [propext, Classical.choice, Quot.sound]
ℹ [3866/3920] Built Reviewed.RA13 (3.6s)
info: Reviewed/RA13.lean:59:0: 'NLA.ReviewedStatements.RA13.Target' depends on axioms: [propext, Classical.choice, Quot.sound]
ℹ [3867/3929] Built NLA.Statements.RA13 (3.5s)
info: NLA/Statements/RA13.lean:58:0: 'NLA.Statements.RA13.Target' depends on axioms: [propext, Classical.choice, Quot.sound]
ℹ [3875/3930] Built Reviewed.RA12 (3.6s)
info: Reviewed/RA12.lean:50:0: 'NLA.ReviewedStatements.RA12.Target' depends on axioms: [propext, Classical.choice, Quot.sound]
ℹ [3876/3931] Built NLA.Statements.RA12 (3.6s)
info: NLA/Statements/RA12.lean:49:0: 'NLA.Statements.RA12.Target' depends on axioms: [propext, Classical.choice, Quot.sound]
✔ [3877/3932] Built LeanCert.Engine.AD (2.8s)
ℹ [3878/3933] Built NLA.Statements.SP11 (2.9s)
info: NLA/Statements/SP11.lean:33:0: 'NLA.Statements.SP11.Target' depends on axioms: [propext, Classical.choice, Quot.sound]
ℹ [3879/3933] Built Reviewed.SP11 (2.8s)
info: Reviewed/SP11.lean:34:0: 'NLA.ReviewedStatements.SP11.Target' depends on axioms: [propext, Classical.choice, Quot.sound]
ℹ [3880/3933] Built NLA.Statements.SP12 (2.8s)
info: NLA/Statements/SP12.lean:47:0: 'NLA.Statements.SP12.Target' depends on axioms: [propext, Classical.choice, Quot.sound]
ℹ [3881/3933] Built Reviewed.SP12 (2.8s)
info: Reviewed/SP12.lean:48:0: 'NLA.ReviewedStatements.SP12.Target' depends on axioms: [propext, Classical.choice, Quot.sound]
✔ [3882/3933] Built LeanCert.Validity.Bounds.Smart (3.9s)
✔ [3883/3933] Built LeanCert.Engine.IntervalEvalRefined (4.7s)
✔ [3884/3934] Built LeanCert.Meta.ProveSupported (4.7s)
ℹ [3885/3934] Built NLA.Statements.SP13 (3.7s)
info: NLA/Statements/SP13.lean:57:0: 'NLA.Statements.SP13.Target' depends on axioms: [propext, Classical.choice, Quot.sound]
ℹ [3886/3934] Built Reviewed.SP13 (4.1s)
info: Reviewed/SP13.lean:58:0: 'NLA.ReviewedStatements.SP13.Target' depends on axioms: [propext, Classical.choice, Quot.sound]
✔ [3887/3934] Built LeanCert.Engine.Optimize (8.0s)
✔ [3888/3938] Built LeanCert.Validity.Bounds.Bridge (4.3s)
✔ [3889/3938] Built LeanCert.Meta.ProveContinuous (5.0s)
ℹ [3890/3938] Built NLA.Statements.TR14 (4.4s)
info: NLA/Statements/TR14.lean:48:0: 'NLA.Statements.TR14.Target' depends on axioms: [propext, Classical.choice, Quot.sound]
✔ [3892/3942] Built LeanCert.Tactic.IntervalAuto.ProveCommon (7.3s)
✔ [3894/3942] Built LeanCert.Validity.Bounds.Basic (3.1s)
✔ [3895/3942] Built LeanCert.Engine.Optimization.Gradient (7.5s)
✔ [3896/3942] Built LeanCert.Engine.RootFinding.Newton (6.6s)
✔ [3898/3942] Built LeanCert.Tactic.IntervalAuto.Basic (3.9s)
✔ [3899/3942] Built LeanCert.Tactic.LeanCert.Bridge.ReifiedFunction (4.2s)
✔ [3900/3942] Built LeanCert.Validity.Integration (7.4s)
ℹ [3902/3942] Built Reviewed.TR14 (4.1s)
info: Reviewed/TR14.lean:49:0: 'NLA.ReviewedStatements.TR14.Target' depends on axioms: [propext, Classical.choice, Quot.sound]
✔ [3903/3942] Built LeanCert.Engine.RootFinding.Krawczyk (10s)
✔ [3904/3942] Built LeanCert.Tactic.LeanCert.Semantic.Prepare (11s)
✔ [3905/3942] Built LeanCert.Engine.RootFinding.MVTBounds (14s)
ℹ [3906/3942] Built Reviewed.TR13 (6.6s)
info: Reviewed/TR13.lean:62:0: 'NLA.ReviewedStatements.TR13.Target' depends on axioms: [propext, Classical.choice, Quot.sound]
ℹ [3907/3942] Built NLA.Statements.TR13 (6.4s)
info: NLA/Statements/TR13.lean:61:0: 'NLA.Statements.TR13.Target' depends on axioms: [propext, Classical.choice, Quot.sound]
✔ [3908/3942] Built LeanCert.Tactic.LeanCert.Integral (12s)
✔ [3909/3942] Built LeanCert.Validity.Krawczyk (3.3s)
✔ [3910/3942] Built LeanCert.Engine.RootFinding.KrawczykCandidate (4.7s)
✔ [3911/3942] Built LeanCert.Engine.Optimization.Global (32s)
✔ [3912/3942] Built LeanCert.Tactic.Extension.Execute (9.3s)
✔ [3913/3942] Built LeanCert.Engine.RootFinding.Contraction (7.6s)
✔ [3914/3942] Built LeanCert.Tactic.LeanCert.Solver.Protocol (7.7s)
✔ [3915/3942] Built LeanCert.Validity.Types (3.6s)
✔ [3916/3942] Built LeanCert.Engine.Search.CounterExample (3.4s)
✔ [3917/3942] Built LeanCert.Engine.Optimization.Guided (3.8s)
✔ [3918/3942] Built LeanCert.Engine.Optimization.BoundVerify (4.4s)
✔ [3919/3942] Built LeanCert.Engine.RootFinding.Main (2.6s)
✔ [3920/3942] Built LeanCert.Tactic.LeanCert.Diagnostic.Render (3.6s)
✔ [3921/3942] Built LeanCert.Validity.Bounds (5.1s)
✔ [3922/3942] Built LeanCert.Discovery.Find (3.9s)
✔ [3923/3942] Built LeanCert.Tactic.IntervalAuto.RootBound (4.9s)
✔ [3924/3942] Built LeanCert.Tactic.IntervalAuto.OptBound (4.0s)
✔ [3925/3942] Built LeanCert.Tactic.IntervalAuto.Multivariate (5.5s)
✔ [3926/3942] Built LeanCert.Tactic.IntervalAuto.Bound (17s)
✔ [3927/3942] Built LeanCert.Tactic.IntervalAuto.Subdiv (4.6s)
✔ [3928/3942] Built LeanCert.Tactic.IntervalAuto.Adaptive (8.5s)
✔ [3929/3942] Built LeanCert.Tactic.IntervalAuto.PointIneq (10s)
✔ [3930/3942] Built LeanCert.Tactic.IntervalAuto (2.4s)
✔ [3931/3942] Built LeanCert.Tactic.FinSumWitness (4.9s)
✔ [3932/3942] Built LeanCert.Tactic.FinSumBound (4.6s)
✔ [3933/3942] Built LeanCert.Tactic.LeanCert.Semantic.Parse (3.3s)
✔ [3934/3942] Built LeanCert.Tactic.Discovery (14s)
✔ [3935/3942] Built LeanCert.Tactic.Krawczyk (3.4s)
✔ [3936/3942] Built LeanCert.Tactic.LeanCert.Router (8.3s)
✔ [3937/3942] Built LeanCert.Tactic.LeanCert (2.5s)
ℹ [3938/3942] Built NLA.Statements.KernelSmoke (3.1s)
info: NLA/Statements/KernelSmoke.lean:14:0: 'NLA.Statements.KernelSmoke.log_two_upper' depends on axioms: [propext, Classical.choice, Quot.sound]
✔ [3939/3942] Built NLA (2.7s)
ℹ [3941/3942] Built IdentitySolution (2.0s)
info: IdentitySolution.lean:88:0: 'NLA.Statements.ComparatorControl.log_two_upper' depends on axioms: [propext, Classical.choice, Quot.sound]
info: IdentitySolution.lean:89:0: 'NLA.Statements.ComparatorControl.identity_AV01' depends on axioms: [propext, Classical.choice, Quot.sound]
info: IdentitySolution.lean:90:0: 'NLA.Statements.ComparatorControl.identity_IE10' depends on axioms: [propext, Classical.choice, Quot.sound]
info: IdentitySolution.lean:91:0: 'NLA.Statements.ComparatorControl.identity_IE12' depends on axioms: [propext, Classical.choice, Quot.sound]
info: IdentitySolution.lean:92:0: 'NLA.Statements.ComparatorControl.identity_IE21' depends on axioms: [propext, Classical.choice, Quot.sound]
info: IdentitySolution.lean:93:0: 'NLA.Statements.ComparatorControl.identity_IE22' depends on axioms: [propext, Classical.choice, Quot.sound]
info: IdentitySolution.lean:94:0: 'NLA.Statements.ComparatorControl.identity_IV05' depends on axioms: [propext, Classical.choice, Quot.sound]
info: IdentitySolution.lean:95:0: 'NLA.Statements.ComparatorControl.identity_MD03' depends on axioms: [propext, Classical.choice, Quot.sound]
info: IdentitySolution.lean:96:0: 'NLA.Statements.ComparatorControl.identity_MD04' depends on axioms: [propext, Classical.choice, Quot.sound]
info: IdentitySolution.lean:97:0: 'NLA.Statements.ComparatorControl.identity_MF03' depends on axioms: [propext, Classical.choice, Quot.sound]
info: IdentitySolution.lean:98:0: 'NLA.Statements.ComparatorControl.identity_PF04' depends on axioms: [propext, Classical.choice, Quot.sound]
info: IdentitySolution.lean:99:0: 'NLA.Statements.ComparatorControl.identity_PF05' depends on axioms: [propext, Classical.choice, Quot.sound]
info: IdentitySolution.lean:100:0: 'NLA.Statements.ComparatorControl.identity_RA10' depends on axioms: [propext, Classical.choice, Quot.sound]
info: IdentitySolution.lean:101:0: 'NLA.Statements.ComparatorControl.identity_RA12' depends on axioms: [propext, Classical.choice, Quot.sound]
info: IdentitySolution.lean:102:0: 'NLA.Statements.ComparatorControl.identity_RA13' depends on axioms: [propext, Classical.choice, Quot.sound]
info: IdentitySolution.lean:103:0: 'NLA.Statements.ComparatorControl.identity_RA19' depends on axioms: [propext, Classical.choice, Quot.sound]
info: IdentitySolution.lean:104:0: 'NLA.Statements.ComparatorControl.identity_SP11' depends on axioms: [propext, Classical.choice, Quot.sound]
info: IdentitySolution.lean:105:0: 'NLA.Statements.ComparatorControl.identity_SP12' depends on axioms: [propext, Classical.choice, Quot.sound]
info: IdentitySolution.lean:106:0: 'NLA.Statements.ComparatorControl.identity_SP13' depends on axioms: [propext, Classical.choice, Quot.sound]
info: IdentitySolution.lean:107:0: 'NLA.Statements.ComparatorControl.identity_TR13' depends on axioms: [propext, Classical.choice, Quot.sound]
info: IdentitySolution.lean:108:0: 'NLA.Statements.ComparatorControl.identity_TR14' depends on axioms: [propext, Classical.choice, Quot.sound]
Build completed successfully (3942 jobs).
