'NLA.Statements.AV01.Target' depends on axioms: [propext, Classical.choice, Quot.sound]
'NLA.Statements.IE10.Target' depends on axioms: [propext, Classical.choice, Quot.sound]
'NLA.Statements.IE12.Target' depends on axioms: [propext, Classical.choice, Quot.sound]
'NLA.Statements.IE21.Target' depends on axioms: [propext, Classical.choice, Quot.sound]
'NLA.Statements.IE22.Target' depends on axioms: [propext, Classical.choice, Quot.sound]
'NLA.Statements.IV05.Target' depends on axioms: [propext, Classical.choice, Quot.sound]
'NLA.Statements.MD03.Target' depends on axioms: [propext, Classical.choice, Quot.sound]
'NLA.Statements.MD04.Target' depends on axioms: [propext, Classical.choice, Quot.sound]
'NLA.Statements.MF03.Target' depends on axioms: [propext, Classical.choice, Quot.sound]
'NLA.Statements.PF04.Target' depends on axioms: [propext, Classical.choice, Quot.sound]
'NLA.Statements.PF05.Target' depends on axioms: [propext, Classical.choice, Quot.sound]
'NLA.Statements.RA10.Target' depends on axioms: [propext, Classical.choice, Quot.sound]
'NLA.Statements.RA12.Target' depends on axioms: [propext, Classical.choice, Quot.sound]
'NLA.Statements.RA13.Target' depends on axioms: [propext, Classical.choice, Quot.sound]
'NLA.Statements.RA19.Target' depends on axioms: [propext, Classical.choice, Quot.sound]
'NLA.Statements.SP11.Target' depends on axioms: [propext, Classical.choice, Quot.sound]
'NLA.Statements.SP12.Target' depends on axioms: [propext, Classical.choice, Quot.sound]
'NLA.Statements.SP13.Target' depends on axioms: [propext, Classical.choice, Quot.sound]
'NLA.Statements.TR13.Target' depends on axioms: [propext, Classical.choice, Quot.sound]
'NLA.Statements.TR14.Target' depends on axioms: [propext, Classical.choice, Quot.sound]
