{
  "phase": "IE22 independent final fidelity completion evidence audit",
  "reviewer": "/root/ie22_final_fidelity",
  "AI_agent": true,
  "nonauthor_of_IE22_boundary_proofs_packaging_and_linux_execution": true,
  "timestamp_utc": "2026-09-22T22:31:30.900914+00:00",
  "publication_input_commit": "c45f9ccef20a2fa5cc4b988e93d4173dab853362",
  "guest_verification_commit": "3ee64b33ae1c626b3c7ffa1c4e561b6055623bb9",
  "run": "verify-20260922T221554Z-991",
  "all_checks_pass": true,
  "check_count": 3567,
  "evidence_manifest_sha256": "a26606cc445414a8532aa1337ca5df6d0cb047dd1b42e416afed9fd8cac2a9e7",
  "operator_report_sha256": "5e7854c7ce6801da27aa87648fa0209adfaec427fcbef69b0ec9c89a3fb8c0cf",
  "evidence_files": 455,
  "input_files": 394,
  "frozen_core_files": 57,
  "fresh_modules": 47,
  "selected_declarations": 20,
  "archive_member_counts": {
    "input.tar": 394,
    "verification-evidence.tar.gz": 431
  },
  "sha256": {
    "audit_evidence.py": "1cf824a4c3d44965505ec92c9a3811c28c51465eb3a6715c42b51cc4cf4939cb",
    "input.tar": "eb5dc854bca9aa8025c0db4af0f3e0538ffba4d262b68dcaf08616dbb62d6931",
    "verification-evidence.tar.gz": "88b84a1785e98114095ab9f74e2ecc4ad6f875f3a812ca6f197c93d62fef04b2",
    "successful-verification/result.json": "a697f0e7b2c974bab5e9fc119622eda25b16d2d694560e600729dd8a3112b2d5",
    "successful-verification/comparator.log": "723927d41cd514bd4a9ae73270350fc94dd7d9617f1d6f6cfeb039f486f95fb1",
    "bootstrap.json": "779bba2512e33e9faf8f36a33beb672e8d32063a6fcbcf923ba81e100253ce39",
    "dependency-evidence/dependency-receipt.json": "b7b19bc9325a1b511077f6a367043f7abed2e3026c5719a7765c000ffa6c8020"
  },
  "vm_cleanup_receipt_sha256": "09213d8441f7b22fa8c57ad4b79c1b0516d3d5ddcaf1eb875361ace7d0b23e90",
  "reviewer_correction": "Initial additive completion-audit.py assumed the local cached LeanCert directory retained .git; git exit128 preserved in completion-audit.log. Corrected reviewer audit uses local cache byte equality and the authenticated actual Linux Git observer for Git provenance. No source, controls, or evidence changed.",
  "limitations": [
    "Reviewed actual operator Linux evidence; did not personally rerun Linux verifier",
    "Upstream dependency oleans came from retained Mathlib cache; all47 project modules freshly built",
    "Temporary Comparator raw streams not retained; no raw stream digest or replay-from-archive claim",
    "Bootstrap binaries authenticated by runtime receipt, not rebuilt by this reviewer",
    "Publication metadata and PR diff remain separate gate"
  ]
}
