linear-systems-and-elimination/IE-22/lean/NLA/IE22/GaussianPoincareHinge.lean:247: new blank line at EOF.
linear-systems-and-elimination/IE-22/lean/reviews/complete-author-evidence/ExactTypesAndAxioms.lean:179: new blank line at EOF.
linear-systems-and-elimination/IE-22/lean/reviews/gaussian-poincare-author-evidence/header-correction/exact.diff:5: trailing whitespace.
+ 
linear-systems-and-elimination/IE-22/lean/reviews/gaussian-poincare-author-evidence/hinge-iteration-2.log:5: trailing whitespace.
+  
linear-systems-and-elimination/IE-22/lean/reviews/gaussian-poincare-author-evidence/hinge-iteration-2.log:7: trailing whitespace.
+    
linear-systems-and-elimination/IE-22/lean/reviews/gaussian-poincare-author-evidence/iteration-2.log:7: trailing whitespace.
+  
linear-systems-and-elimination/IE-22/lean/reviews/gaussian-poincare-author-evidence/iteration-2.log:9: trailing whitespace.
+    
linear-systems-and-elimination/IE-22/lean/reviews/gaussian-poincare-author-evidence/iteration-2.log:13: trailing whitespace.
+  
linear-systems-and-elimination/IE-22/lean/reviews/gaussian-poincare-author-evidence/iteration-2.log:15: trailing whitespace.
+    
linear-systems-and-elimination/IE-22/lean/reviews/publication/check-7.log:3: trailing whitespace.
++**Status:** Lean verified  
linear-systems-and-elimination/IE-22/lean/reviews/root-proof-evidence/ExactSixTypesAndAxioms.lean:58: new blank line at EOF.
linear-systems-and-elimination/IE-22/lean/reviews/root-proof-evidence/ExactSphericalTypesAndAxioms.lean:28: new blank line at EOF.
linear-systems-and-elimination/IE-22/lean/reviews/root-proof-evidence/schedule-5.log:12: trailing whitespace.
+  
linear-systems-and-elimination/IE-22/lean/reviews/root-proof-evidence/schedule-5.log:14: trailing whitespace.
+    
linear-systems-and-elimination/IE-22/lean/reviews/root-proof-evidence/schedule-5.log:18: trailing whitespace.
+  
linear-systems-and-elimination/IE-22/lean/reviews/root-proof-evidence/schedule-5.log:20: trailing whitespace.
+    
linear-systems-and-elimination/IE-22/lean/reviews/root-proof-evidence/schedule-6.log:12: trailing whitespace.
+  
linear-systems-and-elimination/IE-22/lean/reviews/root-proof-evidence/schedule-6.log:14: trailing whitespace.
+    
linear-systems-and-elimination/IE-22/lean/reviews/root-proof-evidence/schedule-6.log:18: trailing whitespace.
+  
linear-systems-and-elimination/IE-22/lean/reviews/root-proof-evidence/schedule-6.log:20: trailing whitespace.
+    
linear-systems-and-elimination/IE-22/lean/reviews/trimming-threshold-author-evidence/event-4.log:40: trailing whitespace.
+  
linear-systems-and-elimination/IE-22/lean/reviews/trimming-threshold-author-evidence/event-4.log:42: trailing whitespace.
+    
linear-systems-and-elimination/IE-22/lean/verification/linux/source/NLA/IE22/GaussianPoincareHinge.lean:247: new blank line at EOF.
linear-systems-and-elimination/IE-22/lean/verification/linux/source/reviews/complete-author-evidence/ExactTypesAndAxioms.lean:179: new blank line at EOF.
linear-systems-and-elimination/IE-22/lean/verification/linux/source/reviews/gaussian-poincare-author-evidence/header-correction/exact.diff:5: trailing whitespace.
+ 
linear-systems-and-elimination/IE-22/lean/verification/linux/source/reviews/gaussian-poincare-author-evidence/hinge-iteration-2.log:5: trailing whitespace.
+  
linear-systems-and-elimination/IE-22/lean/verification/linux/source/reviews/gaussian-poincare-author-evidence/hinge-iteration-2.log:7: trailing whitespace.
+    
linear-systems-and-elimination/IE-22/lean/verification/linux/source/reviews/gaussian-poincare-author-evidence/iteration-2.log:7: trailing whitespace.
+  
linear-systems-and-elimination/IE-22/lean/verification/linux/source/reviews/gaussian-poincare-author-evidence/iteration-2.log:9: trailing whitespace.
+    
linear-systems-and-elimination/IE-22/lean/verification/linux/source/reviews/gaussian-poincare-author-evidence/iteration-2.log:13: trailing whitespace.
+  
linear-systems-and-elimination/IE-22/lean/verification/linux/source/reviews/gaussian-poincare-author-evidence/iteration-2.log:15: trailing whitespace.
+    
linear-systems-and-elimination/IE-22/lean/verification/linux/source/reviews/root-proof-evidence/ExactSixTypesAndAxioms.lean:58: new blank line at EOF.
linear-systems-and-elimination/IE-22/lean/verification/linux/source/reviews/root-proof-evidence/ExactSphericalTypesAndAxioms.lean:28: new blank line at EOF.
linear-systems-and-elimination/IE-22/lean/verification/linux/source/reviews/root-proof-evidence/schedule-5.log:12: trailing whitespace.
+  
linear-systems-and-elimination/IE-22/lean/verification/linux/source/reviews/root-proof-evidence/schedule-5.log:14: trailing whitespace.
+    
linear-systems-and-elimination/IE-22/lean/verification/linux/source/reviews/root-proof-evidence/schedule-5.log:18: trailing whitespace.
+  
linear-systems-and-elimination/IE-22/lean/verification/linux/source/reviews/root-proof-evidence/schedule-5.log:20: trailing whitespace.
+    
linear-systems-and-elimination/IE-22/lean/verification/linux/source/reviews/root-proof-evidence/schedule-6.log:12: trailing whitespace.
+  
linear-systems-and-elimination/IE-22/lean/verification/linux/source/reviews/root-proof-evidence/schedule-6.log:14: trailing whitespace.
+    
linear-systems-and-elimination/IE-22/lean/verification/linux/source/reviews/root-proof-evidence/schedule-6.log:18: trailing whitespace.
+  
linear-systems-and-elimination/IE-22/lean/verification/linux/source/reviews/root-proof-evidence/schedule-6.log:20: trailing whitespace.
+    
linear-systems-and-elimination/IE-22/lean/verification/linux/source/reviews/trimming-threshold-author-evidence/event-4.log:40: trailing whitespace.
+  
linear-systems-and-elimination/IE-22/lean/verification/linux/source/reviews/trimming-threshold-author-evidence/event-4.log:42: trailing whitespace.
+    
