{
  "reviewer": "/root/ie22_final_fidelity",
  "AI_agent": true,
  "independent_nonauthor": true,
  "timestamp_utc": "2026-09-22T22:53:58.056213+00:00",
  "candidate_commit": "bbc8a4ce709582095317efb16a5acc48cb7455c3",
  "base_commit": "19d9f19bd2b779caf5f3b40540e9a303a1226a5c",
  "verified_source_commit": "c45f9ccef20a2fa5cc4b988e93d4173dab853362",
  "result": "PASS",
  "reviewer_correction": "Initial audit assumed all full-range whitespace diagnostics occurred only in reviews/verification. It also includes the authenticated frozen GaussianPoincareHinge.lean EOF blank line. Initial failure preserved; corrected audit verifies that frozen source is unchanged. No source/evidence edits.",
  "canonical_original_reconstructed_exactly": true,
  "resolved_only_additive_notice": true,
  "original_manuscript_unchanged": true,
  "registry_ids_unchanged": 217,
  "other_canonical_pages_unchanged": 216,
  "canonical_status_counts": {
    "Solved": 40,
    "Open": 41,
    "Partially resolved": 70,
    "Lean verified": 66
  },
  "frozen_mathematical_core_files_unchanged": 55,
  "all392_nondocumentation_original_inputs_unchanged": true,
  "only_changed_verified_input_files": [
    "README.md",
    "formalization.yaml"
  ],
  "all455_frozen_linux_evidence_files_unchanged": true,
  "metadata_v04_all20_complete_targets_match": true,
  "exact_george_affiliation_no_contact_email_preserved_colbrook": true,
  "pdf_sha256": "0b58c390d68651b738a9af42dff4841bd20bf5b167a8c0279d787245ddd0a216",
  "pdf_pages": 3,
  "independent_96dpi_pdf_render_images": {
    "page-1.png": "f1167305626a81d1bb5374e8cac3f38a43200b43affdacc19c552880d4c6d3ea",
    "page-3.png": "2ccb300f3d9ea5772f5b0be5d4a1495352281dbe1c8eff994d1ecb0fd6979fdf",
    "page-2.png": "1247c2a69aea280a155bfadc9b60870fad1fcbbd95d9efaa47f63a7fe5bb3a0b"
  },
  "independent_visual_review": "All three independently rerendered pages read; no clipping, overlap, lost symbols or missing original statement/history found.",
  "full_range_diff_check_exit": 2,
  "full_range_whitespace_log_sha256": "70eb1018daeb5fed6714d729c66093cdf18ac953e0c9993e9634b6c6b2bbede1",
  "publication_documentation_diff_check_exit": 0
}
