$ lake exe cache get
✔ [1/5] Built Cache.Cli (126ms)
✔ [2/5] Built Cache.Lean (143ms)
✔ [6/26] Built Cache.Cli:c.o (129ms)
✔ [7/26] Built Cache.Lean:c.o (134ms)
✔ [8/26] Built Cache.Infra (191ms)
✔ [9/26] Built Cache.Infra:c.o (68ms)
✔ [10/26] Built Batteries.Tactic.OpenPrivate (377ms)
✔ [11/26] Built Batteries.Tactic.OpenPrivate:c.o (471ms)
✔ [12/26] Built Cache.IO (519ms)
✔ [13/26] Built Cache.Hashing (307ms)
✔ [14/26] Built Cache.Hashing:c.o (174ms)
✔ [15/26] Built Cache.IO:c.o (648ms)
✔ [16/26] Built Cache.Requests (737ms)
✔ [17/26] Built Cache.Marker (223ms)
✔ [18/26] Built Cache.Marker:c.o (45ms)
✔ [19/26] Built Cache.Query (263ms)
✔ [20/26] Built Cache.Query:c.o (130ms)
✔ [21/26] Built Cache.Warning (286ms)
✔ [22/26] Built Cache.Warning:c.o (113ms)
✔ [23/26] Built Cache.Requests:c.o (1.2s)
✔ [24/26] Built Cache.Main (443ms)
✔ [25/26] Built Cache.Main:c.o (358ms)
✔ [26/26] Built cache:exe (332ms)
Current branch: HEAD
Using cache from origin: (some leanprover-community/mathlib4)
Decompressing 8689 already-cached file(s) (1 already decompressed)
No files to download
Decompressed 8689 already-cached file(s)
Completed successfully in 14328 ms!

EXIT_STATUS=0
