PASS Ryser witnesses u1 1
PASS Ryser witnesses o1 1
PASS Ryser witnesses u2 2
PASS Ryser witnesses o2 2
PASS Ryser witnesses u3 2
PASS Ryser witnesses o3 2
PASS Ryser witnesses u4 5
PASS Ryser witnesses o4 5
PASS Ryser witnesses u5 8
PASS Ryser witnesses o5 8
PASS Ryser witnesses u6 16
PASS Ryser witnesses o6 16
PASS Ryser witnesses u7 36
PASS Ryser witnesses o7 36
PASS Ryser witnesses u8 158
PASS Ryser witnesses o8 158
PASS Ryser witnesses u9 506
PASS Ryser witnesses o9 506
PASS Ryser witnesses u10 1933
PASS Ryser witnesses o10 1933
PASS Ryser witnesses c8 158
PASS Ryser witnesses f7 36
PASS unreduced normalized exhaustive spectrum 1
PASS unreduced normalized exhaustive spectrum 2
PASS unreduced normalized exhaustive spectrum 3
PASS unreduced normalized exhaustive spectrum 4
PASS unreduced normalized exhaustive spectrum 5
ALL INDEPENDENT CHECKS PASS {"algorithm": "exact integer Ryser Gray-code inclusion-exclusion", "witness_catalogs": [{"name": "u1", "count": 1}, {"name": "o1", "count": 1}, {"name": "u2", "count": 2}, {"name": "o2", "count": 2}, {"name": "u3", "count": 2}, {"name": "o3", "count": 2}, {"name": "u4", "count": 5}, {"name": "o4", "count": 5}, {"name": "u5", "count": 8}, {"name": "o5", "count": 8}, {"name": "u6", "count": 16}, {"name": "o6", "count": 16}, {"name": "u7", "count": 36}, {"name": "o7", "count": 36}, {"name": "u8", "count": 158}, {"name": "o8", "count": 158}, {"name": "u9", "count": 506}, {"name": "o9", "count": 506}, {"name": "u10", "count": 1933}, {"name": "o10", "count": 1933}, {"name": "c8", "count": 158}, {"name": "f7", "count": 36}], "all_witnesses": 5528, "independent_exhaustive_normalized_spectra": [{"n": 1, "matrices": 1, "absolute_values": [1], "every_matrix_direct_permutation_checked": true}, {"n": 2, "matrices": 2, "absolute_values": [0, 2], "every_matrix_direct_permutation_checked": true}, {"n": 3, "matrices": 16, "absolute_values": [2, 6], "every_matrix_direct_permutation_checked": true}, {"n": 4, "matrices": 512, "absolute_values": [0, 4, 8, 12, 24], "every_matrix_direct_permutation_checked": true}, {"n": 5, "matrices": 65536, "absolute_values": [0, 8, 16, 24, 32, 48, 72, 120], "every_matrix_direct_permutation_checked": false}], "full_verifier_crosschecks": 144, "negative_permanent_crosschecks": 55, "wrong_claim_rejections": 288, "malformed_input_rejections": 6, "small_ac11_Ryser": [1, 2, 3, 4, 5, 6, 7, 8, 9, 10, 11, 12, 13, 14], "seconds": 5.133243791991845}
