Author development-only macOS typecheck; cached dependencies, no kernel/Comparator completion claim.
Lean (version 4.33.1, arm64-apple-darwin24.6.0, commit 819816b2e0a3bf405af45ae5c7af2491d8f5bee6, Release)
COMMAND: /private/tmp/nla-campaign-toolchain/lean-4.33.1-darwin_aarch64/bin/lean -o /private/tmp/nla-ie21-spherical-author-final-build/NLA/IE21/Definitions.olean NLA/IE21/Definitions.lean
EXIT: 0
COMMAND: /private/tmp/nla-campaign-toolchain/lean-4.33.1-darwin_aarch64/bin/lean -o /private/tmp/nla-ie21-spherical-author-final-build/NLA/IE21/SphericalLaw.olean NLA/IE21/SphericalLaw.lean
EXIT: 0
COMMAND: /private/tmp/nla-campaign-toolchain/lean-4.33.1-darwin_aarch64/bin/lean -o /private/tmp/nla-ie21-spherical-author-final-build/NLA/IE21/RowLaw.olean NLA/IE21/RowLaw.lean
EXIT: 0
COMMAND: /private/tmp/nla-campaign-toolchain/lean-4.33.1-darwin_aarch64/bin/lean -o /private/tmp/nla-ie21-spherical-author-final-build/NLA/IE21/GaussianPolar.olean NLA/IE21/GaussianPolar.lean
EXIT: 0
COMMAND: /private/tmp/nla-campaign-toolchain/lean-4.33.1-darwin_aarch64/bin/lean -o /private/tmp/nla-ie21-spherical-author-final-build/NLA/IE21/GaussianMoments.olean NLA/IE21/GaussianMoments.lean
EXIT: 0
COMMAND: /private/tmp/nla-campaign-toolchain/lean-4.33.1-darwin_aarch64/bin/lean -o /private/tmp/nla-ie21-spherical-author-final-build/NLA/IE21/SphericalMoments.olean NLA/IE21/SphericalMoments.lean
EXIT: 0
COMMAND: /private/tmp/nla-campaign-toolchain/lean-4.33.1-darwin_aarch64/bin/lean -o /private/tmp/nla-ie21-spherical-author-final-build/NLA/IE21/SphericalMGF.olean NLA/IE21/SphericalMGF.lean
EXIT: 0
COMMAND: /private/tmp/nla-campaign-toolchain/lean-4.33.1-darwin_aarch64/bin/lean -o /private/tmp/nla-ie21-spherical-author-final-build/reviews/spherical-law-author-evidence/CompleteSphericalAudit.olean reviews/spherical-law-author-evidence/CompleteSphericalAudit.lean
'NLA.IE21.surface_probability' depends on axioms: [propext, Classical.choice, Quot.sound]
'NLA.IE21.gaussian_surface_correspondence' depends on axioms: [propext, Classical.choice, Quot.sound]
'NLA.IE21.product_row_semantics' depends on axioms: [propext, Classical.choice, Quot.sound]
'NLA.IE21.independent_row_transport' depends on axioms: [propext, Classical.choice, Quot.sound]
'NLA.IE21.spherical_moments' depends on axioms: [propext, Classical.choice, Quot.sound]
'NLA.IE21.spherical_quadratic_mgf' depends on axioms: [propext, Classical.choice, Quot.sound]
'NLA.IE21.centered_directionalEnergy_moment_bound' depends on axioms: [propext, Classical.choice, Quot.sound]
'NLA.IE21.integral_exp_series_of_bounded' depends on axioms: [propext, Classical.choice, Quot.sound]
EXIT: 0
