Author development-only macOS typecheck; cached dependencies, no kernel/Comparator completion claim.
Lean (version 4.33.1, arm64-apple-darwin24.6.0, commit 819816b2e0a3bf405af45ae5c7af2491d8f5bee6, Release)
COMMAND: /private/tmp/nla-campaign-toolchain/lean-4.33.1-darwin_aarch64/bin/lean -o /private/tmp/nla-ie21-spherical-author-build/NLA/IE21/GaussianPolar.olean NLA/IE21/GaussianPolar.lean
NLA/IE21/GaussianPolar.lean:23:31: error(lean.unknownIdentifier): Unknown constant `MeasureTheory.Measure.withDensity_apply`
NLA/IE21/GaussianPolar.lean:21:63: error: unsolved goals
α : Type u_1
β : Type u_2
inst✝¹ : MeasurableSpace α
inst✝ : MeasurableSpace β
μ : Measure α
f : α → β
hf : Measurable f
w : β → ℝ≥0∞
hw : Measurable w
s : Set β
hs : MeasurableSet s
⊢ (μ.withDensity (w ∘ f)) (f ⁻¹' s) = ((Measure.map f μ).withDensity w) s
NLA/IE21/GaussianPolar.lean:33:6: error(lean.unknownIdentifier): Unknown constant `MeasureTheory.Measure.withDensity_apply`
NLA/IE21/GaussianPolar.lean:30:70: error: unsolved goals
n : ℕ
s : Fin n → Set ℝ
hs : ∀ (i : Fin n), MeasurableSet (s i)
⊢ (ℙ.withDensity fun x => ENNReal.ofReal (∏ i, gaussianPDFReal 0 1 (x i))) (univ.pi s) = ∏ i, (gaussianReal 0 1) (s i)
NLA/IE21/GaussianPolar.lean:64:4: error(lean.unknownIdentifier): Unknown constant `WithLp.toLp_apply`
EXIT: 1
