IE22 author local cached development build only; unchanged verified IE21 source hashes checked. No authoritative Linux verification claim.
COMMAND ["/private/tmp/nla-campaign-toolchain/lean-4.33.1-darwin_aarch64/bin/lean", "-o", "/private/tmp/nla-ie22-threshold-mean-author-build/NLA/IE22/ProjectionEvent.olean", "NLA/IE22/ProjectionEvent.lean"]
NLA/IE22/ProjectionEvent.lean:34:2: error: linarith failed to find a contradiction
Ω : Type u_1
inst✝¹ : MeasurableSpace Ω
μ : Measure Ω
inst✝ : IsFiniteMeasure μ
X : Ω → ℝ
hX : MemLp X 2 μ
a ε : ℝ
hε : 0 < ε
ha : ∫ (w : Ω), X w ∂μ ≤ a
ω : Ω
hω : a + ε < X ω
hh : X ω - ∫ (w : Ω), X w ∂μ ≤ |X ω - ∫ (w : Ω), X w ∂μ|
⊢ False
failed
NLA/IE22/ProjectionEvent.lean:54:4: error: linarith failed to find a contradiction
d : ℕ
hd : 1 ≤ d
δ : ℝ
hδ : 0 < δ
hdpos : 0 < ↑d
hd0 : ↑d ≠ 0
hδ0 : δ ≠ 0
hi : MemLp (fun g => ‖g‖ ^ 2) 2 (stdGaussian (Space d))
hv : Var[fun g => ‖g‖ ^ 2; stdGaussian (Space d)] = 2 * ↑d
g : Space d
hg : ‖g‖ ^ 2 < (1 - δ) * ↑d
hh : -(‖g‖ ^ 2 - ↑d) ≤ |‖g‖ ^ 2 - ↑d|
⊢ False
failed
EXIT 1
