IE22 author local cached development build only; unchanged verified IE21 source hashes checked. No authoritative Linux verification claim.
COMMAND ["/private/tmp/nla-campaign-toolchain/lean-4.33.1-darwin_aarch64/bin/lean", "-o", "/private/tmp/nla-ie22-threshold-mean-author-build/NLA/IE22/GaussianMean.olean", "NLA/IE22/GaussianMean.lean"]
NLA/IE22/GaussianMean.lean:57:33: warning: `MeasureTheory.integrable_finset_sum` has been deprecated: Use `MeasureTheory.integrable_finsetSum` instead
NLA/IE22/GaussianMean.lean:65:80: warning: `MeasureTheory.integral_finset_sum` has been deprecated: Use `MeasureTheory.integral_finsetSum` instead
NLA/IE22/GaussianMean.lean:65:80: error: Tactic `rewrite` failed: Did not find an occurrence of the pattern
  ∫ (a : Space d), ∑ i ∈ ?m.393, max (t - ((matrixMap B) a).ofLp i ^ 2) 0 ∂stdGaussian (Space d)
in the target expression
  ↑(retainedRows θ m) / ↑m * ∫ (a : Space d), t ∂stdGaussian (Space d) -
      ∫ (a : Space d), 1 / ↑m * ∑ i, max (t - ((matrixMap B) a).ofLp i ^ 2) 0 ∂stdGaussian (Space d) =
    ↑(retainedRows θ m) / ↑m * t -
      1 / ↑m * ∑ i, ∫ (g : Space d), max (t - ((matrixMap B) g).ofLp i ^ 2) 0 ∂stdGaussian (Space d)

θ : ℝ
hθ : 0 < θ ∧ θ < 1
m d : ℕ
hm : 1 ≤ m
hd : 1 ≤ d
B : Mat m d
hB : ∀ (i : Fin m), ‖matrixRow B i‖ ≤ 1
t : ℝ
ht : 0 ≤ t
hmpos : 0 < ↑m
hm0 : ↑m ≠ 0
hi : ∀ (i : Fin m), Integrable (fun g => max (t - ((matrixMap B) g).ofLp i ^ 2) 0) (stdGaussian (Space d))
hsum : Integrable (fun g => ∑ i, max (t - ((matrixMap B) g).ofLp i ^ 2) 0) (stdGaussian (Space d))
hobj : Integrable (projectedObjective θ B t) (stdGaussian (Space d))
⊢ ↑(retainedRows θ m) / ↑m * ∫ (a : Space d), t ∂stdGaussian (Space d) -
      ∫ (a : Space d), 1 / ↑m * ∑ i, max (t - ((matrixMap B) a).ofLp i ^ 2) 0 ∂stdGaussian (Space d) =
    ↑(retainedRows θ m) / ↑m * t -
      1 / ↑m * ∑ i, ∫ (g : Space d), max (t - ((matrixMap B) g).ofLp i ^ 2) 0 ∂stdGaussian (Space d)
EXIT 1
