NLA/MI27/PencilScalar.lean:44:4: warning: Used `tac1 <;> tac2` where `(tac1; tac2)` would suffice

Note: This linter can be disabled with `set_option linter.unnecessarySeqFocus false`
NLA/MI27/PencilScalar.lean:57:4: warning: Used `tac1 <;> tac2` where `(tac1; tac2)` would suffice

Note: This linter can be disabled with `set_option linter.unnecessarySeqFocus false`
NLA/MI27/PencilScalar.lean:107:10: warning: this tactic is never executed

Note: This linter can be disabled with `set_option linter.unreachableTactic false`
NLA/MI27/PencilScalar.lean:107:10: warning: Unused tactic linter: `ring` does nothing

Note: This linter can be disabled with `set_option linter.unusedTactic false`
NLA/MI27/PencilScalar.lean:141:8: warning: this tactic is never executed

Note: This linter can be disabled with `set_option linter.unreachableTactic false`
NLA/MI27/PencilScalar.lean:138:6: warning: Used `tac1 <;> tac2` where `(tac1; tac2)` would suffice

Note: This linter can be disabled with `set_option linter.unnecessarySeqFocus false`
NLA/MI27/PencilScalar.lean:144:4: warning: Used `tac1 <;> tac2` where `(tac1; tac2)` would suffice

Note: This linter can be disabled with `set_option linter.unnecessarySeqFocus false`
NLA/MI27/PencilScalar.lean:141:8: warning: Unused tactic linter: `ring` does nothing

Note: This linter can be disabled with `set_option linter.unusedTactic false`
NLA/MI27/PencilScalar.lean:158:21: warning: This simp argument is unused:
  and_self

Hint: Omit it from the simp argument list.
  [apply] simp only [mul_zero, add_zero, if_neg hnot, Real.log_one, zero_div, sub_zero, integral_zero]

Note: This linter can be disabled with `set_option linter.unusedSimpArgs false`
NLA/MI27/PencilScalar.lean:160:86: warning: this tactic is never executed

Note: This linter can be disabled with `set_option linter.unreachableTactic false`
NLA/MI27/PencilScalar.lean:160:86: warning: Unused tactic linter: `rfl` does nothing

Note: This linter can be disabled with `set_option linter.unusedTactic false`
'NLA.MI27.c11_pencilWeight_nonneg' depends on axioms: [propext, Classical.choice, Quot.sound]
'NLA.MI27.c11_hasDerivAt_pencilPrimitive' depends on axioms: [propext, Classical.choice, Quot.sound]
'NLA.MI27.c11_tendsto_pencilPrimitive' depends on axioms: [propext, Classical.choice, Quot.sound]
'NLA.MI27.c11_pencilWeight_integral_positive_tail' depends on axioms: [propext, Classical.choice, Quot.sound]
'NLA.MI27.c11_pencilWeight_integral_negative_tail' depends on axioms: [propext, Classical.choice, Quot.sound]
'NLA.MI27.c11_pencilPrimitive_at_threshold' depends on axioms: [propext, Classical.choice, Quot.sound]
'NLA.MI27.c11_scalar_pencil_count_integral' depends on axioms: [propext, Classical.choice, Quot.sound]
