NLA/MI27/PencilTraceLogBasic.lean:87:2: warning: Try this: 
  letI̵

The goal is a proposition, so `let` is preferred over `letI`.
The difference between `let` and `letI` is that `letI` inlines the value.
But this is not relevant for proofs because of proof irrelevance.

Note: This linter can be disabled with `set_option linter.style.haveILetI false`
NLA/MI27/PencilTraceLogBasic.lean:88:2: warning: Try this: 
  letI̵

The goal is a proposition, so `let` is preferred over `letI`.
The difference between `let` and `letI` is that `letI` inlines the value.
But this is not relevant for proofs because of proof irrelevance.

Note: This linter can be disabled with `set_option linter.style.haveILetI false`
NLA/MI27/PencilTraceLogBasic.lean:90:2: warning: Try this: 
  letI̵

The goal is a proposition, so `let` is preferred over `letI`.
The difference between `let` and `letI` is that `letI` inlines the value.
But this is not relevant for proofs because of proof irrelevance.

Note: This linter can be disabled with `set_option linter.style.haveILetI false`
NLA/MI27/PencilTraceLogBasic.lean:85:5: warning: Variable name `hB` is not explicitly referenced.

Hint: The binding can be removed (if unused) or named `_` (if used implicitly). Alternatively, prefix the name with `_` to silence this warning:
  [apply] _hB

Note: This linter can be disabled with `set_option linter.unusedVariables false`
'NLA.MI27.c11_identityShift_posDef' depends on axioms: [propext, Classical.choice, Quot.sound]
'NLA.MI27.c11_inv_eq_cfc' depends on axioms: [propext, Classical.choice, Quot.sound]
'NLA.MI27.c11_trR_log_eq_log_det' depends on axioms: [propext, Classical.choice, Quot.sound]
'NLA.MI27.c11_trR_log_normalized_congruence' depends on axioms: [propext, Classical.choice, Quot.sound]
'NLA.MI27.c11_trR_congruence_mul_inv' depends on axioms: [propext, Classical.choice, Quot.sound]
