$ systemd-run --user --quiet --wait --pipe --collect -p 'RestrictAddressFamilies=~AF_UNIX' --working-directory /tmp/mf17-nla-tools/.verification-tmp/nla-fresh-proof-3cro2khf/project /usr/bin/env -i PATH=/tmp/mf17-lean/bin:/tmp/mf17-lean/bin:/usr/bin:/bin XDG_RUNTIME_DIR=/run/user/1000 DBUS_SESSION_BUS_ADDRESS=unix:path=/run/user/1000/bus GIT_TERMINAL_PROMPT=0 GIT_CONFIG_NOSYSTEM=1 GIT_CONFIG_GLOBAL=/dev/null COMPARATOR_BIN=/tmp/mf17-nla-tools/.tools/comparator/.lake/build/bin/comparator COMPARATOR_LEAN4EXPORT=/tmp/mf17-nla-tools/.tools/lean4export/.lake/build/bin/lean4export COMPARATOR_LANDRUN=/tmp/mf17-nla-tools/scripts/strict_landrun.py XDG_CACHE_HOME=/tmp/mf17-nla-tools/.tools/cache TMPDIR=/tmp/mf17-nla-tools/.verification-tmp lake env /tmp/mf17-nla-tools/.tools/comparator/.lake/build/bin/comparator comparator.json
Building Challenge
✔ [8706/8708] Built ProofProject.Definitions (11s)
⚠ [8707/8708] Built Challenge (3.0s)
warning: Challenge.lean:10:8: declaration uses `sorry`
warning: Challenge.lean:15:8: declaration uses `sorry`
warning: Challenge.lean:19:8: declaration uses `sorry`
warning: Challenge.lean:26:8: declaration uses `sorry`
warning: Challenge.lean:32:8: declaration uses `sorry`
Build completed successfully (8708 jobs).
Exporting #[Quot, Quot.mk, Quot.lift, Quot.ind, ProofProject.stableSemigroup_hasGeneratorInverse, ProofProject.attainableNorms_bddAbove, ProofProject.sharp_growth, ProofProject.finite_dimensional_lower, ProofProject.contractive_envelope, propext, Classical.choice, Quot.sound, Nat.add, Nat.sub, Nat.mul, Nat.pow, Nat.gcd, Nat.div, Nat.mod, Nat.beq, Nat.ble, Nat.land, Nat.lor, Nat.xor, Nat.shiftLeft, Nat.shiftRight, String.ofList, Char.ofNat, List, eagerReduce, Nat, String, String.mk, Char, optParam, autoParam, semiOutParam, outParam] from Challenge
Building Solution
✔ [8705/8846] Built ProofProject.CosineMargin (2.9s)
✔ [8706/8846] Built ProofProject.FiniteCircleParseval (3.0s)
⚠ [8707/8846] Built ProofProject.DiskSector (3.9s)
warning: ProofProject/DiskSector.lean:29:47: Variable name `hw` is not explicitly referenced.

Hint: The binding can be removed (if unused) or named `_` (if used implicitly). Alternatively, prefix the name with `_` to silence this warning:
  [apply] _hw

Note: This linter can be disabled with `set_option linter.unusedVariables false`
⚠ [8708/8846] Built ProofProject.ReciprocalPolynomialApproximation (4.3s)
warning: ProofProject/ReciprocalPolynomialApproximation.lean:36:2: try 'simp' instead of 'simpa'

Note: This linter can be disabled with `set_option linter.unnecessarySimpa false`
✔ [8709/8846] Built ProofProject.CStarSqrtSeparation (5.6s)
✔ [8710/8846] Built ProofProject.ProjectionAngle (5.8s)
✔ [8711/8846] Built ProofProject.HalfPlaneRadial (6.0s)
⚠ [8712/8846] Built ProofProject.HilbertFourier (8.7s)
warning: ProofProject/HilbertFourier.lean:81:8: automatically included section variable(s) unused in theorem `_private.ProofProject.HilbertFourier.0.ProofProject.norm_toLp_sq_eq_integral`:
  [CompleteSpace H]
consider restructuring your `variable` declarations so that the variables are not in scope or explicitly omit them:
  omit [CompleteSpace H] in theorem ...

Note: This linter can be disabled with `set_option linter.unusedSectionVars false`
✔ [8713/8846] Built ProofProject.OperatorPolarRange (9.1s)
✔ [8714/8846] Built ProofProject.AnalyticSector (11s)
✔ [8715/8846] Built ProofProject.PolynomialRadialMaximum (13s)
⚠ [8717/8847] Built ProofProject.SchurData (13s)
warning: ProofProject/SchurData.lean:41:33: Used `tac1 <;> tac2` where `(tac1; tac2)` would suffice

Note: This linter can be disabled with `set_option linter.unnecessarySeqFocus false`
✔ [8718/8847] Built ProofProject.SchurFraction (13s)
✔ [8719/8847] Built ProofProject.CirclePolynomialDefs (15s)
✔ [8720/8847] Built ProofProject.WeightedCauchySchwarz (14s)
✔ [8721/8847] Built ProofProject.SourceWeightFactor (16s)
✔ [8722/8847] Built ProofProject.DirichletKernel (15s)
✔ [8723/8847] Built ProofProject.PowerIntegralBounds (16s)
✔ [8724/8847] Built ProofProject.ReplicationDeficit (16s)
✔ [8725/8847] Built ProofProject.SeparatedIntegers (13s)
✔ [8726/8847] Built ProofProject.ScalarEigenvalues (13s)
✔ [8727/8847] Built ProofProject.BalancedOperatorFactors (11s)
⚠ [8728/8847] Built ProofProject.IntervalOperatorIntegral (12s)
warning: ProofProject/IntervalOperatorIntegral.lean:28:0: automatically included section variable(s) unused in theorem `ProofProject.intervalOperatorIntegral_integrable`:
  [CompleteSpace H]
consider restructuring your `variable` declarations so that the variables are not in scope or explicitly omit them:
  omit [CompleteSpace H] in theorem ...

Note: This linter can be disabled with `set_option linter.unusedSectionVars false`
warning: ProofProject/IntervalOperatorIntegral.lean:36:0: automatically included section variable(s) unused in theorem `ProofProject.norm_intervalOperatorIntegral_apply_le`:
  [CompleteSpace H]
consider restructuring your `variable` declarations so that the variables are not in scope or explicitly omit them:
  omit [CompleteSpace H] in theorem ...

Note: This linter can be disabled with `set_option linter.unusedSectionVars false`
✔ [8729/8847] Built ProofProject.AveragingWindow (11s)
✔ [8730/8847] Built ProofProject.OperatorPolarExtension (13s)
✔ [8731/8847] Built ProofProject.AnalyticMajorant (11s)
✔ [8732/8847] Built ProofProject.PhaseDeficit (11s)
✔ [8733/8847] Built ProofProject.FactorizedSynthesis (13s)
✔ [8734/8847] Built ProofProject.MetricMargin (12s)
✔ [8735/8849] Built ProofProject.DiagonalOperators (15s)
✔ [8736/8849] Built ProofProject.BasisEnergy (15s)
✔ [8737/8849] Built ProofProject.Contractive (14s)
✔ [8738/8849] Built ProofProject.Rescaling (17s)
✔ [8739/8849] Built ProofProject.ScalarExamples (17s)
✔ [8740/8850] Built ProofProject.Generator (16s)
✔ [8741/8850] Built ProofProject.GrowthRate (17s)
✔ [8742/8850] Built ProofProject.ResolventKernelIntegration (13s)
✔ [8743/8850] Built ProofProject.CirclePolynomialReflection (16s)
⚠ [8744/8851] Built ProofProject.WeightedBoundaryEstimate (14s)
warning: ProofProject/WeightedBoundaryEstimate.lean:50:4: Used `tac1 <;> tac2` where `(tac1; tac2)` would suffice

Note: This linter can be disabled with `set_option linter.unnecessarySeqFocus false`
✔ [8745/8851] Built ProofProject.SourceWeightBounds (14s)
✔ [8746/8851] Built ProofProject.AngularPowerIntegrals (13s)
✔ [8747/8851] Built ProofProject.WeightedDirichletBounds (14s)
✔ [8748/8851] Built ProofProject.PolarFactorAlgebra (11s)
✔ [8749/8851] Built ProofProject.SeparationScale (11s)
✔ [8750/8851] Built ProofProject.PhaseIntegralEnergy (14s)
✔ [8751/8851] Built ProofProject.AveragingTriangle (12s)
✔ [8752/8851] Built ProofProject.DiagonalPeak (15s)
✔ [8753/8851] Built ProofProject.ScalarSeparation (13s)
✔ [8754/8851] Built ProofProject.LaurentCircleProduct (14s)
⚠ [8755/8851] Built ProofProject.ApproximateSeparation (13s)
warning: ProofProject/ApproximateSeparation.lean:26:0: automatically included section variable(s) unused in theorem `ProofProject.coefficient_mul_norm_le_energy`:
  [NormedSpace ℂ H]
consider restructuring your `variable` declarations so that the variables are not in scope or explicitly omit them:
  omit [NormedSpace ℂ H] in theorem ...

Note: This linter can be disabled with `set_option linter.unusedSectionVars false`
✔ [8756/8851] Built ProofProject.FiniteModelMargin (13s)
✔ [8757/8851] Built ProofProject.ReplicationEnergy (15s)
✔ [8758/8851] Built ProofProject.Endpoint (13s)
✔ [8759/8851] Built ProofProject.BasisPatterns (16s)
✔ [8760/8854] Built ProofProject.Laplace (14s)
✔ [8761/8854] Built ProofProject.BoundedGenerator (15s)
✔ [8762/8854] Built ProofProject.TailGeometry (14s)
✔ [8763/8854] Built ProofProject.OuterPolynomialBoundary (15s)
✔ [8764/8854] Built ProofProject.SectorPower (14s)
✔ [8765/8854] Built ProofProject.GrowthExponentPerturbation (14s)
✔ [8766/8854] Built ProofProject.SourceWeightParameters (14s)
✔ [8767/8855] Built ProofProject.PeakClock (15s)
✔ [8768/8857] Built ProofProject.CirclePolynomialDivision (13s)
✔ [8769/8857] Built ProofProject.PhaseQuotientIntegral (15s)
✔ [8770/8858] Built ProofProject.OperatorBalancedFactors (13s)
✔ [8771/8858] Built ProofProject.ReplicationOrder (12s)
✔ [8772/8859] Built ProofProject.RoundedSpace (15s)
✔ [8773/8859] Built ProofProject.GeneratorOrbit (13s)
✔ [8774/8859] Built ProofProject.LaplaceGenerator (12s)
✔ [8775/8859] Built ProofProject.ScalarFourierReconstruction (12s)
✔ [8776/8859] Built ProofProject.DiagonalWitness (12s)
✔ [8777/8859] Built ProofProject.FourierTailCoefficients (11s)
✔ [8778/8859] Built ProofProject.OscillatoryIntegration (10s)
✔ [8779/8859] Built ProofProject.SourcePhaseDefs (12s)
✔ [8780/8859] Built ProofProject.OscillatoryFirstDerivative (9.5s)
✔ [8781/8859] Built ProofProject.PositiveCircleFactorization (12s)
✔ [8782/8860] Built ProofProject.ReplicationBound (11s)
✔ [8783/8860] Built ProofProject.ReplicatedSpace (11s)
⚠ [8784/8860] Built ProofProject.AugmentedSynthesis (15s)
info: ProofProject/AugmentedSynthesis.lean:172:46: Try this:
  [apply] abel_nf
warning: ProofProject/AugmentedSynthesis.lean:172:42: Used `tac1 <;> tac2` where `(tac1; tac2)` would suffice

Note: This linter can be disabled with `set_option linter.unnecessarySeqFocus false`
⚠ [8785/8860] Built ProofProject.SourceOscillatoryPhase (14s)
warning: ProofProject/SourceOscillatoryPhase.lean:63:18: Used `tac1 <;> tac2` where `(tac1; tac2)` would suffice

Note: This linter can be disabled with `set_option linter.unnecessarySeqFocus false`
warning: ProofProject/SourceOscillatoryPhase.lean:75:11: Used `tac1 <;> tac2` where `(tac1; tac2)` would suffice

Note: This linter can be disabled with `set_option linter.unnecessarySeqFocus false`
warning: ProofProject/SourceOscillatoryPhase.lean:75:31: Used `tac1 <;> tac2` where `(tac1; tac2)` would suffice

Note: This linter can be disabled with `set_option linter.unnecessarySeqFocus false`
warning: ProofProject/SourceOscillatoryPhase.lean:114:35: Used `tac1 <;> tac2` where `(tac1; tac2)` would suffice

Note: This linter can be disabled with `set_option linter.unnecessarySeqFocus false`
✔ [8786/8860] Built ProofProject.RoundedOperators (18s)
✔ [8787/8864] Built ProofProject.InverseGenerator (17s)
✔ [8788/8865] Built ProofProject.OscillatoryKernel (15s)
✔ [8789/8865] Built ProofProject.TrianglePartition (16s)
✔ [8790/8865] Built ProofProject.DiscreteLower (17s)
✔ [8791/8865] Built ProofProject.WeightedCircleProjection (17s)
✔ [8792/8867] Built ProofProject.SourceRadialBounds (16s)
✔ [8793/8867] Built ProofProject.SourcePhasePolar (16s)
✔ [8794/8867] Built ProofProject.OscillatoryNonstationary (10s)
✔ [8795/8867] Built ProofProject.SourcePhaseCorrection (13s)
✔ [8796/8867] Built ProofProject.CoefficientSquare (11s)
✔ [8797/8867] Built ProofProject.ApproximateSynthesis (11s)
⚠ [8798/8868] Built ProofProject.AdjointSemigroup (12s)
warning: ProofProject/AdjointSemigroup.lean:93:45: This simp argument is unused:
  NNReal.coe_mk

Hint: Omit it from the simp argument list.
  [apply] simp only [dist_eq_norm, Real.norm_eq_abs]

Note: This linter can be disabled with `set_option linter.unusedSimpArgs false`
✔ [8799/8868] Built ProofProject.RoundedSemigroupBound (14s)
✔ [8800/8868] Built ProofProject.OscillatoryCriticalInterval (11s)
✔ [8801/8870] Built ProofProject.Envelope (12s)
✔ [8802/8870] Built ProofProject.SourceWindowRescaling (11s)
✔ [8803/8871] Built ProofProject.CircleGramPolynomial (11s)
✔ [8804/8871] Built ProofProject.SourceRadialIntegrability (11s)
✔ [8805/8873] Built ProofProject.OscillatoryTwiceIntegration (10s)
✔ [8806/8873] Built ProofProject.SourcePhaseMargin (11s)
✔ [8807/8874] Built ProofProject.EndpointDeficit (11s)
✔ [8808/8874] Built ProofProject.SeparatedFactorSum (9.7s)
✔ [8809/8874] Built ProofProject.OscillatorySemigroup (10s)
✔ [8810/8874] Built ProofProject.BalancedSeparation (13s)
✔ [8811/8877] Built ProofProject.OscillatorySecondDerivative (11s)
✔ [8812/8877] Built ProofProject.FiniteModelWitness (13s)
✔ [8813/8877] Built ProofProject.SourceWindowAmplitude (11s)
✔ [8814/8877] Built ProofProject.OuterCircleWeight (12s)
✔ [8815/8877] Built ProofProject.FiniteHankelForm (12s)
✔ [8816/8877] Built ProofProject.PolynomialLaurent (12s)
⚠ [8817/8877] Built ProofProject.SourceDirichletGain (12s)
warning: ProofProject/SourceDirichletGain.lean:45:44: Used `tac1 <;> tac2` where `(tac1; tac2)` would suffice

Note: This linter can be disabled with `set_option linter.unnecessarySeqFocus false`
warning: ProofProject/SourceDirichletGain.lean:46:46: Used `tac1 <;> tac2` where `(tac1; tac2)` would suffice

Note: This linter can be disabled with `set_option linter.unnecessarySeqFocus false`
warning: ProofProject/SourceDirichletGain.lean:48:27: Used `tac1 <;> tac2` where `(tac1; tac2)` would suffice

Note: This linter can be disabled with `set_option linter.unnecessarySeqFocus false`
✔ [8818/8878] Built ProofProject.SourceMomentDefs (11s)
⚠ [8819/8878] Built ProofProject.ReciprocalSqrtSeparation (10s)
warning: ProofProject/ReciprocalSqrtSeparation.lean:104:6: Used `tac1 <;> tac2` where `(tac1; tac2)` would suffice

Note: This linter can be disabled with `set_option linter.unnecessarySeqFocus false`
✔ [8820/8878] Built ProofProject.SourceMarginIntegrability (11s)
✔ [8821/8878] Built ProofProject.HilbertULift (10s)
✔ [8822/8881] Built ProofProject.FiniteLatticeDecay (9.9s)
✔ [8823/8881] Built ProofProject.SourceWindowStationary (8.8s)
✔ [8824/8881] Built ProofProject.BoundedSemigroup (11s)
✔ [8825/8881] Built ProofProject.SourceAmplitudeConjugation (9.5s)
⚠ [8826/8882] Built ProofProject.FiniteModelLower (9.1s)
warning: ProofProject/FiniteModelLower.lean:53:21: Used `tac1 <;> tac2` where `(tac1; tac2)` would suffice

Note: This linter can be disabled with `set_option linter.unnecessarySeqFocus false`
✔ [8827/8886] Built ProofProject.PolynomialGeometryReduction (9.1s)
✔ [8828/8886] Built ProofProject.SourceRadialLimits (9.9s)
✔ [8829/8898] Built ProofProject.HolomorphicCircleMoments (10s)
✔ [8830/8900] Built ProofProject.SourceMomentConvergence (9.9s)
✔ [8831/8900] Built ProofProject.DampedPowerDerivatives (9.3s)
✔ [8832/8901] Built ProofProject.SourcePieceScale (8.5s)
✔ [8833/8901] Built ProofProject.SourcePhaseMeasure (11s)
⚠ [8834/8903] Built ProofProject.SourceWindowPhaseBounds (9.8s)
warning: ProofProject/SourceWindowPhaseBounds.lean:77:6: Used `tac1 <;> tac2` where `(tac1; tac2)` would suffice

Note: This linter can be disabled with `set_option linter.unnecessarySeqFocus false`
warning: ProofProject/SourceWindowPhaseBounds.lean:103:6: Used `tac1 <;> tac2` where `(tac1; tac2)` would suffice

Note: This linter can be disabled with `set_option linter.unnecessarySeqFocus false`
warning: ProofProject/SourceWindowPhaseBounds.lean:131:6: Used `tac1 <;> tac2` where `(tac1; tac2)` would suffice

Note: This linter can be disabled with `set_option linter.unnecessarySeqFocus false`
warning: ProofProject/SourceWindowPhaseBounds.lean:150:10: Unused tactic linter: `ring` does nothing

Note: This linter can be disabled with `set_option linter.unusedTactic false`
warning: ProofProject/SourceWindowPhaseBounds.lean:150:10: this tactic is never executed

Note: This linter can be disabled with `set_option linter.unreachableTactic false`
⚠ [8835/8903] Built ProofProject.AveragedFourierOperator (9.9s)
warning: ProofProject/AveragedFourierOperator.lean:59:0: automatically included section variable(s) unused in theorem `ProofProject.BoundedSemigroup.averagingInterval_continuous`:
  [CompleteSpace H]
consider restructuring your `variable` declarations so that the variables are not in scope or explicitly omit them:
  omit [CompleteSpace H] in theorem ...

Note: This linter can be disabled with `set_option linter.unusedSectionVars false`
warning: ProofProject/AveragedFourierOperator.lean:64:0: automatically included section variable(s) unused in theorem `ProofProject.BoundedSemigroup.averagingInterval_bound`:
  [CompleteSpace H]
consider restructuring your `variable` declarations so that the variables are not in scope or explicitly omit them:
  omit [CompleteSpace H] in theorem ...

Note: This linter can be disabled with `set_option linter.unusedSectionVars false`
warning: ProofProject/AveragedFourierOperator.lean:118:8: This simp argument is unused:
  ← RCLike.real_smul_eq_coe_smul (K := ℂ)

Hint: Omit it from the simp argument list.
  [apply] simp only [averagingOrbit, averagingWindow_of_mem hs, indicator_of_mem hs, averagingFourierKernel,
    Circle.smul_def, mul_smul]

Note: Simp arguments with `←` have the additional effect of removing the other direction from the simp set, even if the simp argument itself is unused. If the hint above does not work, try replacing `←` with `-` to only get that effect and silence this warning.

Note: This linter can be disabled with `set_option linter.unusedSimpArgs false`
⚠ [8836/8905] Built ProofProject.SemigroupKernelOperator (12s)
warning: ProofProject/SemigroupKernelOperator.lean:27:0: automatically included section variable(s) unused in theorem `ProofProject.BoundedSemigroup.positiveOrbit_continuous`:
  [CompleteSpace H]
consider restructuring your `variable` declarations so that the variables are not in scope or explicitly omit them:
  omit [CompleteSpace H] in theorem ...

Note: This linter can be disabled with `set_option linter.unusedSectionVars false`
warning: ProofProject/SemigroupKernelOperator.lean:32:0: automatically included section variable(s) unused in theorem `ProofProject.BoundedSemigroup.positiveOrbit_norm_le`:
  [CompleteSpace H]
consider restructuring your `variable` declarations so that the variables are not in scope or explicitly omit them:
  omit [CompleteSpace H] in theorem ...

Note: This linter can be disabled with `set_option linter.unusedSectionVars false`
✔ [8837/8905] Built ProofProject.ReplicationModels (11s)
⚠ [8838/8905] Built ProofProject.WeightedPolynomialAngle (10s)
warning: ProofProject/WeightedPolynomialAngle.lean:108:34: This simp argument is unused:
  Pi.smul_apply

Hint: Omit it from the simp argument list.
  [apply] simp only [weightedLaurentFunction, laurentCirclePolynomial_add, laurentCirclePolynomial_smul, smul_eq_mul]

Note: This linter can be disabled with `set_option linter.unusedSimpArgs false`
✔ [8839/8905] Built ProofProject.FiniteGeometricError (10s)
⚠ [8840/8905] Built ProofProject.SeparatorBudget (9.9s)
warning: ProofProject/SeparatorBudget.lean:43:22: Used `tac1 <;> tac2` where `(tac1; tac2)` would suffice

Note: This linter can be disabled with `set_option linter.unnecessarySeqFocus false`
⚠ [8841/8905] Built ProofProject.PowerAmplitude (10s)
warning: ProofProject/PowerAmplitude.lean:111:49: Variable name `hA0` is not explicitly referenced.

Hint: The binding can be removed (if unused) or named `_` (if used implicitly). Alternatively, prefix the name with `_` to silence this warning:
  [apply] _hA0

Note: This linter can be disabled with `set_option linter.unusedVariables false`
✔ [8842/8905] Built ProofProject.FiniteParitySplit (9.9s)
✔ [8843/8905] Built ProofProject.SourceSeparatorScale (9.7s)
✔ [8844/8905] Built ProofProject.SourceBoundaryMoments (10s)
✔ [8845/8905] Built ProofProject.SourcePieceCutoff (8.8s)
ℹ [8846/8905] Built ProofProject.SourceWeightedAmplitude (8.9s)
info: ProofProject/SourceWeightedAmplitude.lean:95:8: Try this:
  [apply] ring_nf
  
  The `ring` tactic failed to close the goal. Use `ring_nf` to obtain a normal form.
    
  Note that `ring` works primarily in *commutative* rings. If you have a noncommutative ring, abelian group or module, consider using `noncomm_ring`, `abel` or `module` instead.
✔ [8847/8905] Built ProofProject.SourceFrequencyNormalization (7.4s)
⚠ [8848/8905] Built ProofProject.SourceWindowDecay (7.8s)
warning: ProofProject/SourceWindowDecay.lean:124:4: Used `tac1 <;> tac2` where `(tac1; tac2)` would suffice

Note: This linter can be disabled with `set_option linter.unnecessarySeqFocus false`
✔ [8849/8905] Built ProofProject.AveragedFourierEstimate (9.4s)
✔ [8850/8908] Built ProofProject.AveragedFourierFactor (9.9s)
⚠ [8851/8908] Built ProofProject.PowerTailIntegral (10s)
warning: ProofProject/PowerTailIntegral.lean:55:65: Used `tac1 <;> tac2` where `(tac1; tac2)` would suffice

Note: This linter can be disabled with `set_option linter.unnecessarySeqFocus false`
warning: ProofProject/PowerTailIntegral.lean:74:20: Used `tac1 <;> tac2` where `(tac1; tac2)` would suffice

Note: This linter can be disabled with `set_option linter.unnecessarySeqFocus false`
✔ [8852/8908] Built ProofProject.ResolventAverage (11s)
✔ [8853/8908] Built ProofProject.ReplicationLower (11s)
✔ [8854/8910] Built ProofProject.SemigroupKernelConvolution (12s)
✔ [8855/8910] Built ProofProject.SourcePieceDampedTail (11s)
⚠ [8856/8910] Built ProofProject.RationalCircleAngle (13s)
warning: ProofProject/RationalCircleAngle.lean:121:37: This simp argument is unused:
  star_inv

Hint: Omit it from the simp argument list.
  [apply] simp only [polynomialCirclePhase, fourier_neg, div_eq_mul_inv, starRingEnd_apply, star_mul, star_star]

Note: This linter can be disabled with `set_option linter.unusedSimpArgs false`
✔ [8857/8910] Built ProofProject.SignedTransformedAmplitude (12s)
✔ [8858/8910] Built ProofProject.SourcePieceClock (13s)
✔ [8859/8910] Built ProofProject.FiniteMomentOrthogonality (12s)
✔ [8860/8910] Built ProofProject.SourcePieceAmplitude (11s)
⚠ [8861/8911] Built ProofProject.SourceWindowPointwise (11s)
warning: ProofProject/SourceWindowPointwise.lean:94:10: Unused tactic linter: `ring` does nothing

Note: This linter can be disabled with `set_option linter.unusedTactic false`
warning: ProofProject/SourceWindowPointwise.lean:94:10: this tactic is never executed

Note: This linter can be disabled with `set_option linter.unreachableTactic false`
✔ [8862/8911] Built ProofProject.SourceWindowSupportScale (10s)
✔ [8863/8911] Built ProofProject.GammaKernel (9.9s)
✔ [8864/8911] Built ProofProject.FiniteFourierReconstruction (11s)
✔ [8865/8913] Built ProofProject.BoundaryLower (11s)
✔ [8866/8915] Built ProofProject.ResolventConvolution (10s)
✔ [8867/8915] Built ProofProject.RescaledResolventInverse (12s)
✔ [8868/8915] Built ProofProject.PolynomialPhaseMoments (11s)
✔ [8869/8915] Built ProofProject.TransformedAmplitudeBounds (11s)
✔ [8870/8915] Built ProofProject.ProjectionHankel (12s)
✔ [8871/8915] Built ProofProject.TailBoundaryAlgebra (13s)
✔ [8872/8917] Built ProofProject.SourcePolynomialHilbert (13s)
⚠ [8873/8917] Built ProofProject.SourceWindowSmoothedDecay (12s)
warning: ProofProject/SourceWindowSmoothedDecay.lean:87:20: Used `tac1 <;> tac2` where `(tac1; tac2)` would suffice

Note: This linter can be disabled with `set_option linter.unnecessarySeqFocus false`
✔ [8874/8918] Built ProofProject.FiniteMomentCoefficients (12s)
⚠ [8876/8927] Built ProofProject.BesselKernelSeries (11s)
warning: ProofProject/BesselKernelSeries.lean:48:9: Variable name `n` is not explicitly referenced.

Hint: The binding can be removed (if unused) or named `_` (if used implicitly). Alternatively, prefix the name with `_` to silence this warning:
  [apply] _n

Note: This linter can be disabled with `set_option linter.unusedVariables false`
✔ [8877/8927] Built ProofProject.GammaConvolution (12s)
✔ [8878/8927] Built ProofProject.SemigroupKernelSeries (13s)
✔ [8879/8927] Built ProofProject.ResolventOperatorIdentity (13s)
✔ [8880/8927] Built ProofProject.AnalyticCircleMean (14s)
✔ [8881/8927] Built ProofProject.PhaseCoefficientPolynomial (13s)
✔ [8882/8927] Built ProofProject.FiniteToeplitz (14s)
✔ [8883/8927] Built ProofProject.SourcePolynomialGain (13s)
✔ [8884/8927] Built ProofProject.SourceScalarBudget (13s)
✔ [8885/8927] Built ProofProject.SourcePolynomialInner (13s)
✔ [8886/8927] Built ProofProject.OscillatorEnergy (14s)
✔ [8887/8927] Built ProofProject.GammaKernelSeries (12s)
✔ [8888/8927] Built ProofProject.BesselKernelODE (15s)
✔ [8889/8927] Built ProofProject.DerivativeTailLimit (13s)
✔ [8890/8927] Built ProofProject.GammaResolventPowers (13s)
✔ [8891/8927] Built ProofProject.ToeplitzBoundary (10s)
✔ [8892/8927] Built ProofProject.ToeplitzPadding (12s)
✔ [8893/8927] Built ProofProject.ToeplitzPolynomial (13s)
✔ [8894/8927] Built ProofProject.SourceBoundaryLower (13s)
✔ [8895/8927] Built ProofProject.OuterToeplitzData (13s)
✔ [8896/8927] Built ProofProject.SourceBoundaryEstimate (11s)
✔ [8897/8927] Built ProofProject.SourceOscillatoryOperator (15s)
✔ [8898/8927] Built ProofProject.BesselOscillator (12s)
✔ [8899/8927] Built ProofProject.OscillatorAsymptotic (12s)
✔ [8900/8927] Built ProofProject.GeneratorInversePowers (12s)
✔ [8901/8927] Built ProofProject.LowerBound (6.7s)
✔ [8902/8927] Built ProofProject.OscillatoryResolventBounds (13s)
✔ [8903/8927] Built ProofProject.SchurContraction (19s)
ℹ [8904/8927] Built ProofProject.BesselAsymptotic (13s)
info: ProofProject/BesselAsymptotic.lean:45:16: Try this:
  [apply] ring_nf
  
  The `ring` tactic failed to close the goal. Use `ring_nf` to obtain a normal form.
    
  Note that `ring` works primarily in *commutative* rings. If you have a noncommutative ring, abelian group or module, consider using `noncomm_ring`, `abel` or `module` instead.
✔ [8905/8927] Built ProofProject.SourcePieceOperator (16s)
✔ [8906/8927] Built ProofProject.GeneratorExponentialSeries (14s)
✔ [8907/8927] Built ProofProject.FiniteSchurInterpolation (5.4s)
✔ [8908/8927] Built ProofProject.SourcePieceLimit (4.8s)
✔ [8909/8927] Built ProofProject.SourcePieceResolvent (5.8s)
✔ [8910/8927] Built ProofProject.InverseExponentialKernel (6.3s)
✔ [8911/8927] Built ProofProject.RationalPhaseApproximation (5.7s)
⚠ [8912/8927] Built ProofProject.SourcePieceError (5.2s)
warning: ProofProject/SourcePieceError.lean:35:0: automatically included section variable(s) unused in theorem `ProofProject.sourcePiece_sqrt_delete_le`:
  [CompleteSpace H]
consider restructuring your `variable` declarations so that the variables are not in scope or explicitly omit them:
  omit [CompleteSpace H] in theorem ...

Note: This linter can be disabled with `set_option linter.unusedSectionVars false`
warning: ProofProject/SourcePieceError.lean:62:0: automatically included section variable(s) unused in theorem `ProofProject.sourcePiece_sqrt_keep_le`:
  [CompleteSpace H]
consider restructuring your `variable` declarations so that the variables are not in scope or explicitly omit them:
  omit [CompleteSpace H] in theorem ...

Note: This linter can be disabled with `set_option linter.unusedSectionVars false`
✔ [8913/8927] Built ProofProject.SourceBesselRemainder (6.2s)
✔ [8914/8927] Built ProofProject.OuterSectorFunction (5.0s)
✔ [8915/8927] Built ProofProject.SourcePieceSeparation (2.8s)
⚠ [8916/8927] Built ProofProject.OuterInteriorEstimate (2.6s)
warning: ProofProject/OuterInteriorEstimate.lean:77:4: Try `simp at hp` instead of `simpa using hp`

Note: This linter can be disabled with `set_option linter.unnecessarySimpa false`
✔ [8917/8927] Built ProofProject.SharpTailGeometry (1.9s)
✔ [8918/8927] Built ProofProject.SeparatedOperatorSum (2.5s)
✔ [8919/8927] Built ProofProject.SourcePieceSynthesis (1.9s)
✔ [8920/8927] Built ProofProject.SourcePieceFiniteSum (2.0s)
✔ [8921/8927] Built ProofProject.SourcePieceTimeBound (1.0s)
✔ [8922/8927] Built ProofProject.OscillatoryTailBound (1.8s)
✔ [8923/8927] Built ProofProject.SharpUpperBound (2.3s)
✔ [8924/8927] Built ProofProject.SharpGrowth (1.8s)
✔ [8925/8927] Built ProofProject.Helpers (1.7s)
✔ [8926/8927] Built Solution (1.8s)
Build completed successfully (8927 jobs).
Exporting #[Quot, Quot.mk, Quot.lift, Quot.ind, ProofProject.stableSemigroup_hasGeneratorInverse, ProofProject.attainableNorms_bddAbove, ProofProject.sharp_growth, ProofProject.finite_dimensional_lower, ProofProject.contractive_envelope, propext, Classical.choice, Quot.sound, Nat.add, Nat.sub, Nat.mul, Nat.pow, Nat.gcd, Nat.div, Nat.mod, Nat.beq, Nat.ble, Nat.land, Nat.lor, Nat.xor, Nat.shiftLeft, Nat.shiftRight, String.ofList, Char.ofNat, List, eagerReduce, Nat, String, String.mk, Char, optParam, autoParam, semiOutParam, outParam] from Solution
Running Lean default kernel on solution.
Lean default kernel accepts the solution
Your solution is okay!

EXIT_STATUS=0
