$ lake exe cache get
✔ [1/5] Built Cache.Cli (120ms)
✔ [2/5] Built Cache.Lean (141ms)
✔ [6/26] Built Cache.Cli:c.o (163ms)
✔ [7/26] Built Cache.Infra (185ms)
✔ [8/26] Built Cache.Lean:c.o (169ms)
✔ [9/26] Built Cache.Infra:c.o (70ms)
✔ [10/26] Built Batteries.Tactic.OpenPrivate (362ms)
✔ [11/26] Built Cache.IO (515ms)
✔ [12/26] Built Batteries.Tactic.OpenPrivate:c.o (472ms)
✔ [13/26] Built Cache.Hashing (294ms)
✔ [14/26] Built Cache.Hashing:c.o (186ms)
✔ [15/26] Built Cache.IO:c.o (634ms)
✔ [16/26] Built Cache.Requests (731ms)
✔ [17/26] Built Cache.Marker (216ms)
✔ [18/26] Built Cache.Marker:c.o (45ms)
✔ [19/26] Built Cache.Query (262ms)
✔ [20/26] Built Cache.Query:c.o (126ms)
✔ [21/26] Built Cache.Warning (274ms)
✔ [22/26] Built Cache.Warning:c.o (120ms)
✔ [23/26] Built Cache.Main (461ms)
✔ [24/26] Built Cache.Requests:c.o (1.2s)
✔ [25/26] Built Cache.Main:c.o (344ms)
✔ [26/26] Built cache:exe (801ms)
Current branch: HEAD
Using cache from origin: (some leanprover-community/mathlib4)
Decompressing 8689 already-cached file(s) (1 already decompressed)
No files to download
Decompressed 8689 already-cached file(s)
Completed successfully in 12954 ms!

EXIT_STATUS=0
