{
  "local / near_two_orthogonal_modes / mixed": {
    "runs": 18,
    "tolerance_reached": 18,
    "numerical_rank_failure": 0,
    "budget_exhausted": 0
  },
  "local / near_two_orthogonal_modes / ordinary": {
    "runs": 18,
    "tolerance_reached": 6,
    "numerical_rank_failure": 0,
    "budget_exhausted": 12
  },
  "global / two_orthogonal_bases / mixed": {
    "runs": 60,
    "tolerance_reached": 57,
    "numerical_rank_failure": 0,
    "budget_exhausted": 3
  },
  "global / two_orthogonal_bases / ordinary": {
    "runs": 60,
    "tolerance_reached": 0,
    "numerical_rank_failure": 0,
    "budget_exhausted": 60
  },
  "global / three_coherent_bases / mixed": {
    "runs": 60,
    "tolerance_reached": 0,
    "numerical_rank_failure": 0,
    "budget_exhausted": 60
  },
  "global / three_coherent_bases / ordinary": {
    "runs": 60,
    "tolerance_reached": 0,
    "numerical_rank_failure": 0,
    "budget_exhausted": 60
  }
}
Saved all 276 runs to /mnt/data/TR09_round5_work/bundle/results/diagnostics.json
