✔ [3641/3674] Built NLA.IE04.Definitions (3.6s)
✔ [3642/3675] Built LeanCert.Core.Interval (3.5s)
✔ [3643/3675] Built LeanCert.Core.DerivativeIntervals (4.0s)
✔ [3644/3675] Built LeanCert.Core.Expr (7.2s)
✔ [3645/3675] Built LeanCert.Contrib.Sinc (6.9s)
✔ [3646/3675] Built LeanCert.Core.Taylor (11s)
✔ [3647/3681] Built LeanCert.Core.IntervalRat.Basic (12s)
✔ [3648/3681] Built LeanCert.Core.Support (6.0s)
✔ [3649/3681] Built LeanCert.Core.IntervalRat.LogReduction (9.4s)
✔ [3650/3681] Built LeanCert.Engine.Eval.Result (3.1s)
✔ [3651/3682] Built LeanCert.Meta.Numeral (4.5s)
✔ [3652/3682] Built LeanCert.Core.TrigReduction (3.8s)
✔ [3653/3682] Built LeanCert.Core.IntervalRat.Transcendental (6.0s)
✔ [3654/3682] Built LeanCert.Tactic.IntervalAuto.Types (4.9s)
✔ [3655/3686] Built LeanCert.Core.Dyadic (5.0s)
✔ [3657/3686] Built LeanCert.Tactic.IntervalAuto.Extract (5.2s)
✔ [3658/3702] Built LeanCert.Tactic.IntervalAuto.Norm (6.6s)
✔ [3659/3702] Built LeanCert.Tactic.LeanCert.Bridge.Environment (4.6s)
✔ [3681/3758] Built LeanCert.Meta.ToExpr (9.2s)
✔ [3682/3758] Built LeanCert.Tactic.NumericalRefinement (1.1s)
✔ [3683/3765] Built LeanCert.Tactic.LeanCert.Normalize (5.9s)
ℹ [3685/3768] Built NLA.IE04.Scalars (8.2s)
info: NLA/IE04/Scalars.lean:124:0: 'NLA.IE04.scalar_budgets' depends on axioms: [propext, Classical.choice, Quot.sound]
info: NLA/IE04/Scalars.lean:125:0: 'NLA.IE04.quotient_bounds' depends on axioms: [propext, Classical.choice, Quot.sound]
info: NLA/IE04/Scalars.lean:126:0: 'NLA.IE04.scalar_schur_error' depends on axioms: [propext, Classical.choice, Quot.sound]
✔ [3686/3768] Built LeanCert.Tactic.IntervalAuto.Parse (8.8s)
ℹ [3687/3768] Built NLA.IE04.Pivot (5.0s)
info: NLA/IE04/Pivot.lean:159:0: 'NLA.IE04.firstPivotIndex_spec_proved' depends on axioms: [propext, Classical.choice, Quot.sound]
info: NLA/IE04/Pivot.lean:161:0: 'NLA.IE04.firstPivotIndex_eq_of_firstAvailable_proved' depends on axioms: [propext, Classical.choice, Quot.sound]
info: NLA/IE04/Pivot.lean:163:0: 'NLA.IE04.firstPivotIndex_firstAvailable_proved' depends on axioms: [propext, Classical.choice, Quot.sound]
info: NLA/IE04/Pivot.lean:165:0: 'NLA.IE04.trajectory_firstPath_eq_proved' depends on axioms: [propext, Classical.choice, Quot.sound]
info: NLA/IE04/Pivot.lean:167:0: 'NLA.IE04.firstPath_eq_of_firstAvailable_proved' depends on axioms: [propext, Classical.choice, Quot.sound]
✔ [3688/3768] Built LeanCert.Tactic.IntervalAuto.Diagnostic (3.9s)
⚠ [3689/3768] Built NLA.IE04.Asymptotics (5.0s)
warning: NLA/IE04/Asymptotics.lean:54:45: Variable name `hc₁` is not explicitly referenced.

Hint: The binding can be removed (if unused) or named `_` (if used implicitly). Alternatively, prefix the name with `_` to silence this warning:
  [apply] _hc₁

Note: This linter can be disabled with `set_option linter.unusedVariables false`
info: NLA/IE04/Asymptotics.lean:89:0: 'NLA.IE04.contradiction_dimension' depends on axioms: [propext, Classical.choice, Quot.sound]
✔ [3690/3768] Built LeanCert.Core.IntervalRat.Taylor (26s)
ℹ [3691/3768] Built NLA.IE04.GEPP (5.1s)
info: NLA/IE04/GEPP.lean:294:0: 'NLA.IE04.entryMax_semantics_proved' depends on axioms: [propext, Classical.choice, Quot.sound]
info: NLA/IE04/GEPP.lean:296:0: 'NLA.IE04.schurStep_bound_proved' depends on axioms: [propext, Classical.choice, Quot.sound]
info: NLA/IE04/GEPP.lean:298:0: 'NLA.IE04.gepp_growth_bound_proved' depends on axioms: [propext, Classical.choice, Quot.sound]
info: NLA/IE04/GEPP.lean:300:0: 'NLA.IE04.activeInjective_initial_proved' depends on axioms: [propext, Classical.choice, Quot.sound]
info: NLA/IE04/GEPP.lean:302:0: 'NLA.IE04.activeInjective_nonzero_column_proved' depends on axioms: [propext, Classical.choice, Quot.sound]
info: NLA/IE04/GEPP.lean:304:0: 'NLA.IE04.activeInjective_rowSwap_proved' depends on axioms: [propext, Classical.choice, Quot.sound]
info: NLA/IE04/GEPP.lean:306:0: 'NLA.IE04.schurStep_mulVec_proved' depends on axioms: [propext, Classical.choice, Quot.sound]
info: NLA/IE04/GEPP.lean:308:0: 'NLA.IE04.activeInjective_schur_proved' depends on axioms: [propext, Classical.choice, Quot.sound]
info: NLA/IE04/GEPP.lean:310:0: 'NLA.IE04.firstTrajectory_activeInjective_proved' depends on axioms: [propext, Classical.choice, Quot.sound]
info: NLA/IE04/GEPP.lean:312:0: 'NLA.IE04.firstPath_semantics_proved' depends on axioms: [propext, Classical.choice, Quot.sound]
✔ [3692/3768] Built LeanCert.Core.IntervalRat.TrigReduced (2.7s)
✔ [3693/3768] Built LeanCert.Core.IntervalReal (2.8s)
ℹ [3694/3768] Built NLA.IE04.Measurability (5.2s)
info: NLA/IE04/Measurability.lean:194:0: 'NLA.IE04.firstPath_admissibleRule_proved' depends on axioms: [propext, Classical.choice, Quot.sound]
info: NLA/IE04/Measurability.lean:196:0: 'NLA.IE04.gaussianMatrix_probability_proved' depends on axioms: [propext, Classical.choice, Quot.sound]
info: NLA/IE04/Measurability.lean:198:0: 'NLA.IE04.exceedanceEvent_measurable_proved' depends on axioms: [propext, Classical.choice, Quot.sound]
ℹ [3695/3768] Built NLA.IE04.StrictPivots (5.5s)
info: NLA/IE04/StrictPivots.lean:125:0: 'NLA.IE04.noSwap_nonsingular_of_pivots' depends on axioms: [propext, Classical.choice, Quot.sound]
info: NLA/IE04/StrictPivots.lean:127:0: 'NLA.IE04.strictNoSwap_path_unique' depends on axioms: [propext, Classical.choice, Quot.sound]
✔ [3696/3768] Built LeanCert.Engine.Affine.Basic (9.4s)
✔ [3697/3768] Built LeanCert.Core.IntervalDyadic (10s)
✔ [3698/3768] Built LeanCert.Core.IntervalRealEndpoints (7.1s)
⚠ [3699/3768] Built NLA.IE04.Witness (7.5s)
warning: NLA/IE04/Witness.lean:47:15: This simp argument is unused:
  Fin.val_mk

Hint: Omit it from the simp argument list.
  [apply] simp only at hv

Note: This linter can be disabled with `set_option linter.unusedSimpArgs false`
warning: NLA/IE04/Witness.lean:70:36: Variable name `hn` is not explicitly referenced.

Hint: The binding can be removed (if unused) or named `_` (if used implicitly). Alternatively, prefix the name with `_` to silence this warning:
  [apply] _hn

Note: This linter can be disabled with `set_option linter.unusedVariables false`
info: NLA/IE04/Witness.lean:144:0: 'NLA.IE04.witness_trajectory' depends on axioms: [propext, Classical.choice, Quot.sound]
info: NLA/IE04/Witness.lean:146:0: 'NLA.IE04.witness_strict_growth' depends on axioms: [propext, Classical.choice, Quot.sound]
✔ [3700/3768] Built LeanCert.Engine.Affine.Nonlinear (6.8s)
✔ [3701/3768] Built LeanCert.Core.DyadicCell (5.5s)
✖ [3702/3768] Building NLA.IE04.Robustness (6.8s)
trace: .> LEAN_PATH=/home/runner/work/OpenProblemsInNLA/OpenProblemsInNLA/.lean-development/.lake/packages/Cli/.lake/build/lib/lean:/home/runner/work/OpenProblemsInNLA/OpenProblemsInNLA/.lean-development/.lake/packages/batteries/.lake/build/lib/lean:/home/runner/work/OpenProblemsInNLA/OpenProblemsInNLA/.lean-development/.lake/packages/Qq/.lake/build/lib/lean:/home/runner/work/OpenProblemsInNLA/OpenProblemsInNLA/.lean-development/.lake/packages/aesop/.lake/build/lib/lean:/home/runner/work/OpenProblemsInNLA/OpenProblemsInNLA/.lean-development/.lake/packages/proofwidgets/.lake/build/lib/lean:/home/runner/work/OpenProblemsInNLA/OpenProblemsInNLA/.lean-development/.lake/packages/importGraph/.lake/build/lib/lean:/home/runner/work/OpenProblemsInNLA/OpenProblemsInNLA/.lean-development/.lake/packages/LeanSearchClient/.lake/build/lib/lean:/home/runner/work/OpenProblemsInNLA/OpenProblemsInNLA/.lean-development/.lake/packages/plausible/.lake/build/lib/lean:/home/runner/work/OpenProblemsInNLA/OpenProblemsInNLA/.lean-development/.lake/packages/mathlib/.lake/build/lib/lean:/home/runner/work/OpenProblemsInNLA/OpenProblemsInNLA/.lean-development/.lake/packages/leancert/.lake/build/lib/lean:/home/runner/work/OpenProblemsInNLA/OpenProblemsInNLA/.lean-development/.lake/build/lib/lean /home/runner/.elan/toolchains/leanprover--lean4---v4.33.1/bin/lean /home/runner/work/OpenProblemsInNLA/OpenProblemsInNLA/.lean-development/NLA/IE04/Robustness.lean -o /home/runner/work/OpenProblemsInNLA/OpenProblemsInNLA/.lean-development/.lake/build/lib/lean/NLA/IE04/Robustness.olean -i /home/runner/work/OpenProblemsInNLA/OpenProblemsInNLA/.lean-development/.lake/build/lib/lean/NLA/IE04/Robustness.ilean -c /home/runner/work/OpenProblemsInNLA/OpenProblemsInNLA/.lean-development/.lake/build/ir/NLA/IE04/Robustness.c --setup /home/runner/work/OpenProblemsInNLA/OpenProblemsInNLA/.lean-development/.lake/build/ir/NLA/IE04/Robustness.setup.json --json
error: NLA/IE04/Robustness.lean:69:8: invalid 'calc' step, left-hand side is
  |trajectory A (noSwapPath n) k i j -
        trajectory A (noSwapPath n) k i ⟨k, hkn⟩ / trajectory A (noSwapPath n) k ⟨k, hkn⟩ ⟨k, hkn⟩ *
          trajectory A (noSwapPath n) k ⟨k, hkn⟩ j -
      (modelStage n k i j + modelStage n k ⟨k, hkn⟩ j / 2)| : ℝ
but is expected to be
  |(if h : k < n then fun i j =>
          if ⟨k, h⟩ < i ∧ ⟨k, h⟩ < j then
            trajectory A (noSwapPath n) k i j -
              trajectory A (noSwapPath n) k i ⟨k, h⟩ / trajectory A (noSwapPath n) k ⟨k, h⟩ ⟨k, h⟩ *
                trajectory A (noSwapPath n) k ⟨k, h⟩ j
          else 0
        else 0)
        i j -
      (modelStage n k i j + modelStage n k ⟨k, hkn⟩ j / 2)| : ℝ
warning: NLA/IE04/Robustness.lean:65:47: This simp argument is unused:
  dif_pos hkn

Hint: Omit it from the simp argument list.
  [apply] simp only [Matrix.sub_apply, trajectory, noSwapPath, schurStep, rowSwap, Equiv.swap_self, Equiv.refl_apply,
    hki, hkj, and_self, if_true]

Note: This linter can be disabled with `set_option linter.unusedSimpArgs false`
warning: NLA/IE04/Robustness.lean:66:52: This simp argument is unused:
  hki

Hint: Omit it from the simp argument list.
  [apply] simp only [Matrix.sub_apply, trajectory, dif_pos hkn, noSwapPath, schurStep, rowSwap, Equiv.swap_self,
    Equiv.refl_apply, hkj, and_self, if_true]

Note: This linter can be disabled with `set_option linter.unusedSimpArgs false`
warning: NLA/IE04/Robustness.lean:66:57: This simp argument is unused:
  hkj

Hint: Omit it from the simp argument list.
  [apply] simp only [Matrix.sub_apply, trajectory, dif_pos hkn, noSwapPath, schurStep, rowSwap, Equiv.swap_self,
    Equiv.refl_apply, hki, and_self, if_true]

Note: This linter can be disabled with `set_option linter.unusedSimpArgs false`
warning: NLA/IE04/Robustness.lean:66:62: This simp argument is unused:
  and_self

Hint: Omit it from the simp argument list.
  [apply] simp only [Matrix.sub_apply, trajectory, dif_pos hkn, noSwapPath, schurStep, rowSwap, Equiv.swap_self,
    Equiv.refl_apply, hki, hkj, if_true]

Note: This linter can be disabled with `set_option linter.unusedSimpArgs false`
warning: NLA/IE04/Robustness.lean:66:72: This simp argument is unused:
  if_true

Hint: Omit it from the simp argument list.
  [apply] simp only [Matrix.sub_apply, trajectory, dif_pos hkn, noSwapPath, schurStep, rowSwap, Equiv.swap_self,
    Equiv.refl_apply, hki, hkj, and_self]

Note: This linter can be disabled with `set_option linter.unusedSimpArgs false`
error: NLA/IE04/Robustness.lean:175:21: #assert_trust: 'NLA.IE04.full_box_robust' depends on sorry or unrecognized axioms
  foundational: propext, Classical.choice, Quot.sound
  sorryAx: sorryAx
info: NLA/IE04/Robustness.lean:176:0: 'NLA.IE04.full_box_robust' depends on axioms: [propext, sorryAx, Classical.choice, Quot.sound]
error: NLA/IE04/Robustness.lean:177:21: #assert_trust: 'NLA.IE04.growth_on_box' depends on sorry or unrecognized axioms
  foundational: propext, Classical.choice, Quot.sound
  sorryAx: sorryAx
info: NLA/IE04/Robustness.lean:178:0: 'NLA.IE04.growth_on_box' depends on axioms: [propext, sorryAx, Classical.choice, Quot.sound]
error: Lean exited with code 1
✔ [3703/3768] Built LeanCert.Core.DyadicFrontier (4.2s)
✔ [3704/3768] Built LeanCert.Engine.Eval.Core (8.0s)
✔ [3705/3768] Built LeanCert.Engine.Eval.Extended (2.9s)
✔ [3706/3768] Built LeanCert.Engine.Bounds.Lemmas (1.0s)
✔ [3707/3768] Built LeanCert.Engine.IntervalEval (1.8s)
✔ [3708/3768] Built LeanCert.Validity.Bounds.Core (3.8s)
✔ [3709/3768] Built LeanCert.Validity.Bounds.Checked (4.0s)
✔ [3710/3768] Built LeanCert.Engine.Affine.Transcendental (4.9s)
✔ [3711/3768] Built LeanCert.Engine.Optimization.Box (4.6s)
✔ [3712/3768] Built LeanCert.Engine.IntervalEvalDyadic (8.7s)
✔ [3713/3768] Built LeanCert.Engine.RootFinding.Basic (6.8s)
✔ [3714/3768] Built LeanCert.Engine.AD.Basic (4.4s)
✔ [3715/3768] Built LeanCert.Engine.Integrate (8.6s)
✔ [3716/3768] Built LeanCert.Engine.IntervalEvalAffine (8.2s)
✔ [3717/3768] Built LeanCert.Validity.DyadicBounds (5.0s)
✔ [3718/3768] Built LeanCert.Engine.TaylorModel.Core (11s)
✔ [3719/3768] Built LeanCert.Engine.RootFinding.Bisection (8.2s)
✔ [3720/3768] Built LeanCert.Engine.Affine.Environment (5.2s)
✔ [3721/3768] Built LeanCert.Engine.TaylorModel.Integral (4.3s)
✔ [3722/3768] Built LeanCert.Engine.AD.Transcendental (5.9s)
✔ [3723/3768] Built LeanCert.Engine.TaylorModel.Special (3.4s)
✔ [3724/3768] Built LeanCert.Engine.AD.Eval (4.7s)
✔ [3725/3768] Built LeanCert.Engine.TaylorModel.ExpLog (11s)
✔ [3726/3768] Built LeanCert.Engine.AD.Correctness (8.5s)
✔ [3727/3768] Built LeanCert.Engine.TaylorModel.Trig (14s)
✔ [3728/3768] Built LeanCert.Engine.TaylorModel.Hyperbolic (16s)
✔ [3729/3768] Built LeanCert.Engine.AD.Computable (4.5s)
✔ [3730/3768] Built LeanCert.Engine.TaylorModel.Functions (2.7s)
✔ [3731/3768] Built LeanCert.Engine.AD.PartialCorrectness (7.0s)
✔ [3732/3768] Built LeanCert.Engine.AD.DomainChecked (4.2s)
✔ [3733/3768] Built LeanCert.Engine.TaylorModel.Expr (4.5s)
✔ [3734/3768] Built LeanCert.Engine.TaylorModel (2.2s)
✔ [3735/3768] Built LeanCert.Engine.AD.Dyadic (3.4s)
✔ [3736/3768] Built LeanCert.Engine.AD (1.8s)
✔ [3737/3768] Built LeanCert.Validity.Bounds.Smart (3.9s)
✔ [3738/3768] Built LeanCert.Meta.ProveSupported (4.8s)
✔ [3739/3768] Built LeanCert.Engine.IntervalEvalRefined (4.0s)
✔ [3740/3768] Built LeanCert.Engine.Optimize (8.0s)
✔ [3741/3768] Built LeanCert.Validity.Bounds.Bridge (4.3s)
✔ [3742/3768] Built LeanCert.Meta.ProveContinuous (5.9s)
✔ [3743/3768] Built LeanCert.Tactic.IntervalAuto.ProveCommon (6.6s)
✔ [3744/3768] Built LeanCert.Validity.Bounds.Basic (3.8s)
✔ [3745/3768] Built LeanCert.Engine.RootFinding.Newton (6.0s)
✔ [3746/3768] Built LeanCert.Engine.Optimization.Gradient (7.7s)
✔ [3747/3768] Built LeanCert.Tactic.IntervalAuto.Basic (3.6s)
✔ [3748/3768] Built LeanCert.Validity.Integration (8.3s)
✔ [3749/3768] Built LeanCert.Engine.RootFinding.MVTBounds (11s)
✔ [3750/3768] Built LeanCert.Engine.RootFinding.Krawczyk (10s)
✔ [3751/3768] Built LeanCert.Engine.RootFinding.Contraction (6.8s)
✔ [3752/3768] Built LeanCert.Engine.RootFinding.Main (1.9s)
✔ [3753/3768] Built LeanCert.Engine.Optimization.Global (23s)
✔ [3754/3768] Built LeanCert.Engine.Optimization.BoundVerify (2.8s)
✔ [3755/3768] Built LeanCert.Validity.Bounds (5.0s)
✔ [3756/3768] Built LeanCert.Tactic.IntervalAuto.RootBound (4.7s)
✔ [3757/3768] Built LeanCert.Tactic.IntervalAuto.OptBound (4.8s)
✔ [3758/3768] Built LeanCert.Tactic.IntervalAuto.Multivariate (6.5s)
✔ [3759/3768] Built LeanCert.Tactic.IntervalAuto.Bound (15s)
✔ [3760/3768] Built LeanCert.Tactic.IntervalAuto.Subdiv (4.2s)
✔ [3761/3768] Built LeanCert.Tactic.IntervalAuto.Adaptive (7.6s)
✔ [3762/3768] Built LeanCert.Tactic.IntervalAuto.PointIneq (9.3s)
✔ [3763/3768] Built LeanCert.Tactic.IntervalAuto (2.3s)
ℹ [3764/3768] Built NLA.IE04.GaussianDensity (3.5s)
info: NLA/IE04/GaussianDensity.lean:71:0: 'NLA.IE04.exp_neg_two_lower' depends on axioms: [propext, Classical.choice, Quot.sound]
info: NLA/IE04/GaussianDensity.lean:73:0: 'NLA.IE04.standard_normal_density_lower' depends on axioms: [propext, Classical.choice, Quot.sound]
info: NLA/IE04/GaussianDensity.lean:75:0: 'NLA.IE04.gaussian_interval_lower' depends on axioms: [propext, Classical.choice, Quot.sound]
✖ [3765/3768] Building NLA.IE04.GaussianBox (2.6s)
trace: .> LEAN_PATH=/home/runner/work/OpenProblemsInNLA/OpenProblemsInNLA/.lean-development/.lake/packages/Cli/.lake/build/lib/lean:/home/runner/work/OpenProblemsInNLA/OpenProblemsInNLA/.lean-development/.lake/packages/batteries/.lake/build/lib/lean:/home/runner/work/OpenProblemsInNLA/OpenProblemsInNLA/.lean-development/.lake/packages/Qq/.lake/build/lib/lean:/home/runner/work/OpenProblemsInNLA/OpenProblemsInNLA/.lean-development/.lake/packages/aesop/.lake/build/lib/lean:/home/runner/work/OpenProblemsInNLA/OpenProblemsInNLA/.lean-development/.lake/packages/proofwidgets/.lake/build/lib/lean:/home/runner/work/OpenProblemsInNLA/OpenProblemsInNLA/.lean-development/.lake/packages/importGraph/.lake/build/lib/lean:/home/runner/work/OpenProblemsInNLA/OpenProblemsInNLA/.lean-development/.lake/packages/LeanSearchClient/.lake/build/lib/lean:/home/runner/work/OpenProblemsInNLA/OpenProblemsInNLA/.lean-development/.lake/packages/plausible/.lake/build/lib/lean:/home/runner/work/OpenProblemsInNLA/OpenProblemsInNLA/.lean-development/.lake/packages/mathlib/.lake/build/lib/lean:/home/runner/work/OpenProblemsInNLA/OpenProblemsInNLA/.lean-development/.lake/packages/leancert/.lake/build/lib/lean:/home/runner/work/OpenProblemsInNLA/OpenProblemsInNLA/.lean-development/.lake/build/lib/lean /home/runner/.elan/toolchains/leanprover--lean4---v4.33.1/bin/lean /home/runner/work/OpenProblemsInNLA/OpenProblemsInNLA/.lean-development/NLA/IE04/GaussianBox.lean -o /home/runner/work/OpenProblemsInNLA/OpenProblemsInNLA/.lean-development/.lake/build/lib/lean/NLA/IE04/GaussianBox.olean -i /home/runner/work/OpenProblemsInNLA/OpenProblemsInNLA/.lean-development/.lake/build/lib/lean/NLA/IE04/GaussianBox.ilean -c /home/runner/work/OpenProblemsInNLA/OpenProblemsInNLA/.lean-development/.lake/build/ir/NLA/IE04/GaussianBox.c --setup /home/runner/work/OpenProblemsInNLA/OpenProblemsInNLA/.lean-development/.lake/build/ir/NLA/IE04/GaussianBox.setup.json --json
warning: NLA/IE04/GaussianBox.lean:31:26: `Set.mem_setOf_eq` has been deprecated: Use `Set.mem_ofPred_eq` instead
error: NLA/IE04/GaussianBox.lean:34:31: Application type mismatch: The argument
  j
has type
  i ∈ Set.univ
of sort `Prop` but is expected to have type
  Fin n
of sort `Type` in the application
  h i j
error: NLA/IE04/GaussianBox.lean:35:4: Tactic `constructor` failed: target is not an inductive datatype

case mp
n : ℕ
G : Mat n
h : ∀ (i j : Fin n), |G i j - (witnessMatrix n i j - 1 i j)| ≤ boxRadius n
i : Fin n
j : i ∈ Set.univ
hij :
  -boxRadius n ≤ G i sorry - (witnessMatrix n i sorry - 1 i sorry) ∧
    G i sorry - (witnessMatrix n i sorry - 1 i sorry) ≤ boxRadius n
⊢ G i ∈
    (fun i =>
        Set.univ.pi fun j =>
          Set.Icc (witnessMatrix n i j - 1 i j - boxRadius n) (witnessMatrix n i j - 1 i j + boxRadius n))
      i
error: NLA/IE04/GaussianBox.lean:38:20: Application type mismatch: The argument
  j
has type
  Fin n
of sort `Type` but is expected to have type
  i ∈ Set.univ
of sort `Prop` in the application
  h i j
error: NLA/IE04/GaussianBox.lean:39:20: linarith failed to find a contradiction
case mpr.left
n : ℕ
G : Mat n
h :
  G ∈
    Set.univ.pi fun i =>
      Set.univ.pi fun j =>
        Set.Icc (witnessMatrix n i j - 1 i j - boxRadius n) (witnessMatrix n i j - 1 i j + boxRadius n)
i j : Fin n
hij :
  G i ∈
    (fun i =>
        Set.univ.pi fun j =>
          Set.Icc (witnessMatrix n i j - 1 i j - boxRadius n) (witnessMatrix n i j - 1 i j + boxRadius n))
      i
a✝ : G i j - (witnessMatrix n i j - 1 i j) < -boxRadius n
⊢ False
failed
error: NLA/IE04/GaussianBox.lean:39:20: linarith failed to find a contradiction
case mpr.right
n : ℕ
G : Mat n
h :
  G ∈
    Set.univ.pi fun i =>
      Set.univ.pi fun j =>
        Set.Icc (witnessMatrix n i j - 1 i j - boxRadius n) (witnessMatrix n i j - 1 i j + boxRadius n)
i j : Fin n
hij :
  G i ∈
    (fun i =>
        Set.univ.pi fun j =>
          Set.Icc (witnessMatrix n i j - 1 i j - boxRadius n) (witnessMatrix n i j - 1 i j + boxRadius n))
      i
a✝ : boxRadius n < G i j - (witnessMatrix n i j - 1 i j)
⊢ False
failed
warning: NLA/IE04/GaussianBox.lean:31:44: This simp argument is unused:
  Set.mem_univ_pi

Hint: Omit it from the simp argument list.
  [apply] simp only [gaussianBox, Set.mem_setOf_eq, Set.mem_Icc]

Note: This linter can be disabled with `set_option linter.unusedSimpArgs false`
warning: NLA/IE04/GaussianBox.lean:31:61: This simp argument is unused:
  Set.mem_Icc

Hint: Omit it from the simp argument list.
  [apply] simp only [gaussianBox, Set.mem_setOf_eq, Set.mem_univ_pi]

Note: This linter can be disabled with `set_option linter.unusedSimpArgs false`
error: NLA/IE04/GaussianBox.lean:47:70: unsolved goals
n : ℕ
⊢ (Measure.pi fun x => Measure.pi fun x => gaussianReal 0 1)
      (Set.univ.pi fun i =>
        Set.univ.pi fun j =>
          Set.Icc (witnessMatrix n i j - 1 i j - boxRadius n) (witnessMatrix n i j - 1 i j + boxRadius n)) =
    ∏ i,
      ∏ j,
        (gaussianReal 0 1)
          (Set.Icc (witnessMatrix n i j - 1 i j - boxRadius n) (witnessMatrix n i j - 1 i j + boxRadius n))
warning: NLA/IE04/GaussianBox.lean:51:29: This simp argument is unused:
  Measure.pi_pi

Hint: Omit it from the simp argument list.
  [apply] simp only [gaussianMatrix]

Note: This linter can be disabled with `set_option linter.unusedSimpArgs false`
error: NLA/IE04/GaussianBox.lean:94:21: #assert_trust: 'NLA.IE04.gaussian_box_product' depends on sorry or unrecognized axioms
  foundational: propext, Classical.choice, Quot.sound
  sorryAx: sorryAx
info: NLA/IE04/GaussianBox.lean:95:0: 'NLA.IE04.gaussian_box_product' depends on axioms: [propext, sorryAx, Classical.choice, Quot.sound]
error: NLA/IE04/GaussianBox.lean:96:21: #assert_trust: 'NLA.IE04.gaussian_box_probability' depends on sorry or unrecognized axioms
  foundational: propext, Classical.choice, Quot.sound
  sorryAx: sorryAx
info: NLA/IE04/GaussianBox.lean:97:0: 'NLA.IE04.gaussian_box_probability' depends on axioms: [propext, sorryAx, Classical.choice, Quot.sound]
error: Lean exited with code 1
Some required targets logged failures:
- NLA.IE04.Robustness
- NLA.IE04.GaussianBox
error: build failed
