$ lake exe cache get
✔ [1/5] Built Cache.Cli (126ms)
✔ [2/5] Built Cache.Lean (135ms)
✔ [6/26] Built Cache.Cli:c.o (153ms)
✔ [7/26] Built Cache.Lean:c.o (160ms)
✔ [8/26] Built Cache.Infra (197ms)
✔ [9/26] Built Cache.Infra:c.o (67ms)
✔ [10/26] Built Batteries.Tactic.OpenPrivate (369ms)
✔ [11/26] Built Cache.IO (514ms)
✔ [12/26] Built Batteries.Tactic.OpenPrivate:c.o (469ms)
✔ [13/26] Built Cache.Hashing (301ms)
✔ [14/26] Built Cache.Hashing:c.o (178ms)
✔ [15/26] Built Cache.IO:c.o (629ms)
✔ [16/26] Built Cache.Requests (731ms)
✔ [17/26] Built Cache.Marker (222ms)
✔ [18/26] Built Cache.Marker:c.o (46ms)
✔ [19/26] Built Cache.Query (270ms)
✔ [20/26] Built Cache.Query:c.o (133ms)
✔ [21/26] Built Cache.Warning (274ms)
✔ [22/26] Built Cache.Warning:c.o (114ms)
✔ [23/26] Built Cache.Main (437ms)
✔ [24/26] Built Cache.Requests:c.o (1.2s)
✔ [25/26] Built Cache.Main:c.o (379ms)
✔ [26/26] Built cache:exe (491ms)
/tmp/mf17-nla-tools/.tools/cache/mathlib/de9f26c986d670bd.ltar: No space left on device (os error 28) at path "/tmp/mf17-nla-tools/.verification-tmp/nla-fresh-proof-ywe3008f/project/.lake/packages/mathlib/./.lake/build/lib/lean/Mathlib/RingTheory/UniqueFactorizationDomain/.tmpGUXxTC"
/tmp/mf17-nla-tools/.tools/cache/mathlib/db266220f456e071.ltar: No space left on device (os error 28)
/tmp/mf17-nla-tools/.tools/cache/mathlib/d2b0aef9365934dd.ltar: No space left on device (os error 28) at path "/tmp/mf17-nla-tools/.verification-tmp/nla-fresh-proof-ywe3008f/project/.lake/packages/mathlib/./.lake/build/lib/lean/Mathlib/Algebra/Order/Ring/.tmp2innpC"
/tmp/mf17-nla-tools/.tools/cache/mathlib/8976714e80917a47.ltar: No space left on device (os error 28)
/tmp/mf17-nla-tools/.tools/cache/mathlib/3ae0b32c93980332.ltar: No space left on device (os error 28) at path "/tmp/mf17-nla-tools/.verification-tmp/nla-fresh-proof-ywe3008f/project/.lake/packages/mathlib/./.lake/build/lib/lean/Mathlib/SetTheory/Cardinal/.tmpID8VvY"
/tmp/mf17-nla-tools/.tools/cache/mathlib/8b6161c21b886301.ltar: No space left on device (os error 28)
/tmp/mf17-nla-tools/.tools/cache/mathlib/cbb604c990f4151d.ltar: No space left on device (os error 28)
/tmp/mf17-nla-tools/.tools/cache/mathlib/11ac3d15656fcaa3.ltar: No space left on device (os error 28) at path "/tmp/mf17-nla-tools/.verification-tmp/nla-fresh-proof-ywe3008f/project/.lake/packages/mathlib/./.lake/build/lib/lean/Mathlib/Data/Fintype/.tmpPGnPsK"
/tmp/mf17-nla-tools/.tools/cache/mathlib/ec6d3a8ea5b2e993.ltar: No space left on device (os error 28) at path "/tmp/mf17-nla-tools/.verification-tmp/nla-fresh-proof-ywe3008f/project/.lake/packages/mathlib/./.lake/build/lib/lean/Mathlib/Algebra/Homology/DerivedCategory/.tmpge03vD"
/tmp/mf17-nla-tools/.tools/cache/mathlib/d89eef7b377af799.ltar: No space left on device (os error 28) at path "/tmp/mf17-nla-tools/.verification-tmp/nla-fresh-proof-ywe3008f/project/.lake/packages/mathlib/./.lake/build/lib/lean/Mathlib/Topology/Sheaves/.tmpnmTzbd"
/tmp/mf17-nla-tools/.tools/cache/mathlib/2226aeefa1fdf152.ltar: No space left on device (os error 28) at path "/tmp/mf17-nla-tools/.verification-tmp/nla-fresh-proof-ywe3008f/project/.lake/packages/mathlib/./.lake/build/lib/lean/Mathlib/RingTheory/UniqueFactorizationDomain/.tmp28yEqU"
/tmp/mf17-nla-tools/.tools/cache/mathlib/7f9958a6fa59bc9d.ltar: No space left on device (os error 28) at path "/tmp/mf17-nla-tools/.verification-tmp/nla-fresh-proof-ywe3008f/project/.lake/packages/mathlib/./.lake/build/lib/lean/Mathlib/Algebra/Homology/DerivedCategory/.tmpw22Ai3"
/tmp/mf17-nla-tools/.tools/cache/mathlib/70a0bdc29c519562.ltar: No space left on device (os error 28)
/tmp/mf17-nla-tools/.tools/cache/mathlib/b6f2831322f7dace.ltar: No space left on device (os error 28) at path "/tmp/mf17-nla-tools/.verification-tmp/nla-fresh-proof-ywe3008f/project/.lake/packages/mathlib/./.lake/build/lib/lean/Mathlib/Tactic/NormNum/.tmp1zW1m7"
/tmp/mf17-nla-tools/.tools/cache/mathlib/5de67675f91a1854.ltar: No space left on device (os error 28)
/tmp/mf17-nla-tools/.tools/cache/mathlib/0de44c015163e796.ltar: No space left on device (os error 28) at path "/tmp/mf17-nla-tools/.verification-tmp/nla-fresh-proof-ywe3008f/project/.lake/packages/mathlib/./.lake/build/lib/lean/Mathlib/Data/Fintype/.tmpr0UVAD"
/tmp/mf17-nla-tools/.tools/cache/mathlib/cd367f7204b71136.ltar: No space left on device (os error 28) at path "/tmp/mf17-nla-tools/.verification-tmp/nla-fresh-proof-ywe3008f/project/.lake/packages/mathlib/./.lake/build/lib/lean/Mathlib/RingTheory/UniqueFactorizationDomain/.tmpvVKPRg"
/tmp/mf17-nla-tools/.tools/cache/mathlib/fc9a3f09e6dd4544.ltar: No space left on device (os error 28) at path "/tmp/mf17-nla-tools/.verification-tmp/nla-fresh-proof-ywe3008f/project/.lake/packages/mathlib/./.lake/build/lib/lean/Mathlib/Algebra/MonoidAlgebra/.tmp9tgs0l"
/tmp/mf17-nla-tools/.tools/cache/mathlib/4eacddabb26bd63a.ltar: No space left on device (os error 28)
/tmp/mf17-nla-tools/.tools/cache/mathlib/fd05e343ad459ce9.ltar: No space left on device (os error 28) at path "/tmp/mf17-nla-tools/.verification-tmp/nla-fresh-proof-ywe3008f/project/.lake/packages/mathlib/./.lake/build/lib/lean/Mathlib/Algebra/Order/Ring/.tmpTLBmos"
/tmp/mf17-nla-tools/.tools/cache/mathlib/bb3af0c4057dfde3.ltar: No space left on device (os error 28) at path "/tmp/mf17-nla-tools/.verification-tmp/nla-fresh-proof-ywe3008f/project/.lake/packages/mathlib/./.lake/build/lib/lean/Mathlib/RingTheory/MvPolynomial/.tmpCuyS3W"
/tmp/mf17-nla-tools/.tools/cache/mathlib/c17ab7ea49d9a1b9.ltar: No space left on device (os error 28) at path "/tmp/mf17-nla-tools/.verification-tmp/nla-fresh-proof-ywe3008f/project/.lake/packages/mathlib/./.lake/build/lib/lean/Mathlib/Algebra/Homology/DerivedCategory/.tmpZEtVXe"
/tmp/mf17-nla-tools/.tools/cache/mathlib/fd4dc4e25b53b25c.ltar: No space left on device (os error 28)
/tmp/mf17-nla-tools/.tools/cache/mathlib/04d4d277bd9f2b98.ltar: No space left on device (os error 28) at path "/tmp/mf17-nla-tools/.verification-tmp/nla-fresh-proof-ywe3008f/project/.lake/packages/mathlib/./.lake/build/lib/lean/Mathlib/Order/.tmpT7y1NZ"
/tmp/mf17-nla-tools/.tools/cache/mathlib/b76030568b7ddccc.ltar: No space left on device (os error 28)
/tmp/mf17-nla-tools/.tools/cache/mathlib/bf688ac4765abe18.ltar: No space left on device (os error 28) at path "/tmp/mf17-nla-tools/.verification-tmp/nla-fresh-proof-ywe3008f/project/.lake/packages/mathlib/./.lake/build/lib/lean/Mathlib/Order/.tmpEaVQPW"
/tmp/mf17-nla-tools/.tools/cache/mathlib/96dda44104f92205.ltar: No space left on device (os error 28) at path "/tmp/mf17-nla-tools/.verification-tmp/nla-fresh-proof-ywe3008f/project/.lake/packages/mathlib/./.lake/build/lib/lean/Mathlib/Order/.tmpMs8wdf"
/tmp/mf17-nla-tools/.tools/cache/mathlib/8fe77a278bdc7b04.ltar: No space left on device (os error 28) at path "/tmp/mf17-nla-tools/.verification-tmp/nla-fresh-proof-ywe3008f/project/.lake/packages/mathlib/./.lake/build/lib/lean/Mathlib/RingTheory/RingHom/.tmprdCqrg"
/tmp/mf17-nla-tools/.tools/cache/mathlib/8c1ebd9e8c51de43.ltar: No space left on device (os error 28) at path "/tmp/mf17-nla-tools/.verification-tmp/nla-fresh-proof-ywe3008f/project/.lake/packages/mathlib/./.lake/build/lib/lean/Mathlib/Algebra/Homology/DerivedCategory/.tmpzRb8gh"
/tmp/mf17-nla-tools/.tools/cache/mathlib/441508fb9763c71d.ltar: No space left on device (os error 28) at path "/tmp/mf17-nla-tools/.verification-tmp/nla-fresh-proof-ywe3008f/project/.lake/packages/mathlib/./.lake/build/lib/lean/Mathlib/Tactic/NormNum/.tmpXe9FWX"
/tmp/mf17-nla-tools/.tools/cache/mathlib/afbd1c0bef948345.ltar: No space left on device (os error 28)
/tmp/mf17-nla-tools/.tools/cache/mathlib/849ddf850c74f0d4.ltar: No space left on device (os error 28) at path "/tmp/mf17-nla-tools/.verification-tmp/nla-fresh-proof-ywe3008f/project/.lake/packages/mathlib/./.lake/build/lib/lean/Mathlib/CategoryTheory/Subobject/.tmp8pgXFa"
/tmp/mf17-nla-tools/.tools/cache/mathlib/c617bcd2d0ffa19f.ltar: No space left on device (os error 28) at path "/tmp/mf17-nla-tools/.verification-tmp/nla-fresh-proof-ywe3008f/project/.lake/packages/mathlib/./.lake/build/lib/lean/Mathlib/Algebra/Order/.tmp9Kf6Xp"
/tmp/mf17-nla-tools/.tools/cache/mathlib/10c1a48ee3abcab2.ltar: No space left on device (os error 28) at path "/tmp/mf17-nla-tools/.verification-tmp/nla-fresh-proof-ywe3008f/project/.lake/packages/mathlib/./.lake/build/lib/lean/Mathlib/NumberTheory/Padics/.tmpVPLZt8"
/tmp/mf17-nla-tools/.tools/cache/mathlib/03477e9c3340a3cf.ltar: No space left on device (os error 28) at path "/tmp/mf17-nla-tools/.verification-tmp/nla-fresh-proof-ywe3008f/project/.lake/packages/mathlib/./.lake/build/lib/lean/Mathlib/Order/.tmpWzuOad"
/tmp/mf17-nla-tools/.tools/cache/mathlib/da781cbfa94d0498.ltar: No space left on device (os error 28)
/tmp/mf17-nla-tools/.tools/cache/mathlib/c7a420181cd1beef.ltar: No space left on device (os error 28) at path "/tmp/mf17-nla-tools/.verification-tmp/nla-fresh-proof-ywe3008f/project/.lake/packages/mathlib/./.lake/build/lib/lean/Mathlib/GroupTheory/.tmpPVyxiB"
/tmp/mf17-nla-tools/.tools/cache/mathlib/3b18687d9ace51a1.ltar: No space left on device (os error 28) at path "/tmp/mf17-nla-tools/.verification-tmp/nla-fresh-proof-ywe3008f/project/.lake/packages/mathlib/./.lake/build/lib/lean/Mathlib/GroupTheory/.tmpGyhLr8"
/tmp/mf17-nla-tools/.tools/cache/mathlib/a8ac8cc217a8a026.ltar: No space left on device (os error 28)
/tmp/mf17-nla-tools/.tools/cache/mathlib/c0155f40d6ca2982.ltar: No space left on device (os error 28) at path "/tmp/mf17-nla-tools/.verification-tmp/nla-fresh-proof-ywe3008f/project/.lake/packages/mathlib/./.lake/build/lib/lean/Mathlib/Geometry/Manifold/VectorBundle/.tmp2OLp0P"
/tmp/mf17-nla-tools/.tools/cache/mathlib/9cd9adf2025c707e.ltar: No space left on device (os error 28) at path "/tmp/mf17-nla-tools/.verification-tmp/nla-fresh-proof-ywe3008f/project/.lake/packages/mathlib/./.lake/build/lib/lean/Mathlib/GroupTheory/.tmphRXuSU"
/tmp/mf17-nla-tools/.tools/cache/mathlib/d09e2ccf6e9552d8.ltar: No space left on device (os error 28)
/tmp/mf17-nla-tools/.tools/cache/mathlib/cd8e853091587743.ltar: No space left on device (os error 28) at path "/tmp/mf17-nla-tools/.verification-tmp/nla-fresh-proof-ywe3008f/project/.lake/packages/mathlib/./.lake/build/lib/lean/Mathlib/Algebra/Homology/DerivedCategory/.tmpn8cWO8"
/tmp/mf17-nla-tools/.tools/cache/mathlib/b2631e762060c824.ltar: No space left on device (os error 28) at path "/tmp/mf17-nla-tools/.verification-tmp/nla-fresh-proof-ywe3008f/project/.lake/packages/mathlib/./.lake/build/lib/lean/Mathlib/CategoryTheory/Galois/.tmpcjLpNR"
/tmp/mf17-nla-tools/.tools/cache/mathlib/f83ecb68a61eb973.ltar: No space left on device (os error 28) at path "/tmp/mf17-nla-tools/.verification-tmp/nla-fresh-proof-ywe3008f/project/.lake/packages/mathlib/./.lake/build/lib/lean/Mathlib/Order/.tmpqMVac5"
/tmp/mf17-nla-tools/.tools/cache/mathlib/b483c4880aebca4c.ltar: No space left on device (os error 28) at path "/tmp/mf17-nla-tools/.verification-tmp/nla-fresh-proof-ywe3008f/project/.lake/packages/mathlib/./.lake/build/lib/lean/Mathlib/Algebra/Algebra/Subalgebra/.tmp889khD"
/tmp/mf17-nla-tools/.tools/cache/mathlib/02cb6232cbc502d5.ltar: No space left on device (os error 28) at path "/tmp/mf17-nla-tools/.verification-tmp/nla-fresh-proof-ywe3008f/project/.lake/packages/mathlib/./.lake/build/lib/lean/Mathlib/RingTheory/UniqueFactorizationDomain/.tmpmdqhZa"
/tmp/mf17-nla-tools/.tools/cache/mathlib/bcfcd497b7a70d3a.ltar: No space left on device (os error 28) at path "/tmp/mf17-nla-tools/.verification-tmp/nla-fresh-proof-ywe3008f/project/.lake/packages/mathlib/./.lake/build/lib/lean/Mathlib/Algebra/Algebra/Subalgebra/.tmpLI6zsD"
/tmp/mf17-nla-tools/.tools/cache/mathlib/d5b6737b65e57648.ltar: No space left on device (os error 28)
/tmp/mf17-nla-tools/.tools/cache/mathlib/d7f4dba3f9f859de.ltar: No space left on device (os error 28) at path "/tmp/mf17-nla-tools/.verification-tmp/nla-fresh-proof-ywe3008f/project/.lake/packages/mathlib/./.lake/build/lib/lean/Mathlib/Algebra/Algebra/Subalgebra/.tmpWGnqcU"
/tmp/mf17-nla-tools/.tools/cache/mathlib/57ddab1d59c53120.ltar: No space left on device (os error 28) at path "/tmp/mf17-nla-tools/.verification-tmp/nla-fresh-proof-ywe3008f/project/.lake/packages/mathlib/./.lake/build/lib/lean/Mathlib/Order/.tmpif4LHT"
/tmp/mf17-nla-tools/.tools/cache/mathlib/ffcc609aa18399ba.ltar: No space left on device (os error 28) at path "/tmp/mf17-nla-tools/.verification-tmp/nla-fresh-proof-ywe3008f/project/.lake/packages/mathlib/./.lake/build/lib/lean/Mathlib/GroupTheory/MonoidLocalization/.tmpaBXjIk"
/tmp/mf17-nla-tools/.tools/cache/mathlib/6bc3b8d986065d1a.ltar: No space left on device (os error 28) at path "/tmp/mf17-nla-tools/.verification-tmp/nla-fresh-proof-ywe3008f/project/.lake/packages/mathlib/./.lake/build/lib/lean/Mathlib/GroupTheory/MonoidLocalization/.tmpZDEoDe"
/tmp/mf17-nla-tools/.tools/cache/mathlib/7d7c131e35fa41ea.ltar: No space left on device (os error 28) at path "/tmp/mf17-nla-tools/.verification-tmp/nla-fresh-proof-ywe3008f/project/.lake/packages/mathlib/./.lake/build/lib/lean/Mathlib/Algebra/Homology/DerivedCategory/.tmpY53G3t"
/tmp/mf17-nla-tools/.tools/cache/mathlib/bce9c7f198e2bb03.ltar: No space left on device (os error 28)
/tmp/mf17-nla-tools/.tools/cache/mathlib/1c7de2cfc9aa255d.ltar: No space left on device (os error 28) at path "/tmp/mf17-nla-tools/.verification-tmp/nla-fresh-proof-ywe3008f/project/.lake/packages/mathlib/./.lake/build/lib/lean/Mathlib/Data/Finset/.tmpDDaUjX"
/tmp/mf17-nla-tools/.tools/cache/mathlib/fe288c308396d5bb.ltar: No space left on device (os error 28)
/tmp/mf17-nla-tools/.tools/cache/mathlib/cd41cf48580d8330.ltar: No space left on device (os error 28)
/tmp/mf17-nla-tools/.tools/cache/mathlib/123e1ea86484ee5b.ltar: No space left on device (os error 28) at path "/tmp/mf17-nla-tools/.verification-tmp/nla-fresh-proof-ywe3008f/project/.lake/packages/mathlib/./.lake/build/lib/lean/Mathlib/Order/Interval/Set/.tmpKMs0XJ"
/tmp/mf17-nla-tools/.tools/cache/mathlib/0c58abfe23f86a73.ltar: No space left on device (os error 28)
/tmp/mf17-nla-tools/.tools/cache/mathlib/4819b60d0552482d.ltar: No space left on device (os error 28) at path "/tmp/mf17-nla-tools/.verification-tmp/nla-fresh-proof-ywe3008f/project/.lake/packages/mathlib/./.lake/build/lib/lean/Mathlib/Data/Fintype/.tmpgb5eQN"
/tmp/mf17-nla-tools/.tools/cache/mathlib/50bbc8905708bc1b.ltar: No space left on device (os error 28) at path "/tmp/mf17-nla-tools/.verification-tmp/nla-fresh-proof-ywe3008f/project/.lake/packages/mathlib/./.lake/build/lib/lean/Mathlib/Data/Fintype/.tmpPlme2R"
/tmp/mf17-nla-tools/.tools/cache/mathlib/04552271154ec4ed.ltar: No space left on device (os error 28)
/tmp/mf17-nla-tools/.tools/cache/mathlib/c87ad4fb995f411e.ltar: No space left on device (os error 28) at path "/tmp/mf17-nla-tools/.verification-tmp/nla-fresh-proof-ywe3008f/project/.lake/packages/mathlib/./.lake/build/lib/lean/Mathlib/Algebra/Algebra/Subalgebra/.tmpT8iMkZ"
/tmp/mf17-nla-tools/.tools/cache/mathlib/7b7d30b4c8323398.ltar: No space left on device (os error 28) at path "/tmp/mf17-nla-tools/.verification-tmp/nla-fresh-proof-ywe3008f/project/.lake/packages/mathlib/./.lake/build/lib/lean/Mathlib/Combinatorics/Quiver/.tmpAoiIZC"
/tmp/mf17-nla-tools/.tools/cache/mathlib/2a71296ba4e31b2c.ltar: No space left on device (os error 28)
/tmp/mf17-nla-tools/.tools/cache/mathlib/1d93dc87ac41f3bc.ltar: No space left on device (os error 28) at path "/tmp/mf17-nla-tools/.verification-tmp/nla-fresh-proof-ywe3008f/project/./.lake/packages/aesop/.lake/build/lib/lean/Aesop/Tree/.tmpAY59xg"
/tmp/mf17-nla-tools/.tools/cache/mathlib/b76b197af1f0dac5.ltar: No space left on device (os error 28) at path "/tmp/mf17-nla-tools/.verification-tmp/nla-fresh-proof-ywe3008f/project/.lake/packages/mathlib/./.lake/build/lib/lean/Mathlib/RingTheory/UniqueFactorizationDomain/.tmpXApRXi"
/tmp/mf17-nla-tools/.tools/cache/mathlib/a3c800f813a3973c.ltar: No space left on device (os error 28) at path "/tmp/mf17-nla-tools/.verification-tmp/nla-fresh-proof-ywe3008f/project/.lake/packages/mathlib/./.lake/build/lib/lean/Mathlib/RingTheory/MvPolynomial/.tmpUuRKyI"
/tmp/mf17-nla-tools/.tools/cache/mathlib/2267ab7d6e670c03.ltar: No space left on device (os error 28) at path "/tmp/mf17-nla-tools/.verification-tmp/nla-fresh-proof-ywe3008f/project/.lake/packages/mathlib/./.lake/build/lib/lean/Mathlib/Analysis/SpecialFunctions/Log/.tmpSvp8f8"
/tmp/mf17-nla-tools/.tools/cache/mathlib/ce850824019ad42a.ltar: No space left on device (os error 28) at path "/tmp/mf17-nla-tools/.verification-tmp/nla-fresh-proof-ywe3008f/project/./.lake/packages/aesop/.lake/build/lib/lean/Aesop/Tree/.tmpisVSR9"
/tmp/mf17-nla-tools/.tools/cache/mathlib/950f80bc994e1298.ltar: No space left on device (os error 28)
/tmp/mf17-nla-tools/.tools/cache/mathlib/1f1cb1008b063a2e.ltar: No space left on device (os error 28) at path "/tmp/mf17-nla-tools/.verification-tmp/nla-fresh-proof-ywe3008f/project/.lake/packages/mathlib/./.lake/build/lib/lean/Mathlib/Algebra/MonoidAlgebra/.tmpxegcxt"
/tmp/mf17-nla-tools/.tools/cache/mathlib/1472daef23008605.ltar: No space left on device (os error 28)
/tmp/mf17-nla-tools/.tools/cache/mathlib/e37277c2ca1ade07.ltar: No space left on device (os error 28) at path "/tmp/mf17-nla-tools/.verification-tmp/nla-fresh-proof-ywe3008f/project/.lake/packages/mathlib/./.lake/build/lib/lean/Mathlib/Tactic/NormNum/.tmpR8CIzg"
/tmp/mf17-nla-tools/.tools/cache/mathlib/e02538892ee1e807.ltar: No space left on device (os error 28)
/tmp/mf17-nla-tools/.tools/cache/mathlib/7800b653376eab5c.ltar: No space left on device (os error 28)
/tmp/mf17-nla-tools/.tools/cache/mathlib/529f127d6d05864c.ltar: No space left on device (os error 28) at path "/tmp/mf17-nla-tools/.verification-tmp/nla-fresh-proof-ywe3008f/project/.lake/packages/mathlib/./.lake/build/lib/lean/Mathlib/Algebra/MonoidAlgebra/.tmpdAYGx8"
/tmp/mf17-nla-tools/.tools/cache/mathlib/a0edaaf015ea4b04.ltar: No space left on device (os error 28)
/tmp/mf17-nla-tools/.tools/cache/mathlib/eeae70eafa820d02.ltar: No space left on device (os error 28) at path "/tmp/mf17-nla-tools/.verification-tmp/nla-fresh-proof-ywe3008f/project/.lake/packages/mathlib/./.lake/build/lib/lean/Mathlib/Combinatorics/Quiver/.tmptUMliM"
/tmp/mf17-nla-tools/.tools/cache/mathlib/4216529e032d095a.ltar: No space left on device (os error 28) at path "/tmp/mf17-nla-tools/.verification-tmp/nla-fresh-proof-ywe3008f/project/.lake/packages/mathlib/./.lake/build/lib/lean/Mathlib/CategoryTheory/Subobject/.tmpjszNmB"
/tmp/mf17-nla-tools/.tools/cache/mathlib/424c62ab56c18be5.ltar: No space left on device (os error 28)
/tmp/mf17-nla-tools/.tools/cache/mathlib/a2011184b764ec22.ltar: No space left on device (os error 28)
/tmp/mf17-nla-tools/.tools/cache/mathlib/62084c4b4f6ec34e.ltar: No space left on device (os error 28) at path "/tmp/mf17-nla-tools/.verification-tmp/nla-fresh-proof-ywe3008f/project/./.lake/packages/plausible/.lake/build/lib/lean/Plausible/.tmpg2EZMF"
/tmp/mf17-nla-tools/.tools/cache/mathlib/dc0e445b17bce888.ltar: No space left on device (os error 28) at path "/tmp/mf17-nla-tools/.verification-tmp/nla-fresh-proof-ywe3008f/project/.lake/packages/mathlib/./.lake/build/lib/lean/Mathlib/Analysis/Normed/Operator/.tmpibHq5h"
/tmp/mf17-nla-tools/.tools/cache/mathlib/812f816e5bcf03cc.ltar: No space left on device (os error 28)
/tmp/mf17-nla-tools/.tools/cache/mathlib/7bc831ce6354ba53.ltar: No space left on device (os error 28)
/tmp/mf17-nla-tools/.tools/cache/mathlib/7c82253abb12166c.ltar: No space left on device (os error 28)
/tmp/mf17-nla-tools/.tools/cache/mathlib/7573275623e092ff.ltar: No space left on device (os error 28) at path "/tmp/mf17-nla-tools/.verification-tmp/nla-fresh-proof-ywe3008f/project/.lake/packages/mathlib/./.lake/build/lib/lean/Mathlib/Analysis/Complex/.tmpRhKV5e"
/tmp/mf17-nla-tools/.tools/cache/mathlib/cbbc328233e862e5.ltar: No space left on device (os error 28) at path "/tmp/mf17-nla-tools/.verification-tmp/nla-fresh-proof-ywe3008f/project/.lake/packages/mathlib/./.lake/build/lib/lean/Mathlib/LinearAlgebra/.tmpdB24Bn"
/tmp/mf17-nla-tools/.tools/cache/mathlib/1b22ce8d2aa14b98.ltar: No space left on device (os error 28)
/tmp/mf17-nla-tools/.tools/cache/mathlib/b01757ac5b7c0b38.ltar: No space left on device (os error 28) at path "/tmp/mf17-nla-tools/.verification-tmp/nla-fresh-proof-ywe3008f/project/.lake/packages/mathlib/./.lake/build/lib/lean/Mathlib/AlgebraicTopology/DoldKan/.tmpyfIYD4"
/tmp/mf17-nla-tools/.tools/cache/mathlib/5f04863ff2fbbfdd.ltar: No space left on device (os error 28) at path "/tmp/mf17-nla-tools/.verification-tmp/nla-fresh-proof-ywe3008f/project/./.lake/packages/plausible/.lake/build/lib/lean/Plausible/.tmpoTvtOb"
/tmp/mf17-nla-tools/.tools/cache/mathlib/bb42b856f0e7811e.ltar: No space left on device (os error 28) at path "/tmp/mf17-nla-tools/.verification-tmp/nla-fresh-proof-ywe3008f/project/.lake/packages/mathlib/./.lake/build/lib/lean/Mathlib/Data/Fintype/.tmp988FmR"
/tmp/mf17-nla-tools/.tools/cache/mathlib/7e5758e399b60d19.ltar: No space left on device (os error 28) at path "/tmp/mf17-nla-tools/.verification-tmp/nla-fresh-proof-ywe3008f/project/.lake/packages/mathlib/./.lake/build/lib/lean/Mathlib/Topology/Algebra/.tmpiaKntG"
/tmp/mf17-nla-tools/.tools/cache/mathlib/2c2ed941bf34e126.ltar: No space left on device (os error 28)
/tmp/mf17-nla-tools/.tools/cache/mathlib/7100bc9d0efa0457.ltar: No space left on device (os error 28) at path "/tmp/mf17-nla-tools/.verification-tmp/nla-fresh-proof-ywe3008f/project/.lake/packages/mathlib/./.lake/build/lib/lean/Mathlib/Algebra/MonoidAlgebra/.tmpEUj7CN"
/tmp/mf17-nla-tools/.tools/cache/mathlib/77766b4336a0e929.ltar: No space left on device (os error 28) at path "/tmp/mf17-nla-tools/.verification-tmp/nla-fresh-proof-ywe3008f/project/.lake/packages/mathlib/./.lake/build/lib/lean/Mathlib/NumberTheory/Padics/.tmpvpoQWW"
/tmp/mf17-nla-tools/.tools/cache/mathlib/963c8523ac82e747.ltar: No space left on device (os error 28) at path "/tmp/mf17-nla-tools/.verification-tmp/nla-fresh-proof-ywe3008f/project/.lake/packages/mathlib/./.lake/build/lib/lean/Mathlib/Probability/Distributions/.tmpT60MAp"
/tmp/mf17-nla-tools/.tools/cache/mathlib/5567a0a1e599f6ee.ltar: No space left on device (os error 28) at path "/tmp/mf17-nla-tools/.verification-tmp/nla-fresh-proof-ywe3008f/project/.lake/packages/mathlib/./.lake/build/lib/lean/Mathlib/Topology/Connected/.tmpbQtQsd"
/tmp/mf17-nla-tools/.tools/cache/mathlib/e8305a8ce2c1e1a0.ltar: No space left on device (os error 28)
/tmp/mf17-nla-tools/.tools/cache/mathlib/75f79da1184a14c7.ltar: No space left on device (os error 28) at path "/tmp/mf17-nla-tools/.verification-tmp/nla-fresh-proof-ywe3008f/project/.lake/packages/mathlib/./.lake/build/lib/lean/Mathlib/AlgebraicTopology/DoldKan/.tmpMSS1St"
/tmp/mf17-nla-tools/.tools/cache/mathlib/9f0c90add994af5b.ltar: No space left on device (os error 28) at path "/tmp/mf17-nla-tools/.verification-tmp/nla-fresh-proof-ywe3008f/project/.lake/packages/mathlib/./.lake/build/lib/lean/Mathlib/Analysis/Normed/Module/.tmpAmas8v"
Decompression of already-cached files failed (exit code 1)
Current branch: HEAD
Using cache from origin: (some leanprover-community/mathlib4)
Decompressing 8689 already-cached file(s) (1 already decompressed)
No files to download

EXIT_STATUS=1
