Author macOS milestone build; cached pinned dependencies. No Comparator or full verification claim.
Lean (version 4.33.1, arm64-apple-darwin24.6.0, commit 819816b2e0a3bf405af45ae5c7af2491d8f5bee6, Release)
SOURCE SHA256: 8f5b34b3db51676c93701b2919371c2d9a9dab95a2dd2e916935393d0804bbe1
COMMAND: ["/private/tmp/nla-campaign-toolchain/lean-4.33.1-darwin_aarch64/bin/lean", "-o", "/var/folders/yr/766r3vcd65n38k3xsp24d0xm0000gq/T/nla-ie21-concentration-milestone-y14_lqu6/NLA/IE21/Definitions.olean", "NLA/IE21/Definitions.lean"]
EXIT: 0
SOURCE SHA256: e01148c5f0dc4d08b829bd61db1e0b4061ad7a24968320813068211e6ec6ec55
COMMAND: ["/private/tmp/nla-campaign-toolchain/lean-4.33.1-darwin_aarch64/bin/lean", "-o", "/var/folders/yr/766r3vcd65n38k3xsp24d0xm0000gq/T/nla-ie21-concentration-milestone-y14_lqu6/NLA/IE21/GaussianTrimming.olean", "NLA/IE21/GaussianTrimming.lean"]
EXIT: 0
SOURCE SHA256: fce653d1b4b34543e45f9cdf8f450350c0c8efd677964bb030732b5b0731ed85
COMMAND: ["/private/tmp/nla-campaign-toolchain/lean-4.33.1-darwin_aarch64/bin/lean", "-o", "/var/folders/yr/766r3vcd65n38k3xsp24d0xm0000gq/T/nla-ie21-concentration-milestone-y14_lqu6/NLA/IE21/PopulationTrimming.olean", "NLA/IE21/PopulationTrimming.lean"]
EXIT: 0
SOURCE SHA256: c1601c196a8c6c08f187ee0b6eb699ea1781b34ab0a639c0e1e6bd3da09eb098
COMMAND: ["/private/tmp/nla-campaign-toolchain/lean-4.33.1-darwin_aarch64/bin/lean", "-o", "/var/folders/yr/766r3vcd65n38k3xsp24d0xm0000gq/T/nla-ie21-concentration-milestone-y14_lqu6/NLA/IE21/QuantileTrimming.olean", "NLA/IE21/QuantileTrimming.lean"]
EXIT: 0
SOURCE SHA256: a6eae189ce23aff24a4f1ae664bdc7ca5d33a7dab8cd702dba4bf62b4843e705
COMMAND: ["/private/tmp/nla-campaign-toolchain/lean-4.33.1-darwin_aarch64/bin/lean", "-o", "/var/folders/yr/766r3vcd65n38k3xsp24d0xm0000gq/T/nla-ie21-concentration-milestone-y14_lqu6/NLA/IE21/MatrixSemantics.olean", "NLA/IE21/MatrixSemantics.lean"]
EXIT: 0
SOURCE SHA256: 07519921bf6d3ca9919afbf0287e572238a80d310d0467f1c1d30b1e2aeef038
COMMAND: ["/private/tmp/nla-campaign-toolchain/lean-4.33.1-darwin_aarch64/bin/lean", "-o", "/var/folders/yr/766r3vcd65n38k3xsp24d0xm0000gq/T/nla-ie21-concentration-milestone-y14_lqu6/NLA/IE21/FiniteTrimming.olean", "NLA/IE21/FiniteTrimming.lean"]
EXIT: 0
SOURCE SHA256: 3e634d650b5f7d066457d9eccd8406ae0945c1774890282b2a5ac8cf58000267
COMMAND: ["/private/tmp/nla-campaign-toolchain/lean-4.33.1-darwin_aarch64/bin/lean", "-o", "/var/folders/yr/766r3vcd65n38k3xsp24d0xm0000gq/T/nla-ie21-concentration-milestone-y14_lqu6/NLA/IE21/EmpiricalTrimming.olean", "NLA/IE21/EmpiricalTrimming.lean"]
EXIT: 0
SOURCE SHA256: 1b0eea5beaabaefd8dd6b15df3f5b4a71eb620f9ee13b67949c467c96675c7b3
COMMAND: ["/private/tmp/nla-campaign-toolchain/lean-4.33.1-darwin_aarch64/bin/lean", "-o", "/var/folders/yr/766r3vcd65n38k3xsp24d0xm0000gq/T/nla-ie21-concentration-milestone-y14_lqu6/NLA/IE21/BoundedConcentration.olean", "NLA/IE21/BoundedConcentration.lean"]
EXIT: 0
SOURCE SHA256: 04828fc5953c3814a12abbe5056d90cddd2208d0bf1b94d6fc904f9543721c83
COMMAND: ["/private/tmp/nla-campaign-toolchain/lean-4.33.1-darwin_aarch64/bin/lean", "-o", "/var/folders/yr/766r3vcd65n38k3xsp24d0xm0000gq/T/nla-ie21-concentration-milestone-y14_lqu6/NLA/IE21/TrimmingConcentration.olean", "NLA/IE21/TrimmingConcentration.lean"]
EXIT: 0
SOURCE SHA256: 24dde405fe89dbd14ec42cb9a676a4debce9225dc2b8d1da293369d4ab159a6e
COMMAND: ["/private/tmp/nla-campaign-toolchain/lean-4.33.1-darwin_aarch64/bin/lean", "-o", "/var/folders/yr/766r3vcd65n38k3xsp24d0xm0000gq/T/nla-ie21-concentration-milestone-y14_lqu6/reviews/gaussian-trimming-author-evidence/ConcentrationAxioms.olean", "reviews/gaussian-trimming-author-evidence/ConcentrationAxioms.lean"]
'NLA.IE21.bounded_sum_upper_tail' depends on axioms: [propext, Classical.choice, Quot.sound]
'NLA.IE21.bounded_sum_lower_tail' depends on axioms: [propext, Classical.choice, Quot.sound]
'NLA.IE21.bounded_sum_abs_tail' depends on axioms: [propext, Classical.choice, Quot.sound]
'NLA.IE21.retainedRows_bounds' depends on axioms: [propext, Classical.choice, Quot.sound]
'NLA.IE21.finiteTrim_fractional_mean_error' depends on axioms: [propext, Classical.choice, Quot.sound]
'NLA.IE21.independent_trim_concentration' depends on axioms: [propext, Classical.choice, Quot.sound]
EXIT: 0
