Author macOS milestone build; cached pinned dependencies. No Comparator or full verification claim.
Lean (version 4.33.1, arm64-apple-darwin24.6.0, commit 819816b2e0a3bf405af45ae5c7af2491d8f5bee6, Release)
SOURCE SHA256: 8f5b34b3db51676c93701b2919371c2d9a9dab95a2dd2e916935393d0804bbe1
COMMAND: ["/private/tmp/nla-campaign-toolchain/lean-4.33.1-darwin_aarch64/bin/lean", "-o", "/var/folders/yr/766r3vcd65n38k3xsp24d0xm0000gq/T/nla-ie21-population-milestone-6c05b_7e/NLA/IE21/Definitions.olean", "NLA/IE21/Definitions.lean"]
EXIT: 0
SOURCE SHA256: e01148c5f0dc4d08b829bd61db1e0b4061ad7a24968320813068211e6ec6ec55
COMMAND: ["/private/tmp/nla-campaign-toolchain/lean-4.33.1-darwin_aarch64/bin/lean", "-o", "/var/folders/yr/766r3vcd65n38k3xsp24d0xm0000gq/T/nla-ie21-population-milestone-6c05b_7e/NLA/IE21/GaussianTrimming.olean", "NLA/IE21/GaussianTrimming.lean"]
EXIT: 0
SOURCE SHA256: fce653d1b4b34543e45f9cdf8f450350c0c8efd677964bb030732b5b0731ed85
COMMAND: ["/private/tmp/nla-campaign-toolchain/lean-4.33.1-darwin_aarch64/bin/lean", "-o", "/var/folders/yr/766r3vcd65n38k3xsp24d0xm0000gq/T/nla-ie21-population-milestone-6c05b_7e/NLA/IE21/PopulationTrimming.olean", "NLA/IE21/PopulationTrimming.lean"]
EXIT: 0
SOURCE SHA256: f9db3b7397147fa5c5ba8acb35715db0c811a9bf64608e01f56df1ea31b0618e
COMMAND: ["/private/tmp/nla-campaign-toolchain/lean-4.33.1-darwin_aarch64/bin/lean", "-o", "/var/folders/yr/766r3vcd65n38k3xsp24d0xm0000gq/T/nla-ie21-population-milestone-6c05b_7e/reviews/gaussian-trimming-author-evidence/PopulationAxioms.olean", "reviews/gaussian-trimming-author-evidence/PopulationAxioms.lean"]
'NLA.IE21.trimming_hinge_integrable' depends on axioms: [propext, Classical.choice, Quot.sound]
'NLA.IE21.trimming_objective_le_integral' depends on axioms: [propext, Classical.choice, Quot.sound]
'NLA.IE21.populationTrim_objectives_bddAbove' depends on axioms: [propext, Classical.choice, Quot.sound]
'NLA.IE21.populationTrim_objectives_nonempty' depends on axioms: [propext, Classical.choice, Quot.sound]
'NLA.IE21.trimming_objective_le_populationTrim' depends on axioms: [propext, Classical.choice, Quot.sound]
'NLA.IE21.populationTrim_le_integral' depends on axioms: [propext, Classical.choice, Quot.sound]
'NLA.IE21.populationTrim_nonneg' depends on axioms: [propext, Classical.choice, Quot.sound]
'NLA.IE21.populationTrim_map' depends on axioms: [propext, Classical.choice, Quot.sound]
'NLA.IE21.populationTrim_coupling_lipschitz' depends on axioms: [propext, Classical.choice, Quot.sound]
'NLA.IE21.populationTrim_eq_setIntegral' depends on axioms: [propext, Classical.choice, Quot.sound]
'NLA.IE21.populationTrim_gaussian' depends on axioms: [propext, Classical.choice, Quot.sound]
EXIT: 0
