Lean (version 4.33.1, arm64-apple-darwin24.6.0, commit 819816b2e0a3bf405af45ae5c7af2491d8f5bee6, Release)
COMMAND ["/private/tmp/nla-campaign-toolchain/lean-4.33.1-darwin_aarch64/bin/lean", "-o", "/private/tmp/ie21-independent-correctness-qtk4xcsh/NLA/IE21/Definitions.olean", "NLA/IE21/Definitions.lean"]
EXIT 0
COMMAND ["/private/tmp/nla-campaign-toolchain/lean-4.33.1-darwin_aarch64/bin/lean", "-o", "/private/tmp/ie21-independent-correctness-qtk4xcsh/NLA/IE21/AspectSchedule.olean", "NLA/IE21/AspectSchedule.lean"]
'NLA.IE21.aspect_schedule' depends on axioms: [propext, Classical.choice, Quot.sound]
EXIT 0
COMMAND ["/private/tmp/nla-campaign-toolchain/lean-4.33.1-darwin_aarch64/bin/lean", "-o", "/private/tmp/ie21-independent-correctness-qtk4xcsh/NLA/IE21/SphericalLaw.olean", "NLA/IE21/SphericalLaw.lean"]
EXIT 0
COMMAND ["/private/tmp/nla-campaign-toolchain/lean-4.33.1-darwin_aarch64/bin/lean", "-o", "/private/tmp/ie21-independent-correctness-qtk4xcsh/NLA/IE21/RowLaw.olean", "NLA/IE21/RowLaw.lean"]
EXIT 0
COMMAND ["/private/tmp/nla-campaign-toolchain/lean-4.33.1-darwin_aarch64/bin/lean", "-o", "/private/tmp/ie21-independent-correctness-qtk4xcsh/NLA/IE21/MatrixSemantics.olean", "NLA/IE21/MatrixSemantics.lean"]
EXIT 0
COMMAND ["/private/tmp/nla-campaign-toolchain/lean-4.33.1-darwin_aarch64/bin/lean", "-o", "/private/tmp/ie21-independent-correctness-qtk4xcsh/NLA/IE21/FiniteTrimming.olean", "NLA/IE21/FiniteTrimming.lean"]
EXIT 0
COMMAND ["/private/tmp/nla-campaign-toolchain/lean-4.33.1-darwin_aarch64/bin/lean", "-o", "/private/tmp/ie21-independent-correctness-qtk4xcsh/NLA/IE21/AsymptoticTail.olean", "NLA/IE21/AsymptoticTail.lean"]
EXIT 0
COMMAND ["/private/tmp/nla-campaign-toolchain/lean-4.33.1-darwin_aarch64/bin/lean", "-o", "/private/tmp/ie21-independent-correctness-qtk4xcsh/NLA/IE21/GaussianTrimming.olean", "NLA/IE21/GaussianTrimming.lean"]
EXIT 0
COMMAND ["/private/tmp/nla-campaign-toolchain/lean-4.33.1-darwin_aarch64/bin/lean", "-o", "/private/tmp/ie21-independent-correctness-qtk4xcsh/NLA/IE21/BoundedConcentration.olean", "NLA/IE21/BoundedConcentration.lean"]
EXIT 0
COMMAND ["/private/tmp/nla-campaign-toolchain/lean-4.33.1-darwin_aarch64/bin/lean", "-o", "/private/tmp/ie21-independent-correctness-qtk4xcsh/NLA/IE21/Chernoff.olean", "NLA/IE21/Chernoff.lean"]
EXIT 0
COMMAND ["/private/tmp/nla-campaign-toolchain/lean-4.33.1-darwin_aarch64/bin/lean", "-o", "/private/tmp/ie21-independent-correctness-qtk4xcsh/NLA/IE21/SphereNet.olean", "NLA/IE21/SphereNet.lean"]
'NLA.IE21.sphere_net' depends on axioms: [propext, Classical.choice, Quot.sound]
EXIT 0
COMMAND ["/private/tmp/nla-campaign-toolchain/lean-4.33.1-darwin_aarch64/bin/lean", "-o", "/private/tmp/ie21-independent-correctness-qtk4xcsh/NLA/IE21/QuadraticNet.olean", "NLA/IE21/QuadraticNet.lean"]
EXIT 0
COMMAND ["/private/tmp/nla-campaign-toolchain/lean-4.33.1-darwin_aarch64/bin/lean", "-o", "/private/tmp/ie21-independent-correctness-qtk4xcsh/NLA/IE21/CovarianceConcentration.olean", "NLA/IE21/CovarianceConcentration.lean"]
EXIT 0
COMMAND ["/private/tmp/nla-campaign-toolchain/lean-4.33.1-darwin_aarch64/bin/lean", "-o", "/private/tmp/ie21-independent-correctness-qtk4xcsh/NLA/IE21/GaussianPolar.olean", "NLA/IE21/GaussianPolar.lean"]
EXIT 0
COMMAND ["/private/tmp/nla-campaign-toolchain/lean-4.33.1-darwin_aarch64/bin/lean", "-o", "/private/tmp/ie21-independent-correctness-qtk4xcsh/NLA/IE21/GaussianMoments.olean", "NLA/IE21/GaussianMoments.lean"]
EXIT 0
COMMAND ["/private/tmp/nla-campaign-toolchain/lean-4.33.1-darwin_aarch64/bin/lean", "-o", "/private/tmp/ie21-independent-correctness-qtk4xcsh/NLA/IE21/SphericalMoments.olean", "NLA/IE21/SphericalMoments.lean"]
EXIT 0
COMMAND ["/private/tmp/nla-campaign-toolchain/lean-4.33.1-darwin_aarch64/bin/lean", "-o", "/private/tmp/ie21-independent-correctness-qtk4xcsh/NLA/IE21/SphericalMGF.olean", "NLA/IE21/SphericalMGF.lean"]
EXIT 0
COMMAND ["/private/tmp/nla-campaign-toolchain/lean-4.33.1-darwin_aarch64/bin/lean", "-o", "/private/tmp/ie21-independent-correctness-qtk4xcsh/NLA/IE21/Covariance.olean", "NLA/IE21/Covariance.lean"]
EXIT 0
COMMAND ["/private/tmp/nla-campaign-toolchain/lean-4.33.1-darwin_aarch64/bin/lean", "-o", "/private/tmp/ie21-independent-correctness-qtk4xcsh/NLA/IE21/PopulationTrimming.olean", "NLA/IE21/PopulationTrimming.lean"]
EXIT 0
COMMAND ["/private/tmp/nla-campaign-toolchain/lean-4.33.1-darwin_aarch64/bin/lean", "-o", "/private/tmp/ie21-independent-correctness-qtk4xcsh/NLA/IE21/QuantileTrimming.olean", "NLA/IE21/QuantileTrimming.lean"]
EXIT 0
COMMAND ["/private/tmp/nla-campaign-toolchain/lean-4.33.1-darwin_aarch64/bin/lean", "-o", "/private/tmp/ie21-independent-correctness-qtk4xcsh/NLA/IE21/EmpiricalTrimming.olean", "NLA/IE21/EmpiricalTrimming.lean"]
EXIT 0
COMMAND ["/private/tmp/nla-campaign-toolchain/lean-4.33.1-darwin_aarch64/bin/lean", "-o", "/private/tmp/ie21-independent-correctness-qtk4xcsh/NLA/IE21/UniformTrimmingGeometry.olean", "NLA/IE21/UniformTrimmingGeometry.lean"]
EXIT 0
COMMAND ["/private/tmp/nla-campaign-toolchain/lean-4.33.1-darwin_aarch64/bin/lean", "-o", "/private/tmp/ie21-independent-correctness-qtk4xcsh/NLA/IE21/UniformTrimmingBound.olean", "NLA/IE21/UniformTrimmingBound.lean"]
EXIT 0
COMMAND ["/private/tmp/nla-campaign-toolchain/lean-4.33.1-darwin_aarch64/bin/lean", "-o", "/private/tmp/ie21-independent-correctness-qtk4xcsh/NLA/IE21/SphericalTrimming.olean", "NLA/IE21/SphericalTrimming.lean"]
EXIT 0
COMMAND ["/private/tmp/nla-campaign-toolchain/lean-4.33.1-darwin_aarch64/bin/lean", "-o", "/private/tmp/ie21-independent-correctness-qtk4xcsh/NLA/IE21/TrimmingConcentration.olean", "NLA/IE21/TrimmingConcentration.lean"]
EXIT 0
COMMAND ["/private/tmp/nla-campaign-toolchain/lean-4.33.1-darwin_aarch64/bin/lean", "-o", "/private/tmp/ie21-independent-correctness-qtk4xcsh/NLA/IE21/PointwiseTrimmingSemantics.olean", "NLA/IE21/PointwiseTrimmingSemantics.lean"]
EXIT 0
COMMAND ["/private/tmp/nla-campaign-toolchain/lean-4.33.1-darwin_aarch64/bin/lean", "-o", "/private/tmp/ie21-independent-correctness-qtk4xcsh/NLA/IE21/PointwiseTrimming.olean", "NLA/IE21/PointwiseTrimming.lean"]
EXIT 0
COMMAND ["/private/tmp/nla-campaign-toolchain/lean-4.33.1-darwin_aarch64/bin/lean", "-o", "/private/tmp/ie21-independent-correctness-qtk4xcsh/NLA/IE21/UniformTrimming.olean", "NLA/IE21/UniformTrimming.lean"]
EXIT 0
COMMAND ["/private/tmp/nla-campaign-toolchain/lean-4.33.1-darwin_aarch64/bin/lean", "-o", "/private/tmp/ie21-independent-correctness-qtk4xcsh/NLA/IE21/RatioAlgebra.olean", "NLA/IE21/RatioAlgebra.lean"]
EXIT 0
COMMAND ["/private/tmp/nla-campaign-toolchain/lean-4.33.1-darwin_aarch64/bin/lean", "-o", "/private/tmp/ie21-independent-correctness-qtk4xcsh/NLA/IE21/FiniteSizeGeometry.olean", "NLA/IE21/FiniteSizeGeometry.lean"]
EXIT 0
COMMAND ["/private/tmp/nla-campaign-toolchain/lean-4.33.1-darwin_aarch64/bin/lean", "-o", "/private/tmp/ie21-independent-correctness-qtk4xcsh/NLA/IE21/FiniteSize.olean", "NLA/IE21/FiniteSize.lean"]
EXIT 0
COMMAND ["/private/tmp/nla-campaign-toolchain/lean-4.33.1-darwin_aarch64/bin/lean", "reviews/ie21-final-correctness-evidence/ExactTypesAndAxioms.lean"]
reviews/ie21-final-correctness-evidence/ExactTypesAndAxioms.lean:8:21: warning: Variable name `hn` is not explicitly referenced.

Hint: The binding can be removed (if unused) or named `_` (if used implicitly). Alternatively, prefix the name with `_` to silence this warning:
  [apply] _hn

Note: This linter can be disabled with `set_option linter.unusedVariables false`
'NLA.IE21.surface_probability' depends on axioms: [propext, Classical.choice, Quot.sound]
reviews/ie21-final-correctness-evidence/ExactTypesAndAxioms.lean:13:21: warning: Variable name `hn` is not explicitly referenced.

Hint: The binding can be removed (if unused) or named `_` (if used implicitly). Alternatively, prefix the name with `_` to silence this warning:
  [apply] _hn

Note: This linter can be disabled with `set_option linter.unusedVariables false`
'NLA.IE21.gaussian_surface_correspondence' depends on axioms: [propext, Classical.choice, Quot.sound]
reviews/ie21-final-correctness-evidence/ExactTypesAndAxioms.lean:20:23: warning: Variable name `hn` is not explicitly referenced.

Hint: The binding can be removed (if unused) or named `_` (if used implicitly). Alternatively, prefix the name with `_` to silence this warning:
  [apply] _hn

Note: This linter can be disabled with `set_option linter.unusedVariables false`
'NLA.IE21.product_row_semantics' depends on axioms: [propext, Classical.choice, Quot.sound]
reviews/ie21-final-correctness-evidence/ExactTypesAndAxioms.lean:27:5: warning: Variable name `hA` is not explicitly referenced.

Hint: The binding can be removed (if unused) or named `_` (if used implicitly). Alternatively, prefix the name with `_` to silence this warning:
  [apply] _hA

Note: This linter can be disabled with `set_option linter.unusedVariables false`
'NLA.IE21.independent_row_transport' depends on axioms: [propext, Classical.choice, Quot.sound]
reviews/ie21-final-correctness-evidence/ExactTypesAndAxioms.lean:30:37: warning: Variable name `hn` is not explicitly referenced.

Hint: The binding can be removed (if unused) or named `_` (if used implicitly). Alternatively, prefix the name with `_` to silence this warning:
  [apply] _hn

Note: This linter can be disabled with `set_option linter.unusedVariables false`
'NLA.IE21.matrix_semantics' depends on axioms: [propext, Classical.choice, Quot.sound]
reviews/ie21-final-correctness-evidence/ExactTypesAndAxioms.lean:37:31: warning: Variable name `hθ` is not explicitly referenced.

Hint: The binding can be removed (if unused) or named `_` (if used implicitly). Alternatively, prefix the name with `_` to silence this warning:
  [apply] _hθ

Note: This linter can be disabled with `set_option linter.unusedVariables false`
reviews/ie21-final-correctness-evidence/ExactTypesAndAxioms.lean:38:19: warning: Variable name `hn` is not explicitly referenced.

Hint: The binding can be removed (if unused) or named `_` (if used implicitly). Alternatively, prefix the name with `_` to silence this warning:
  [apply] _hn

Note: This linter can be disabled with `set_option linter.unusedVariables false`
'NLA.IE21.deletion_minimum' depends on axioms: [propext, Classical.choice, Quot.sound]
reviews/ie21-final-correctness-evidence/ExactTypesAndAxioms.lean:47:31: warning: Variable name `hθ` is not explicitly referenced.

Hint: The binding can be removed (if unused) or named `_` (if used implicitly). Alternatively, prefix the name with `_` to silence this warning:
  [apply] _hθ

Note: This linter can be disabled with `set_option linter.unusedVariables false`
reviews/ie21-final-correctness-evidence/ExactTypesAndAxioms.lean:48:19: warning: Variable name `hn` is not explicitly referenced.

Hint: The binding can be removed (if unused) or named `_` (if used implicitly). Alternatively, prefix the name with `_` to silence this warning:
  [apply] _hn

Note: This linter can be disabled with `set_option linter.unusedVariables false`
'NLA.IE21.deletion_zero_cases' depends on axioms: [propext, Classical.choice, Quot.sound]
reviews/ie21-final-correctness-evidence/ExactTypesAndAxioms.lean:54:21: warning: Variable name `hm` is not explicitly referenced.

Hint: The binding can be removed (if unused) or named `_` (if used implicitly). Alternatively, prefix the name with `_` to silence this warning:
  [apply] _hm

Note: This linter can be disabled with `set_option linter.unusedVariables false`
reviews/ie21-final-correctness-evidence/ExactTypesAndAxioms.lean:54:42: warning: Variable name `hk` is not explicitly referenced.

Hint: The binding can be removed (if unused) or named `_` (if used implicitly). Alternatively, prefix the name with `_` to silence this warning:
  [apply] _hk

Note: This linter can be disabled with `set_option linter.unusedVariables false`
reviews/ie21-final-correctness-evidence/ExactTypesAndAxioms.lean:55:21: warning: Variable name `hy` is not explicitly referenced.

Hint: The binding can be removed (if unused) or named `_` (if used implicitly). Alternatively, prefix the name with `_` to silence this warning:
  [apply] _hy

Note: This linter can be disabled with `set_option linter.unusedVariables false`
'NLA.IE21.finite_trimming_semantics' depends on axioms: [propext, Classical.choice, Quot.sound]
reviews/ie21-final-correctness-evidence/ExactTypesAndAxioms.lean:61:31: warning: Variable name `hθ` is not explicitly referenced.

Hint: The binding can be removed (if unused) or named `_` (if used implicitly). Alternatively, prefix the name with `_` to silence this warning:
  [apply] _hθ

Note: This linter can be disabled with `set_option linter.unusedVariables false`
reviews/ie21-final-correctness-evidence/ExactTypesAndAxioms.lean:62:19: warning: Variable name `hm` is not explicitly referenced.

Hint: The binding can be removed (if unused) or named `_` (if used implicitly). Alternatively, prefix the name with `_` to silence this warning:
  [apply] _hm

Note: This linter can be disabled with `set_option linter.unusedVariables false`
reviews/ie21-final-correctness-evidence/ExactTypesAndAxioms.lean:62:32: warning: Variable name `hn` is not explicitly referenced.

Hint: The binding can be removed (if unused) or named `_` (if used implicitly). Alternatively, prefix the name with `_` to silence this warning:
  [apply] _hn

Note: This linter can be disabled with `set_option linter.unusedVariables false`
'NLA.IE21.directional_minimum' depends on axioms: [propext, Classical.choice, Quot.sound]
reviews/ie21-final-correctness-evidence/ExactTypesAndAxioms.lean:66:31: warning: Variable name `hθ` is not explicitly referenced.

Hint: The binding can be removed (if unused) or named `_` (if used implicitly). Alternatively, prefix the name with `_` to silence this warning:
  [apply] _hθ

Note: This linter can be disabled with `set_option linter.unusedVariables false`
reviews/ie21-final-correctness-evidence/ExactTypesAndAxioms.lean:67:5: warning: Variable name `hn` is not explicitly referenced.

Hint: The binding can be removed (if unused) or named `_` (if used implicitly). Alternatively, prefix the name with `_` to silence this warning:
  [apply] _hn

Note: This linter can be disabled with `set_option linter.unusedVariables false`
'NLA.IE21.statistics_measurable' depends on axioms: [propext, Classical.choice, Quot.sound]
reviews/ie21-final-correctness-evidence/ExactTypesAndAxioms.lean:73:21: warning: Variable name `hθ` is not explicitly referenced.

Hint: The binding can be removed (if unused) or named `_` (if used implicitly). Alternatively, prefix the name with `_` to silence this warning:
  [apply] _hθ

Note: This linter can be disabled with `set_option linter.unusedVariables false`
'NLA.IE21.gaussian_constant' depends on axioms: [propext, Classical.choice, Quot.sound]
reviews/ie21-final-correctness-evidence/ExactTypesAndAxioms.lean:81:21: warning: Variable name `hn` is not explicitly referenced.

Hint: The binding can be removed (if unused) or named `_` (if used implicitly). Alternatively, prefix the name with `_` to silence this warning:
  [apply] _hn

Note: This linter can be disabled with `set_option linter.unusedVariables false`
reviews/ie21-final-correctness-evidence/ExactTypesAndAxioms.lean:81:48: warning: Variable name `hx` is not explicitly referenced.

Hint: The binding can be removed (if unused) or named `_` (if used implicitly). Alternatively, prefix the name with `_` to silence this warning:
  [apply] _hx

Note: This linter can be disabled with `set_option linter.unusedVariables false`
'NLA.IE21.spherical_moments' depends on axioms: [propext, Classical.choice, Quot.sound]
reviews/ie21-final-correctness-evidence/ExactTypesAndAxioms.lean:90:21: warning: Variable name `hn` is not explicitly referenced.

Hint: The binding can be removed (if unused) or named `_` (if used implicitly). Alternatively, prefix the name with `_` to silence this warning:
  [apply] _hn

Note: This linter can be disabled with `set_option linter.unusedVariables false`
reviews/ie21-final-correctness-evidence/ExactTypesAndAxioms.lean:91:19: warning: Variable name `hx` is not explicitly referenced.

Hint: The binding can be removed (if unused) or named `_` (if used implicitly). Alternatively, prefix the name with `_` to silence this warning:
  [apply] _hx

Note: This linter can be disabled with `set_option linter.unusedVariables false`
reviews/ie21-final-correctness-evidence/ExactTypesAndAxioms.lean:91:42: warning: Variable name `ha` is not explicitly referenced.

Hint: The binding can be removed (if unused) or named `_` (if used implicitly). Alternatively, prefix the name with `_` to silence this warning:
  [apply] _ha

Note: This linter can be disabled with `set_option linter.unusedVariables false`
'NLA.IE21.spherical_quadratic_mgf' depends on axioms: [propext, Classical.choice, Quot.sound]
reviews/ie21-final-correctness-evidence/ExactTypesAndAxioms.lean:96:21: warning: Variable name `hθ` is not explicitly referenced.

Hint: The binding can be removed (if unused) or named `_` (if used implicitly). Alternatively, prefix the name with `_` to silence this warning:
  [apply] _hθ

Note: This linter can be disabled with `set_option linter.unusedVariables false`
reviews/ie21-final-correctness-evidence/ExactTypesAndAxioms.lean:97:13: warning: Variable name `hn` is not explicitly referenced.

Hint: The binding can be removed (if unused) or named `_` (if used implicitly). Alternatively, prefix the name with `_` to silence this warning:
  [apply] _hn

Note: This linter can be disabled with `set_option linter.unusedVariables false`
reviews/ie21-final-correctness-evidence/ExactTypesAndAxioms.lean:97:40: warning: Variable name `hx` is not explicitly referenced.

Hint: The binding can be removed (if unused) or named `_` (if used implicitly). Alternatively, prefix the name with `_` to silence this warning:
  [apply] _hx

Note: This linter can be disabled with `set_option linter.unusedVariables false`
'NLA.IE21.spherical_gaussian_trimming' depends on axioms: [propext, Classical.choice, Quot.sound]
reviews/ie21-final-correctness-evidence/ExactTypesAndAxioms.lean:101:21: warning: Variable name `hθ` is not explicitly referenced.

Hint: The binding can be removed (if unused) or named `_` (if used implicitly). Alternatively, prefix the name with `_` to silence this warning:
  [apply] _hθ

Note: This linter can be disabled with `set_option linter.unusedVariables false`
reviews/ie21-final-correctness-evidence/ExactTypesAndAxioms.lean:102:15: warning: Variable name `hm` is not explicitly referenced.

Hint: The binding can be removed (if unused) or named `_` (if used implicitly). Alternatively, prefix the name with `_` to silence this warning:
  [apply] _hm

Note: This linter can be disabled with `set_option linter.unusedVariables false`
reviews/ie21-final-correctness-evidence/ExactTypesAndAxioms.lean:102:28: warning: Variable name `hn` is not explicitly referenced.

Hint: The binding can be removed (if unused) or named `_` (if used implicitly). Alternatively, prefix the name with `_` to silence this warning:
  [apply] _hn

Note: This linter can be disabled with `set_option linter.unusedVariables false`
reviews/ie21-final-correctness-evidence/ExactTypesAndAxioms.lean:102:55: warning: Variable name `hx` is not explicitly referenced.

Hint: The binding can be removed (if unused) or named `_` (if used implicitly). Alternatively, prefix the name with `_` to silence this warning:
  [apply] _hx

Note: This linter can be disabled with `set_option linter.unusedVariables false`
reviews/ie21-final-correctness-evidence/ExactTypesAndAxioms.lean:103:13: warning: Variable name `hε` is not explicitly referenced.

Hint: The binding can be removed (if unused) or named `_` (if used implicitly). Alternatively, prefix the name with `_` to silence this warning:
  [apply] _hε

Note: This linter can be disabled with `set_option linter.unusedVariables false`
'NLA.IE21.pointwise_trim_concentration' depends on axioms: [propext, Classical.choice, Quot.sound]
reviews/ie21-final-correctness-evidence/ExactTypesAndAxioms.lean:109:21: warning: Variable name `hn` is not explicitly referenced.

Hint: The binding can be removed (if unused) or named `_` (if used implicitly). Alternatively, prefix the name with `_` to silence this warning:
  [apply] _hn

Note: This linter can be disabled with `set_option linter.unusedVariables false`
reviews/ie21-final-correctness-evidence/ExactTypesAndAxioms.lean:109:42: warning: Variable name `hδ` is not explicitly referenced.

Hint: The binding can be removed (if unused) or named `_` (if used implicitly). Alternatively, prefix the name with `_` to silence this warning:
  [apply] _hδ

Note: This linter can be disabled with `set_option linter.unusedVariables false`
'NLA.IE21.sphere_net' depends on axioms: [propext, Classical.choice, Quot.sound]
reviews/ie21-final-correctness-evidence/ExactTypesAndAxioms.lean:114:23: warning: Variable name `hm` is not explicitly referenced.

Hint: The binding can be removed (if unused) or named `_` (if used implicitly). Alternatively, prefix the name with `_` to silence this warning:
  [apply] _hm

Note: This linter can be disabled with `set_option linter.unusedVariables false`
reviews/ie21-final-correctness-evidence/ExactTypesAndAxioms.lean:114:36: warning: Variable name `hn` is not explicitly referenced.

Hint: The binding can be removed (if unused) or named `_` (if used implicitly). Alternatively, prefix the name with `_` to silence this warning:
  [apply] _hn

Note: This linter can be disabled with `set_option linter.unusedVariables false`
reviews/ie21-final-correctness-evidence/ExactTypesAndAxioms.lean:115:13: warning: Variable name `ht` is not explicitly referenced.

Hint: The binding can be removed (if unused) or named `_` (if used implicitly). Alternatively, prefix the name with `_` to silence this warning:
  [apply] _ht

Note: This linter can be disabled with `set_option linter.unusedVariables false`
'NLA.IE21.covariance_concentration' depends on axioms: [propext, Classical.choice, Quot.sound]
reviews/ie21-final-correctness-evidence/ExactTypesAndAxioms.lean:119:21: warning: Variable name `hθ` is not explicitly referenced.

Hint: The binding can be removed (if unused) or named `_` (if used implicitly). Alternatively, prefix the name with `_` to silence this warning:
  [apply] _hθ

Note: This linter can be disabled with `set_option linter.unusedVariables false`
reviews/ie21-final-correctness-evidence/ExactTypesAndAxioms.lean:120:15: warning: Variable name `hm` is not explicitly referenced.

Hint: The binding can be removed (if unused) or named `_` (if used implicitly). Alternatively, prefix the name with `_` to silence this warning:
  [apply] _hm

Note: This linter can be disabled with `set_option linter.unusedVariables false`
reviews/ie21-final-correctness-evidence/ExactTypesAndAxioms.lean:120:28: warning: Variable name `hn` is not explicitly referenced.

Hint: The binding can be removed (if unused) or named `_` (if used implicitly). Alternatively, prefix the name with `_` to silence this warning:
  [apply] _hn

Note: This linter can be disabled with `set_option linter.unusedVariables false`
reviews/ie21-final-correctness-evidence/ExactTypesAndAxioms.lean:121:17: warning: Variable name `ht` is not explicitly referenced.

Hint: The binding can be removed (if unused) or named `_` (if used implicitly). Alternatively, prefix the name with `_` to silence this warning:
  [apply] _ht

Note: This linter can be disabled with `set_option linter.unusedVariables false`
reviews/ie21-final-correctness-evidence/ExactTypesAndAxioms.lean:122:5: warning: Variable name `hε` is not explicitly referenced.

Hint: The binding can be removed (if unused) or named `_` (if used implicitly). Alternatively, prefix the name with `_` to silence this warning:
  [apply] _hε

Note: This linter can be disabled with `set_option linter.unusedVariables false`
reviews/ie21-final-correctness-evidence/ExactTypesAndAxioms.lean:122:36: warning: Variable name `hδ` is not explicitly referenced.

Hint: The binding can be removed (if unused) or named `_` (if used implicitly). Alternatively, prefix the name with `_` to silence this warning:
  [apply] _hδ

Note: This linter can be disabled with `set_option linter.unusedVariables false`
'NLA.IE21.uniform_trim_concentration' depends on axioms: [propext, Classical.choice, Quot.sound]
reviews/ie21-final-correctness-evidence/ExactTypesAndAxioms.lean:125:21: warning: Variable name `hθ` is not explicitly referenced.

Hint: The binding can be removed (if unused) or named `_` (if used implicitly). Alternatively, prefix the name with `_` to silence this warning:
  [apply] _hθ

Note: This linter can be disabled with `set_option linter.unusedVariables false`
reviews/ie21-final-correctness-evidence/ExactTypesAndAxioms.lean:126:15: warning: Variable name `hm` is not explicitly referenced.

Hint: The binding can be removed (if unused) or named `_` (if used implicitly). Alternatively, prefix the name with `_` to silence this warning:
  [apply] _hm

Note: This linter can be disabled with `set_option linter.unusedVariables false`
reviews/ie21-final-correctness-evidence/ExactTypesAndAxioms.lean:126:28: warning: Variable name `hn` is not explicitly referenced.

Hint: The binding can be removed (if unused) or named `_` (if used implicitly). Alternatively, prefix the name with `_` to silence this warning:
  [apply] _hn

Note: This linter can be disabled with `set_option linter.unusedVariables false`
reviews/ie21-final-correctness-evidence/ExactTypesAndAxioms.lean:127:17: warning: Variable name `ht` is not explicitly referenced.

Hint: The binding can be removed (if unused) or named `_` (if used implicitly). Alternatively, prefix the name with `_` to silence this warning:
  [apply] _ht

Note: This linter can be disabled with `set_option linter.unusedVariables false`
reviews/ie21-final-correctness-evidence/ExactTypesAndAxioms.lean:128:5: warning: Variable name `hε` is not explicitly referenced.

Hint: The binding can be removed (if unused) or named `_` (if used implicitly). Alternatively, prefix the name with `_` to silence this warning:
  [apply] _hε

Note: This linter can be disabled with `set_option linter.unusedVariables false`
reviews/ie21-final-correctness-evidence/ExactTypesAndAxioms.lean:128:36: warning: Variable name `hδ` is not explicitly referenced.

Hint: The binding can be removed (if unused) or named `_` (if used implicitly). Alternatively, prefix the name with `_` to silence this warning:
  [apply] _hδ

Note: This linter can be disabled with `set_option linter.unusedVariables false`
'NLA.IE21.finite_size_bound' depends on axioms: [propext, Classical.choice, Quot.sound]
reviews/ie21-final-correctness-evidence/ExactTypesAndAxioms.lean:138:13: warning: Variable name `hθ` is not explicitly referenced.

Hint: The binding can be removed (if unused) or named `_` (if used implicitly). Alternatively, prefix the name with `_` to silence this warning:
  [apply] _hθ

Note: This linter can be disabled with `set_option linter.unusedVariables false`
reviews/ie21-final-correctness-evidence/ExactTypesAndAxioms.lean:139:15: warning: Variable name `hm` is not explicitly referenced.

Hint: The binding can be removed (if unused) or named `_` (if used implicitly). Alternatively, prefix the name with `_` to silence this warning:
  [apply] _hm

Note: This linter can be disabled with `set_option linter.unusedVariables false`
reviews/ie21-final-correctness-evidence/ExactTypesAndAxioms.lean:139:28: warning: Variable name `hn` is not explicitly referenced.

Hint: The binding can be removed (if unused) or named `_` (if used implicitly). Alternatively, prefix the name with `_` to silence this warning:
  [apply] _hn

Note: This linter can be disabled with `set_option linter.unusedVariables false`
reviews/ie21-final-correctness-evidence/ExactTypesAndAxioms.lean:140:5: warning: Variable name `hA` is not explicitly referenced.

Hint: The binding can be removed (if unused) or named `_` (if used implicitly). Alternatively, prefix the name with `_` to silence this warning:
  [apply] _hA

Note: This linter can be disabled with `set_option linter.unusedVariables false`
reviews/ie21-final-correctness-evidence/ExactTypesAndAxioms.lean:141:17: warning: Variable name `ht` is not explicitly referenced.

Hint: The binding can be removed (if unused) or named `_` (if used implicitly). Alternatively, prefix the name with `_` to silence this warning:
  [apply] _ht

Note: This linter can be disabled with `set_option linter.unusedVariables false`
reviews/ie21-final-correctness-evidence/ExactTypesAndAxioms.lean:142:5: warning: Variable name `hε` is not explicitly referenced.

Hint: The binding can be removed (if unused) or named `_` (if used implicitly). Alternatively, prefix the name with `_` to silence this warning:
  [apply] _hε

Note: This linter can be disabled with `set_option linter.unusedVariables false`
reviews/ie21-final-correctness-evidence/ExactTypesAndAxioms.lean:142:36: warning: Variable name `hδ` is not explicitly referenced.

Hint: The binding can be removed (if unused) or named `_` (if used implicitly). Alternatively, prefix the name with `_` to silence this warning:
  [apply] _hδ

Note: This linter can be disabled with `set_option linter.unusedVariables false`
'NLA.IE21.finite_size_independent_rows' depends on axioms: [propext, Classical.choice, Quot.sound]
reviews/ie21-final-correctness-evidence/ExactTypesAndAxioms.lean:146:21: warning: Variable name `hθ` is not explicitly referenced.

Hint: The binding can be removed (if unused) or named `_` (if used implicitly). Alternatively, prefix the name with `_` to silence this warning:
  [apply] _hθ

Note: This linter can be disabled with `set_option linter.unusedVariables false`
reviews/ie21-final-correctness-evidence/ExactTypesAndAxioms.lean:147:19: warning: Variable name `hm` is not explicitly referenced.

Hint: The binding can be removed (if unused) or named `_` (if used implicitly). Alternatively, prefix the name with `_` to silence this warning:
  [apply] _hm

Note: This linter can be disabled with `set_option linter.unusedVariables false`
reviews/ie21-final-correctness-evidence/ExactTypesAndAxioms.lean:147:39: warning: Variable name `hn` is not explicitly referenced.

Hint: The binding can be removed (if unused) or named `_` (if used implicitly). Alternatively, prefix the name with `_` to silence this warning:
  [apply] _hn

Note: This linter can be disabled with `set_option linter.unusedVariables false`
reviews/ie21-final-correctness-evidence/ExactTypesAndAxioms.lean:148:5: warning: Variable name `hnlim` is not explicitly referenced.

Hint: The binding can be removed (if unused) or named `_` (if used implicitly). Alternatively, prefix the name with `_` to silence this warning:
  [apply] _hnlim

Note: This linter can be disabled with `set_option linter.unusedVariables false`
reviews/ie21-final-correctness-evidence/ExactTypesAndAxioms.lean:149:5: warning: Variable name `hQlim` is not explicitly referenced.

Hint: The binding can be removed (if unused) or named `_` (if used implicitly). Alternatively, prefix the name with `_` to silence this warning:
  [apply] _hQlim

Note: This linter can be disabled with `set_option linter.unusedVariables false`
'NLA.IE21.aspect_schedule' depends on axioms: [propext, Classical.choice, Quot.sound]
reviews/ie21-final-correctness-evidence/ExactTypesAndAxioms.lean:160:21: warning: Variable name `hθ` is not explicitly referenced.

Hint: The binding can be removed (if unused) or named `_` (if used implicitly). Alternatively, prefix the name with `_` to silence this warning:
  [apply] _hθ

Note: This linter can be disabled with `set_option linter.unusedVariables false`
reviews/ie21-final-correctness-evidence/ExactTypesAndAxioms.lean:161:19: warning: Variable name `hm` is not explicitly referenced.

Hint: The binding can be removed (if unused) or named `_` (if used implicitly). Alternatively, prefix the name with `_` to silence this warning:
  [apply] _hm

Note: This linter can be disabled with `set_option linter.unusedVariables false`
reviews/ie21-final-correctness-evidence/ExactTypesAndAxioms.lean:161:39: warning: Variable name `hn` is not explicitly referenced.

Hint: The binding can be removed (if unused) or named `_` (if used implicitly). Alternatively, prefix the name with `_` to silence this warning:
  [apply] _hn

Note: This linter can be disabled with `set_option linter.unusedVariables false`
reviews/ie21-final-correctness-evidence/ExactTypesAndAxioms.lean:162:5: warning: Variable name `hnlim` is not explicitly referenced.

Hint: The binding can be removed (if unused) or named `_` (if used implicitly). Alternatively, prefix the name with `_` to silence this warning:
  [apply] _hnlim

Note: This linter can be disabled with `set_option linter.unusedVariables false`
reviews/ie21-final-correctness-evidence/ExactTypesAndAxioms.lean:163:5: warning: Variable name `hQlim` is not explicitly referenced.

Hint: The binding can be removed (if unused) or named `_` (if used implicitly). Alternatively, prefix the name with `_` to silence this warning:
  [apply] _hQlim

Note: This linter can be disabled with `set_option linter.unusedVariables false`
reviews/ie21-final-correctness-evidence/ExactTypesAndAxioms.lean:164:13: warning: Variable name `hη` is not explicitly referenced.

Hint: The binding can be removed (if unused) or named `_` (if used implicitly). Alternatively, prefix the name with `_` to silence this warning:
  [apply] _hη

Note: This linter can be disabled with `set_option linter.unusedVariables false`
'NLA.IE21.spherical_ratio_limit' depends on axioms: [propext, Classical.choice, Quot.sound]
reviews/ie21-final-correctness-evidence/ExactTypesAndAxioms.lean:168:21: warning: Variable name `hθ` is not explicitly referenced.

Hint: The binding can be removed (if unused) or named `_` (if used implicitly). Alternatively, prefix the name with `_` to silence this warning:
  [apply] _hθ

Note: This linter can be disabled with `set_option linter.unusedVariables false`
reviews/ie21-final-correctness-evidence/ExactTypesAndAxioms.lean:169:19: warning: Variable name `hm` is not explicitly referenced.

Hint: The binding can be removed (if unused) or named `_` (if used implicitly). Alternatively, prefix the name with `_` to silence this warning:
  [apply] _hm

Note: This linter can be disabled with `set_option linter.unusedVariables false`
reviews/ie21-final-correctness-evidence/ExactTypesAndAxioms.lean:169:39: warning: Variable name `hn` is not explicitly referenced.

Hint: The binding can be removed (if unused) or named `_` (if used implicitly). Alternatively, prefix the name with `_` to silence this warning:
  [apply] _hn

Note: This linter can be disabled with `set_option linter.unusedVariables false`
reviews/ie21-final-correctness-evidence/ExactTypesAndAxioms.lean:170:5: warning: Variable name `hnlim` is not explicitly referenced.

Hint: The binding can be removed (if unused) or named `_` (if used implicitly). Alternatively, prefix the name with `_` to silence this warning:
  [apply] _hnlim

Note: This linter can be disabled with `set_option linter.unusedVariables false`
reviews/ie21-final-correctness-evidence/ExactTypesAndAxioms.lean:171:5: warning: Variable name `hQlim` is not explicitly referenced.

Hint: The binding can be removed (if unused) or named `_` (if used implicitly). Alternatively, prefix the name with `_` to silence this warning:
  [apply] _hQlim

Note: This linter can be disabled with `set_option linter.unusedVariables false`
reviews/ie21-final-correctness-evidence/ExactTypesAndAxioms.lean:175:5: warning: Variable name `hA` is not explicitly referenced.

Hint: The binding can be removed (if unused) or named `_` (if used implicitly). Alternatively, prefix the name with `_` to silence this warning:
  [apply] _hA

Note: This linter can be disabled with `set_option linter.unusedVariables false`
reviews/ie21-final-correctness-evidence/ExactTypesAndAxioms.lean:175:59: warning: Variable name `hη` is not explicitly referenced.

Hint: The binding can be removed (if unused) or named `_` (if used implicitly). Alternatively, prefix the name with `_` to silence this warning:
  [apply] _hη

Note: This linter can be disabled with `set_option linter.unusedVariables false`
'NLA.IE21.original_random_row_limit' depends on axioms: [propext, Classical.choice, Quot.sound]
EXIT 0
