'NLA.Statements.ComparatorControl.log_two_upper' depends on axioms: [propext, Classical.choice, Quot.sound]
'NLA.Statements.ComparatorControl.identity_AA01' depends on axioms: [propext, Classical.choice, Quot.sound]
'NLA.Statements.ComparatorControl.identity_AV01' depends on axioms: [propext, Classical.choice, Quot.sound]
'NLA.Statements.ComparatorControl.identity_AV02' depends on axioms: [propext, Classical.choice, Quot.sound]
'NLA.Statements.ComparatorControl.identity_IE10' depends on axioms: [propext, Classical.choice, Quot.sound]
'NLA.Statements.ComparatorControl.identity_IE12' depends on axioms: [propext, Classical.choice, Quot.sound]
'NLA.Statements.ComparatorControl.identity_IE21' depends on axioms: [propext, Classical.choice, Quot.sound]
'NLA.Statements.ComparatorControl.identity_IE22' depends on axioms: [propext, Classical.choice, Quot.sound]
'NLA.Statements.ComparatorControl.identity_IE26' depends on axioms: [propext, Classical.choice, Quot.sound]
'NLA.Statements.ComparatorControl.identity_IV02' depends on axioms: [propext, Classical.choice, Quot.sound]
'NLA.Statements.ComparatorControl.identity_IV04' depends on axioms: [propext, Classical.choice, Quot.sound]
'NLA.Statements.ComparatorControl.identity_IV05' depends on axioms: [propext, Classical.choice, Quot.sound]
'NLA.Statements.ComparatorControl.identity_MD03' depends on axioms: [propext, Classical.choice, Quot.sound]
'NLA.Statements.ComparatorControl.identity_MD04' depends on axioms: [propext, Classical.choice, Quot.sound]
'NLA.Statements.ComparatorControl.identity_MD06' depends on axioms: [propext, Classical.choice, Quot.sound]
'NLA.Statements.ComparatorControl.identity_MF03' depends on axioms: [propext, Classical.choice, Quot.sound]
'NLA.Statements.ComparatorControl.identity_NM03' depends on axioms: [propext, Classical.choice, Quot.sound]
'NLA.Statements.ComparatorControl.identity_PF04' depends on axioms: [propext, Classical.choice, Quot.sound]
'NLA.Statements.ComparatorControl.identity_PF05' depends on axioms: [propext, Classical.choice, Quot.sound]
'NLA.Statements.ComparatorControl.identity_RA04' depends on axioms: [propext, Classical.choice, Quot.sound]
'NLA.Statements.ComparatorControl.identity_RA05' depends on axioms: [propext, Classical.choice, Quot.sound]
'NLA.Statements.ComparatorControl.identity_RA10' depends on axioms: [propext, Classical.choice, Quot.sound]
'NLA.Statements.ComparatorControl.identity_RA12' depends on axioms: [propext, Classical.choice, Quot.sound]
'NLA.Statements.ComparatorControl.identity_RA13' depends on axioms: [propext, Classical.choice, Quot.sound]
'NLA.Statements.ComparatorControl.identity_RA19' depends on axioms: [propext, Classical.choice, Quot.sound]
'NLA.Statements.ComparatorControl.identity_SP11' depends on axioms: [propext, Classical.choice, Quot.sound]
'NLA.Statements.ComparatorControl.identity_SP12' depends on axioms: [propext, Classical.choice, Quot.sound]
'NLA.Statements.ComparatorControl.identity_SP13' depends on axioms: [propext, Classical.choice, Quot.sound]
'NLA.Statements.ComparatorControl.identity_TR04' depends on axioms: [propext, Classical.choice, Quot.sound]
'NLA.Statements.ComparatorControl.identity_TR13' depends on axioms: [propext, Classical.choice, Quot.sound]
'NLA.Statements.ComparatorControl.identity_TR14' depends on axioms: [propext, Classical.choice, Quot.sound]
