$ lake build lean4export comparator
✔ [3/20] Built Comparator.Util (291ms)
✔ [4/20] Built Comparator.Util:c.o (107ms)
✔ [5/20] Built Export.Parse (1.1s)
✔ [6/20] Built Comparator.Axioms (505ms)
✔ [7/20] Built Export (1.9s)
✔ [8/20] Built Comparator.Axioms:c.o (265ms)
✔ [9/20] Built Comparator.Compare (623ms)
✔ [10/20] Built Comparator.Compare:c.o (328ms)
✔ [11/20] Built Comparator (334ms)
✔ [12/20] Built Main (1.0s)
✔ [13/20] Built Comparator:c.o (44ms)
✔ [14/20] Built Main:c.o (185ms)
✔ [15/20] Built Export.Parse:c.o (2.7s)
✔ [16/20] Built Export:c.o (2.2s)
✔ [17/20] Built Main (1.4s)
✔ [18/20] Built lean4export:exe (799ms)
✔ [19/20] Built Main:c.o (642ms)
✔ [20/20] Built comparator:exe (547ms)
Build completed successfully (20 jobs).

EXIT_STATUS=0
