IE22 author local cached development build only; unchanged verified IE21 source hashes checked. No authoritative Linux verification claim.
COMMAND ["/private/tmp/nla-campaign-toolchain/lean-4.33.1-darwin_aarch64/bin/lean", "-o", "/private/tmp/nla-ie22-threshold-mean-author-build/NLA/IE22/ProjectionEvent.olean", "NLA/IE22/ProjectionEvent.lean"]
EXIT 0
COMMAND ["/private/tmp/nla-campaign-toolchain/lean-4.33.1-darwin_aarch64/bin/lean", "-o", "/private/tmp/nla-ie22-threshold-mean-author-build/NLA/IE22/DeterministicBound.olean", "NLA/IE22/DeterministicBound.lean"]
EXIT 0
COMMAND ["/private/tmp/nla-campaign-toolchain/lean-4.33.1-darwin_aarch64/bin/lean", "-o", "/private/tmp/nla-ie22-threshold-mean-author-build/reviews/event-extraction-author-evidence/Axioms.olean", "reviews/event-extraction-author-evidence/Axioms.lean"]
'NLA.IE22.measureReal_abs_deviation_le' depends on axioms: [propext, Classical.choice, Quot.sound]
'NLA.IE22.measureReal_upper_tail_le_variance' depends on axioms: [propext, Classical.choice, Quot.sound]
'NLA.IE22.gaussian_radius_lower_tail' depends on axioms: [propext, Classical.choice, Quot.sound]
'NLA.IE22.continuous_projectedObjective' depends on axioms: [propext, Classical.choice, Quot.sound]
'NLA.IE22.projectionGood_measurable' depends on axioms: [propext, Classical.choice, Quot.sound]
'NLA.IE22.projection_event_probability_of_bounds' depends on axioms: [propext, Classical.choice, Quot.sound]
'NLA.IE22.projection_good_event_of_energy_variance' depends on axioms: [propext, Classical.choice, Quot.sound]
'NLA.IE22.deletionSingular_sq_le_finiteTrim' depends on axioms: [propext, Classical.choice, Quot.sound]
'NLA.IE22.deletionSingular_sq_le_of_projectionGood' depends on axioms: [propext, Classical.choice, Quot.sound]
'NLA.IE22.projectionGood_nonempty_of_probability_bound' depends on axioms: [propext, Classical.choice, Quot.sound]
'NLA.IE22.supremum_bound_of_all_matrices' depends on axioms: [propext, Classical.choice, Quot.sound]
'NLA.IE22.normalizedDeletion_le_of_projectionGood' depends on axioms: [propext, Classical.choice, Quot.sound]
'NLA.IE22.deterministic_bound_of_projected_probability' depends on axioms: [propext, Classical.choice, Quot.sound]
EXIT 0
