[
  {
    "name": "old_selected_width_rejected",
    "returncode": 1,
    "pass": true
  },
  {
    "name": "old_half_density_transfer_rejected",
    "returncode": 1,
    "pass": true
  },
  {
    "name": "old_half_density_trace_rejected",
    "returncode": 1,
    "pass": true
  },
  {
    "name": "old_selected_small_rank_tail_rejected",
    "returncode": 1,
    "pass": true
  },
  {
    "name": "wrong_main_constant_rejected",
    "returncode": 1,
    "pass": true
  },
  {
    "name": "current_exact_boundary",
    "returncode": 0,
    "pass": true
  },
  {
    "name": "full_sample_endpoint_and_epsilon_extension",
    "returncode": 0,
    "pass": true
  }
]
