'Problem56.I01_walsh_card' depends on axioms: [propext, Classical.choice, Quot.sound]
'Problem56.I01_walsh_symmetry' depends on axioms: [propext, Classical.choice, Quot.sound]
'Problem56.I01_walsh_involution' depends on axioms: [propext, Classical.choice, Quot.sound]
'Problem56.I02_exact_gram_reduction' depends on axioms: [propext, Classical.choice, Quot.sound]
'Problem56.I03_full_sample_exact' depends on axioms: [propext, Classical.choice, Quot.sound]
'Problem56.I04_mingo_speicher_graph_operator_specialization' depends on axioms: [propext, Classical.choice, Quot.sound]
'Problem56.I05_mingo_speicher_bridgeless_conversion' depends on axioms: [propext, Classical.choice, Quot.sound]
'Problem56.I06_connected_even_multigraph_has_no_bridge' depends on axioms: [propext, Classical.choice, Quot.sound]
'Problem56.I07_rank_edge_factorization_bound' depends on axioms: [propext, Classical.choice, Quot.sound]
'Problem56.I08_moment_cumulant_inverse' depends on axioms: [propext, Classical.choice, Quot.sound]
'Problem56.I09_product_cumulant_connected_partition_identity' depends on axioms: [propext, Classical.choice, Quot.sound]
'Problem56.I10_independent_families_mixed_cumulant_vanish' depends on axioms: [propext, Classical.choice, Quot.sound]
'Problem56.I11_projection_entry_expansion' depends on axioms: [propext, Classical.choice, Quot.sound]
'Problem56.I12_occurrence_partitions_form_connected_even_graph' depends on axioms: [propext,
 Classical.choice,
 Quot.sound]
'Problem56.I13_rademacher_cumulant_bound' depends on axioms: [propext, Classical.choice, Quot.sound]
'Problem56.I14_walsh_translation_modulation' depends on axioms: [propext, Classical.choice, Quot.sound]
'Problem56.I15_projection_mean_and_centering' depends on axioms: [propext, Classical.choice, Quot.sound]
'Problem56.I16_selector_quotient_degree_excess' depends on axioms: [propext, Classical.choice, Quot.sound]
'Problem56.I17_centered_bernoulli_moment_bound' depends on axioms: [propext, Classical.choice, Quot.sound]
'Problem56.I18_exceptional_vertex_degree_budget' depends on axioms: [propext, Classical.choice, Quot.sound]
'Problem56.I19_degree_four_classification_and_loop_bound' depends on axioms: [propext, Classical.choice, Quot.sound]
'Problem56.I20_contracted_core_encoding_bound' depends on axioms: [propext, Classical.choice, Quot.sound]
'Problem56.I21_euler_transition_count' depends on axioms: [propext, Classical.choice, Quot.sound]
'Problem56.I22_xor_kernel_solution_count' depends on axioms: [propext, Classical.choice, Quot.sound]
'Problem56.I23_pointwise_vanishing_pair_classification' depends on axioms: [propext, Classical.choice, Quot.sound]
'Problem56.I24_large_block_and_support_rank_bound' depends on axioms: [propext, Classical.choice, Quot.sound]
'Problem56.I25_large_block_partition_constant_bound' depends on axioms: [propext, Classical.choice, Quot.sound]
'Problem56.I26_disjoint_pair_support_bound' depends on axioms: [propext, Classical.choice, Quot.sound]
'Problem56.I27_loop_parallel_pairing_bound' depends on axioms: [propext, Classical.choice, Quot.sound]
'Problem56.I28_aggregate_partition_cumulant_bound' depends on axioms: [propext, Classical.choice, Quot.sound]
'Problem56.I29_exact_dimension_factor' depends on axioms: [propext, Classical.choice, Quot.sound]
'Problem56.I30_trace_geometric_summation' depends on axioms: [propext, Classical.choice, Quot.sound]
'Problem56.I31_two_projection_block_decomposition' depends on axioms: [propext, Classical.choice, Quot.sound]
'Problem56.I32_quadratic_root_even_power_bound' depends on axioms: [propext, Classical.choice, Quot.sound]
'Problem56.I33_bad_spectral_edge_large_root' depends on axioms: [propext, Classical.choice, Quot.sound]
'Problem56.I34_bernoulli_failure_arithmetic' depends on axioms: [propext, Classical.choice, Quot.sound]
'Problem56.I35_uniform_key_nested_coupling' depends on axioms: [propext, Classical.choice, Quot.sound]
'Problem56.I36_sampling_sandwich_spectral_conversion' depends on axioms: [propext, Classical.choice, Quot.sound]
'Problem56.I37_binomial_tail_bounds' depends on axioms: [propext, Classical.choice, Quot.sound]
'Problem56.I38_finite_population_second_moment_identity' depends on axioms: [propext, Classical.choice, Quot.sound]
'Problem56.I39_rademacher_vector_fourth_moment' depends on axioms: [propext, Classical.choice, Quot.sound]
'Problem56.I40_operator_norm_le_frobenius' depends on axioms: [propext, Classical.choice, Quot.sound]
'Problem56.I41_large_rank_cutoff_arithmetic' depends on axioms: [propext, Classical.choice, Quot.sound]
'Problem56.I42_final_width_constant_assembly' depends on axioms: [propext, Classical.choice, Quot.sound]
'Problem56.graph_rank_contraction' depends on axioms: [propext, Classical.choice, Quot.sound]
'Problem56.joint_entry_cumulant_lemma' depends on axioms: [propext, Classical.choice, Quot.sound]
'Problem56.selector_equality_graph_count' depends on axioms: [propext, Classical.choice, Quot.sound]
'Problem56.signed_trace_proposition' depends on axioms: [propext, Classical.choice, Quot.sound]
'Problem56.two_projection_spectral_transfer' depends on axioms: [propext, Classical.choice, Quot.sound]
'Problem56.bernoulli_coordinate_sampling_corollary' depends on axioms: [propext, Classical.choice, Quot.sound]
'Problem56.fixed_size_sampling_transfer' depends on axioms: [propext, Classical.choice, Quot.sound]
'Problem56.small_rank_second_moment' depends on axioms: [propext, Classical.choice, Quot.sound]
'Problem56.main_universal_ose' depends on axioms: [propext, Classical.choice, Quot.sound]
'Problem56.bernoulli_coordinate_sampling_corollary_of_trace' depends on axioms: [propext, Classical.choice, Quot.sound]
'Problem56.signBernoulliExpectation_trace_centered_product_pow_expansion' depends on axioms: [propext,
 Classical.choice,
 Quot.sound]
'Problem56.trace_centeredSelector_product_pow_expansion' depends on axioms: [propext, Classical.choice, Quot.sound]
'Problem56.signBernoulliExpectation_trace_eq_partition_cumulant_sum' depends on axioms: [propext,
 Classical.choice,
 Quot.sound]
'Problem56.signedTrace_master_geometric_bound' depends on axioms: [propext, Classical.choice, Quot.sound]
'Problem56.PaperV6.pair_eq_iff' depends on axioms: [propext, Classical.choice, Quot.sound]
'Problem56.PaperV6.not_forbidden_iff_surviving' depends on axioms: [propext, Classical.choice, Quot.sound]
'Problem56.PaperV6.binary_count' depends on axioms: [propext, Classical.choice, Quot.sound]
'Problem56.PaperV6.entry_parts_card_pos' depends on axioms: [propext, Classical.choice, Quot.sound]
'Problem56.PaperV6.binary_odd_incidence' depends on axioms: [propext, Classical.choice, Quot.sound]
'Problem56.PaperV6.paperBlock_xor_sum' depends on axioms: [propext, Classical.choice, Quot.sound]
'Problem56.PaperV6.binary_forbidden_pair' depends on axioms: [propext, Classical.choice, Quot.sound]
'Problem56.PaperV6.exists_perm_fixedSubsets' depends on axioms: [propext, Classical.choice, Quot.sound]
'Problem56.PaperV6.keysOrdered_relabel' depends on axioms: [propext, Classical.choice, Quot.sound]
'Problem56.PaperV6.keysOrdered_equal_probability' depends on axioms: [propext, Classical.choice, Quot.sound]
'Problem56.PaperV6.keysOrdered_uniform' depends on axioms: [propext, Classical.choice, Quot.sound]
'Problem56.PaperV6.continuousCoupling' depends on axioms: [propext, Classical.choice, Quot.sound]
'Problem56.PaperV6.continuousKey_eval_law' depends on axioms: [propext, Classical.choice, Quot.sound]
'Problem56.PaperV6.continuousKey_independent' depends on axioms: [propext, Classical.choice, Quot.sound]
'Problem56.PaperV6.continuousUnitUniform_Iic' depends on axioms: [propext, Classical.choice, Quot.sound]
'Problem56.PaperV6.continuousUnitUniform_Ioi' depends on axioms: [propext, Classical.choice, Quot.sound]
'Problem56.PaperV6.continuousThreshold_fiber' depends on axioms: [propext, Classical.choice, Quot.sound]
'Problem56.PaperV6.continuousThreshold_measurable' depends on axioms: [propext, Classical.choice, Quot.sound]
'Problem56.PaperV6.continuousThreshold_law' depends on axioms: [propext, Classical.choice, Quot.sound]
'Problem56.PaperV6.continuousKey_frame_marginal' depends on axioms: [propext, Classical.choice, Quot.sound]
'Problem56.PaperV6.continuousKey_frame_independent' depends on axioms: [propext, Classical.choice, Quot.sound]
'Problem56.PaperV6.continuousUnitUniform_diagonal_null' depends on axioms: [propext, Classical.choice, Quot.sound]
'Problem56.PaperV6.continuousKey_pair_no_tie' depends on axioms: [propext, Classical.choice, Quot.sound]
'Problem56.PaperV6.continuousKey_no_ties' depends on axioms: [propext, Classical.choice, Quot.sound]
'Problem56.PaperV6.continuousKey_permutation_invariant' depends on axioms: [propext, Classical.choice, Quot.sound]
'Problem56.PaperV6.exists_keysOrdered' depends on axioms: [propext, Classical.choice, Quot.sound]
'Problem56.PaperV6.keysOrdered_measurableSet' depends on axioms: [propext, Classical.choice, Quot.sound]
'Problem56.PaperV6.exists_measurable_keysOrdered' depends on axioms: [propext, Classical.choice, Quot.sound]
'Problem56.PaperV6.keysOrdered_unique' depends on axioms: [propext, Classical.choice, Quot.sound]
'Problem56.PaperV6.keysOrdered_count_sandwich' depends on axioms: [propext, Classical.choice, Quot.sound]
'Problem56.PaperV6.aggregate_parameters' depends on axioms: [propext, Classical.choice, Quot.sound]
'Problem56.PaperV6.entry_weighted_count' depends on axioms: [propext, Classical.choice, Quot.sound]
'Problem56.PaperV6.paperSelectorCoefficient_abs_le' depends on axioms: [propext, Classical.choice, Quot.sound]
'Problem56.PaperV6.paper_sum_le_of_injective' depends on axioms: [propext, Classical.choice, Quot.sound]
'Problem56.PaperV6.paper_product_xor_of_ne_zero' depends on axioms: [propext, Classical.choice, Quot.sound]
'Problem56.PaperV6.paper_sum_injective_labels_bound' depends on axioms: [propext, Classical.choice, Quot.sound]
'Problem56.PaperV6.paper_dimension_factor' depends on axioms: [propext, Classical.choice, Quot.sound]
'Problem56.PaperV6.paperEntry_fixed_class_sum_bound' depends on axioms: [propext, Classical.choice, Quot.sound]
'Problem56.PaperV6.entry_absolute_contribution' depends on axioms: [propext, Classical.choice, Quot.sound]
'Problem56.PaperV6.finiteNoiseFailureLaw' depends on axioms: [propext, Classical.choice, Quot.sound]
'Problem56.PaperV6.uniformProbability_bounds' depends on axioms: [propext, Classical.choice, Quot.sound]
'Problem56.PaperV6.frameFailureProbability_le_sup' depends on axioms: [propext, Classical.choice, Quot.sound]
'Problem56.PaperV6.fixed_frame_ose' depends on axioms: [propext, Classical.choice, Quot.sound]
'Problem56.PaperV6.gram_quadraticForm' depends on axioms: [propext, Classical.choice, Quot.sound]
'Problem56.PaperV6.frame_isometry' depends on axioms: [propext, Classical.choice, Quot.sound]
'Problem56.PaperV6.compressedGram_quadraticForm' depends on axioms: [propext, Classical.choice, Quot.sound]
'Problem56.PaperV6.spectral_bound_implies_squared_edges' depends on axioms: [propext, Classical.choice, Quot.sound]
'Problem56.PaperV6.compressedGram_isHermitian' depends on axioms: [propext, Classical.choice, Quot.sound]
'Problem56.PaperV6.squared_edges_iff_spectral_bound' depends on axioms: [propext, Classical.choice, Quot.sound]
'Problem56.PaperV6.fixedSubset_nonempty' depends on axioms: [propext, Classical.choice, Quot.sound]
'Problem56.PaperV6.uniformProbability_true' depends on axioms: [propext, Classical.choice, Quot.sound]
'Problem56.PaperV6.uniformProbability_complement' depends on axioms: [propext, Classical.choice, Quot.sound]
'Problem56.PaperV6.fixed_frame_squared_norm_success' depends on axioms: [propext, Classical.choice, Quot.sound]
'Problem56.PaperV6.squarefreePow_above_card' depends on axioms: [propext, Classical.choice, Quot.sound]
'Problem56.PaperV6.squarefreePowerTruncation' depends on axioms: [propext, Classical.choice, Quot.sound]
'Problem56.PaperV6.squarefreeLog_empty' depends on axioms: [propext, Classical.choice, Quot.sound]
'Problem56.PaperV6.squarefreeExp_empty' depends on axioms: [propext, Classical.choice, Quot.sound]
'Problem56.PaperV6.squarefreeMoment_empty' depends on axioms: [propext, Classical.choice, Quot.sound]
'Problem56.PaperV6.formalLogEmptyCoefficients' depends on axioms: [propext, Classical.choice, Quot.sound]
'Problem56.PaperV6.formalLog_factorial_coefficient' depends on axioms: [propext, Classical.choice, Quot.sound]
'Problem56.PaperV6.squarefreeLog_partition' depends on axioms: [propext, Classical.choice, Quot.sound]
'Problem56.PaperV6.squarefreeExp_partition' depends on axioms: [propext, Classical.choice, Quot.sound]
'Problem56.PaperV6.formalLog_cumulant_ambient_partition' depends on axioms: [propext, Classical.choice, Quot.sound]
'Problem56.PaperV6.formalLogMomentCoefficient' depends on axioms: [propext, Classical.choice, Quot.sound]
'Problem56.PaperV6.formalLog_lift_cumulant_product' depends on axioms: [propext, Classical.choice, Quot.sound]
'Problem56.PaperV6.formalLog_ambient_moment_inverse' depends on axioms: [propext, Classical.choice, Quot.sound]
'Problem56.PaperV6.formalExpLogMoment' depends on axioms: [propext, Classical.choice, Quot.sound]
'Problem56.PaperV6.formalLogMomentInterface' depends on axioms: [propext, Classical.choice, Quot.sound]
'Problem56.PaperV6.formalLog_avoid_parts' depends on axioms: [propext, Classical.choice, Quot.sound]
'Problem56.PaperV6.formalLogInsertBlock_parts' depends on axioms: [propext, Classical.choice, Quot.sound]
'Problem56.PaperV6.formalLogInsertBlock_notMem' depends on axioms: [propext, Classical.choice, Quot.sound]
'Problem56.PaperV6.formalLogInsertBlock_avoid' depends on axioms: [propext, Classical.choice, Quot.sound]
'Problem56.PaperV6.formalLogPointedOfSplit_injective' depends on axioms: [propext, Classical.choice, Quot.sound]
'Problem56.PaperV6.formalLogPointedOfSplit_surjective' depends on axioms: [propext, Classical.choice, Quot.sound]
'Problem56.PaperV6.formalLog_sum_nonempty_subsets' depends on axioms: [propext, Classical.choice, Quot.sound]
'Problem56.PaperV6.formalLog_convolution_partition_sum' depends on axioms: [propext, Classical.choice, Quot.sound]
'Problem56.PaperV6.squarefreePow_partition_zero' depends on axioms: [propext, Classical.choice, Quot.sound]
'Problem56.PaperV6.squarefreePow_partition' depends on axioms: [propext, Classical.choice, Quot.sound]
'Problem56.PaperV6.squarefreePowerCoefficient' depends on axioms: [propext, Classical.choice, Quot.sound]
'Problem56.PaperV6.constructionAdjacent_mono' depends on axioms: [propext, Classical.choice, Quot.sound]
'Problem56.PaperV6.transGen_rank_lt_of_rel' does not depend on any axioms
'Problem56.PaperV6.GeneralBridgelessState.activateEdge_remaining_lt' depends on axioms: [propext,
 Classical.choice,
 Quot.sound]
'Problem56.PaperV6.GeneralBridgelessState.active_edge_endpoints' depends on axioms: [propext,
 Classical.choice,
 Quot.sound]
'Problem56.PaperV6.GeneralBridgelessState.active_adjacency_iff' depends on axioms: [propext,
 Classical.choice,
 Quot.sound]
'Problem56.PaperV6.GeneralBridgelessState.activeRetract_coe' depends on axioms: [propext, Classical.choice, Quot.sound]
'Problem56.PaperV6.GeneralBridgelessState.activeRetract_step' depends on axioms: [propext, Classical.choice, Quot.sound]
'Problem56.PaperV6.GeneralBridgelessState.activeGraph_dag' depends on axioms: [propext, Classical.choice, Quot.sound]
'Problem56.PaperV6.activeSplitEdgeEmbed_src' depends on axioms: [propext, Classical.choice, Quot.sound]
'Problem56.PaperV6.activeSplitEdgeEmbed_dst' depends on axioms: [propext, Classical.choice, Quot.sound]
'Problem56.PaperV6.activeSplitEdgeEmbed_active' depends on axioms: [propext, Classical.choice, Quot.sound]
'Problem56.PaperV6.activeSplitEdgeEmbed_surjective_active' depends on axioms: [propext, Classical.choice, Quot.sound]
'Problem56.PaperV6.activeSplitEmbed_step' depends on axioms: [propext, Classical.choice, Quot.sound]
'Problem56.PaperV6.activeSplitRetract_step' depends on axioms: [propext, Classical.choice, Quot.sound]
'Problem56.PaperV6.activeSplitEmbed_input' depends on axioms: [propext, Classical.choice, Quot.sound]
'Problem56.PaperV6.activeSplitEmbed_output' depends on axioms: [propext, Classical.choice, Quot.sound]
'Problem56.PaperV6.activeSplit_partial_acyclic' depends on axioms: [propext, Classical.choice, Quot.sound]
'Problem56.PaperV6.activeSplit_partial_from_input' depends on axioms: [propext, Classical.choice, Quot.sound]
'Problem56.PaperV6.activeSplit_partial_to_output' depends on axioms: [propext, Classical.choice, Quot.sound]
'Problem56.PaperV6.activeSplit_inl_active_iff' depends on axioms: [propext, Classical.choice, Quot.sound]
'Problem56.PaperV6.activeSplit_inr_active' depends on axioms: [propext, Classical.choice, Quot.sound]
'Problem56.PaperV6.activeSplit_proper_is_true' depends on axioms: [propext, Classical.choice, Quot.sound]
'Problem56.PaperV6.activeSplit_proper_is_active' depends on axioms: [propext, Classical.choice, Quot.sound]
'Problem56.PaperV6.activeSplitRetract_embed' depends on axioms: [propext, Classical.choice, Quot.sound]
'Problem56.PaperV6.activeSplitEmbed_retract' depends on axioms: [propext, Classical.choice, Quot.sound]
'Problem56.PaperV6.activeSplitCopy_eq_root_of_inactive' depends on axioms: [propext, Classical.choice, Quot.sound]
'Problem56.PaperV6.activeSplit_outside_fiber_unique' depends on axioms: [propext, Classical.choice, Quot.sound]
'Problem56.PaperV6.GeneralBridgelessState.splitActive_used' depends on axioms: [propext, Classical.choice, Quot.sound]
'Problem56.PaperV6.GeneralBridgelessState.splitActive_active' depends on axioms: [propext, Classical.choice, Quot.sound]
'Problem56.PaperV6.GeneralBridgelessState.splitActive_remaining' depends on axioms: [propext,
 Classical.choice,
 Quot.sound]
'Problem56.PaperV6.GeneralBridgelessState.all_vertices_active_of_all_used' depends on axioms: [propext,
 Classical.choice,
 Quot.sound]
'Problem56.PaperV6.GeneralBridgelessState.adjacency_eq_of_all_used' depends on axioms: [propext,
 Classical.choice,
 Quot.sound]
'Problem56.PaperV6.GeneralBridgelessState.dag_of_all_used' depends on axioms: [propext, Classical.choice, Quot.sound]
'Problem56.PaperV6.GeneralBridgelessState.endpoints_distinct' depends on axioms: [propext, Classical.choice, Quot.sound]
'Problem56.PaperV6.GeneralBridgelessState.completed_modification' depends on axioms: [propext,
 Classical.choice,
 Quot.sound]
'Problem56.PaperV6.generalBridgeless_state_progress' depends on axioms: [propext, Classical.choice, Quot.sound]
'Problem56.PaperV6.generalBridgeless_modification' depends on axioms: [propext, Classical.choice, Quot.sound]
'Problem56.PaperV6.OriginalFreshEar.currentTail_projection' depends on axioms: [propext, Classical.choice, Quot.sound]
'Problem56.PaperV6.OriginalFreshEar.currentHead_projection' depends on axioms: [propext, Classical.choice, Quot.sound]
'Problem56.PaperV6.OriginalFreshEar.currentPoint_castSucc' depends on axioms: [propext, Classical.choice, Quot.sound]
'Problem56.PaperV6.OriginalFreshEar.currentPoint_last' depends on axioms: [propext, Classical.choice, Quot.sound]
'Problem56.PaperV6.OriginalFreshEar.currentPoint_projection' depends on axioms: [propext, Classical.choice, Quot.sound]
'Problem56.PaperV6.OriginalFreshEar.currentPoint_succ' depends on axioms: [propext, Classical.choice, Quot.sound]
'Problem56.PaperV6.OriginalFreshEar.point_eq_or_endpoints' depends on axioms: [propext, Classical.choice, Quot.sound]
'Problem56.PaperV6.incomingOutgoing_identity_step' depends on axioms: [propext]
'Problem56.PaperV6.transGen_strict_rank' does not depend on any axioms
'Problem56.PaperV6.incomingOutgoing_edge_rank_lt' depends on axioms: [propext, Classical.choice, Quot.sound]
'Problem56.PaperV6.incomingOutgoing_lift_false' depends on axioms: [propext, Quot.sound]
'Problem56.PaperV6.incomingOutgoing_lift_true' depends on axioms: [propext, Quot.sound]
'Problem56.PaperV6.incomingOutgoing_mingoAdmissibleDAG' depends on axioms: [propext, Classical.choice, Quot.sound]
'Problem56.PaperV6.StateFreshEar.original_endpoints_new_active' depends on axioms: [propext,
 Classical.choice,
 Quot.sound]
'Problem56.PaperV6.GeneralBridgelessState.activateEar_used' depends on axioms: [propext, Classical.choice, Quot.sound]
'Problem56.PaperV6.GeneralBridgelessState.activateEar_active' depends on axioms: [propext, Classical.choice, Quot.sound]
'Problem56.PaperV6.GeneralBridgelessState.activateEar_remaining_lt' depends on axioms: [propext,
 Classical.choice,
 Quot.sound]
'Problem56.PaperV6.adjoinedEarPoint_zero' depends on axioms: [propext, Quot.sound]
'Problem56.PaperV6.adjoinedEarPoint_last' depends on axioms: [propext, Quot.sound]
'Problem56.PaperV6.adjoinedEarPoint_internal' depends on axioms: [propext, Classical.choice, Quot.sound]
'Problem56.PaperV6.adjoinedEar_step' depends on axioms: [propext, Quot.sound]
'Problem56.PaperV6.adjoinedEar_from_start' depends on axioms: [propext, Quot.sound]
'Problem56.PaperV6.adjoinedEar_to_end' depends on axioms: [propext, Quot.sound]
'Problem56.PaperV6.adjoinedEarPoint_rank_before_last' depends on axioms: [propext, Quot.sound]
'Problem56.PaperV6.adjoinedEar_edge_rank_lt' depends on axioms: [propext, Classical.choice, Quot.sound]
'Problem56.PaperV6.adjoinedEar_lift_old_walk' depends on axioms: [propext, Quot.sound]
'Problem56.PaperV6.adjoinedEar_mingoAdmissibleDAG' depends on axioms: [propext, Classical.choice, Quot.sound]
'Problem56.PaperV6.StateFreshEar.vertexEmbed_step' depends on axioms: [propext, Classical.choice, Quot.sound]
'Problem56.PaperV6.StateFreshEar.vertexRetract_step' depends on axioms: [propext, Classical.choice, Quot.sound]
'Problem56.PaperV6.StateFreshEar.adjoined_dag' depends on axioms: [propext, Classical.choice, Quot.sound]
'Problem56.PaperV6.StateFreshEar.partial_acyclic' depends on axioms: [propext, Classical.choice, Quot.sound]
'Problem56.PaperV6.StateFreshEar.partial_from_input' depends on axioms: [propext, Classical.choice, Quot.sound]
'Problem56.PaperV6.StateFreshEar.partial_to_output' depends on axioms: [propext, Classical.choice, Quot.sound]
'Problem56.PaperV6.StateFreshEar.vertexEmbed_injective' depends on axioms: [propext, Classical.choice, Quot.sound]
'Problem56.PaperV6.StateFreshEar.vertexEmbed_point' depends on axioms: [propext, Classical.choice, Quot.sound]
'Problem56.PaperV6.StateFreshEar.vertexEmbed_surjective_active' depends on axioms: [propext,
 Classical.choice,
 Quot.sound]
'Problem56.PaperV6.StateFreshEar.vertexRetract_embed' depends on axioms: [propext, Classical.choice, Quot.sound]
'Problem56.PaperV6.StateFreshEar.vertexEmbed_retract' depends on axioms: [propext, Classical.choice, Quot.sound]
'Problem56.PaperV6.StateFreshEar.edgeEmbed_src' depends on axioms: [propext, Classical.choice, Quot.sound]
'Problem56.PaperV6.StateFreshEar.edgeEmbed_dst' depends on axioms: [propext, Classical.choice, Quot.sound]
'Problem56.PaperV6.StateFreshEar.edgeEmbed_active' depends on axioms: [propext, Classical.choice, Quot.sound]
'Problem56.PaperV6.StateFreshEar.edgeEmbed_surjective_active' depends on axioms: [propext, Classical.choice, Quot.sound]
'Problem56.PaperV6.exists_unused_edge_at_old_vertex' depends on axioms: [propext, Classical.choice, Quot.sound]
'Problem56.PaperV6.exists_fresh_ear_path' depends on axioms: [propext, Classical.choice, Quot.sound]
'Problem56.PaperV6.VertexSimpleIndexedPath.edge_injective' depends on axioms: [propext, Quot.sound]
'Problem56.PaperV6.exists_vertexSimpleIndexedPath' depends on axioms: [propext, Classical.choice, Quot.sound]
'Problem56.PaperV6.initial_state_adjacency' depends on axioms: [propext, Classical.choice, Quot.sound]
'Problem56.PaperV6.exists_initial_generalBridgelessState' depends on axioms: [propext, Classical.choice, Quot.sound]
'Problem56.PaperV6.exists_originalFreshEar' depends on axioms: [propext, Classical.choice, Quot.sound]
'Problem56.PaperV6.VertexSimpleIndexedPath.globalReversal_edge' depends on axioms: [propext,
 Classical.choice,
 Quot.sound]
'Problem56.PaperV6.VertexSimpleIndexedPath.pointRank_point' depends on axioms: [propext, Classical.choice, Quot.sound]
'Problem56.PaperV6.VertexSimpleIndexedPath.path_acyclic' depends on axioms: [propext, Classical.choice, Quot.sound]
'Problem56.PaperV6.VertexSimpleIndexedPath.path_from_start' depends on axioms: [propext]
'Problem56.PaperV6.VertexSimpleIndexedPath.path_to_end' depends on axioms: [propext, Quot.sound]
'Problem56.PaperV6.VertexSimpleIndexedPath.edge_endpoints_mem' does not depend on any axioms
'Problem56.PaperV6.exists_first_hit_walk' depends on axioms: [propext, Classical.choice, Quot.sound]
'Problem56.PaperV6.exists_unused_return_walk' depends on axioms: [propext, Classical.choice, Quot.sound]
'Problem56.PaperV6.GeneralBridgelessState.remaining_lt_of_used_subset' depends on axioms: [propext,
 Classical.choice,
 Quot.sound]
'Problem56.PaperV6.GeneralBridgelessState.remaining_eq_zero_iff' depends on axioms: [propext,
 Classical.choice,
 Quot.sound]
'Problem56.PaperV6.exists_completed_state_of_strict_progress' depends on axioms: [propext, Classical.choice, Quot.sound]
'Problem56.PaperV6.reverseState_active_iff' depends on axioms: [propext, Classical.choice, Quot.sound]
'Problem56.PaperV6.reverseState_adjacency' depends on axioms: [propext, Classical.choice, Quot.sound]
'Problem56.PaperV6.GeneralBridgelessState.reverseUnused_remaining' depends on axioms: [propext,
 Classical.choice,
 Quot.sound]
'Problem56.PaperV6.exists_simple_chain_of_walk' depends on axioms: [propext, Classical.choice, Quot.sound]
'Problem56.PaperV6.exists_simple_unused_return_path' depends on axioms: [propext, Classical.choice, Quot.sound]
'Problem56.PaperV6.activeSplitVertex_ext' depends on axioms: [propext, Classical.choice, Quot.sound]
'Problem56.PaperV6.OriginalFreshEar.splitPoint_fst' depends on axioms: [propext, Classical.choice, Quot.sound]
'Problem56.PaperV6.OriginalFreshEar.splitPoint_side' depends on axioms: [propext, Classical.choice, Quot.sound]
'Problem56.PaperV6.OriginalFreshEar.splitPoint_projection' depends on axioms: [propext, Classical.choice, Quot.sound]
'Problem56.PaperV6.OriginalFreshEar.splitPoint_injective' depends on axioms: [propext, Classical.choice, Quot.sound]
'Problem56.PaperV6.OriginalFreshEar.split_tail' depends on axioms: [propext, Classical.choice, Quot.sound]
'Problem56.PaperV6.OriginalFreshEar.split_head' depends on axioms: [propext, Classical.choice, Quot.sound]
'Problem56.PaperV6.OriginalFreshEar.exists_progress' depends on axioms: [propext, Classical.choice, Quot.sound]
'Problem56.PaperV6.OriginalFreshEar.edge_not_active' depends on axioms: [propext, Classical.choice, Quot.sound]
'Problem56.PaperV6.OriginalFreshEar.last_source_active' depends on axioms: [propext, Classical.choice, Quot.sound]
'Problem56.PaperV6.OriginalFreshEar.last_target_active' depends on axioms: [propext, Classical.choice, Quot.sound]
'Problem56.PaperV6.OriginalFreshEar.splitRouting_source' depends on axioms: [propext, Classical.choice, Quot.sound]
'Problem56.PaperV6.OriginalFreshEar.splitRouting_target' depends on axioms: [propext, Classical.choice, Quot.sound]
'Problem56.PaperV6.distinctDAGRank_injective' depends on axioms: [propext, Classical.choice, Quot.sound]
'Problem56.PaperV6.distinctDAGRank_edge_lt' depends on axioms: [propext, Classical.choice, Quot.sound]
'Problem56.PaperV6.distinctDAGRank_orders_endpoints' depends on axioms: [propext, Classical.choice, Quot.sound]
'Problem56.PaperV6.StateUnorientedEar.reversal_edge' depends on axioms: [propext, Classical.choice, Quot.sound]
'Problem56.PaperV6.StateUnorientedEar.reversal_fixed' depends on axioms: [propext, Classical.choice, Quot.sound]
'Problem56.PaperV6.StateUnorientedEar.oriented_ordered' depends on axioms: [propext, Classical.choice, Quot.sound]
'Problem56.PaperV6.StateUnorientedEar.exists_progress' depends on axioms: [propext, Classical.choice, Quot.sound]
'Problem56.PaperV6.generalCumulantIdentities' depends on axioms: [propext, Classical.choice, Quot.sound]
'Problem56.PaperV6.measure_jointCumulant_two_factors_zero' depends on axioms: [propext, Classical.choice, Quot.sound]
'Problem56.PaperV6.measure_jointCumulant_twoFamily_blockProducts_zero' depends on axioms: [propext,
 Classical.choice,
 Quot.sound]
'Problem56.PaperV6.finiteJointMoments_subtype' depends on axioms: [propext, Classical.choice, Quot.sound]
'Problem56.PaperV6.measure_indep_family_products' depends on axioms: [propext, Classical.choice, Quot.sound]
'Problem56.PaperV6.measure_jointCumulant_subtype_univ' depends on axioms: [propext, Classical.choice, Quot.sound]
'Problem56.PaperV6.measure_independent_families_mixed_cumulant_vanish' depends on axioms: [propext,
 Classical.choice,
 Quot.sound]
'Problem56.PaperV6.generalMixedIndependence' depends on axioms: [propext, Classical.choice, Quot.sound]
'Problem56.PaperV6.measure_product_jointCumulant_expansion' depends on axioms: [propext, Classical.choice, Quot.sound]
'Problem56.PaperV6.measure_blockMomentProduct_liftBlockPartition' depends on axioms: [propext,
 Classical.choice,
 Quot.sound]
'Problem56.PaperV6.measure_nested_blockMomentProduct_eq_global' depends on axioms: [propext,
 Classical.choice,
 Quot.sound]
'Problem56.PaperV6.measure_product_jointCumulant_expansion_global' depends on axioms: [propext,
 Classical.choice,
 Quot.sound]
'Problem56.PaperV6.measure_sum_globalRefinementExpansionSum_reindex' depends on axioms: [propext,
 Classical.choice,
 Quot.sound]
'Problem56.PaperV6.measure_sum_globalRefinementExpansionSum_eq_indiscrete' depends on axioms: [propext,
 Classical.choice,
 Quot.sound]
'Problem56.PaperV6.measure_partitionMomentProduct_indiscrete' depends on axioms: [propext, Classical.choice, Quot.sound]
'Problem56.PaperV6.measure_moment_cumulant_inverse_nonempty_index' depends on axioms: [propext,
 Classical.choice,
 Quot.sound]
'Problem56.PaperV6.generalMomentIdentity' depends on axioms: [propext, Classical.choice, Quot.sound]
'Problem56.PaperV6.measure_blockProduct_update_of_mem' depends on axioms: [propext, Classical.choice, Quot.sound]
'Problem56.PaperV6.measure_blockProduct_update_of_notMem' depends on axioms: [propext, Classical.choice, Quot.sound]
'Problem56.PaperV6.measure_blockMoment_linear_update' depends on axioms: [propext, Classical.choice, Quot.sound]
'Problem56.PaperV6.measure_partitionMoment_linear_update' depends on axioms: [propext, Classical.choice, Quot.sound]
'Problem56.PaperV6.generalMultilinearity' depends on axioms: [propext, Classical.choice, Quot.sound]
'Problem56.PaperV6.measure_jointCumulantOn_equiv' depends on axioms: [propext, Classical.choice, Quot.sound]
'Problem56.PaperV6.measure_partitionMomentProduct_eq_sum_refinement_cumulant' depends on axioms: [propext,
 Classical.choice,
 Quot.sound]
'Problem56.PaperV6.measure_jointCumulantOn_blockProducts_eq_outerCoarseningSum' depends on axioms: [propext,
 Classical.choice,
 Quot.sound]
'Problem56.PaperV6.measure_outerCumulantCoarseningSum_reindex' depends on axioms: [propext,
 Classical.choice,
 Quot.sound]
'Problem56.PaperV6.measure_product_cumulant_connected_identity_nonempty' depends on axioms: [propext,
 Classical.choice,
 Quot.sound]
'Problem56.PaperV6.generalProductIdentity' depends on axioms: [propext, Classical.choice, Quot.sound]
'Problem56.PaperV6.finiteJointMoments_update_constant' depends on axioms: [propext, Classical.choice, Quot.sound]
'Problem56.PaperV6.finiteJointMoments_update_add_constant' depends on axioms: [propext, Classical.choice, Quot.sound]
'Problem56.PaperV6.measure_jointCumulant_constant_argument_zero' depends on axioms: [propext,
 Classical.choice,
 Quot.sound]
'Problem56.PaperV6.measure_jointCumulant_add_constant_one' depends on axioms: [propext, Classical.choice, Quot.sound]
'Problem56.PaperV6.measure_jointCumulant_shift_finite_set' depends on axioms: [propext, Classical.choice, Quot.sound]
'Problem56.PaperV6.generalShiftInvariance' depends on axioms: [propext, Classical.choice, Quot.sound]
'Problem56.PaperV6.measure_integral_const_family_mul' depends on axioms: [propext, Classical.choice, Quot.sound]
'Problem56.PaperV6.measure_jointCumulant_const_family_mul' depends on axioms: [propext, Classical.choice, Quot.sound]
'Problem56.PaperV6.measure_jointCumulant_identDistrib_repeat' depends on axioms: [propext, Classical.choice, Quot.sound]
'Problem56.PaperV6.generalOddSymmetry' depends on axioms: [propext, Classical.choice, Quot.sound]
'Problem56.PaperV6.continuous_operatorNorm_coordinates' depends on axioms: [propext, Classical.choice, Quot.sound]
'Problem56.PaperV6.measurable_fixed_failure' depends on axioms: [propext, Classical.choice, Quot.sound]
'Problem56.PaperV6.measurable_bernoulli_failure' depends on axioms: [propext, Classical.choice, Quot.sound]
'Problem56.PaperV6.integrable_finite_event_sum' depends on axioms: [propext, Classical.choice, Quot.sound]
'Problem56.PaperV6.integrable_fixed_failure' depends on axioms: [propext, Classical.choice, Quot.sound]
'Problem56.PaperV6.integrable_bernoulli_failure' depends on axioms: [propext, Classical.choice, Quot.sound]
'Problem56.PaperV6.general_sampling' depends on axioms: [propext, Classical.choice, Quot.sound]
'Problem56.PaperV6.uniform_event_weight_formula' depends on axioms: [propext, Classical.choice, Quot.sound]
'Problem56.PaperV6.fixed_noise_failure_law' depends on axioms: [propext, Classical.choice, Quot.sound]
'Problem56.PaperV6.bernoulli_noise_failure_law' depends on axioms: [propext, Classical.choice, Quot.sound]
'Problem56.PaperV6.general_sampling_joint' depends on axioms: [propext, Classical.choice, Quot.sound]
'Problem56.PaperV6.paperInputOutput_iff' depends on axioms: [propext]
'Problem56.PaperV6.graph_orientation' depends on axioms: [propext, Classical.choice, Quot.sound]
'Problem56.PaperV6.graph_boundary' depends on axioms: [propext, Classical.choice, Quot.sound]
'Problem56.PaperV6.graph_operator' depends on axioms: [propext, Classical.choice, Quot.sound]
'Problem56.PaperV6.transpose_heq_of_dims' depends on axioms: [propext, Classical.choice, Quot.sound]
'Problem56.PaperV6.graph_rank' depends on axioms: [propext, Classical.choice, Quot.sound]
'Problem56.PaperV6.sum_guard_eq_subtype' depends on axioms: [propext, Classical.choice, Quot.sound]
'Problem56.PaperV6.fiberSplit_equiv_apply' depends on axioms: [propext, Classical.choice, Quot.sound]
'Problem56.PaperV6.graph_fiber_boundary' depends on axioms: [propext, Classical.choice, Quot.sound]
'Problem56.PaperV6.graph_reversal_boundary' depends on axioms: [propext, Classical.choice, Quot.sound]
'Problem56.PaperV6.paper_identity_norm' depends on axioms: [propext, Classical.choice, Quot.sound]
'Problem56.PaperV6.graph_fiber_norm_product' depends on axioms: [propext, Classical.choice, Quot.sound]
'Problem56.PaperV6.v6_binary_constraints' depends on axioms: [propext, Classical.choice, Quot.sound]
'Problem56.PaperV6.v6_entry_contribution' depends on axioms: [propext, Classical.choice, Quot.sound]
'Problem56.PaperV6.boundaryEntriesPreserved_refl' depends on axioms: [propext, Classical.choice, Quot.sound]
'Problem56.PaperV6.boundaryEntriesPreserved_trans' depends on axioms: [propext, Classical.choice, Quot.sound]
'Problem56.PaperV6.rooted_elementary' depends on axioms: [propext, Classical.choice, Quot.sound]
'Problem56.PaperV6.rooted_history' depends on axioms: [propext, Classical.choice, Quot.sound]
'Problem56.PaperV6.rooted_history_consequence' depends on axioms: [propext, Classical.choice, Quot.sound]
'Problem56.PaperV6.rooted_graph_boundary' depends on axioms: [propext, Classical.choice, Quot.sound]
'Problem56.PaperV6.rooted_graph_norm_product' depends on axioms: [propext, Classical.choice, Quot.sound]
'Problem56.PaperV6.general_bridgeless_matrix_conversion' depends on axioms: [propext, Classical.choice, Quot.sound]
'Problem56.PaperV6.sampling_pointwise' depends on axioms: [propext, Classical.choice, Quot.sound]
'Problem56.PaperV6.l2_two_coordinates_squared' depends on axioms: [propext, Classical.choice, Quot.sound]
'Problem56.PaperV6.bool_uniform_half' depends on axioms: [propext, Classical.choice, Quot.sound]
'Problem56.PaperV6.singleton_uniform_mass' depends on axioms: [propext, Classical.choice, Quot.sound]
'Problem56.PaperV6.real_sample_domain_finite_moments' depends on axioms: [propext, Classical.choice, Quot.sound]
'Problem56.PaperV6.dirac_real_probability_normalization' depends on axioms: [propext, Classical.choice, Quot.sound]
'Problem56.PaperV6.rectangular_mul_pow_succ' depends on axioms: [propext, Classical.choice, Quot.sound]
'Problem56.PaperV6.rectangular_trace_mul_pow' depends on axioms: [propext, Classical.choice, Quot.sound]
'Problem56.PaperV6.rectangular_trace_power' depends on axioms: [propext, Classical.choice, Quot.sound]
'Problem56.PaperV6.gram_centering' depends on axioms: [propext, Classical.choice, Quot.sound]
'Problem56.ExtractionRegression.i35_empty_upper_mass_and_guard' depends on axioms: [propext,
 Classical.choice,
 Quot.sound]
'Problem56.ExtractionRegression.i35_unconditional_support_conflict' depends on axioms: [propext,
 Classical.choice,
 Quot.sound]
'Problem56.ExtractionRegression.i16_empty_selector_counterexample' depends on axioms: [propext,
 Classical.choice,
 Quot.sound]
'Problem56.ExtractionRegression.i16_expected_rank_guard' depends on axioms: [propext, Quot.sound]
'Problem56.ExtractionRegression.i19_two_loop_endpoint_counterexample' depends on axioms: [propext,
 Classical.choice,
 Quot.sound]
'Problem56.ExtractionRegression.i19_expected_rank_guard' depends on axioms: [propext, Quot.sound]
'Problem56.ExtractionRegression.i08_empty_lhs' depends on axioms: [propext, Classical.choice, Quot.sound]
'Problem56.ExtractionRegression.i08_empty_rhs' depends on axioms: [propext, Classical.choice, Quot.sound]
'Problem56.ExtractionRegression.i08_empty_boundary_conflict' depends on axioms: [propext, Classical.choice, Quot.sound]
'Problem56.ExtractionRegression.i08_expected_nonempty_guard' depends on axioms: [propext]
'Problem56.GraphOperatorRegression.graphOperator_dim_one' depends on axioms: [propext, Classical.choice, Quot.sound]
'Problem56.GraphOperatorRegression.exact_scalar_chain' depends on axioms: [propext, Classical.choice, Quot.sound]
'Problem56.GraphOperatorRegression.exact_scalar_diamond' depends on axioms: [propext, Classical.choice, Quot.sound]
'Problem56.GraphOperatorRegression.exact_scalar_parallel_edges' depends on axioms: [propext,
 Classical.choice,
 Quot.sound]
'Problem56.GraphOperatorRegression.transpose_preserves_required_norm' depends on axioms: [propext,
 Classical.choice,
 Quot.sound]
'Problem56.GraphOperatorRegression.zero_dimensional_domain_has_zero_norm' depends on axioms: [propext,
 Classical.choice,
 Quot.sound]
'Problem56.GraphOperatorUnequalRegression.exact_unequal_dimensional_chain' depends on axioms: [propext,
 Classical.choice,
 Quot.sound]
'Problem56.PaperV7.certified_main' depends on axioms: [propext, Classical.choice, Quot.sound]
'Problem56.PaperV7.certified_explicit_main' depends on axioms: [propext, Classical.choice, Quot.sound]
'Problem56.PaperV7.certified_spectral_transfer' depends on axioms: [propext, Classical.choice, Quot.sound]
'Problem56.PaperV7.certified_signed_trace' depends on axioms: [propext, Classical.choice, Quot.sound]
'Problem56.PaperV7.certified_bernoulli' depends on axioms: [propext, Classical.choice, Quot.sound]
'Problem56.PaperV7.certified_small_rank' depends on axioms: [propext, Classical.choice, Quot.sound]
'Problem56.PaperV7.certified_sampling' depends on axioms: [propext, Classical.choice, Quot.sound]
'Problem56.PaperV7.main_prescribed_width_ose' depends on axioms: [propext, Classical.choice, Quot.sound]
'Problem56.PaperV7.frame_failure_large_prescribed_width' depends on axioms: [propext, Classical.choice, Quot.sound]
'Problem56.PaperV7.general_sampling' depends on axioms: [propext, Classical.choice, Quot.sound]
'Problem56.PaperV7.general_sampling_joint' depends on axioms: [propext, Classical.choice, Quot.sound]
'Problem56.PaperV7.general_sampling_joint_saturated' depends on axioms: [propext, Classical.choice, Quot.sound]
'Problem56.PaperV7.fixed_size_sampling_transfer_proof' depends on axioms: [propext, Classical.choice, Quot.sound]
'Problem56.PaperV7.entry_absolute_contribution' depends on axioms: [propext, Classical.choice, Quot.sound]
'Problem56.PaperV7.centeredBernoulliMomentVarianceBound' depends on axioms: [propext, Classical.choice, Quot.sound]
'Problem56.PaperV7.paperSelectorCoefficient_abs_le' depends on axioms: [propext, Classical.choice, Quot.sound]
'Problem56.PaperV7.sampling_lower_count_tail_bound_sharp' depends on axioms: [propext, Classical.choice, Quot.sound]
'Problem56.PaperV7.sampling_pointwise_saturated_sharp' depends on axioms: [propext, Classical.choice, Quot.sound]
'Problem56.PaperV7.general_sampling_saturated_sharp' depends on axioms: [propext, Classical.choice, Quot.sound]
'Problem56.PaperV7.general_sampling_joint_saturated_sharp' depends on axioms: [propext, Classical.choice, Quot.sound]
'Problem56.PaperV7.saturated_upper_quadraticForm_chain' depends on axioms: [propext, Classical.choice, Quot.sound]
'Problem56.PaperV7.exact_width_small_rank_tail' depends on axioms: [propext, Classical.choice, Quot.sound]
'Problem56.PaperV7.exact_width_effective' depends on axioms: [propext, Classical.choice, Quot.sound]
'Problem56.PaperV7.exact_width_exponential_tail' depends on axioms: [propext, Classical.choice, Quot.sound]
'Problem56.PaperV7.two_projection_spectral_transfer_proof' depends on axioms: [propext, Classical.choice, Quot.sound]
'Problem56.PaperV7.signedTrace_bound' depends on axioms: [propext, Classical.choice, Quot.sound]
'Problem56.PaperV7.signedTrace_master_geometric_bound' depends on axioms: [propext, Classical.choice, Quot.sound]
'Problem56.PaperV7.bernoulli_coordinate_sampling_corollary_of_trace' depends on axioms: [propext,
 Classical.choice,
 Quot.sound]
'Problem56.PaperV7.small_rank_failure_bound' depends on axioms: [propext, Classical.choice, Quot.sound]
'Problem56.PaperV7.frameFailureProbability_full_sample' depends on axioms: [propext, Classical.choice, Quot.sound]
'Problem56.PaperV7.bad_spectral_edge_large_root' depends on axioms: [propext, Classical.choice, Quot.sound]
'Problem56.PaperV7.exists_twoProjection_bad_block_trace_gt' depends on axioms: [propext, Classical.choice, Quot.sound]
'Problem56.PaperV7.signBernoulliExpectation_trace_eq_partition_cumulant_sum' depends on axioms: [propext,
 Classical.choice,
 Quot.sound]
'Problem56.PaperV7.uniform_key_nested_coupling_fintype' depends on axioms: [propext, Classical.choice, Quot.sound]
'Problem56.PaperV7.sampling_pointwise_saturated' depends on axioms: [propext, Classical.choice, Quot.sound]
'Problem56.PaperV7.saturated_full_gram' depends on axioms: [propext, Classical.choice, Quot.sound]
'Problem56.PaperV7.small_rank_second_moment' depends on axioms: [propext, Classical.choice, Quot.sound]
'Problem56.PaperV7.prescribedWidth_bounds' depends on axioms: [propext, Classical.choice, Quot.sound]
'Problem56.PaperV7.prescribedWidth_nonfull_lower' depends on axioms: [propext, Classical.choice, Quot.sound]
