'NLA.IE06.GaussianPivotMasking.maskLabels' depends on axioms: [propext, Classical.choice, Quot.sound]
'NLA.IE06.GaussianPivotMasking.zeroMasked' depends on axioms: [propext, Classical.choice, Quot.sound]
'NLA.IE06.GaussianPivotMasking.measurable_zeroMasked' depends on axioms: [propext, Classical.choice, Quot.sound]
'NLA.IE06.GaussianPivotMasking.zeroMasked_eq_of_outside_eq' depends on axioms: [propext, Classical.choice, Quot.sound]
'NLA.IE06.GaussianPivotMasking.maskLabels_schurStep' depends on axioms: [propext, Classical.choice, Quot.sound]
'NLA.IE06.GaussianPivotMasking.firstPivotIndex_maskLabels' depends on axioms: [propext, Classical.choice, Quot.sound]
'NLA.IE06.GaussianPivotMasking.firstTrajectory_zeroMasked' depends on axioms: [propext, Classical.choice, Quot.sound]
'NLA.IE06.GaussianPivotMasking.firstPath_zeroMasked_prefix' depends on axioms: [propext, Classical.choice, Quot.sound]
'NLA.IE06.GaussianPivotMasking.pivotOrder_zeroMasked' depends on axioms: [propext, Classical.choice, Quot.sound]
'NLA.IE06.GaussianPivotMasking.OutsideRows' depends on axioms: [propext, Classical.choice, Quot.sound]
'NLA.IE06.GaussianPivotMasking.outsideRows_card' depends on axioms: [propext, Classical.choice, Quot.sound]
'NLA.IE06.GaussianPivotMasking.fallbackOrder' depends on axioms: [propext, Classical.choice, Quot.sound]
'NLA.IE06.GaussianPivotMasking.candidateOrder' depends on axioms: [propext, Classical.choice, Quot.sound]
'NLA.IE06.GaussianPivotMasking.candidateLabels' depends on axioms: [propext, Classical.choice, Quot.sound]
'NLA.IE06.GaussianPivotMasking.candidateLabels_avoids' depends on axioms: [propext, Classical.choice, Quot.sound]
'NLA.IE06.GaussianPivotMasking.measurable_masked_prefix_avoidance' depends on axioms: [propext,
 Classical.choice,
 Quot.sound]
'NLA.IE06.GaussianPivotMasking.measurable_candidateLabels_coordinate' depends on axioms: [propext,
 Classical.choice,
 Quot.sound]
'NLA.IE06.GaussianPivotMasking.measurable_candidateOrder_coordinate' depends on axioms: [propext,
 Classical.choice,
 Quot.sound]
'NLA.IE06.GaussianPivotMasking.candidateOrder_eq_of_outside_eq' depends on axioms: [propext,
 Classical.choice,
 Quot.sound]
'NLA.IE06.GaussianPivotMasking.candidateLabels_eq_of_outside_eq' depends on axioms: [propext,
 Classical.choice,
 Quot.sound]
'NLA.IE06.GaussianPivotMasking.candidateLabels_eq_actual' depends on axioms: [propext, Classical.choice, Quot.sound]
'NLA.IE06.GaussianPivotMasking.candidateLabels_eq_actual_of_nonsingular' depends on axioms: [propext,
 Classical.choice,
 Quot.sound]
'NLA.IE06.GaussianPivotMasking.candidateLabels_eq_of_outside_prefix_eq' depends on axioms: [propext,
 Classical.choice,
 Quot.sound]
'NLA.IE06.GaussianPivotMasking.outsideData' depends on axioms: [propext, Classical.choice, Quot.sound]
'NLA.IE06.GaussianPivotMasking.restoreOutside' depends on axioms: [propext, Classical.choice, Quot.sound]
'NLA.IE06.GaussianPivotMasking.measurable_outsideData' depends on axioms: [propext, Classical.choice, Quot.sound]
'NLA.IE06.GaussianPivotMasking.measurable_restoreOutside' depends on axioms: [propext, Classical.choice, Quot.sound]
'NLA.IE06.GaussianPivotMasking.candidateLabels_outsideData' depends on axioms: [propext, Classical.choice, Quot.sound]
'NLA.IE06.GaussianPivotMasking.measurable_candidate_from_outside_coordinate' depends on axioms: [propext,
 Classical.choice,
 Quot.sound]
