Development build on Linux; existing dependency cache, fresh project outputs.
File descriptor limit: 65536; LEAN_NUM_THREADS=2.
$ lake build Challenge Solution
✔ [8705/8725] Built ProofProject.Definitions (21s)
✔ [8706/8725] Built ProofProject.ScalarEigenvalues (21s)
✔ [8707/8725] Built ProofProject.BasisEnergy (5.5s)
✔ [8708/8725] Built ProofProject.MetricMargin (5.5s)
✔ [8709/8725] Built ProofProject.Rescaling (5.7s)
✔ [8710/8725] Built ProofProject.Contractive (5.8s)
✔ [8711/8725] Built ProofProject.Generator (5.4s)
✔ [8712/8725] Built ProofProject.ScalarExamples (6.9s)
✔ [8713/8725] Built ProofProject.GrowthRate (5.4s)
⚠ [8714/8729] Built Challenge (5.1s)
warning: Challenge.lean:10:8: declaration uses `sorry`
warning: Challenge.lean:15:8: declaration uses `sorry`
warning: Challenge.lean:19:8: declaration uses `sorry`
warning: Challenge.lean:26:8: declaration uses `sorry`
warning: Challenge.lean:32:8: declaration uses `sorry`
✔ [8716/8729] Built ProofProject.ScalarSeparation (6.9s)
✔ [8717/8729] Built ProofProject.FiniteModelMargin (5.9s)
✔ [8718/8729] Built ProofProject.Endpoint (5.8s)
✔ [8719/8729] Built ProofProject.Laplace (5.9s)
✔ [8720/8730] Built ProofProject.DiagonalOperators (6.7s)
✔ [8721/8732] Built ProofProject.RoundedSpace (7.3s)
✔ [8722/8732] Built ProofProject.GeneratorOrbit (6.1s)
✔ [8723/8732] Built ProofProject.LaplaceGenerator (5.6s)
✔ [8724/8732] Built ProofProject.BasisPatterns (6.3s)
✔ [8725/8732] Built ProofProject.DiagonalPeak (6.1s)
✔ [8726/8735] Built ProofProject.InverseGenerator (5.9s)
✔ [8727/8736] Built ProofProject.BoundedGenerator (6.8s)
✔ [8728/8736] Built ProofProject.Envelope (6.4s)
✔ [8729/8736] Built ProofProject.RoundedOperators (8.2s)
✔ [8730/8738] Built ProofProject.SeparatedIntegers (6.7s)
✔ [8731/8738] Built ProofProject.DiagonalWitness (6.2s)
✔ [8732/8738] Built ProofProject.SeparationScale (6.3s)
✔ [8733/8738] Built ProofProject.RoundedSemigroupBound (8.3s)
✔ [8734/8738] Built ProofProject.PeakClock (6.6s)
✔ [8735/8739] Built ProofProject.DiscreteLower (6.6s)
✔ [8736/8742] Built ProofProject.FiniteModelWitness (6.8s)
✔ [8737/8745] Built ProofProject.ReplicationDeficit (5.9s)
⚠ [8738/8749] Built ProofProject.FiniteModelLower (5.9s)
warning: ProofProject/FiniteModelLower.lean:53:21: Used `tac1 <;> tac2` where `(tac1; tac2)` would suffice

Note: This linter can be disabled with `set_option linter.unnecessarySeqFocus false`
✔ [8739/8750] Built ProofProject.ReplicationEnergy (5.0s)
✔ [8740/8752] Built ProofProject.PhaseDeficit (6.1s)
✔ [8741/8752] Built ProofProject.ReplicatedSpace (6.7s)
✔ [8742/8752] Built ProofProject.ReplicationOrder (6.3s)
✔ [8743/8752] Built ProofProject.PowerIntegralBounds (5.9s)
✔ [8744/8754] Built ProofProject.DirichletKernel (6.8s)
✔ [8745/8754] Built ProofProject.ReplicationBound (7.1s)
✔ [8746/8755] Built ProofProject.WeightedDirichletBounds (5.8s)
✔ [8747/8755] Built ProofProject.SourceWeightFactor (6.0s)
✔ [8748/8755] Built ProofProject.CoefficientSquare (6.5s)
✔ [8749/8755] Built ProofProject.ReplicationModels (6.6s)
✔ [8750/8755] Built ProofProject.SourceWeightParameters (5.9s)
✔ [8751/8755] Built ProofProject.SourceWeightBounds (5.8s)
✔ [8752/8758] Built ProofProject.EndpointDeficit (5.9s)
✔ [8753/8760] Built ProofProject.ReplicationLower (5.9s)
✔ [8754/8760] Built ProofProject.SourcePhaseDefs (5.9s)
✔ [8755/8760] Built ProofProject.CosineMargin (2.5s)
✔ [8756/8761] Built ProofProject.BoundaryLower (5.9s)
✔ [8757/8763] Built ProofProject.SourcePhasePolar (6.3s)
✔ [8758/8765] Built ProofProject.SourcePhaseCorrection (6.8s)
✔ [8759/8765] Built ProofProject.SourceRadialBounds (6.9s)
✔ [8760/8765] Built ProofProject.AngularPowerIntegrals (6.3s)
✔ [8761/8768] Built ProofProject.SourcePhaseMargin (6.2s)
✔ [8762/8768] Built ProofProject.SourceRadialIntegrability (6.2s)
✔ [8763/8772] Built ProofProject.SourceMomentDefs (5.7s)
✔ [8764/8773] Built ProofProject.PhaseQuotientIntegral (6.3s)
✔ [8765/8773] Built ProofProject.SourceMomentConvergence (5.8s)
✔ [8766/8773] Built ProofProject.SourceRadialLimits (6.5s)
✔ [8767/8773] Built ProofProject.SourceMarginIntegrability (6.6s)
✔ [8768/8773] Built ProofProject.HolomorphicCircleMoments (6.6s)
✔ [8769/8777] Built ProofProject.SourceBoundaryMoments (7.4s)
✔ [8770/8777] Built ProofProject.WeightedCauchySchwarz (7.4s)
✔ [8771/8778] Built ProofProject.SourcePhaseMeasure (8.3s)
✔ [8772/8780] Built ProofProject.FiniteMomentOrthogonality (8.4s)
⚠ [8773/8780] Built ProofProject.WeightedBoundaryEstimate (9.2s)
warning: ProofProject/WeightedBoundaryEstimate.lean:50:4: Used `tac1 <;> tac2` where `(tac1; tac2)` would suffice

Note: This linter can be disabled with `set_option linter.unnecessarySeqFocus false`
✔ [8774/8780] Built ProofProject.PhaseIntegralEnergy (9.4s)
✔ [8775/8780] Built ProofProject.FiniteMomentCoefficients (8.7s)
✔ [8776/8780] Built ProofProject.SourcePolynomialHilbert (8.9s)
✔ [8777/8785] Built ProofProject.SourcePolynomialInner (8.4s)
✔ [8778/8785] Built ProofProject.TailBoundaryAlgebra (8.4s)
✔ [8779/8785] Built ProofProject.SourceBoundaryEstimate (7.7s)
⚠ [8780/8785] Built ProofProject.SourceDirichletGain (8.3s)
warning: ProofProject/SourceDirichletGain.lean:45:44: Used `tac1 <;> tac2` where `(tac1; tac2)` would suffice

Note: This linter can be disabled with `set_option linter.unnecessarySeqFocus false`
warning: ProofProject/SourceDirichletGain.lean:46:46: Used `tac1 <;> tac2` where `(tac1; tac2)` would suffice

Note: This linter can be disabled with `set_option linter.unnecessarySeqFocus false`
warning: ProofProject/SourceDirichletGain.lean:48:27: Used `tac1 <;> tac2` where `(tac1; tac2)` would suffice

Note: This linter can be disabled with `set_option linter.unnecessarySeqFocus false`
✔ [8781/8787] Built ProofProject.SourcePolynomialGain (7.5s)
✔ [8782/8788] Built ProofProject.HilbertULift (8.2s)
⚠ [8783/8788] Built ProofProject.ApproximateSeparation (8.1s)
warning: ProofProject/ApproximateSeparation.lean:26:0: automatically included section variable(s) unused in theorem `ProofProject.coefficient_mul_norm_le_energy`:
  [NormedSpace ℂ H]
consider restructuring your `variable` declarations so that the variables are not in scope or explicitly omit them:
  omit [NormedSpace ℂ H] in theorem ...

Note: This linter can be disabled with `set_option linter.unusedSectionVars false`
⚠ [8784/8790] Built ProofProject.AugmentedSynthesis (8.9s)
info: ProofProject/AugmentedSynthesis.lean:172:46: Try this:
  [apply] abel_nf
warning: ProofProject/AugmentedSynthesis.lean:172:42: Used `tac1 <;> tac2` where `(tac1; tac2)` would suffice

Note: This linter can be disabled with `set_option linter.unnecessarySeqFocus false`
✔ [8785/8792] Built ProofProject.SourceBoundaryLower (8.9s)
✔ [8786/8792] Built ProofProject.TailGeometry (8.3s)
✔ [8787/8792] Built ProofProject.LowerBound (9.1s)
✔ [8788/8793] Built ProofProject.GrowthExponentPerturbation (9.3s)
✔ [8789/8794] Built ProofProject.FactorizedSynthesis (9.4s)
✔ [8790/8796] Built ProofProject.ApproximateSynthesis (9.2s)
✔ [8791/8796] Built ProofProject.FiniteCircleParseval (3.7s)
✔ [8792/8796] Built ProofProject.LaurentCircleProduct (7.3s)
✔ [8793/8800] Built ProofProject.SeparatedFactorSum (7.0s)
✔ [8794/8803] Built ProofProject.FourierTailCoefficients (6.1s)
✔ [8795/8804] Built ProofProject.CirclePolynomialDefs (6.3s)
✔ [8796/8804] Built ProofProject.WeightedCircleProjection (9.1s)
✔ [8797/8804] Built ProofProject.CirclePolynomialReflection (8.1s)
✔ [8798/8804] Built ProofProject.ProjectionAngle (3.7s)
✔ [8799/8808] Built ProofProject.CircleGramPolynomial (6.5s)
✔ [8800/8810] Built ProofProject.CirclePolynomialDivision (6.8s)
⚠ [8801/8810] Built ProofProject.ReciprocalPolynomialApproximation (3.1s)
warning: ProofProject/ReciprocalPolynomialApproximation.lean:36:2: try 'simp' instead of 'simpa'

Note: This linter can be disabled with `set_option linter.unnecessarySimpa false`
✔ [8802/8810] Built ProofProject.PolynomialLaurent (6.5s)
✔ [8803/8810] Built ProofProject.PositiveCircleFactorization (5.4s)
✔ [8804/8816] Built ProofProject.FiniteHankelForm (5.8s)
✔ [8805/8816] Built ProofProject.OuterCircleWeight (5.2s)
✔ [8806/8816] Built ProofProject.SchurFraction (5.3s)
⚠ [8807/8826] Built ProofProject.SchurData (5.1s)
warning: ProofProject/SchurData.lean:41:33: Used `tac1 <;> tac2` where `(tac1; tac2)` would suffice

Note: This linter can be disabled with `set_option linter.unnecessarySeqFocus false`
⚠ [8808/8826] Replayed ProofProject.DiskSector
warning: ProofProject/DiskSector.lean:29:47: Variable name `hw` is not explicitly referenced.

Hint: The binding can be removed (if unused) or named `_` (if used implicitly). Alternatively, prefix the name with `_` to silence this warning:
  [apply] _hw

Note: This linter can be disabled with `set_option linter.unusedVariables false`
✔ [8809/8827] Built ProofProject.PolynomialGeometryReduction (5.1s)
✔ [8810/8827] Built ProofProject.AnalyticSector (5.2s)
⚠ [8811/8830] Built ProofProject.WeightedPolynomialAngle (5.7s)
warning: ProofProject/WeightedPolynomialAngle.lean:108:34: This simp argument is unused:
  Pi.smul_apply

Hint: Omit it from the simp argument list.
  [apply] simp only [weightedLaurentFunction, laurentCirclePolynomial_add, laurentCirclePolynomial_smul, smul_eq_mul]

Note: This linter can be disabled with `set_option linter.unusedSimpArgs false`
✔ [8812/8830] Built ProofProject.AnalyticMajorant (5.1s)
✔ [8813/8833] Built ProofProject.HalfPlaneRadial (2.8s)
⚠ [8814/8833] Built ProofProject.RationalCircleAngle (5.6s)
warning: ProofProject/RationalCircleAngle.lean:121:37: This simp argument is unused:
  star_inv

Hint: Omit it from the simp argument list.
  [apply] simp only [polynomialCirclePhase, fourier_neg, div_eq_mul_inv, starRingEnd_apply, star_mul, star_star]

Note: This linter can be disabled with `set_option linter.unusedSimpArgs false`
✔ [8815/8833] Built ProofProject.SectorPower (5.6s)
✔ [8816/8833] Built ProofProject.PolynomialRadialMaximum (5.4s)
✔ [8817/8836] Built ProofProject.ProjectionHankel (4.0s)
✔ [8818/8836] Built ProofProject.PolynomialPhaseMoments (5.5s)
✔ [8819/8837] Built ProofProject.FiniteToeplitz (7.4s)
✔ [8820/8837] Built ProofProject.OuterPolynomialBoundary (7.5s)
✔ [8821/8837] Built ProofProject.CStarSqrtSeparation (4.0s)
✔ [8822/8837] Built ProofProject.AnalyticCircleMean (9.2s)
✔ [8823/8837] Built ProofProject.PhaseCoefficientPolynomial (9.5s)
✔ [8824/8837] Built ProofProject.ToeplitzBoundary (8.2s)
✔ [8825/8837] Built ProofProject.ToeplitzPadding (7.4s)
✔ [8826/8837] Built ProofProject.ToeplitzPolynomial (7.3s)
✔ [8827/8837] Built ProofProject.OperatorPolarRange (5.4s)
✔ [8828/8839] Built ProofProject.BalancedOperatorFactors (3.4s)
✔ [8829/8841] Built ProofProject.OuterToeplitzData (7.7s)
✔ [8830/8841] Built ProofProject.PolarFactorAlgebra (3.0s)
✔ [8831/8841] Built ProofProject.OperatorPolarExtension (4.9s)
✔ [8832/8841] Built ProofProject.SchurContraction (18s)
✔ [8833/8843] Built ProofProject.OperatorBalancedFactors (4.5s)
✔ [8834/8844] Built ProofProject.BalancedSeparation (10s)
✔ [8835/8844] Built ProofProject.FiniteSchurInterpolation (7.0s)
⚠ [8836/8844] Built ProofProject.AdjointSemigroup (8.1s)
warning: ProofProject/AdjointSemigroup.lean:93:45: This simp argument is unused:
  NNReal.coe_mk

Hint: Omit it from the simp argument list.
  [apply] simp only [dist_eq_norm, Real.norm_eq_abs]

Note: This linter can be disabled with `set_option linter.unusedSimpArgs false`
⚠ [8837/8845] Built ProofProject.HilbertFourier (3.8s)
warning: ProofProject/HilbertFourier.lean:81:8: automatically included section variable(s) unused in theorem `_private.ProofProject.HilbertFourier.0.ProofProject.norm_toLp_sq_eq_integral`:
  [CompleteSpace H]
consider restructuring your `variable` declarations so that the variables are not in scope or explicitly omit them:
  omit [CompleteSpace H] in theorem ...

Note: This linter can be disabled with `set_option linter.unusedSectionVars false`
✔ [8838/8846] Built ProofProject.RationalPhaseApproximation (8.2s)
✔ [8839/8848] Built ProofProject.OscillatorySemigroup (8.7s)
✔ [8840/8848] Built ProofProject.AveragingWindow (4.0s)
✔ [8841/8849] Built ProofProject.OuterSectorFunction (7.9s)
⚠ [8842/8849] Built ProofProject.IntervalOperatorIntegral (3.5s)
warning: ProofProject/IntervalOperatorIntegral.lean:28:0: automatically included section variable(s) unused in theorem `ProofProject.intervalOperatorIntegral_integrable`:
  [CompleteSpace H]
consider restructuring your `variable` declarations so that the variables are not in scope or explicitly omit them:
  omit [CompleteSpace H] in theorem ...

Note: This linter can be disabled with `set_option linter.unusedSectionVars false`
warning: ProofProject/IntervalOperatorIntegral.lean:36:0: automatically included section variable(s) unused in theorem `ProofProject.norm_intervalOperatorIntegral_apply_le`:
  [CompleteSpace H]
consider restructuring your `variable` declarations so that the variables are not in scope or explicitly omit them:
  omit [CompleteSpace H] in theorem ...

Note: This linter can be disabled with `set_option linter.unusedSectionVars false`
✔ [8843/8849] Built ProofProject.BoundedSemigroup (8.1s)
✔ [8844/8849] Built ProofProject.ResolventKernelIntegration (4.0s)
⚠ [8845/8849] Built ProofProject.OuterInteriorEstimate (8.5s)
warning: ProofProject/OuterInteriorEstimate.lean:77:4: Try `simp at hp` instead of `simpa using hp`

Note: This linter can be disabled with `set_option linter.unnecessarySimpa false`
✔ [8846/8852] Built ProofProject.SharpTailGeometry (7.6s)
⚠ [8847/8852] Built ProofProject.AveragedFourierOperator (8.9s)
warning: ProofProject/AveragedFourierOperator.lean:59:0: automatically included section variable(s) unused in theorem `ProofProject.BoundedSemigroup.averagingInterval_continuous`:
  [CompleteSpace H]
consider restructuring your `variable` declarations so that the variables are not in scope or explicitly omit them:
  omit [CompleteSpace H] in theorem ...

Note: This linter can be disabled with `set_option linter.unusedSectionVars false`
warning: ProofProject/AveragedFourierOperator.lean:64:0: automatically included section variable(s) unused in theorem `ProofProject.BoundedSemigroup.averagingInterval_bound`:
  [CompleteSpace H]
consider restructuring your `variable` declarations so that the variables are not in scope or explicitly omit them:
  omit [CompleteSpace H] in theorem ...

Note: This linter can be disabled with `set_option linter.unusedSectionVars false`
warning: ProofProject/AveragedFourierOperator.lean:118:8: This simp argument is unused:
  ← RCLike.real_smul_eq_coe_smul (K := ℂ)

Hint: Omit it from the simp argument list.
  [apply] simp only [averagingOrbit, averagingWindow_of_mem hs, indicator_of_mem hs, averagingFourierKernel,
    Circle.smul_def, mul_smul]

Note: Simp arguments with `←` have the additional effect of removing the other direction from the simp set, even if the simp argument itself is unused. If the hint above does not work, try replacing `←` with `-` to only get that effect and silence this warning.

Note: This linter can be disabled with `set_option linter.unusedSimpArgs false`
✔ [8848/8853] Built ProofProject.AveragingTriangle (4.2s)
✔ [8849/8853] Built ProofProject.SeparatedOperatorSum (8.1s)
✔ [8850/8853] Built ProofProject.AveragedFourierEstimate (8.3s)
✔ [8851/8856] Built ProofProject.AveragedFourierFactor (7.9s)
✔ [8852/8857] Built ProofProject.ScalarFourierReconstruction (3.1s)
⚠ [8853/8859] Built ProofProject.SemigroupKernelOperator (8.3s)
warning: ProofProject/SemigroupKernelOperator.lean:27:0: automatically included section variable(s) unused in theorem `ProofProject.BoundedSemigroup.positiveOrbit_continuous`:
  [CompleteSpace H]
consider restructuring your `variable` declarations so that the variables are not in scope or explicitly omit them:
  omit [CompleteSpace H] in theorem ...

Note: This linter can be disabled with `set_option linter.unusedSectionVars false`
warning: ProofProject/SemigroupKernelOperator.lean:32:0: automatically included section variable(s) unused in theorem `ProofProject.BoundedSemigroup.positiveOrbit_norm_le`:
  [CompleteSpace H]
consider restructuring your `variable` declarations so that the variables are not in scope or explicitly omit them:
  omit [CompleteSpace H] in theorem ...

Note: This linter can be disabled with `set_option linter.unusedSectionVars false`
✔ [8854/8860] Built ProofProject.TrianglePartition (2.7s)
✔ [8855/8860] Built ProofProject.OscillatoryIntegration (2.8s)
✔ [8856/8861] Built ProofProject.OscillatoryFirstDerivative (2.5s)
✔ [8857/8861] Built ProofProject.OscillatoryKernel (2.4s)
✔ [8858/8861] Built ProofProject.OscillatoryNonstationary (3.1s)
✔ [8859/8867] Built ProofProject.FiniteFourierReconstruction (7.4s)
⚠ [8860/8869] Built ProofProject.SourceOscillatoryPhase (2.8s)
warning: ProofProject/SourceOscillatoryPhase.lean:63:18: Used `tac1 <;> tac2` where `(tac1; tac2)` would suffice

Note: This linter can be disabled with `set_option linter.unnecessarySeqFocus false`
warning: ProofProject/SourceOscillatoryPhase.lean:75:11: Used `tac1 <;> tac2` where `(tac1; tac2)` would suffice

Note: This linter can be disabled with `set_option linter.unnecessarySeqFocus false`
warning: ProofProject/SourceOscillatoryPhase.lean:75:31: Used `tac1 <;> tac2` where `(tac1; tac2)` would suffice

Note: This linter can be disabled with `set_option linter.unnecessarySeqFocus false`
warning: ProofProject/SourceOscillatoryPhase.lean:114:35: Used `tac1 <;> tac2` where `(tac1; tac2)` would suffice

Note: This linter can be disabled with `set_option linter.unnecessarySeqFocus false`
✔ [8861/8869] Built ProofProject.OscillatoryCriticalInterval (2.6s)
✔ [8862/8869] Built ProofProject.SourceWindowRescaling (2.6s)
✔ [8863/8869] Built ProofProject.OscillatoryTwiceIntegration (2.0s)
✔ [8864/8869] Built ProofProject.OscillatorySecondDerivative (2.7s)
✔ [8865/8876] Built ProofProject.SourceWindowAmplitude (2.8s)
✔ [8866/8879] Built ProofProject.SourceWindowStationary (2.7s)
⚠ [8867/8879] Built ProofProject.ReciprocalSqrtSeparation (2.6s)
warning: ProofProject/ReciprocalSqrtSeparation.lean:104:6: Used `tac1 <;> tac2` where `(tac1; tac2)` would suffice

Note: This linter can be disabled with `set_option linter.unnecessarySeqFocus false`
✔ [8868/8880] Built ProofProject.FiniteLatticeDecay (2.5s)
⚠ [8870/8883] Built ProofProject.SourceWindowPhaseBounds (2.9s)
warning: ProofProject/SourceWindowPhaseBounds.lean:77:6: Used `tac1 <;> tac2` where `(tac1; tac2)` would suffice

Note: This linter can be disabled with `set_option linter.unnecessarySeqFocus false`
warning: ProofProject/SourceWindowPhaseBounds.lean:103:6: Used `tac1 <;> tac2` where `(tac1; tac2)` would suffice

Note: This linter can be disabled with `set_option linter.unnecessarySeqFocus false`
warning: ProofProject/SourceWindowPhaseBounds.lean:131:6: Used `tac1 <;> tac2` where `(tac1; tac2)` would suffice

Note: This linter can be disabled with `set_option linter.unnecessarySeqFocus false`
warning: ProofProject/SourceWindowPhaseBounds.lean:150:10: Unused tactic linter: `ring` does nothing

Note: This linter can be disabled with `set_option linter.unusedTactic false`
warning: ProofProject/SourceWindowPhaseBounds.lean:150:10: this tactic is never executed

Note: This linter can be disabled with `set_option linter.unreachableTactic false`
✔ [8871/8883] Built ProofProject.DampedPowerDerivatives (2.7s)
✔ [8872/8883] Built ProofProject.SourceFrequencyNormalization (2.8s)
ℹ [8873/8883] Built ProofProject.SourceWeightedAmplitude (3.2s)
info: ProofProject/SourceWeightedAmplitude.lean:95:8: Try this:
  [apply] ring_nf
  
  The `ring` tactic failed to close the goal. Use `ring_nf` to obtain a normal form.
    
  Note that `ring` works primarily in *commutative* rings. If you have a noncommutative ring, abelian group or module, consider using `noncomm_ring`, `abel` or `module` instead.
⚠ [8874/8883] Built ProofProject.SourceWindowDecay (2.9s)
warning: ProofProject/SourceWindowDecay.lean:124:4: Used `tac1 <;> tac2` where `(tac1; tac2)` would suffice

Note: This linter can be disabled with `set_option linter.unnecessarySeqFocus false`
✔ [8875/8884] Built ProofProject.SourcePieceScale (2.3s)
⚠ [8876/8888] Built ProofProject.SourceWindowPointwise (2.6s)
warning: ProofProject/SourceWindowPointwise.lean:94:10: Unused tactic linter: `ring` does nothing

Note: This linter can be disabled with `set_option linter.unusedTactic false`
warning: ProofProject/SourceWindowPointwise.lean:94:10: this tactic is never executed

Note: This linter can be disabled with `set_option linter.unreachableTactic false`
✔ [8877/8888] Built ProofProject.SourceWindowSupportScale (2.6s)
✔ [8878/8888] Built ProofProject.SourcePieceCutoff (2.5s)
✔ [8879/8888] Built ProofProject.ResolventAverage (6.3s)
✔ [8880/8888] Built ProofProject.SemigroupKernelConvolution (9.3s)
⚠ [8881/8888] Built ProofProject.SourceWindowSmoothedDecay (3.5s)
warning: ProofProject/SourceWindowSmoothedDecay.lean:87:20: Used `tac1 <;> tac2` where `(tac1; tac2)` would suffice

Note: This linter can be disabled with `set_option linter.unnecessarySeqFocus false`
✔ [8882/8888] Built ProofProject.SourcePieceAmplitude (2.7s)
✔ [8883/8888] Built ProofProject.SourceScalarBudget (4.2s)
✔ [8884/8891] Built ProofProject.ResolventConvolution (6.5s)
✔ [8885/8894] Built ProofProject.SourceOscillatoryOperator (8.2s)
✔ [8886/8894] Built ProofProject.ResolventOperatorIdentity (9.3s)
⚠ [8887/8894] Built ProofProject.PowerAmplitude (3.7s)
warning: ProofProject/PowerAmplitude.lean:111:49: Variable name `hA0` is not explicitly referenced.

Hint: The binding can be removed (if unused) or named `_` (if used implicitly). Alternatively, prefix the name with `_` to silence this warning:
  [apply] _hA0

Note: This linter can be disabled with `set_option linter.unusedVariables false`
⚠ [8888/8894] Built ProofProject.PowerTailIntegral (8.6s)
warning: ProofProject/PowerTailIntegral.lean:55:65: Used `tac1 <;> tac2` where `(tac1; tac2)` would suffice

Note: This linter can be disabled with `set_option linter.unnecessarySeqFocus false`
warning: ProofProject/PowerTailIntegral.lean:74:20: Used `tac1 <;> tac2` where `(tac1; tac2)` would suffice

Note: This linter can be disabled with `set_option linter.unnecessarySeqFocus false`
✔ [8889/8898] Built ProofProject.SourcePieceOperator (8.0s)
✔ [8890/8900] Built ProofProject.SourceSeparatorScale (3.5s)
✔ [8891/8902] Built ProofProject.SignedTransformedAmplitude (3.9s)
✔ [8892/8902] Built ProofProject.FiniteGeometricError (2.0s)
⚠ [8893/8903] Built ProofProject.SeparatorBudget (3.1s)
warning: ProofProject/SeparatorBudget.lean:43:22: Used `tac1 <;> tac2` where `(tac1; tac2)` would suffice

Note: This linter can be disabled with `set_option linter.unnecessarySeqFocus false`
✔ [8894/8905] Built ProofProject.FiniteParitySplit (3.1s)
✔ [8895/8907] Built ProofProject.TransformedAmplitudeBounds (3.9s)
✔ [8896/8907] Built ProofProject.SourcePieceDampedTail (3.2s)
✔ [8897/8907] Built ProofProject.SourcePieceClock (8.3s)
✔ [8898/8912] Built ProofProject.SourcePieceLimit (8.3s)
✔ [8899/8912] Built ProofProject.OscillatoryResolventBounds (15s)
✔ [8900/8912] Built ProofProject.GammaKernel (6.1s)
✔ [8901/8912] Built ProofProject.RescaledResolventInverse (7.2s)
✔ [8902/8912] Built ProofProject.SourcePieceResolvent (7.8s)
✔ [8903/8913] Built ProofProject.GammaConvolution (8.0s)
⚠ [8904/8913] Built ProofProject.SourcePieceError (7.9s)
warning: ProofProject/SourcePieceError.lean:35:0: automatically included section variable(s) unused in theorem `ProofProject.sourcePiece_sqrt_delete_le`:
  [CompleteSpace H]
consider restructuring your `variable` declarations so that the variables are not in scope or explicitly omit them:
  omit [CompleteSpace H] in theorem ...

Note: This linter can be disabled with `set_option linter.unusedSectionVars false`
warning: ProofProject/SourcePieceError.lean:62:0: automatically included section variable(s) unused in theorem `ProofProject.sourcePiece_sqrt_keep_le`:
  [CompleteSpace H]
consider restructuring your `variable` declarations so that the variables are not in scope or explicitly omit them:
  omit [CompleteSpace H] in theorem ...

Note: This linter can be disabled with `set_option linter.unusedSectionVars false`
✔ [8905/8915] Built ProofProject.GammaResolventPowers (7.5s)
✔ [8906/8917] Built ProofProject.SourcePieceSeparation (7.9s)
⚠ [8907/8917] Built ProofProject.BesselKernelSeries (3.5s)
warning: ProofProject/BesselKernelSeries.lean:48:9: Variable name `n` is not explicitly referenced.

Hint: The binding can be removed (if unused) or named `_` (if used implicitly). Alternatively, prefix the name with `_` to silence this warning:
  [apply] _n

Note: This linter can be disabled with `set_option linter.unusedVariables false`
✔ [8908/8917] Built ProofProject.GeneratorInversePowers (7.8s)
✔ [8909/8917] Built ProofProject.SourcePieceSynthesis (8.8s)
✔ [8910/8917] Built ProofProject.SemigroupKernelSeries (8.8s)
✔ [8911/8917] Built ProofProject.GammaKernelSeries (9.6s)
✔ [8912/8917] Built ProofProject.GeneratorExponentialSeries (9.6s)
✔ [8913/8919] Built ProofProject.SourcePieceFiniteSum (8.5s)
✔ [8914/8919] Built ProofProject.InverseExponentialKernel (8.2s)
✔ [8915/8920] Built ProofProject.BesselKernelODE (7.3s)
✔ [8917/8929] Built ProofProject.SourcePieceTimeBound (7.5s)
✔ [8918/8929] Built ProofProject.BesselOscillator (3.3s)
✔ [8919/8929] Built ProofProject.OscillatorEnergy (3.1s)
✔ [8921/8929] Built ProofProject.OscillatorAsymptotic (3.3s)
ℹ [8922/8929] Built ProofProject.BesselAsymptotic (3.9s)
info: ProofProject/BesselAsymptotic.lean:45:16: Try this:
  [apply] ring_nf
  
  The `ring` tactic failed to close the goal. Use `ring_nf` to obtain a normal form.
    
  Note that `ring` works primarily in *commutative* rings. If you have a noncommutative ring, abelian group or module, consider using `noncomm_ring`, `abel` or `module` instead.
✔ [8923/8929] Built ProofProject.OscillatoryTailBound (7.4s)
✔ [8924/8929] Built ProofProject.SourceBesselRemainder (5.3s)
✔ [8925/8929] Built ProofProject.SharpUpperBound (5.7s)
✔ [8926/8929] Built ProofProject.SharpGrowth (5.2s)
✔ [8927/8929] Built ProofProject.Helpers (5.9s)
✔ [8928/8929] Built Solution (5.9s)
Build completed successfully (8929 jobs).

EXIT_STATUS=0
