EXACT_TYPE NLA.IE14.numerical_bounds: Lean.Expr.app
  (Lean.Expr.app
    (Lean.Expr.const `And [])
    (Lean.Expr.app
      (Lean.Expr.app
        (Lean.Expr.app
          (Lean.Expr.app (Lean.Expr.const `LT.lt [Lean.Level.zero]) (Lean.Expr.const `Real []))
          (Lean.Expr.const `Real.instLT []))
        (Lean.Expr.app
          (Lean.Expr.app
            (Lean.Expr.app (Lean.Expr.const `OfNat.ofNat [Lean.Level.zero]) (Lean.Expr.const `Real []))
            (Lean.Expr.lit (Lean.Literal.natVal 0)))
          (Lean.Expr.app
            (Lean.Expr.app (Lean.Expr.const `Zero.toOfNat0 [Lean.Level.zero]) (Lean.Expr.const `Real []))
            (Lean.Expr.const `Real.instZero []))))
      (Lean.Expr.app
        (Lean.Expr.app
          (Lean.Expr.app
            (Lean.Expr.app
              (Lean.Expr.app
                (Lean.Expr.app
                  (Lean.Expr.const `HDiv.hDiv [Lean.Level.zero, Lean.Level.zero, Lean.Level.zero])
                  (Lean.Expr.const `Real []))
                (Lean.Expr.const `Real []))
              (Lean.Expr.const `Real []))
            (Lean.Expr.app
              (Lean.Expr.app (Lean.Expr.const `instHDiv [Lean.Level.zero]) (Lean.Expr.const `Real []))
              (Lean.Expr.app
                (Lean.Expr.app (Lean.Expr.const `DivInvMonoid.toDiv [Lean.Level.zero]) (Lean.Expr.const `Real []))
                (Lean.Expr.const `Real.instDivInvMonoid []))))
          (Lean.Expr.app
            (Lean.Expr.app
              (Lean.Expr.app (Lean.Expr.const `OfNat.ofNat [Lean.Level.zero]) (Lean.Expr.const `Real []))
              (Lean.Expr.lit (Lean.Literal.natVal 1)))
            (Lean.Expr.app
              (Lean.Expr.app (Lean.Expr.const `One.toOfNat1 [Lean.Level.zero]) (Lean.Expr.const `Real []))
              (Lean.Expr.const `Real.instOne []))))
        (Lean.Expr.app
          (Lean.Expr.app
            (Lean.Expr.app (Lean.Expr.const `OfNat.ofNat [Lean.Level.zero]) (Lean.Expr.const `Real []))
            (Lean.Expr.lit (Lean.Literal.natVal 2)))
          (Lean.Expr.app
            (Lean.Expr.app
              (Lean.Expr.app
                (Lean.Expr.app (Lean.Expr.const `instOfNatAtLeastTwo [Lean.Level.zero]) (Lean.Expr.const `Real []))
                (Lean.Expr.lit (Lean.Literal.natVal 2)))
              (Lean.Expr.const `Real.instNatCast []))
            (Lean.Expr.app
              (Lean.Expr.app
                (Lean.Expr.const `Nat.instAtLeastTwoHAddOfNat [])
                (Lean.Expr.app
                  (Lean.Expr.app
                    (Lean.Expr.app (Lean.Expr.const `OfNat.ofNat [Lean.Level.zero]) (Lean.Expr.const `Nat []))
                    (Lean.Expr.lit (Lean.Literal.natVal 1)))
                  (Lean.Expr.app (Lean.Expr.const `instOfNatNat []) (Lean.Expr.lit (Lean.Literal.natVal 1)))))
              (Lean.Expr.app
                (Lean.Expr.const `Nat.instNeZeroSucc [])
                (Lean.Expr.app
                  (Lean.Expr.app
                    (Lean.Expr.app (Lean.Expr.const `OfNat.ofNat [Lean.Level.zero]) (Lean.Expr.const `Nat []))
                    (Lean.Expr.lit (Lean.Literal.natVal 0)))
                  (Lean.Expr.app (Lean.Expr.const `instOfNatNat []) (Lean.Expr.lit (Lean.Literal.natVal 0)))))))))))
  (Lean.Expr.app
    (Lean.Expr.app
      (Lean.Expr.app
        (Lean.Expr.app (Lean.Expr.const `LE.le [Lean.Level.zero]) (Lean.Expr.const `Real []))
        (Lean.Expr.const `Real.instLE []))
      (Lean.Expr.app
        (Lean.Expr.app
          (Lean.Expr.app
            (Lean.Expr.app
              (Lean.Expr.app
                (Lean.Expr.app
                  (Lean.Expr.const `HDiv.hDiv [Lean.Level.zero, Lean.Level.zero, Lean.Level.zero])
                  (Lean.Expr.const `Real []))
                (Lean.Expr.const `Real []))
              (Lean.Expr.const `Real []))
            (Lean.Expr.app
              (Lean.Expr.app (Lean.Expr.const `instHDiv [Lean.Level.zero]) (Lean.Expr.const `Real []))
              (Lean.Expr.app
                (Lean.Expr.app (Lean.Expr.const `DivInvMonoid.toDiv [Lean.Level.zero]) (Lean.Expr.const `Real []))
                (Lean.Expr.const `Real.instDivInvMonoid []))))
          (Lean.Expr.app
            (Lean.Expr.app
              (Lean.Expr.app (Lean.Expr.const `OfNat.ofNat [Lean.Level.zero]) (Lean.Expr.const `Real []))
              (Lean.Expr.lit (Lean.Literal.natVal 1)))
            (Lean.Expr.app
              (Lean.Expr.app (Lean.Expr.const `One.toOfNat1 [Lean.Level.zero]) (Lean.Expr.const `Real []))
              (Lean.Expr.const `Real.instOne []))))
        (Lean.Expr.app
          (Lean.Expr.app
            (Lean.Expr.app (Lean.Expr.const `OfNat.ofNat [Lean.Level.zero]) (Lean.Expr.const `Real []))
            (Lean.Expr.lit (Lean.Literal.natVal 2)))
          (Lean.Expr.app
            (Lean.Expr.app
              (Lean.Expr.app
                (Lean.Expr.app (Lean.Expr.const `instOfNatAtLeastTwo [Lean.Level.zero]) (Lean.Expr.const `Real []))
                (Lean.Expr.lit (Lean.Literal.natVal 2)))
              (Lean.Expr.const `Real.instNatCast []))
            (Lean.Expr.app
              (Lean.Expr.app
                (Lean.Expr.const `Nat.instAtLeastTwoHAddOfNat [])
                (Lean.Expr.app
                  (Lean.Expr.app
                    (Lean.Expr.app (Lean.Expr.const `OfNat.ofNat [Lean.Level.zero]) (Lean.Expr.const `Nat []))
                    (Lean.Expr.lit (Lean.Literal.natVal 1)))
                  (Lean.Expr.app (Lean.Expr.const `instOfNatNat []) (Lean.Expr.lit (Lean.Literal.natVal 1)))))
              (Lean.Expr.app
                (Lean.Expr.const `Nat.instNeZeroSucc [])
                (Lean.Expr.app
                  (Lean.Expr.app
                    (Lean.Expr.app (Lean.Expr.const `OfNat.ofNat [Lean.Level.zero]) (Lean.Expr.const `Nat []))
                    (Lean.Expr.lit (Lean.Literal.natVal 0)))
                  (Lean.Expr.app (Lean.Expr.const `instOfNatNat []) (Lean.Expr.lit (Lean.Literal.natVal 0))))))))))
    (Lean.Expr.app
      (Lean.Expr.app
        (Lean.Expr.app (Lean.Expr.const `OfNat.ofNat [Lean.Level.zero]) (Lean.Expr.const `Real []))
        (Lean.Expr.lit (Lean.Literal.natVal 1)))
      (Lean.Expr.app
        (Lean.Expr.app (Lean.Expr.const `One.toOfNat1 [Lean.Level.zero]) (Lean.Expr.const `Real []))
        (Lean.Expr.const `Real.instOne []))))
EXACT_TYPE NLA.IE14.entryMax_semantics: Lean.Expr.forallE
  `n
  (Lean.Expr.const `Nat [])
  (Lean.Expr.forallE
    `hn
    (Lean.Expr.app
      (Lean.Expr.app
        (Lean.Expr.app
          (Lean.Expr.app (Lean.Expr.const `LE.le [Lean.Level.zero]) (Lean.Expr.const `Nat []))
          (Lean.Expr.const `instLENat []))
        (Lean.Expr.app
          (Lean.Expr.app
            (Lean.Expr.app (Lean.Expr.const `OfNat.ofNat [Lean.Level.zero]) (Lean.Expr.const `Nat []))
            (Lean.Expr.lit (Lean.Literal.natVal 1)))
          (Lean.Expr.app (Lean.Expr.const `instOfNatNat []) (Lean.Expr.lit (Lean.Literal.natVal 1)))))
      (Lean.Expr.bvar 0))
    (Lean.Expr.forallE
      `A
      (Lean.Expr.app (Lean.Expr.const `NLA.IE14.Mat []) (Lean.Expr.bvar 1))
      (Lean.Expr.app
        (Lean.Expr.app
          (Lean.Expr.const `And [])
          (Lean.Expr.app
            (Lean.Expr.app
              (Lean.Expr.app
                (Lean.Expr.app (Lean.Expr.const `LE.le [Lean.Level.zero]) (Lean.Expr.const `Real []))
                (Lean.Expr.const `Real.instLE []))
              (Lean.Expr.app
                (Lean.Expr.app
                  (Lean.Expr.app (Lean.Expr.const `OfNat.ofNat [Lean.Level.zero]) (Lean.Expr.const `Real []))
                  (Lean.Expr.lit (Lean.Literal.natVal 0)))
                (Lean.Expr.app
                  (Lean.Expr.app (Lean.Expr.const `Zero.toOfNat0 [Lean.Level.zero]) (Lean.Expr.const `Real []))
                  (Lean.Expr.const `Real.instZero []))))
            (Lean.Expr.app
              (Lean.Expr.app (Lean.Expr.const `NLA.IE14.entryMax []) (Lean.Expr.bvar 2))
              (Lean.Expr.bvar 0))))
        (Lean.Expr.app
          (Lean.Expr.app
            (Lean.Expr.const `And [])
            (Lean.Expr.forallE
              `i
              (Lean.Expr.app (Lean.Expr.const `Fin []) (Lean.Expr.bvar 2))
              (Lean.Expr.forallE
                `j
                (Lean.Expr.app (Lean.Expr.const `Fin []) (Lean.Expr.bvar 3))
                (Lean.Expr.app
                  (Lean.Expr.app
                    (Lean.Expr.app
                      (Lean.Expr.app (Lean.Expr.const `LE.le [Lean.Level.zero]) (Lean.Expr.const `Real []))
                      (Lean.Expr.const `Real.instLE []))
                    (Lean.Expr.app
                      (Lean.Expr.app
                        (Lean.Expr.app (Lean.Expr.const `Norm.norm [Lean.Level.zero]) (Lean.Expr.const `Complex []))
                        (Lean.Expr.const `Complex.instNorm []))
                      (Lean.Expr.app (Lean.Expr.app (Lean.Expr.bvar 2) (Lean.Expr.bvar 1)) (Lean.Expr.bvar 0))))
                  (Lean.Expr.app
                    (Lean.Expr.app (Lean.Expr.const `NLA.IE14.entryMax []) (Lean.Expr.bvar 4))
                    (Lean.Expr.bvar 2)))
                (Lean.BinderInfo.default))
              (Lean.BinderInfo.default)))
          (Lean.Expr.app
            (Lean.Expr.app
              (Lean.Expr.const `Exists [Lean.Level.succ (Lean.Level.zero)])
              (Lean.Expr.app (Lean.Expr.const `Fin []) (Lean.Expr.bvar 2)))
            (Lean.Expr.lam
              `i
              (Lean.Expr.app (Lean.Expr.const `Fin []) (Lean.Expr.bvar 2))
              (Lean.Expr.app
                (Lean.Expr.app
                  (Lean.Expr.const `Exists [Lean.Level.succ (Lean.Level.zero)])
                  (Lean.Expr.app (Lean.Expr.const `Fin []) (Lean.Expr.bvar 3)))
                (Lean.Expr.lam
                  `j
                  (Lean.Expr.app (Lean.Expr.const `Fin []) (Lean.Expr.bvar 3))
                  (Lean.Expr.app
                    (Lean.Expr.app
                      (Lean.Expr.app
                        (Lean.Expr.const `Eq [Lean.Level.succ (Lean.Level.zero)])
                        (Lean.Expr.const `Real []))
                      (Lean.Expr.app
                        (Lean.Expr.app (Lean.Expr.const `NLA.IE14.entryMax []) (Lean.Expr.bvar 4))
                        (Lean.Expr.bvar 2)))
                    (Lean.Expr.app
                      (Lean.Expr.app
                        (Lean.Expr.app (Lean.Expr.const `Norm.norm [Lean.Level.zero]) (Lean.Expr.const `Complex []))
                        (Lean.Expr.const `Complex.instNorm []))
                      (Lean.Expr.app (Lean.Expr.app (Lean.Expr.bvar 2) (Lean.Expr.bvar 1)) (Lean.Expr.bvar 0))))
                  (Lean.BinderInfo.default)))
              (Lean.BinderInfo.default)))))
      (Lean.BinderInfo.default))
    (Lean.BinderInfo.default))
  (Lean.BinderInfo.implicit)
EXACT_TYPE NLA.IE14.admissible_path_exists: Lean.Expr.forallE
  `n
  (Lean.Expr.const `Nat [])
  (Lean.Expr.forallE
    `A
    (Lean.Expr.app (Lean.Expr.const `NLA.IE14.Mat []) (Lean.Expr.bvar 0))
    (Lean.Expr.forallE
      `hA
      (Lean.Expr.app
        (Lean.Expr.app
          (Lean.Expr.app (Lean.Expr.const `Ne [Lean.Level.succ (Lean.Level.zero)]) (Lean.Expr.const `Complex []))
          (Lean.Expr.app
            (Lean.Expr.app
              (Lean.Expr.app
                (Lean.Expr.app
                  (Lean.Expr.app
                    (Lean.Expr.app
                      (Lean.Expr.const `Matrix.det [Lean.Level.zero, Lean.Level.zero])
                      (Lean.Expr.app (Lean.Expr.const `Fin []) (Lean.Expr.bvar 1)))
                    (Lean.Expr.app (Lean.Expr.const `instDecidableEqFin []) (Lean.Expr.bvar 1)))
                  (Lean.Expr.app (Lean.Expr.const `Fin.fintype []) (Lean.Expr.bvar 1)))
                (Lean.Expr.const `Complex []))
              (Lean.Expr.const `Complex.commRing []))
            (Lean.Expr.bvar 0)))
        (Lean.Expr.app
          (Lean.Expr.app
            (Lean.Expr.app (Lean.Expr.const `OfNat.ofNat [Lean.Level.zero]) (Lean.Expr.const `Complex []))
            (Lean.Expr.lit (Lean.Literal.natVal 0)))
          (Lean.Expr.app
            (Lean.Expr.app (Lean.Expr.const `Zero.toOfNat0 [Lean.Level.zero]) (Lean.Expr.const `Complex []))
            (Lean.Expr.const `Complex.instZero []))))
      (Lean.Expr.app
        (Lean.Expr.app
          (Lean.Expr.const `Exists [Lean.Level.succ (Lean.Level.zero)])
          (Lean.Expr.app (Lean.Expr.const `NLA.IE14.PivotPath []) (Lean.Expr.bvar 2)))
        (Lean.Expr.lam
          `path
          (Lean.Expr.app (Lean.Expr.const `NLA.IE14.PivotPath []) (Lean.Expr.bvar 2))
          (Lean.Expr.app
            (Lean.Expr.app
              (Lean.Expr.app (Lean.Expr.const `NLA.IE14.AdmissiblePath []) (Lean.Expr.bvar 3))
              (Lean.Expr.bvar 2))
            (Lean.Expr.bvar 0))
          (Lean.BinderInfo.default)))
      (Lean.BinderInfo.default))
    (Lean.BinderInfo.default))
  (Lean.BinderInfo.implicit)
EXACT_TYPE NLA.IE14.all_active_entries_bound: Lean.Expr.forallE
  `n
  (Lean.Expr.const `Nat [])
  (Lean.Expr.forallE
    `hn
    (Lean.Expr.app
      (Lean.Expr.app
        (Lean.Expr.app
          (Lean.Expr.app (Lean.Expr.const `LE.le [Lean.Level.zero]) (Lean.Expr.const `Nat []))
          (Lean.Expr.const `instLENat []))
        (Lean.Expr.app
          (Lean.Expr.app
            (Lean.Expr.app (Lean.Expr.const `OfNat.ofNat [Lean.Level.zero]) (Lean.Expr.const `Nat []))
            (Lean.Expr.lit (Lean.Literal.natVal 4)))
          (Lean.Expr.app (Lean.Expr.const `instOfNatNat []) (Lean.Expr.lit (Lean.Literal.natVal 4)))))
      (Lean.Expr.bvar 0))
    (Lean.Expr.forallE
      `A
      (Lean.Expr.app (Lean.Expr.const `NLA.IE14.Mat []) (Lean.Expr.bvar 1))
      (Lean.Expr.forallE
        `hA
        (Lean.Expr.app (Lean.Expr.app (Lean.Expr.const `NLA.IE14.CyclicInput []) (Lean.Expr.bvar 2)) (Lean.Expr.bvar 0))
        (Lean.Expr.forallE
          `path
          (Lean.Expr.app (Lean.Expr.const `NLA.IE14.PivotPath []) (Lean.Expr.bvar 3))
          (Lean.Expr.forallE
            `hp
            (Lean.Expr.app
              (Lean.Expr.app
                (Lean.Expr.app (Lean.Expr.const `NLA.IE14.AdmissiblePath []) (Lean.Expr.bvar 4))
                (Lean.Expr.bvar 2))
              (Lean.Expr.bvar 0))
            (Lean.Expr.forallE
              `k
              (Lean.Expr.app (Lean.Expr.const `Fin []) (Lean.Expr.bvar 5))
              (Lean.Expr.forallE
                `i
                (Lean.Expr.app (Lean.Expr.const `Fin []) (Lean.Expr.bvar 6))
                (Lean.Expr.forallE
                  `j
                  (Lean.Expr.app (Lean.Expr.const `Fin []) (Lean.Expr.bvar 7))
                  (Lean.Expr.forallE
                    (Lean.Name.mkNum `a._@._internal._hyg 0)
                    (Lean.Expr.app
                      (Lean.Expr.app
                        (Lean.Expr.app
                          (Lean.Expr.app
                            (Lean.Expr.const `LE.le [Lean.Level.zero])
                            (Lean.Expr.app (Lean.Expr.const `Fin []) (Lean.Expr.bvar 8)))
                          (Lean.Expr.app (Lean.Expr.const `instLEFin []) (Lean.Expr.bvar 8)))
                        (Lean.Expr.bvar 2))
                      (Lean.Expr.bvar 1))
                    (Lean.Expr.forallE
                      (Lean.Name.mkNum `a._@._internal._hyg 0)
                      (Lean.Expr.app
                        (Lean.Expr.app
                          (Lean.Expr.app
                            (Lean.Expr.app
                              (Lean.Expr.const `LE.le [Lean.Level.zero])
                              (Lean.Expr.app (Lean.Expr.const `Fin []) (Lean.Expr.bvar 9)))
                            (Lean.Expr.app (Lean.Expr.const `instLEFin []) (Lean.Expr.bvar 9)))
                          (Lean.Expr.bvar 3))
                        (Lean.Expr.bvar 1))
                      (Lean.Expr.app
                        (Lean.Expr.app
                          (Lean.Expr.app
                            (Lean.Expr.app (Lean.Expr.const `LE.le [Lean.Level.zero]) (Lean.Expr.const `Real []))
                            (Lean.Expr.const `Real.instLE []))
                          (Lean.Expr.app
                            (Lean.Expr.app
                              (Lean.Expr.app
                                (Lean.Expr.const `Norm.norm [Lean.Level.zero])
                                (Lean.Expr.const `Complex []))
                              (Lean.Expr.const `Complex.instNorm []))
                            (Lean.Expr.app
                              (Lean.Expr.app
                                (Lean.Expr.app
                                  (Lean.Expr.app
                                    (Lean.Expr.app
                                      (Lean.Expr.app (Lean.Expr.const `NLA.IE14.trajectory []) (Lean.Expr.bvar 10))
                                      (Lean.Expr.bvar 8))
                                    (Lean.Expr.bvar 6))
                                  (Lean.Expr.app
                                    (Lean.Expr.app (Lean.Expr.const `Fin.val []) (Lean.Expr.bvar 10))
                                    (Lean.Expr.bvar 4)))
                                (Lean.Expr.bvar 3))
                              (Lean.Expr.bvar 2))))
                        (Lean.Expr.app
                          (Lean.Expr.app
                            (Lean.Expr.app
                              (Lean.Expr.app
                                (Lean.Expr.app
                                  (Lean.Expr.app
                                    (Lean.Expr.const `HMul.hMul [Lean.Level.zero, Lean.Level.zero, Lean.Level.zero])
                                    (Lean.Expr.const `Real []))
                                  (Lean.Expr.const `Real []))
                                (Lean.Expr.const `Real []))
                              (Lean.Expr.app
                                (Lean.Expr.app (Lean.Expr.const `instHMul [Lean.Level.zero]) (Lean.Expr.const `Real []))
                                (Lean.Expr.const `Real.instMul [])))
                            (Lean.Expr.app (Lean.Expr.const `NLA.IE14.fibonacciBound []) (Lean.Expr.bvar 10)))
                          (Lean.Expr.app
                            (Lean.Expr.app (Lean.Expr.const `NLA.IE14.entryMax []) (Lean.Expr.bvar 10))
                            (Lean.Expr.bvar 8))))
                      (Lean.BinderInfo.default))
                    (Lean.BinderInfo.default))
                  (Lean.BinderInfo.default))
                (Lean.BinderInfo.default))
              (Lean.BinderInfo.default))
            (Lean.BinderInfo.default))
          (Lean.BinderInfo.default))
        (Lean.BinderInfo.default))
      (Lean.BinderInfo.default))
    (Lean.BinderInfo.default))
  (Lean.BinderInfo.default)
EXACT_TYPE NLA.IE14.witness_data: Lean.Expr.forallE
  `n
  (Lean.Expr.const `Nat [])
  (Lean.Expr.forallE
    `hn
    (Lean.Expr.app
      (Lean.Expr.app
        (Lean.Expr.app
          (Lean.Expr.app (Lean.Expr.const `LE.le [Lean.Level.zero]) (Lean.Expr.const `Nat []))
          (Lean.Expr.const `instLENat []))
        (Lean.Expr.app
          (Lean.Expr.app
            (Lean.Expr.app (Lean.Expr.const `OfNat.ofNat [Lean.Level.zero]) (Lean.Expr.const `Nat []))
            (Lean.Expr.lit (Lean.Literal.natVal 4)))
          (Lean.Expr.app (Lean.Expr.const `instOfNatNat []) (Lean.Expr.lit (Lean.Literal.natVal 4)))))
      (Lean.Expr.bvar 0))
    (Lean.Expr.app
      (Lean.Expr.app
        (Lean.Expr.const `And [])
        (Lean.Expr.app
          (Lean.Expr.app (Lean.Expr.const `NLA.IE14.CyclicInput []) (Lean.Expr.bvar 1))
          (Lean.Expr.app
            (Lean.Expr.app (Lean.Expr.const `NLA.IE14.witnessMatrix []) (Lean.Expr.bvar 1))
            (Lean.Expr.bvar 0))))
      (Lean.Expr.app
        (Lean.Expr.app
          (Lean.Expr.app (Lean.Expr.const `Eq [Lean.Level.succ (Lean.Level.zero)]) (Lean.Expr.const `Real []))
          (Lean.Expr.app
            (Lean.Expr.app (Lean.Expr.const `NLA.IE14.entryMax []) (Lean.Expr.bvar 1))
            (Lean.Expr.app
              (Lean.Expr.app (Lean.Expr.const `NLA.IE14.witnessMatrix []) (Lean.Expr.bvar 1))
              (Lean.Expr.bvar 0))))
        (Lean.Expr.app
          (Lean.Expr.app
            (Lean.Expr.app (Lean.Expr.const `OfNat.ofNat [Lean.Level.zero]) (Lean.Expr.const `Real []))
            (Lean.Expr.lit (Lean.Literal.natVal 1)))
          (Lean.Expr.app
            (Lean.Expr.app (Lean.Expr.const `One.toOfNat1 [Lean.Level.zero]) (Lean.Expr.const `Real []))
            (Lean.Expr.const `Real.instOne [])))))
    (Lean.BinderInfo.default))
  (Lean.BinderInfo.default)
EXACT_TYPE NLA.IE14.witness_attainment: Lean.Expr.forallE
  `n
  (Lean.Expr.const `Nat [])
  (Lean.Expr.forallE
    `hn
    (Lean.Expr.app
      (Lean.Expr.app
        (Lean.Expr.app
          (Lean.Expr.app (Lean.Expr.const `LE.le [Lean.Level.zero]) (Lean.Expr.const `Nat []))
          (Lean.Expr.const `instLENat []))
        (Lean.Expr.app
          (Lean.Expr.app
            (Lean.Expr.app (Lean.Expr.const `OfNat.ofNat [Lean.Level.zero]) (Lean.Expr.const `Nat []))
            (Lean.Expr.lit (Lean.Literal.natVal 4)))
          (Lean.Expr.app (Lean.Expr.const `instOfNatNat []) (Lean.Expr.lit (Lean.Literal.natVal 4)))))
      (Lean.Expr.bvar 0))
    (Lean.Expr.app
      (Lean.Expr.app
        (Lean.Expr.const `And [])
        (Lean.Expr.app
          (Lean.Expr.app
            (Lean.Expr.app (Lean.Expr.const `NLA.IE14.AdmissiblePath []) (Lean.Expr.bvar 1))
            (Lean.Expr.app
              (Lean.Expr.app (Lean.Expr.const `NLA.IE14.witnessMatrix []) (Lean.Expr.bvar 1))
              (Lean.Expr.bvar 0)))
          (Lean.Expr.app
            (Lean.Expr.app (Lean.Expr.const `NLA.IE14.witnessPath []) (Lean.Expr.bvar 1))
            (Lean.Expr.bvar 0))))
      (Lean.Expr.app
        (Lean.Expr.app
          (Lean.Expr.app (Lean.Expr.const `Eq [Lean.Level.succ (Lean.Level.zero)]) (Lean.Expr.const `Real []))
          (Lean.Expr.app
            (Lean.Expr.app
              (Lean.Expr.app (Lean.Expr.const `NLA.IE14.growth []) (Lean.Expr.bvar 1))
              (Lean.Expr.app
                (Lean.Expr.app (Lean.Expr.const `NLA.IE14.witnessMatrix []) (Lean.Expr.bvar 1))
                (Lean.Expr.bvar 0)))
            (Lean.Expr.app
              (Lean.Expr.app (Lean.Expr.const `NLA.IE14.witnessPath []) (Lean.Expr.bvar 1))
              (Lean.Expr.bvar 0))))
        (Lean.Expr.app (Lean.Expr.const `NLA.IE14.fibonacciBound []) (Lean.Expr.bvar 1))))
    (Lean.BinderInfo.default))
  (Lean.BinderInfo.default)
EXACT_TYPE NLA.IE14.canonical_result: Lean.Expr.forallE
  `n
  (Lean.Expr.const `Nat [])
  (Lean.Expr.forallE
    `hn
    (Lean.Expr.app
      (Lean.Expr.app
        (Lean.Expr.app
          (Lean.Expr.app (Lean.Expr.const `LE.le [Lean.Level.zero]) (Lean.Expr.const `Nat []))
          (Lean.Expr.const `instLENat []))
        (Lean.Expr.app
          (Lean.Expr.app
            (Lean.Expr.app (Lean.Expr.const `OfNat.ofNat [Lean.Level.zero]) (Lean.Expr.const `Nat []))
            (Lean.Expr.lit (Lean.Literal.natVal 4)))
          (Lean.Expr.app (Lean.Expr.const `instOfNatNat []) (Lean.Expr.lit (Lean.Literal.natVal 4)))))
      (Lean.Expr.bvar 0))
    (Lean.Expr.app
      (Lean.Expr.app
        (Lean.Expr.const `And [])
        (Lean.Expr.app
          (Lean.Expr.app
            (Lean.Expr.app
              (Lean.Expr.app (Lean.Expr.const `IsGreatest [Lean.Level.zero]) (Lean.Expr.const `Real []))
              (Lean.Expr.const `Real.instLE []))
            (Lean.Expr.app (Lean.Expr.const `NLA.IE14.cyclicGrowthSet []) (Lean.Expr.bvar 1)))
          (Lean.Expr.app (Lean.Expr.const `NLA.IE14.fibonacciBound []) (Lean.Expr.bvar 1))))
      (Lean.Expr.app
        (Lean.Expr.app
          (Lean.Expr.app (Lean.Expr.const `Eq [Lean.Level.succ (Lean.Level.zero)]) (Lean.Expr.const `Real []))
          (Lean.Expr.app (Lean.Expr.const `NLA.IE14.sharpConstant []) (Lean.Expr.bvar 1)))
        (Lean.Expr.app (Lean.Expr.const `NLA.IE14.fibonacciBound []) (Lean.Expr.bvar 1))))
    (Lean.BinderInfo.default))
  (Lean.BinderInfo.default)
