ℹ [3631/3636] Replayed NLA.IE14.Certificates
info: NLA/IE14/Certificates.lean:19:0: 'NLA.IE14.half_bounds_certificate' depends on axioms: [propext, Classical.choice, Quot.sound]
ℹ [3633/3636] Replayed NLA.IE14.Front
info: NLA/IE14/Front.lean:286:0: 'NLA.IE14.frontInvariant_all' depends on axioms: [propext, Classical.choice, Quot.sound]
✖ [3634/3636] Building NLA.IE14.Factors (2.6s)
trace: .> LEAN_PATH=/private/tmp/nla-formalization-campaign-20260915/linear-systems-and-elimination/IE-15/lean/.lake/packages/Cli/.lake/build/lib/lean:/private/tmp/nla-formalization-campaign-20260915/linear-systems-and-elimination/IE-15/lean/.lake/packages/batteries/.lake/build/lib/lean:/private/tmp/nla-formalization-campaign-20260915/linear-systems-and-elimination/IE-15/lean/.lake/packages/Qq/.lake/build/lib/lean:/private/tmp/nla-formalization-campaign-20260915/linear-systems-and-elimination/IE-15/lean/.lake/packages/aesop/.lake/build/lib/lean:/private/tmp/nla-formalization-campaign-20260915/linear-systems-and-elimination/IE-15/lean/.lake/packages/proofwidgets/.lake/build/lib/lean:/private/tmp/nla-formalization-campaign-20260915/linear-systems-and-elimination/IE-15/lean/.lake/packages/importGraph/.lake/build/lib/lean:/private/tmp/nla-formalization-campaign-20260915/linear-systems-and-elimination/IE-15/lean/.lake/packages/LeanSearchClient/.lake/build/lib/lean:/private/tmp/nla-formalization-campaign-20260915/linear-systems-and-elimination/IE-15/lean/.lake/packages/plausible/.lake/build/lib/lean:/private/tmp/nla-formalization-campaign-20260915/linear-systems-and-elimination/IE-15/lean/.lake/packages/mathlib/.lake/build/lib/lean:/private/tmp/nla-formalization-campaign-20260915/linear-systems-and-elimination/IE-15/lean/.lake/packages/leancert/.lake/build/lib/lean:/private/tmp/nla-ie14-source-referee1/.lake/build/lib/lean /private/tmp/nla-campaign-toolchain/lean-4.33.1-darwin_aarch64/bin/lean /private/tmp/nla-ie14-source-referee1/NLA/IE14/Factors.lean -o /private/tmp/nla-ie14-source-referee1/.lake/build/lib/lean/NLA/IE14/Factors.olean -i /private/tmp/nla-ie14-source-referee1/.lake/build/lib/lean/NLA/IE14/Factors.ilean -c /private/tmp/nla-ie14-source-referee1/.lake/build/ir/NLA/IE14/Factors.c --setup /private/tmp/nla-ie14-source-referee1/.lake/build/ir/NLA/IE14/Factors.setup.json --json
error: NLA/IE14/Factors.lean:74:22: omega could not prove the goal:
a possible counterexample may satisfy the constraints
  d ≥ 1
  c ≥ 0
  b ≥ 3
  b - c ≥ 0
  b - d ≥ 1
  a ≥ 0
  a - b ≤ 0
where
 a := ↑↑(factorIndex n hn j)
 b := ↑↑i
 c := ↑↑⟨↑j + 1, ⋯⟩
 d := ↑↑j
error: NLA/IE14/Factors.lean:74:22: omega could not prove the goal:
a possible counterexample may satisfy the constraints
  d ≥ 1
  c ≥ 0
  b ≥ 3
  b - c ≥ 0
  b - d ≥ 1
  a ≥ 0
  a - b ≤ 0
where
 a := ↑↑(factorIndex n hn j)
 b := ↑↑j
 c := ↑↑⟨1, ⋯⟩
 d := ↑↑i
error: NLA/IE14/Factors.lean:74:22: omega could not prove the goal:
a possible counterexample may satisfy the constraints
  e ≥ 1
  d ≥ 1
  d - e ≥ 1
  c ≥ 0
  b ≥ 0
  a ≥ 4
  a - b ≥ 1
  a - c ≥ 1
  a - d ≥ 2
  a - e ≥ 2
where
 a := ↑n
 b := ↑↑(factorIndex n hn j)
 c := ↑↑⟨↑j + 1, ⋯⟩
 d := ↑↑j
 e := ↑↑i
error: Lean exited with code 1
Some required targets logged failures:
- NLA.IE14.Factors
error: build failed
