{
  "verdict": "PASS independent retained-evidence audit",
  "timestamp_utc": "2026-09-22T22:27:34.363785+00:00",
  "reviewer": "/root/ie22_final_correctness, nonauthor",
  "publication_source_commit": "c45f9ccef20a2fa5cc4b988e93d4173dab853362",
  "guest_verification_commit": "3ee64b33ae1c626b3c7ffa1c4e561b6055623bb9",
  "run": "verify-20260922T221554Z-991",
  "operational_report_sha256": "5e7854c7ce6801da27aa87648fa0209adfaec427fcbef69b0ec9c89a3fb8c0cf",
  "evidence_manifest_sha256": "a26606cc445414a8532aa1337ca5df6d0cb047dd1b42e416afed9fd8cac2a9e7",
  "manifest_bound_files": 455,
  "archive_bound_files": 431,
  "immutable_git_input_files": 394,
  "frozen_core_files": 57,
  "fresh_project_modules": 47,
  "selected_exact_targets": 20,
  "permitted_axioms": [
    "Classical.choice",
    "Quot.sound",
    "propext"
  ],
  "dependency_pin_count": 10,
  "earlier_source_review_sha256": "3c21b611c77fae39425a7761b0143702bdb381842a576a4e74b6557a5301ab46",
  "audit_script_sha256": "c5c7520d80970aa57991fad03a238ce7533c16b5ed1a309a32477087e9d8e66f",
  "limits": [
    "Independent retained Linux evidence audit, not a second Linux execution",
    "Upstream Mathlib cache reused; no whole-library source rebuild",
    "Raw Comparator streams deleted by pinned tool; only authenticated logged export lists retained",
    "Later publication metadata/canonical changes require separate review"
  ]
}
