NLA/IE14/Front.lean:39:30: warning: This simp argument is unused:
  if_pos rfl

Hint: Omit it from the simp argument list.
  [apply] simp only [remainingPair, Prod.fst, Prod.snd]

Note: This linter can be disabled with `set_option linter.unusedSimpArgs false`
NLA/IE14/Front.lean:39:42: warning: This simp argument is unused:
  Prod.fst

Hint: Omit it from the simp argument list.
  [apply] simp only [remainingPair, if_pos rfl, Prod.snd]

Note: This linter can be disabled with `set_option linter.unusedSimpArgs false`
NLA/IE14/Front.lean:39:52: warning: This simp argument is unused:
  Prod.snd

Hint: Omit it from the simp argument list.
  [apply] simp only [remainingPair, if_pos rfl, Prod.fst]

Note: This linter can be disabled with `set_option linter.unusedSimpArgs false`
NLA/IE14/Front.lean:43:52: warning: This simp argument is unused:
  if_pos rfl

Hint: Omit it from the simp argument list.
  [apply] simp only [remainingPair, if_neg (Ne.symm hrs), Prod.fst, Prod.snd]

Note: This linter can be disabled with `set_option linter.unusedSimpArgs false`
NLA/IE14/Front.lean:43:64: warning: This simp argument is unused:
  Prod.fst

Hint: Omit it from the simp argument list.
  [apply] simp only [remainingPair, if_neg (Ne.symm hrs), if_pos rfl, Prod.snd]

Note: This linter can be disabled with `set_option linter.unusedSimpArgs false`
NLA/IE14/Front.lean:43:74: warning: This simp argument is unused:
  Prod.snd

Hint: Omit it from the simp argument list.
  [apply] simp only [remainingPair, if_neg (Ne.symm hrs), if_pos rfl, Prod.fst]

Note: This linter can be disabled with `set_option linter.unusedSimpArgs false`
NLA/IE14/Front.lean:47:74: warning: This simp argument is unused:
  Prod.fst

Hint: Omit it from the simp argument list.
  [apply] simp only [remainingPair, if_neg (Ne.symm hrf), if_neg (Ne.symm hsf), Prod.snd]

Note: This linter can be disabled with `set_option linter.unusedSimpArgs false`
NLA/IE14/Front.lean:47:84: warning: This simp argument is unused:
  Prod.snd

Hint: Omit it from the simp argument list.
  [apply] simp only [remainingPair, if_neg (Ne.symm hrf), if_neg (Ne.symm hsf), Prod.fst]

Note: This linter can be disabled with `set_option linter.unusedSimpArgs false`
NLA/IE14/Front.lean:108:26: warning: This simp argument is unused:
  Prod.fst

Hint: Omit it from the simp argument list.
  [apply] simp only [frontPair, Prod.snd, ne_eq, Fin.mk.injEq]

Note: This linter can be disabled with `set_option linter.unusedSimpArgs false`
NLA/IE14/Front.lean:108:36: warning: This simp argument is unused:
  Prod.snd

Hint: Omit it from the simp argument list.
  [apply] simp only [frontPair, Prod.fst, ne_eq, Fin.mk.injEq]

Note: This linter can be disabled with `set_option linter.unusedSimpArgs false`
NLA/IE14/Front.lean:111:59: warning: This simp argument is unused:
  Prod.snd

Hint: Omit it from the simp argument list.
  [apply] simp only [origin, frontPair, Equiv.refl_apply]

Note: This linter can be disabled with `set_option linter.unusedSimpArgs false`
NLA/IE14/Front.lean:225:58: error: omega could not prove the goal:
a possible counterexample may satisfy the constraints
  m ≥ 0
  l ≥ 0
  l - m ≥ 1
  j ≥ 0
  j - l ≥ 1
  j - m ≥ 1
  h ≥ 0
  g ≥ 0
  e ≥ 0
  d ≥ 0
  c ≥ 0
  c - d ≤ -1
  c - e ≤ -1
  c - g ≤ -1
  b ≥ 0
  b - c ≤ -1
  b - h ≥ -1
  b - j ≤ 0
  a ≥ 0
  a - b ≥ 3
  a - c ≥ 1
  a - d ≥ 1
  a - e ≥ 1
  a - g ≥ 1
  a - h ≥ 1
  a - j ≥ 1
  a - l ≥ 1
  a - m ≥ 1
where
 a := ↑n
 b := ↑k
 c := ↑↑i
 d := ↑↑⟨k, ⋯⟩
 e := ↑↑(τ rem.2)
 g := ↑↑(τ rem.1)
 h := ↑↑((origin path k) p)
 j := ↑↑(path z)
 l := ↑↑r
 m := ↑↑s
NLA/IE14/Front.lean:284:21: error: #assert_trust: 'NLA.IE14.frontInvariant_all' depends on sorry or unrecognized axioms
  foundational: propext, Classical.choice, Quot.sound
  sorryAx: sorryAx
'NLA.IE14.frontInvariant_all' depends on axioms: [propext, sorryAx, Classical.choice, Quot.sound]
