NLA/IE14/Front.lean:39:30: warning: This simp argument is unused:
  if_pos rfl

Hint: Omit it from the simp argument list.
  [apply] simp only [remainingPair, Prod.fst, Prod.snd]

Note: This linter can be disabled with `set_option linter.unusedSimpArgs false`
NLA/IE14/Front.lean:39:42: warning: This simp argument is unused:
  Prod.fst

Hint: Omit it from the simp argument list.
  [apply] simp only [remainingPair, if_pos rfl, Prod.snd]

Note: This linter can be disabled with `set_option linter.unusedSimpArgs false`
NLA/IE14/Front.lean:39:52: warning: This simp argument is unused:
  Prod.snd

Hint: Omit it from the simp argument list.
  [apply] simp only [remainingPair, if_pos rfl, Prod.fst]

Note: This linter can be disabled with `set_option linter.unusedSimpArgs false`
NLA/IE14/Front.lean:43:52: warning: This simp argument is unused:
  if_pos rfl

Hint: Omit it from the simp argument list.
  [apply] simp only [remainingPair, if_neg (Ne.symm hrs), Prod.fst, Prod.snd]

Note: This linter can be disabled with `set_option linter.unusedSimpArgs false`
NLA/IE14/Front.lean:43:64: warning: This simp argument is unused:
  Prod.fst

Hint: Omit it from the simp argument list.
  [apply] simp only [remainingPair, if_neg (Ne.symm hrs), if_pos rfl, Prod.snd]

Note: This linter can be disabled with `set_option linter.unusedSimpArgs false`
NLA/IE14/Front.lean:43:74: warning: This simp argument is unused:
  Prod.snd

Hint: Omit it from the simp argument list.
  [apply] simp only [remainingPair, if_neg (Ne.symm hrs), if_pos rfl, Prod.fst]

Note: This linter can be disabled with `set_option linter.unusedSimpArgs false`
NLA/IE14/Front.lean:47:74: warning: This simp argument is unused:
  Prod.fst

Hint: Omit it from the simp argument list.
  [apply] simp only [remainingPair, if_neg (Ne.symm hrf), if_neg (Ne.symm hsf), Prod.snd]

Note: This linter can be disabled with `set_option linter.unusedSimpArgs false`
NLA/IE14/Front.lean:47:84: warning: This simp argument is unused:
  Prod.snd

Hint: Omit it from the simp argument list.
  [apply] simp only [remainingPair, if_neg (Ne.symm hrf), if_neg (Ne.symm hsf), Prod.fst]

Note: This linter can be disabled with `set_option linter.unusedSimpArgs false`
NLA/IE14/Front.lean:96:23: error: Application type mismatch: The argument
  k
has type
  ℕ
of sort `Type` but is expected to have type
  Type ?u.38
of sort `Type (?u.38 + 1)` in the application
  @InitialSeg k
NLA/IE14/Front.lean:96:26: error(lean.invalidDottedIdent): Invalid dotted identifier notation: Not supported on type universe
  Sort ?u.39
NLA/IE14/Front.lean:104:4: error: Function expected at
  FrontInvariant
but this term has type
  ?m.1

Note: Expected a function because this term is being applied to the argument
  A

Hint: The identifier `FrontInvariant` is unknown, and Lean's `autoImplicit` option causes an unknown identifier to be treated as an implicitly bound variable with an unknown type. However, the unknown type cannot be a function, and a function is what Lean expects here. This is often the result of a typo or a missing `import` or `open` statement.
NLA/IE14/Front.lean:105:2: error: Tactic `constructor` failed: target is not an inductive datatype

x✝ : Sort u_1
FrontInvariant : x✝
n : ℕ
hn : 4 ≤ n
A : Mat n
path : PivotPath n
⊢ sorry
NLA/IE14/Front.lean:123:32: error: Function expected at
  FrontInvariant
but this term has type
  ?m.1

Note: Expected a function because this term is being applied to the argument
  A

Hint: The identifier `FrontInvariant` is unknown, and Lean's `autoImplicit` option causes an unknown identifier to be treated as an implicitly bound variable with an unknown type. However, the unknown type cannot be a function, and a function is what Lean expects here. This is often the result of a typo or a missing `import` or `open` statement.
NLA/IE14/Front.lean:143:10: error: Function expected at
  FrontInvariant
but this term has type
  ?m.1

Note: Expected a function because this term is being applied to the argument
  A

Hint: The identifier `FrontInvariant` is unknown, and Lean's `autoImplicit` option causes an unknown identifier to be treated as an implicitly bound variable with an unknown type. However, the unknown type cannot be a function, and a function is what Lean expects here. This is often the result of a typo or a missing `import` or `open` statement.
NLA/IE14/Front.lean:145:63: error: unsolved goals
case neg
x✝ : Sort u_1
FrontInvariant : x✝
n : ℕ
A : Mat n
path : PivotPath n
k : ℕ
r s : Fin n
hA : CyclicInput A
hp : AdmissiblePath A path
hF : sorry
hk : k + 2 < n
z : Fin n := ⟨k, ⋯⟩
p : Fin n := path z
hr : ¬p = r
hs : ¬p = s
hf : ¬path ⟨k, ⋯⟩ = (Equiv.symm (origin path k)) ⟨k + 1, ⋯⟩
⊢ False
