/private/tmp/nla-solved-campaign-20260922/docs/lean/campaign/2026-09-22/IE-22/lean/reviews/ie22-final-correctness-evidence/ExactFrozenTypesAndAxioms.lean:13:21: warning: Variable name `hθ` is not explicitly referenced.

Hint: The binding can be removed (if unused) or named `_` (if used implicitly). Alternatively, prefix the name with `_` to silence this warning:
  [apply] _hθ

Note: This linter can be disabled with `set_option linter.unusedVariables false`
/private/tmp/nla-solved-campaign-20260922/docs/lean/campaign/2026-09-22/IE-22/lean/reviews/ie22-final-correctness-evidence/ExactFrozenTypesAndAxioms.lean:14:15: warning: Variable name `hm` is not explicitly referenced.

Hint: The binding can be removed (if unused) or named `_` (if used implicitly). Alternatively, prefix the name with `_` to silence this warning:
  [apply] _hm

Note: This linter can be disabled with `set_option linter.unusedVariables false`
/private/tmp/nla-solved-campaign-20260922/docs/lean/campaign/2026-09-22/IE-22/lean/reviews/ie22-final-correctness-evidence/ExactFrozenTypesAndAxioms.lean:14:28: warning: Variable name `hn` is not explicitly referenced.

Hint: The binding can be removed (if unused) or named `_` (if used implicitly). Alternatively, prefix the name with `_` to silence this warning:
  [apply] _hn

Note: This linter can be disabled with `set_option linter.unusedVariables false`
'NLA.IE22.supremum_semantics' depends on axioms: [propext, Classical.choice, Quot.sound]
/private/tmp/nla-solved-campaign-20260922/docs/lean/campaign/2026-09-22/IE-22/lean/reviews/ie22-final-correctness-evidence/ExactFrozenTypesAndAxioms.lean:23:21: warning: Variable name `hθ` is not explicitly referenced.

Hint: The binding can be removed (if unused) or named `_` (if used implicitly). Alternatively, prefix the name with `_` to silence this warning:
  [apply] _hθ

Note: This linter can be disabled with `set_option linter.unusedVariables false`
'NLA.IE22.constant_semantics' depends on axioms: [propext, Classical.choice, Quot.sound]
/private/tmp/nla-solved-campaign-20260922/docs/lean/campaign/2026-09-22/IE-22/lean/reviews/ie22-final-correctness-evidence/ExactFrozenTypesAndAxioms.lean:29:21: warning: Variable name `hθ` is not explicitly referenced.

Hint: The binding can be removed (if unused) or named `_` (if used implicitly). Alternatively, prefix the name with `_` to silence this warning:
  [apply] _hθ

Note: This linter can be disabled with `set_option linter.unusedVariables false`
/private/tmp/nla-solved-campaign-20260922/docs/lean/campaign/2026-09-22/IE-22/lean/reviews/ie22-final-correctness-evidence/ExactFrozenTypesAndAxioms.lean:30:17: warning: Variable name `hn` is not explicitly referenced.

Hint: The binding can be removed (if unused) or named `_` (if used implicitly). Alternatively, prefix the name with `_` to silence this warning:
  [apply] _hn

Note: This linter can be disabled with `set_option linter.unusedVariables false`
/private/tmp/nla-solved-campaign-20260922/docs/lean/campaign/2026-09-22/IE-22/lean/reviews/ie22-final-correctness-evidence/ExactFrozenTypesAndAxioms.lean:30:30: warning: Variable name `hd` is not explicitly referenced.

Hint: The binding can be removed (if unused) or named `_` (if used implicitly). Alternatively, prefix the name with `_` to silence this warning:
  [apply] _hd

Note: This linter can be disabled with `set_option linter.unusedVariables false`
'NLA.IE22.projection_semantics' depends on axioms: [propext, Classical.choice, Quot.sound]
/private/tmp/nla-solved-campaign-20260922/docs/lean/campaign/2026-09-22/IE-22/lean/reviews/ie22-final-correctness-evidence/ExactFrozenTypesAndAxioms.lean:37:25: warning: Variable name `hm` is not explicitly referenced.

Hint: The binding can be removed (if unused) or named `_` (if used implicitly). Alternatively, prefix the name with `_` to silence this warning:
  [apply] _hm

Note: This linter can be disabled with `set_option linter.unusedVariables false`
/private/tmp/nla-solved-campaign-20260922/docs/lean/campaign/2026-09-22/IE-22/lean/reviews/ie22-final-correctness-evidence/ExactFrozenTypesAndAxioms.lean:37:38: warning: Variable name `hr` is not explicitly referenced.

Hint: The binding can be removed (if unused) or named `_` (if used implicitly). Alternatively, prefix the name with `_` to silence this warning:
  [apply] _hr

Note: This linter can be disabled with `set_option linter.unusedVariables false`
/private/tmp/nla-solved-campaign-20260922/docs/lean/campaign/2026-09-22/IE-22/lean/reviews/ie22-final-correctness-evidence/ExactFrozenTypesAndAxioms.lean:38:19: warning: Variable name `hA` is not explicitly referenced.

Hint: The binding can be removed (if unused) or named `_` (if used implicitly). Alternatively, prefix the name with `_` to silence this warning:
  [apply] _hA

Note: This linter can be disabled with `set_option linter.unusedVariables false`
'NLA.IE22.spectral_projection' depends on axioms: [propext, Classical.choice, Quot.sound]
/private/tmp/nla-solved-campaign-20260922/docs/lean/campaign/2026-09-22/IE-22/lean/reviews/ie22-final-correctness-evidence/ExactFrozenTypesAndAxioms.lean:45:21: warning: Variable name `hθ` is not explicitly referenced.

Hint: The binding can be removed (if unused) or named `_` (if used implicitly). Alternatively, prefix the name with `_` to silence this warning:
  [apply] _hθ

Note: This linter can be disabled with `set_option linter.unusedVariables false`
/private/tmp/nla-solved-campaign-20260922/docs/lean/campaign/2026-09-22/IE-22/lean/reviews/ie22-final-correctness-evidence/ExactFrozenTypesAndAxioms.lean:46:15: warning: Variable name `hm` is not explicitly referenced.

Hint: The binding can be removed (if unused) or named `_` (if used implicitly). Alternatively, prefix the name with `_` to silence this warning:
  [apply] _hm

Note: This linter can be disabled with `set_option linter.unusedVariables false`
/private/tmp/nla-solved-campaign-20260922/docs/lean/campaign/2026-09-22/IE-22/lean/reviews/ie22-final-correctness-evidence/ExactFrozenTypesAndAxioms.lean:46:28: warning: Variable name `hd` is not explicitly referenced.

Hint: The binding can be removed (if unused) or named `_` (if used implicitly). Alternatively, prefix the name with `_` to silence this warning:
  [apply] _hd

Note: This linter can be disabled with `set_option linter.unusedVariables false`
/private/tmp/nla-solved-campaign-20260922/docs/lean/campaign/2026-09-22/IE-22/lean/reviews/ie22-final-correctness-evidence/ExactFrozenTypesAndAxioms.lean:47:5: warning: Variable name `hB` is not explicitly referenced.

Hint: The binding can be removed (if unused) or named `_` (if used implicitly). Alternatively, prefix the name with `_` to silence this warning:
  [apply] _hB

Note: This linter can be disabled with `set_option linter.unusedVariables false`
/private/tmp/nla-solved-campaign-20260922/docs/lean/campaign/2026-09-22/IE-22/lean/reviews/ie22-final-correctness-evidence/ExactFrozenTypesAndAxioms.lean:47:45: warning: Variable name `ht` is not explicitly referenced.

Hint: The binding can be removed (if unused) or named `_` (if used implicitly). Alternatively, prefix the name with `_` to silence this warning:
  [apply] _ht

Note: This linter can be disabled with `set_option linter.unusedVariables false`
'NLA.IE22.gaussian_objective_mean' depends on axioms: [propext, Classical.choice, Quot.sound]
/private/tmp/nla-solved-campaign-20260922/docs/lean/campaign/2026-09-22/IE-22/lean/reviews/ie22-final-correctness-evidence/ExactFrozenTypesAndAxioms.lean:53:5: warning: Variable name `hm` is not explicitly referenced.

Hint: The binding can be removed (if unused) or named `_` (if used implicitly). Alternatively, prefix the name with `_` to silence this warning:
  [apply] _hm

Note: This linter can be disabled with `set_option linter.unusedVariables false`
/private/tmp/nla-solved-campaign-20260922/docs/lean/campaign/2026-09-22/IE-22/lean/reviews/ie22-final-correctness-evidence/ExactFrozenTypesAndAxioms.lean:53:18: warning: Variable name `hd` is not explicitly referenced.

Hint: The binding can be removed (if unused) or named `_` (if used implicitly). Alternatively, prefix the name with `_` to silence this warning:
  [apply] _hd

Note: This linter can be disabled with `set_option linter.unusedVariables false`
/private/tmp/nla-solved-campaign-20260922/docs/lean/campaign/2026-09-22/IE-22/lean/reviews/ie22-final-correctness-evidence/ExactFrozenTypesAndAxioms.lean:53:53: warning: Variable name `ht` is not explicitly referenced.

Hint: The binding can be removed (if unused) or named `_` (if used implicitly). Alternatively, prefix the name with `_` to silence this warning:
  [apply] _ht

Note: This linter can be disabled with `set_option linter.unusedVariables false`
'NLA.IE22.gaussian_objective_variance' depends on axioms: [propext, Classical.choice, Quot.sound]
/private/tmp/nla-solved-campaign-20260922/docs/lean/campaign/2026-09-22/IE-22/lean/reviews/ie22-final-correctness-evidence/ExactFrozenTypesAndAxioms.lean:59:23: warning: Variable name `hm` is not explicitly referenced.

Hint: The binding can be removed (if unused) or named `_` (if used implicitly). Alternatively, prefix the name with `_` to silence this warning:
  [apply] _hm

Note: This linter can be disabled with `set_option linter.unusedVariables false`
/private/tmp/nla-solved-campaign-20260922/docs/lean/campaign/2026-09-22/IE-22/lean/reviews/ie22-final-correctness-evidence/ExactFrozenTypesAndAxioms.lean:59:36: warning: Variable name `hd` is not explicitly referenced.

Hint: The binding can be removed (if unused) or named `_` (if used implicitly). Alternatively, prefix the name with `_` to silence this warning:
  [apply] _hd

Note: This linter can be disabled with `set_option linter.unusedVariables false`
'NLA.IE22.gaussian_energy_moments' depends on axioms: [propext, Classical.choice, Quot.sound]
/private/tmp/nla-solved-campaign-20260922/docs/lean/campaign/2026-09-22/IE-22/lean/reviews/ie22-final-correctness-evidence/ExactFrozenTypesAndAxioms.lean:66:21: warning: Variable name `hθ` is not explicitly referenced.

Hint: The binding can be removed (if unused) or named `_` (if used implicitly). Alternatively, prefix the name with `_` to silence this warning:
  [apply] _hθ

Note: This linter can be disabled with `set_option linter.unusedVariables false`
/private/tmp/nla-solved-campaign-20260922/docs/lean/campaign/2026-09-22/IE-22/lean/reviews/ie22-final-correctness-evidence/ExactFrozenTypesAndAxioms.lean:67:13: warning: Variable name `hm` is not explicitly referenced.

Hint: The binding can be removed (if unused) or named `_` (if used implicitly). Alternatively, prefix the name with `_` to silence this warning:
  [apply] _hm

Note: This linter can be disabled with `set_option linter.unusedVariables false`
/private/tmp/nla-solved-campaign-20260922/docs/lean/campaign/2026-09-22/IE-22/lean/reviews/ie22-final-correctness-evidence/ExactFrozenTypesAndAxioms.lean:67:42: warning: Variable name `hy` is not explicitly referenced.

Hint: The binding can be removed (if unused) or named `_` (if used implicitly). Alternatively, prefix the name with `_` to silence this warning:
  [apply] _hy

Note: This linter can be disabled with `set_option linter.unusedVariables false`
/private/tmp/nla-solved-campaign-20260922/docs/lean/campaign/2026-09-22/IE-22/lean/reviews/ie22-final-correctness-evidence/ExactFrozenTypesAndAxioms.lean:68:5: warning: Variable name `hmean` is not explicitly referenced.

Hint: The binding can be removed (if unused) or named `_` (if used implicitly). Alternatively, prefix the name with `_` to silence this warning:
  [apply] _hmean

Note: This linter can be disabled with `set_option linter.unusedVariables false`
'NLA.IE22.bounded_trimming_threshold' depends on axioms: [propext, Classical.choice, Quot.sound]
/private/tmp/nla-solved-campaign-20260922/docs/lean/campaign/2026-09-22/IE-22/lean/reviews/ie22-final-correctness-evidence/ExactFrozenTypesAndAxioms.lean:75:21: warning: Variable name `hθ` is not explicitly referenced.

Hint: The binding can be removed (if unused) or named `_` (if used implicitly). Alternatively, prefix the name with `_` to silence this warning:
  [apply] _hθ

Note: This linter can be disabled with `set_option linter.unusedVariables false`
/private/tmp/nla-solved-campaign-20260922/docs/lean/campaign/2026-09-22/IE-22/lean/reviews/ie22-final-correctness-evidence/ExactFrozenTypesAndAxioms.lean:76:13: warning: Variable name `hm` is not explicitly referenced.

Hint: The binding can be removed (if unused) or named `_` (if used implicitly). Alternatively, prefix the name with `_` to silence this warning:
  [apply] _hm

Note: This linter can be disabled with `set_option linter.unusedVariables false`
'NLA.IE22.threshold_lipschitz' depends on axioms: [propext, Classical.choice, Quot.sound]
/private/tmp/nla-solved-campaign-20260922/docs/lean/campaign/2026-09-22/IE-22/lean/reviews/ie22-final-correctness-evidence/ExactFrozenTypesAndAxioms.lean:80:21: warning: Variable name `hθ` is not explicitly referenced.

Hint: The binding can be removed (if unused) or named `_` (if used implicitly). Alternatively, prefix the name with `_` to silence this warning:
  [apply] _hθ

Note: This linter can be disabled with `set_option linter.unusedVariables false`
/private/tmp/nla-solved-campaign-20260922/docs/lean/campaign/2026-09-22/IE-22/lean/reviews/ie22-final-correctness-evidence/ExactFrozenTypesAndAxioms.lean:80:50: warning: Variable name `hδ` is not explicitly referenced.

Hint: The binding can be removed (if unused) or named `_` (if used implicitly). Alternatively, prefix the name with `_` to silence this warning:
  [apply] _hδ

Note: This linter can be disabled with `set_option linter.unusedVariables false`
'NLA.IE22.threshold_grid' depends on axioms: [propext, Classical.choice, Quot.sound]
/private/tmp/nla-solved-campaign-20260922/docs/lean/campaign/2026-09-22/IE-22/lean/reviews/ie22-final-correctness-evidence/ExactFrozenTypesAndAxioms.lean:86:21: warning: Variable name `hθ` is not explicitly referenced.

Hint: The binding can be removed (if unused) or named `_` (if used implicitly). Alternatively, prefix the name with `_` to silence this warning:
  [apply] _hθ

Note: This linter can be disabled with `set_option linter.unusedVariables false`
/private/tmp/nla-solved-campaign-20260922/docs/lean/campaign/2026-09-22/IE-22/lean/reviews/ie22-final-correctness-evidence/ExactFrozenTypesAndAxioms.lean:87:17: warning: Variable name `hm` is not explicitly referenced.

Hint: The binding can be removed (if unused) or named `_` (if used implicitly). Alternatively, prefix the name with `_` to silence this warning:
  [apply] _hm

Note: This linter can be disabled with `set_option linter.unusedVariables false`
/private/tmp/nla-solved-campaign-20260922/docs/lean/campaign/2026-09-22/IE-22/lean/reviews/ie22-final-correctness-evidence/ExactFrozenTypesAndAxioms.lean:87:30: warning: Variable name `hd` is not explicitly referenced.

Hint: The binding can be removed (if unused) or named `_` (if used implicitly). Alternatively, prefix the name with `_` to silence this warning:
  [apply] _hd

Note: This linter can be disabled with `set_option linter.unusedVariables false`
/private/tmp/nla-solved-campaign-20260922/docs/lean/campaign/2026-09-22/IE-22/lean/reviews/ie22-final-correctness-evidence/ExactFrozenTypesAndAxioms.lean:87:43: warning: Variable name `hr` is not explicitly referenced.

Hint: The binding can be removed (if unused) or named `_` (if used implicitly). Alternatively, prefix the name with `_` to silence this warning:
  [apply] _hr

Note: This linter can be disabled with `set_option linter.unusedVariables false`
/private/tmp/nla-solved-campaign-20260922/docs/lean/campaign/2026-09-22/IE-22/lean/reviews/ie22-final-correctness-evidence/ExactFrozenTypesAndAxioms.lean:88:5: warning: Variable name `hrows` is not explicitly referenced.

Hint: The binding can be removed (if unused) or named `_` (if used implicitly). Alternatively, prefix the name with `_` to silence this warning:
  [apply] _hrows

Note: This linter can be disabled with `set_option linter.unusedVariables false`
/private/tmp/nla-solved-campaign-20260922/docs/lean/campaign/2026-09-22/IE-22/lean/reviews/ie22-final-correctness-evidence/ExactFrozenTypesAndAxioms.lean:89:5: warning: Variable name `hop` is not explicitly referenced.

Hint: The binding can be removed (if unused) or named `_` (if used implicitly). Alternatively, prefix the name with `_` to silence this warning:
  [apply] _hop

Note: This linter can be disabled with `set_option linter.unusedVariables false`
/private/tmp/nla-solved-campaign-20260922/docs/lean/campaign/2026-09-22/IE-22/lean/reviews/ie22-final-correctness-evidence/ExactFrozenTypesAndAxioms.lean:90:13: warning: Variable name `hδ` is not explicitly referenced.

Hint: The binding can be removed (if unused) or named `_` (if used implicitly). Alternatively, prefix the name with `_` to silence this warning:
  [apply] _hδ

Note: This linter can be disabled with `set_option linter.unusedVariables false`
'NLA.IE22.projection_good_event_bound' depends on axioms: [propext, Classical.choice, Quot.sound]
/private/tmp/nla-solved-campaign-20260922/docs/lean/campaign/2026-09-22/IE-22/lean/reviews/ie22-final-correctness-evidence/ExactFrozenTypesAndAxioms.lean:95:21: warning: Variable name `hθ` is not explicitly referenced.

Hint: The binding can be removed (if unused) or named `_` (if used implicitly). Alternatively, prefix the name with `_` to silence this warning:
  [apply] _hθ

Note: This linter can be disabled with `set_option linter.unusedVariables false`
/private/tmp/nla-solved-campaign-20260922/docs/lean/campaign/2026-09-22/IE-22/lean/reviews/ie22-final-correctness-evidence/ExactFrozenTypesAndAxioms.lean:96:17: warning: Variable name `hm` is not explicitly referenced.

Hint: The binding can be removed (if unused) or named `_` (if used implicitly). Alternatively, prefix the name with `_` to silence this warning:
  [apply] _hm

Note: This linter can be disabled with `set_option linter.unusedVariables false`
/private/tmp/nla-solved-campaign-20260922/docs/lean/campaign/2026-09-22/IE-22/lean/reviews/ie22-final-correctness-evidence/ExactFrozenTypesAndAxioms.lean:96:30: warning: Variable name `hr` is not explicitly referenced.

Hint: The binding can be removed (if unused) or named `_` (if used implicitly). Alternatively, prefix the name with `_` to silence this warning:
  [apply] _hr

Note: This linter can be disabled with `set_option linter.unusedVariables false`
/private/tmp/nla-solved-campaign-20260922/docs/lean/campaign/2026-09-22/IE-22/lean/reviews/ie22-final-correctness-evidence/ExactFrozenTypesAndAxioms.lean:97:13: warning: Variable name `hδ` is not explicitly referenced.

Hint: The binding can be removed (if unused) or named `_` (if used implicitly). Alternatively, prefix the name with `_` to silence this warning:
  [apply] _hδ

Note: This linter can be disabled with `set_option linter.unusedVariables false`
/private/tmp/nla-solved-campaign-20260922/docs/lean/campaign/2026-09-22/IE-22/lean/reviews/ie22-final-correctness-evidence/ExactFrozenTypesAndAxioms.lean:97:34: warning: Variable name `hfail` is not explicitly referenced.

Hint: The binding can be removed (if unused) or named `_` (if used implicitly). Alternatively, prefix the name with `_` to silence this warning:
  [apply] _hfail

Note: This linter can be disabled with `set_option linter.unusedVariables false`
/private/tmp/nla-solved-campaign-20260922/docs/lean/campaign/2026-09-22/IE-22/lean/reviews/ie22-final-correctness-evidence/ExactFrozenTypesAndAxioms.lean:98:19: warning: Variable name `hA` is not explicitly referenced.

Hint: The binding can be removed (if unused) or named `_` (if used implicitly). Alternatively, prefix the name with `_` to silence this warning:
  [apply] _hA

Note: This linter can be disabled with `set_option linter.unusedVariables false`
'NLA.IE22.deterministic_finite_bound' depends on axioms: [propext, Classical.choice, Quot.sound]
/private/tmp/nla-solved-campaign-20260922/docs/lean/campaign/2026-09-22/IE-22/lean/reviews/ie22-final-correctness-evidence/ExactFrozenTypesAndAxioms.lean:102:21: warning: Variable name `hθ` is not explicitly referenced.

Hint: The binding can be removed (if unused) or named `_` (if used implicitly). Alternatively, prefix the name with `_` to silence this warning:
  [apply] _hθ

Note: This linter can be disabled with `set_option linter.unusedVariables false`
/private/tmp/nla-solved-campaign-20260922/docs/lean/campaign/2026-09-22/IE-22/lean/reviews/ie22-final-correctness-evidence/ExactFrozenTypesAndAxioms.lean:103:17: warning: Variable name `hm` is not explicitly referenced.

Hint: The binding can be removed (if unused) or named `_` (if used implicitly). Alternatively, prefix the name with `_` to silence this warning:
  [apply] _hm

Note: This linter can be disabled with `set_option linter.unusedVariables false`
/private/tmp/nla-solved-campaign-20260922/docs/lean/campaign/2026-09-22/IE-22/lean/reviews/ie22-final-correctness-evidence/ExactFrozenTypesAndAxioms.lean:103:30: warning: Variable name `hr` is not explicitly referenced.

Hint: The binding can be removed (if unused) or named `_` (if used implicitly). Alternatively, prefix the name with `_` to silence this warning:
  [apply] _hr

Note: This linter can be disabled with `set_option linter.unusedVariables false`
/private/tmp/nla-solved-campaign-20260922/docs/lean/campaign/2026-09-22/IE-22/lean/reviews/ie22-final-correctness-evidence/ExactFrozenTypesAndAxioms.lean:104:13: warning: Variable name `hδ` is not explicitly referenced.

Hint: The binding can be removed (if unused) or named `_` (if used implicitly). Alternatively, prefix the name with `_` to silence this warning:
  [apply] _hδ

Note: This linter can be disabled with `set_option linter.unusedVariables false`
/private/tmp/nla-solved-campaign-20260922/docs/lean/campaign/2026-09-22/IE-22/lean/reviews/ie22-final-correctness-evidence/ExactFrozenTypesAndAxioms.lean:104:34: warning: Variable name `hfail` is not explicitly referenced.

Hint: The binding can be removed (if unused) or named `_` (if used implicitly). Alternatively, prefix the name with `_` to silence this warning:
  [apply] _hfail

Note: This linter can be disabled with `set_option linter.unusedVariables false`
'NLA.IE22.supremum_finite_bound' depends on axioms: [propext, Classical.choice, Quot.sound]
/private/tmp/nla-solved-campaign-20260922/docs/lean/campaign/2026-09-22/IE-22/lean/reviews/ie22-final-correctness-evidence/ExactFrozenTypesAndAxioms.lean:109:21: warning: Variable name `hθ` is not explicitly referenced.

Hint: The binding can be removed (if unused) or named `_` (if used implicitly). Alternatively, prefix the name with `_` to silence this warning:
  [apply] _hθ

Note: This linter can be disabled with `set_option linter.unusedVariables false`
'NLA.IE22.deterministic_schedule' depends on axioms: [propext, Classical.choice, Quot.sound]
/private/tmp/nla-solved-campaign-20260922/docs/lean/campaign/2026-09-22/IE-22/lean/reviews/ie22-final-correctness-evidence/ExactFrozenTypesAndAxioms.lean:120:21: warning: Variable name `hθ` is not explicitly referenced.

Hint: The binding can be removed (if unused) or named `_` (if used implicitly). Alternatively, prefix the name with `_` to silence this warning:
  [apply] _hθ

Note: This linter can be disabled with `set_option linter.unusedVariables false`
'NLA.IE22.universal_squared_rate' depends on axioms: [propext, Classical.choice, Quot.sound]
/private/tmp/nla-solved-campaign-20260922/docs/lean/campaign/2026-09-22/IE-22/lean/reviews/ie22-final-correctness-evidence/ExactFrozenTypesAndAxioms.lean:128:21: warning: Variable name `hθ` is not explicitly referenced.

Hint: The binding can be removed (if unused) or named `_` (if used implicitly). Alternatively, prefix the name with `_` to silence this warning:
  [apply] _hθ

Note: This linter can be disabled with `set_option linter.unusedVariables false`
/private/tmp/nla-solved-campaign-20260922/docs/lean/campaign/2026-09-22/IE-22/lean/reviews/ie22-final-correctness-evidence/ExactFrozenTypesAndAxioms.lean:129:13: warning: Variable name `hε` is not explicitly referenced.

Hint: The binding can be removed (if unused) or named `_` (if used implicitly). Alternatively, prefix the name with `_` to silence this warning:
  [apply] _hε

Note: This linter can be disabled with `set_option linter.unusedVariables false`
'NLA.IE22.uniform_upper_all_rows' depends on axioms: [propext, Classical.choice, Quot.sound]
/private/tmp/nla-solved-campaign-20260922/docs/lean/campaign/2026-09-22/IE-22/lean/reviews/ie22-final-correctness-evidence/ExactFrozenTypesAndAxioms.lean:134:21: warning: Variable name `hθ` is not explicitly referenced.

Hint: The binding can be removed (if unused) or named `_` (if used implicitly). Alternatively, prefix the name with `_` to silence this warning:
  [apply] _hθ

Note: This linter can be disabled with `set_option linter.unusedVariables false`
/private/tmp/nla-solved-campaign-20260922/docs/lean/campaign/2026-09-22/IE-22/lean/reviews/ie22-final-correctness-evidence/ExactFrozenTypesAndAxioms.lean:135:15: warning: Variable name `hm` is not explicitly referenced.

Hint: The binding can be removed (if unused) or named `_` (if used implicitly). Alternatively, prefix the name with `_` to silence this warning:
  [apply] _hm

Note: This linter can be disabled with `set_option linter.unusedVariables false`
/private/tmp/nla-solved-campaign-20260922/docs/lean/campaign/2026-09-22/IE-22/lean/reviews/ie22-final-correctness-evidence/ExactFrozenTypesAndAxioms.lean:135:28: warning: Variable name `hn` is not explicitly referenced.

Hint: The binding can be removed (if unused) or named `_` (if used implicitly). Alternatively, prefix the name with `_` to silence this warning:
  [apply] _hn

Note: This linter can be disabled with `set_option linter.unusedVariables false`
/private/tmp/nla-solved-campaign-20260922/docs/lean/campaign/2026-09-22/IE-22/lean/reviews/ie22-final-correctness-evidence/ExactFrozenTypesAndAxioms.lean:136:17: warning: Variable name `ht` is not explicitly referenced.

Hint: The binding can be removed (if unused) or named `_` (if used implicitly). Alternatively, prefix the name with `_` to silence this warning:
  [apply] _ht

Note: This linter can be disabled with `set_option linter.unusedVariables false`
/private/tmp/nla-solved-campaign-20260922/docs/lean/campaign/2026-09-22/IE-22/lean/reviews/ie22-final-correctness-evidence/ExactFrozenTypesAndAxioms.lean:137:5: warning: Variable name `hε` is not explicitly referenced.

Hint: The binding can be removed (if unused) or named `_` (if used implicitly). Alternatively, prefix the name with `_` to silence this warning:
  [apply] _hε

Note: This linter can be disabled with `set_option linter.unusedVariables false`
/private/tmp/nla-solved-campaign-20260922/docs/lean/campaign/2026-09-22/IE-22/lean/reviews/ie22-final-correctness-evidence/ExactFrozenTypesAndAxioms.lean:137:36: warning: Variable name `hδ` is not explicitly referenced.

Hint: The binding can be removed (if unused) or named `_` (if used implicitly). Alternatively, prefix the name with `_` to silence this warning:
  [apply] _hδ

Note: This linter can be disabled with `set_option linter.unusedVariables false`
/private/tmp/nla-solved-campaign-20260922/docs/lean/campaign/2026-09-22/IE-22/lean/reviews/ie22-final-correctness-evidence/ExactFrozenTypesAndAxioms.lean:138:5: warning: Variable name `hfail` is not explicitly referenced.

Hint: The binding can be removed (if unused) or named `_` (if used implicitly). Alternatively, prefix the name with `_` to silence this warning:
  [apply] _hfail

Note: This linter can be disabled with `set_option linter.unusedVariables false`
'NLA.IE22.spherical_realization_from_finite_bound' depends on axioms: [propext, Classical.choice, Quot.sound]
/private/tmp/nla-solved-campaign-20260922/docs/lean/campaign/2026-09-22/IE-22/lean/reviews/ie22-final-correctness-evidence/ExactFrozenTypesAndAxioms.lean:144:21: warning: Variable name `hθ` is not explicitly referenced.

Hint: The binding can be removed (if unused) or named `_` (if used implicitly). Alternatively, prefix the name with `_` to silence this warning:
  [apply] _hθ

Note: This linter can be disabled with `set_option linter.unusedVariables false`
/private/tmp/nla-solved-campaign-20260922/docs/lean/campaign/2026-09-22/IE-22/lean/reviews/ie22-final-correctness-evidence/ExactFrozenTypesAndAxioms.lean:145:19: warning: Variable name `hm` is not explicitly referenced.

Hint: The binding can be removed (if unused) or named `_` (if used implicitly). Alternatively, prefix the name with `_` to silence this warning:
  [apply] _hm

Note: This linter can be disabled with `set_option linter.unusedVariables false`
/private/tmp/nla-solved-campaign-20260922/docs/lean/campaign/2026-09-22/IE-22/lean/reviews/ie22-final-correctness-evidence/ExactFrozenTypesAndAxioms.lean:145:39: warning: Variable name `hn` is not explicitly referenced.

Hint: The binding can be removed (if unused) or named `_` (if used implicitly). Alternatively, prefix the name with `_` to silence this warning:
  [apply] _hn

Note: This linter can be disabled with `set_option linter.unusedVariables false`
/private/tmp/nla-solved-campaign-20260922/docs/lean/campaign/2026-09-22/IE-22/lean/reviews/ie22-final-correctness-evidence/ExactFrozenTypesAndAxioms.lean:146:5: warning: Variable name `hnlim` is not explicitly referenced.

Hint: The binding can be removed (if unused) or named `_` (if used implicitly). Alternatively, prefix the name with `_` to silence this warning:
  [apply] _hnlim

Note: This linter can be disabled with `set_option linter.unusedVariables false`
/private/tmp/nla-solved-campaign-20260922/docs/lean/campaign/2026-09-22/IE-22/lean/reviews/ie22-final-correctness-evidence/ExactFrozenTypesAndAxioms.lean:147:5: warning: Variable name `hQlim` is not explicitly referenced.

Hint: The binding can be removed (if unused) or named `_` (if used implicitly). Alternatively, prefix the name with `_` to silence this warning:
  [apply] _hQlim

Note: This linter can be disabled with `set_option linter.unusedVariables false`
/private/tmp/nla-solved-campaign-20260922/docs/lean/campaign/2026-09-22/IE-22/lean/reviews/ie22-final-correctness-evidence/ExactFrozenTypesAndAxioms.lean:148:13: warning: Variable name `hε` is not explicitly referenced.

Hint: The binding can be removed (if unused) or named `_` (if used implicitly). Alternatively, prefix the name with `_` to silence this warning:
  [apply] _hε

Note: This linter can be disabled with `set_option linter.unusedVariables false`
'NLA.IE22.high_aspect_near_extremizers' depends on axioms: [propext, Classical.choice, Quot.sound]
/private/tmp/nla-solved-campaign-20260922/docs/lean/campaign/2026-09-22/IE-22/lean/reviews/ie22-final-correctness-evidence/ExactFrozenTypesAndAxioms.lean:153:21: warning: Variable name `hθ` is not explicitly referenced.

Hint: The binding can be removed (if unused) or named `_` (if used implicitly). Alternatively, prefix the name with `_` to silence this warning:
  [apply] _hθ

Note: This linter can be disabled with `set_option linter.unusedVariables false`
/private/tmp/nla-solved-campaign-20260922/docs/lean/campaign/2026-09-22/IE-22/lean/reviews/ie22-final-correctness-evidence/ExactFrozenTypesAndAxioms.lean:154:19: warning: Variable name `hm` is not explicitly referenced.

Hint: The binding can be removed (if unused) or named `_` (if used implicitly). Alternatively, prefix the name with `_` to silence this warning:
  [apply] _hm

Note: This linter can be disabled with `set_option linter.unusedVariables false`
/private/tmp/nla-solved-campaign-20260922/docs/lean/campaign/2026-09-22/IE-22/lean/reviews/ie22-final-correctness-evidence/ExactFrozenTypesAndAxioms.lean:154:39: warning: Variable name `hn` is not explicitly referenced.

Hint: The binding can be removed (if unused) or named `_` (if used implicitly). Alternatively, prefix the name with `_` to silence this warning:
  [apply] _hn

Note: This linter can be disabled with `set_option linter.unusedVariables false`
/private/tmp/nla-solved-campaign-20260922/docs/lean/campaign/2026-09-22/IE-22/lean/reviews/ie22-final-correctness-evidence/ExactFrozenTypesAndAxioms.lean:155:5: warning: Variable name `hnlim` is not explicitly referenced.

Hint: The binding can be removed (if unused) or named `_` (if used implicitly). Alternatively, prefix the name with `_` to silence this warning:
  [apply] _hnlim

Note: This linter can be disabled with `set_option linter.unusedVariables false`
/private/tmp/nla-solved-campaign-20260922/docs/lean/campaign/2026-09-22/IE-22/lean/reviews/ie22-final-correctness-evidence/ExactFrozenTypesAndAxioms.lean:156:5: warning: Variable name `hQlim` is not explicitly referenced.

Hint: The binding can be removed (if unused) or named `_` (if used implicitly). Alternatively, prefix the name with `_` to silence this warning:
  [apply] _hQlim

Note: This linter can be disabled with `set_option linter.unusedVariables false`
'NLA.IE22.high_aspect_supremum_limit' depends on axioms: [propext, Classical.choice, Quot.sound]
/private/tmp/nla-solved-campaign-20260922/docs/lean/campaign/2026-09-22/IE-22/lean/reviews/ie22-final-correctness-evidence/ExactFrozenTypesAndAxioms.lean:160:21: warning: Variable name `hθ` is not explicitly referenced.

Hint: The binding can be removed (if unused) or named `_` (if used implicitly). Alternatively, prefix the name with `_` to silence this warning:
  [apply] _hθ

Note: This linter can be disabled with `set_option linter.unusedVariables false`
'NLA.IE22.canonical_sharp_constant' depends on axioms: [propext, Classical.choice, Quot.sound]
