{
  "scope": "Independent literal/source feasibility audit only; not Lean or Comparator verification",
  "source_sha256": "6c2aadd80f167fd15fb28543d1578ca4a64a16a090ab02660d23f46e993ea02d",
  "script_sha256": "b003ccd9837b21003cbf0ca606b6c8e00c41c7418c15078de7a4e2017c16021f",
  "primary_sha256": {
    "exact_algebraic_certificate.json": "868486419ebe5710e0e38aafcf776ae9d22533c4adc9c7dce85e6ff99a9ead01",
    "rational_cone_certificate.json": "e4543a34d630be63abe8141a08976559f11fd85346c58939ab6115378040d5f9"
  },
  "literal_checks": [
    {
      "declaration": "coefficientMatrices",
      "rational_entries": 147,
      "match": true
    },
    {
      "declaration": "orthogonalMatrix",
      "rational_entries": 147,
      "match": true
    },
    {
      "declaration": "quadraticMatrix",
      "rational_entries": 147,
      "match": true
    },
    {
      "declaration": "restrictedGram",
      "rational_entries": 189,
      "match": true
    },
    {
      "declaration": "triangle",
      "rational_entries": 9,
      "match": true
    },
    {
      "declaration": "barycentricCoefficients",
      "rational_entries": 9,
      "match": true
    },
    {
      "declaration": "generators",
      "rational_entries": 147,
      "match": true
    },
    {
      "declaration": "positiveSlice",
      "rational_entries": 7,
      "match": true
    }
  ],
  "total_rational_entries": 802,
  "root_endpoint_strict_rational_inequalities": true,
  "fixed_minor_checks": [
    {
      "column": 0,
      "rows": [
        0,
        1
      ],
      "coefficient_columns": [
        0,
        1
      ],
      "nonzero": true
    },
    {
      "column": 1,
      "rows": [
        0,
        1
      ],
      "coefficient_columns": [
        0,
        1
      ],
      "nonzero": true
    },
    {
      "column": 2,
      "rows": [
        0,
        1
      ],
      "coefficient_columns": [
        0,
        1
      ],
      "nonzero": true
    },
    {
      "column": 3,
      "rows": [
        0,
        1
      ],
      "coefficient_columns": [
        0,
        1
      ],
      "nonzero": true
    },
    {
      "column": 4,
      "rows": [
        0,
        1
      ],
      "coefficient_columns": [
        0,
        1
      ],
      "nonzero": true
    },
    {
      "column": 5,
      "rows": [
        0,
        1
      ],
      "coefficient_columns": [
        0,
        1
      ],
      "nonzero": true
    },
    {
      "column": 6,
      "rows": [
        0,
        1
      ],
      "coefficient_columns": [
        0,
        1
      ],
      "nonzero": true
    }
  ],
  "Lean_executed_by_this_script": false
}
