reviews/initial/SHA256SUMS
../../NUMERICAL_TARGETS.md: OK
exact-check.py: OK
exact-results.json: OK
source-hashes.json: OK
APIProbe.lean: OK
APIProbe.log: OK
preparation-checks.json: OK

reviews/statement-referee-1-evidence/SHA256SUMS
BoundaryAudit.lean: OK
audit.json: OK
boundary-audit.log: OK
independent-exact.json: OK
independent-exact.log: OK
independent-exact.py: OK
preliminary-scope-review.md: OK
referee-challenge-build.log: OK
seal-audit.py: OK
snapshot-inputs.json: OK
submitted-exact-results.json: OK
submitted-source-hashes.json: OK

reviews/statement-referee-2-evidence/SHA256SUMS
BoundaryAudit.lean: OK
api-probe.log: OK
boundary-types-and-definitions.log: OK
fresh-challenge-build.log: OK
independent-exact.json: OK
independent-exact.py: OK
preliminary-checks.json: OK
replayed-exact-results.json: OK
replayed-source-hashes.json: OK
review-evidence.json: OK
snapshot-inputs.json: OK

verification/final-source-referee-1/SHA256SUMS
AuditFull.lean: OK
TypesChallenge.lean: OK
TypesSolution.lean: OK
audit-declarations.json: OK
audit-run.log: OK
audit.json: OK
audit.py: OK
challenge-types.log: OK
full-audit.log: OK
independent-exact.json: OK
independent-exact.log: OK
independent-exact.py: OK
lean-version.log: OK
metadata-validation.log: OK
referee-challenge-build.log: OK
referee-solution-build.log: OK
repaired-helper-diff.patch: OK
replayed-exact-results.json: OK
replayed-source-hashes.json: OK
snapshot-inputs.json: OK
solution-types.log: OK
superseded-preliminary-audit.json: OK
superseded-preliminary-review.md: OK
superseded-updated-build.log: OK

verification/final-source-referee-2/SHA256SUMS
ChallengeTypes.lean: OK
DependencyAudit.lean: OK
FinalAudit.lean: OK
SolutionTypes.lean: OK
audited-theorems.json: OK
certificate-dependency-initial-audit-syntax.log: OK
certificate-dependency.log: OK
challenge-types-initial-audit-option.log: OK
challenge-types.log: OK
check_inputs.py: OK
exact-recheck.json: OK
final-source-inputs.json: OK
fresh-build.log: OK
independent-trust-axioms.log: OK
input-verification.json: OK
manifest-validation.log: OK
prepare_audits.py: OK
review-evidence.json: OK
snapshot-inputs.json: OK
solution-types.log: OK
statement-freeze.json: OK
toolchain-and-package-pins.json: OK

verification/upper-bound-contributor/SHA256SUMS
README.md: OK
development-logs/column-development-001.log: OK
development-logs/column-development-002.log: OK
development-logs/column-development-003.log: OK
development-logs/column-development-004.log: OK
development-logs/front-bounds-development-001.log: OK
development-logs/front-bounds-development-002.log: OK
development-logs/front-bounds-development-003.log: OK
development-logs/front-bounds-development-004.log: OK
development-logs/front-development-002.log: OK
development-logs/front-development-003.log: OK
development-logs/front-development-004.log: OK
development-logs/front-development-005.log: OK
development-logs/front-development.log: OK
final-build.log: OK
lake-traces/ColumnBounds.trace.json: OK
lake-traces/Front.trace.json: OK
lake-traces/FrontBounds.trace.json: OK
original-SHA256SUMS: OK
report.json: OK
source/NLA/IE14/ColumnBounds.lean: OK
source/NLA/IE14/Front.lean: OK
source/NLA/IE14/FrontBounds.lean: OK
