IE22 spectral projection author development build; pinned cached dependencies and unchanged verified IE21 cache; no full IE22 or Linux/LeanCert verification claim.
COMMAND ["/private/tmp/nla-campaign-toolchain/lean-4.33.1-darwin_aarch64/bin/lean", "-o", "/private/tmp/nla-ie22-spectral-projection-author-build/NLA/IE22/SpectralProjection.olean", "NLA/IE22/SpectralProjection.lean"]
NLA/IE22/SpectralProjection.lean:110:4: error: `simp` made no progress
m n r : ℕ
_hm : 1 ≤ m
hr : 1 ≤ r ∧ r < n
A : Mat m n
hA : UnitRows A
L : Space n →L[ℝ] Space m := matrixMap A
T : Space n →ₗ[ℝ] Space n := ↑(ContinuousLinearMap.adjoint L ∘SL L)
hT : T.IsSymmetric
hdim : Module.finrank ℝ (Space n) = n
b : OrthonormalBasis (Fin n) ℝ (Space n) := hT.eigenvectorBasis hdim
eig : Fin n → ℝ := hT.eigenvalues hdim
heigen : ∀ (i : Fin n), T (b i) = eig i • b i
henergy : ∀ (x : Space n), ‖L x‖ ^ 2 = ⟪T x, x⟫
heig : ∀ (i : Fin n), eig i = ‖L (b i)‖ ^ 2
heig0 : ∀ (i : Fin n), 0 ≤ eig i
⊢ ∑ x, ‖matrixRow A x‖ ^ 2 = ↑m
EXIT 1
