n=10: 65536 patterns; 9805 distinct polynomials; 0.7s
n=10: 131072 patterns; 24132 distinct polynomials; 1.4s
n=10: 196608 patterns; 39920 distinct polynomials; 2.0s
n=10: 262144 patterns; 48761 distinct polynomials; 2.7s
n=10: 327680 patterns; 55678 distinct polynomials; 3.3s
n=10: 393216 patterns; 62244 distinct polynomials; 4.0s
n=10: 458752 patterns; 64655 distinct polynomials; 4.6s
n=10: 524288 patterns; 65077 distinct polynomials; 5.3s
{
  "schema": "spread-exact-v1",
  "n": 10,
  "low": 0,
  "high": 1,
  "pattern_count": 524288,
  "distinct_polynomial_count": 65077,
  "polynomial_sha256": "8e37478cf86f3ee9d4c6721ceff69b34be727f46b136d03da7b7002edf81b07e",
  "integer_safety_bound": 102400000000000,
  "maximum_spread_squared": 133,
  "maximizing_block_sizes": [
    3
  ],
  "certificate_counts": {
    "rank_two": 50,
    "rational_enclosure": 65027
  },
  "generation_seconds": 7.014949622000017,
  "claim": "EXACT_FINITE_CASE"
}
failures: 0
