Certificate generation from exact enumeration cache
Loaded 222013 polynomials in 1.3802283539999962 seconds
{
  "schema": "spread-exact-v1",
  "n": 11,
  "low": 0,
  "high": 1,
  "pattern_count": 2097152,
  "distinct_polynomial_count": 222013,
  "polynomial_sha256": "9b71278c4098b0ea3f76f9854241ee12a7d2b85f3fc9eaaca93f7af756fa956e",
  "integer_safety_bound": 6427501315524608,
  "maximum_spread_squared": 161,
  "maximizing_block_sizes": [
    4
  ],
  "certificate_counts": {
    "rank_two": 60,
    "rational_enclosure": 221953
  },
  "generation_seconds": 7.448964663000083,
  "claim": "EXACT_FINITE_CASE"
}
failures: 0
