n=8: 32768 patterns; 5648 distinct polynomials; 0.2s
{
  "schema": "spread-exact-v1",
  "n": 8,
  "low": 1,
  "high": 2,
  "pattern_count": 32768,
  "distinct_polynomial_count": 5648,
  "polynomial_sha256": "7b5d58f0569ce7ce1bcafd402c4b6840f227d7c6b9e641e74ae452531967fb1d",
  "integer_safety_bound": 8796093022208,
  "maximum_spread_squared": 292,
  "maximizing_block_sizes": [
    2
  ],
  "certificate_counts": {
    "rank_two": 11,
    "rational_enclosure": 5637
  },
  "generation_seconds": 0.2970841510000355,
  "claim": "EXACT_FINITE_CASE"
}
failures: 0
