'Matrix.singularValues' depends on axioms: [propext, Classical.choice, Quot.sound]
'Matrix.singularValues_toEuclideanLin' depends on axioms: [propext, Classical.choice, Quot.sound]
'Matrix.singularValues_nonneg' depends on axioms: [propext, Classical.choice, Quot.sound]
'Matrix.singularValues_antitone' depends on axioms: [propext, Classical.choice, Quot.sound]
'Matrix.singularValues_fin' depends on axioms: [propext, Classical.choice, Quot.sound]
'Matrix.singularValues_of_card_le' depends on axioms: [propext, Classical.choice, Quot.sound]
'Matrix.sq_singularValues_fin' depends on axioms: [propext, Classical.choice, Quot.sound]
'Matrix.hasEigenvalue_adjoint_comp_self_sq_singularValues' depends on axioms: [propext, Classical.choice, Quot.sound]
'Matrix.conjTranspose_mul_self_toEuclideanLin' depends on axioms: [propext, Classical.choice, Quot.sound]
'Matrix.hasEigenvalue_conjTranspose_mul_self_sq_singularValues' depends on axioms: [propext,
 Classical.choice,
 Quot.sound]
'Matrix.support_singularValues' depends on axioms: [propext, Classical.choice, Quot.sound]
'Matrix.singularValues_pos_iff_lt_finrank_range' depends on axioms: [propext, Classical.choice, Quot.sound]
'Matrix.singularValues_eq_zero_iff_le_finrank_range' depends on axioms: [propext, Classical.choice, Quot.sound]
'Matrix.injective_toEuclideanLin_iff_singularValues_pos' depends on axioms: [propext, Classical.choice, Quot.sound]
'Matrix.rightSingularVectorBasis' depends on axioms: [propext, Classical.choice, Quot.sound]
'Matrix.adjoint_comp_self_apply_rightSingularVectorBasis' depends on axioms: [propext, Classical.choice, Quot.sound]
'Matrix.leftSingularVector' depends on axioms: [propext, Classical.choice, Quot.sound]
'Matrix.apply_rightSingularVectorBasis_eq_smul_leftSingularVector' depends on axioms: [propext,
 Classical.choice,
 Quot.sound]
'Matrix.apply_rightSingularVectorBasis_eq_zero_of_singularValues_eq_zero' depends on axioms: [propext,
 Classical.choice,
 Quot.sound]
'Matrix.apply_rightSingularVectorBasis_eq_smul_leftSingularVector'' depends on axioms: [propext,
 Classical.choice,
 Quot.sound]
'Matrix.norm_apply_rightSingularVectorBasis' depends on axioms: [propext, Classical.choice, Quot.sound]
'Matrix.norm_leftSingularVector_of_singularValues_ne_zero' depends on axioms: [propext, Classical.choice, Quot.sound]
'Matrix.orthonormal_leftSingularVector_of_singularValues_ne_zero' depends on axioms: [propext,
 Classical.choice,
 Quot.sound]
'Matrix.toEuclideanLin_apply_eq_sum_singularValue_leftSingularVector' depends on axioms: [propext,
 Classical.choice,
 Quot.sound]
'Matrix.toEuclideanLin_apply_eq_sum_singularValue_rankOne' depends on axioms: [propext, Classical.choice, Quot.sound]
'Matrix.vecMulVec_star_toEuclideanLin_eq_rankOne' depends on axioms: [propext, Classical.choice, Quot.sound]
'Matrix.eq_sum_singularValue_vecMulVec' depends on axioms: [propext, Classical.choice, Quot.sound]
'Matrix.leftSingularMatrix' depends on axioms: [propext, Classical.choice, Quot.sound]
'Matrix.singularValueDiagonalMatrix' depends on axioms: [propext, Classical.choice, Quot.sound]
'Matrix.rightSingularMatrix' depends on axioms: [propext, Classical.choice, Quot.sound]
'Matrix.rightSingularMatrix_conjTranspose_mul_self' depends on axioms: [propext, Classical.choice, Quot.sound]
'Matrix.rightSingularMatrix_mul_conjTranspose' depends on axioms: [propext, Classical.choice, Quot.sound]
'Matrix.eq_leftSingularMatrix_mul_diagonal_mul_conjTranspose_rightSingularMatrix' depends on axioms: [propext,
 Classical.choice,
 Quot.sound]
'Matrix.adjoint_comp_self_apply_eq_sum_sq_singularValue_rankOne' depends on axioms: [propext,
 Classical.choice,
 Quot.sound]
'Matrix.conjTranspose_mul_self_eq_sum_sq_singularValue_vecMulVec' depends on axioms: [propext,
 Classical.choice,
 Quot.sound]
'Matrix.mul_conjTranspose_toEuclideanLin' depends on axioms: [propext, Classical.choice, Quot.sound]
'Matrix.self_adjoint_apply_eq_sum_sq_singularValue_leftRankOne' depends on axioms: [propext,
 Classical.choice,
 Quot.sound]
'Matrix.mul_conjTranspose_eq_sum_sq_singularValue_vecMulVec' depends on axioms: [propext, Classical.choice, Quot.sound]
'Matrix.self_adjoint_apply_leftSingularVector' depends on axioms: [propext, Classical.choice, Quot.sound]
'Matrix.IsHermitian.eigenvaluesToEuclideanLin' depends on axioms: [propext, Classical.choice, Quot.sound]
'Matrix.IsHermitian.eigenvectorBasisToEuclideanLin' depends on axioms: [propext, Classical.choice, Quot.sound]
'Matrix.IsHermitian.apply_eigenvectorBasisToEuclideanLin' depends on axioms: [propext, Classical.choice, Quot.sound]
'Matrix.IsHermitian.spectral_decomposition_toEuclideanLin' depends on axioms: [propext, Classical.choice, Quot.sound]
'Matrix.IsHermitian.eq_sum_eigenvalue_vecMulVec' depends on axioms: [propext, Classical.choice, Quot.sound]
'Submodule.starProjection_isSymmetricProjection' depends on axioms: [propext, Classical.choice, Quot.sound]
'Submodule.starProjection_eq_self_iff_mem' depends on axioms: [propext, Classical.choice, Quot.sound]
'Submodule.orthogonalProjectionOnto_apply_eq_sum' depends on axioms: [propext, Classical.choice, Quot.sound]
'Submodule.orthogonalProjectionOnto_eq_sum_rankOne' depends on axioms: [propext, Classical.choice, Quot.sound]
'Submodule.starProjection_apply_eq_sum' depends on axioms: [propext, Classical.choice, Quot.sound]
'Submodule.starProjection_eq_sum_rankOne' depends on axioms: [propext, Classical.choice, Quot.sound]
