NLA/IE06/Vendor/SLT/MatrixInfra/CourantFischer.lean:195:2: warning: Try this: 
  haveI̵

The goal is a proposition, so `have` is preferred over `haveI`.
The difference between `have` and `haveI` is that `haveI` inlines the value.
But this is not relevant for proofs because of proof irrelevance.

Note: This linter can be disabled with `set_option linter.style.haveILetI false`
NLA/IE06/Vendor/SLT/MatrixInfra/CourantFischer.lean:208:2: warning: Try this: 
  haveI̵

The goal is a proposition, so `have` is preferred over `haveI`.
The difference between `have` and `haveI` is that `haveI` inlines the value.
But this is not relevant for proofs because of proof irrelevance.

Note: This linter can be disabled with `set_option linter.style.haveILetI false`
NLA/IE06/Vendor/SLT/MatrixInfra/CourantFischer.lean:222:2: warning: Try this: 
  haveI̵

The goal is a proposition, so `have` is preferred over `haveI`.
The difference between `have` and `haveI` is that `haveI` inlines the value.
But this is not relevant for proofs because of proof irrelevance.

Note: This linter can be disabled with `set_option linter.style.haveILetI false`
NLA/IE06/Vendor/SLT/MatrixInfra/CourantFischer.lean:225:2: warning: Try this: 
  haveI̵

The goal is a proposition, so `have` is preferred over `haveI`.
The difference between `have` and `haveI` is that `haveI` inlines the value.
But this is not relevant for proofs because of proof irrelevance.

Note: This linter can be disabled with `set_option linter.style.haveILetI false`
NLA/IE06/Vendor/SLT/MatrixInfra/CourantFischer.lean:241:2: warning: Try this: 
  haveI̵

The goal is a proposition, so `have` is preferred over `haveI`.
The difference between `have` and `haveI` is that `haveI` inlines the value.
But this is not relevant for proofs because of proof irrelevance.

Note: This linter can be disabled with `set_option linter.style.haveILetI false`
NLA/IE06/Vendor/SLT/MatrixInfra/CourantFischer.lean:244:2: warning: Try this: 
  haveI̵

The goal is a proposition, so `have` is preferred over `haveI`.
The difference between `have` and `haveI` is that `haveI` inlines the value.
But this is not relevant for proofs because of proof irrelevance.

Note: This linter can be disabled with `set_option linter.style.haveILetI false`
NLA/IE06/Vendor/SLT/MatrixInfra/CourantFischer.lean:278:2: warning: Try this: 
  haveI̵

The goal is a proposition, so `have` is preferred over `haveI`.
The difference between `have` and `haveI` is that `haveI` inlines the value.
But this is not relevant for proofs because of proof irrelevance.

Note: This linter can be disabled with `set_option linter.style.haveILetI false`
NLA/IE06/Vendor/SLT/MatrixInfra/CourantFischer.lean:309:2: warning: Try this: 
  haveI̵

The goal is a proposition, so `have` is preferred over `haveI`.
The difference between `have` and `haveI` is that `haveI` inlines the value.
But this is not relevant for proofs because of proof irrelevance.

Note: This linter can be disabled with `set_option linter.style.haveILetI false`
NLA/IE06/Vendor/SLT/MatrixInfra/CourantFischer.lean:340:2: warning: Try this: 
  haveI̵

The goal is a proposition, so `have` is preferred over `haveI`.
The difference between `have` and `haveI` is that `haveI` inlines the value.
But this is not relevant for proofs because of proof irrelevance.

Note: This linter can be disabled with `set_option linter.style.haveILetI false`
NLA/IE06/Vendor/SLT/MatrixInfra/CourantFischer.lean:343:2: warning: Try this: 
  haveI̵

The goal is a proposition, so `have` is preferred over `haveI`.
The difference between `have` and `haveI` is that `haveI` inlines the value.
But this is not relevant for proofs because of proof irrelevance.

Note: This linter can be disabled with `set_option linter.style.haveILetI false`
NLA/IE06/Vendor/SLT/MatrixInfra/CourantFischer.lean:381:2: warning: Try this: 
  haveI̵

The goal is a proposition, so `have` is preferred over `haveI`.
The difference between `have` and `haveI` is that `haveI` inlines the value.
But this is not relevant for proofs because of proof irrelevance.

Note: This linter can be disabled with `set_option linter.style.haveILetI false`
NLA/IE06/Vendor/SLT/MatrixInfra/CourantFischer.lean:384:2: warning: Try this: 
  haveI̵

The goal is a proposition, so `have` is preferred over `haveI`.
The difference between `have` and `haveI` is that `haveI` inlines the value.
But this is not relevant for proofs because of proof irrelevance.

Note: This linter can be disabled with `set_option linter.style.haveILetI false`
NLA/IE06/Vendor/SLT/MatrixInfra/CourantFischer.lean:508:2: warning: Try this: 
  haveI̵

The goal is a proposition, so `have` is preferred over `haveI`.
The difference between `have` and `haveI` is that `haveI` inlines the value.
But this is not relevant for proofs because of proof irrelevance.

Note: This linter can be disabled with `set_option linter.style.haveILetI false`
NLA/IE06/Vendor/SLT/MatrixInfra/CourantFischer.lean:521:2: warning: Try this: 
  haveI̵

The goal is a proposition, so `have` is preferred over `haveI`.
The difference between `have` and `haveI` is that `haveI` inlines the value.
But this is not relevant for proofs because of proof irrelevance.

Note: This linter can be disabled with `set_option linter.style.haveILetI false`
NLA/IE06/Vendor/SLT/MatrixInfra/CourantFischer.lean:535:2: warning: Try this: 
  haveI̵

The goal is a proposition, so `have` is preferred over `haveI`.
The difference between `have` and `haveI` is that `haveI` inlines the value.
But this is not relevant for proofs because of proof irrelevance.

Note: This linter can be disabled with `set_option linter.style.haveILetI false`
NLA/IE06/Vendor/SLT/MatrixInfra/CourantFischer.lean:538:2: warning: Try this: 
  haveI̵

The goal is a proposition, so `have` is preferred over `haveI`.
The difference between `have` and `haveI` is that `haveI` inlines the value.
But this is not relevant for proofs because of proof irrelevance.

Note: This linter can be disabled with `set_option linter.style.haveILetI false`
NLA/IE06/Vendor/SLT/MatrixInfra/CourantFischer.lean:554:2: warning: Try this: 
  haveI̵

The goal is a proposition, so `have` is preferred over `haveI`.
The difference between `have` and `haveI` is that `haveI` inlines the value.
But this is not relevant for proofs because of proof irrelevance.

Note: This linter can be disabled with `set_option linter.style.haveILetI false`
NLA/IE06/Vendor/SLT/MatrixInfra/CourantFischer.lean:557:2: warning: Try this: 
  haveI̵

The goal is a proposition, so `have` is preferred over `haveI`.
The difference between `have` and `haveI` is that `haveI` inlines the value.
But this is not relevant for proofs because of proof irrelevance.

Note: This linter can be disabled with `set_option linter.style.haveILetI false`
NLA/IE06/Vendor/SLT/MatrixInfra/CourantFischer.lean:590:2: warning: Try this: 
  haveI̵

The goal is a proposition, so `have` is preferred over `haveI`.
The difference between `have` and `haveI` is that `haveI` inlines the value.
But this is not relevant for proofs because of proof irrelevance.

Note: This linter can be disabled with `set_option linter.style.haveILetI false`
NLA/IE06/Vendor/SLT/MatrixInfra/CourantFischer.lean:621:2: warning: Try this: 
  haveI̵

The goal is a proposition, so `have` is preferred over `haveI`.
The difference between `have` and `haveI` is that `haveI` inlines the value.
But this is not relevant for proofs because of proof irrelevance.

Note: This linter can be disabled with `set_option linter.style.haveILetI false`
NLA/IE06/Vendor/SLT/MatrixInfra/CourantFischer.lean:652:2: warning: Try this: 
  haveI̵

The goal is a proposition, so `have` is preferred over `haveI`.
The difference between `have` and `haveI` is that `haveI` inlines the value.
But this is not relevant for proofs because of proof irrelevance.

Note: This linter can be disabled with `set_option linter.style.haveILetI false`
NLA/IE06/Vendor/SLT/MatrixInfra/CourantFischer.lean:655:2: warning: Try this: 
  haveI̵

The goal is a proposition, so `have` is preferred over `haveI`.
The difference between `have` and `haveI` is that `haveI` inlines the value.
But this is not relevant for proofs because of proof irrelevance.

Note: This linter can be disabled with `set_option linter.style.haveILetI false`
NLA/IE06/Vendor/SLT/MatrixInfra/CourantFischer.lean:693:2: warning: Try this: 
  haveI̵

The goal is a proposition, so `have` is preferred over `haveI`.
The difference between `have` and `haveI` is that `haveI` inlines the value.
But this is not relevant for proofs because of proof irrelevance.

Note: This linter can be disabled with `set_option linter.style.haveILetI false`
NLA/IE06/Vendor/SLT/MatrixInfra/CourantFischer.lean:696:2: warning: Try this: 
  haveI̵

The goal is a proposition, so `have` is preferred over `haveI`.
The difference between `have` and `haveI` is that `haveI` inlines the value.
But this is not relevant for proofs because of proof irrelevance.

Note: This linter can be disabled with `set_option linter.style.haveILetI false`
NLA/IE06/Vendor/SLT/MatrixInfra/CourantFischer.lean:1023:2: warning: Try this: 
  haveI̵

The goal is a proposition, so `have` is preferred over `haveI`.
The difference between `have` and `haveI` is that `haveI` inlines the value.
But this is not relevant for proofs because of proof irrelevance.

Note: This linter can be disabled with `set_option linter.style.haveILetI false`
NLA/IE06/Vendor/SLT/MatrixInfra/CourantFischer.lean:1025:2: warning: Try this: 
  haveI̵

The goal is a proposition, so `have` is preferred over `haveI`.
The difference between `have` and `haveI` is that `haveI` inlines the value.
But this is not relevant for proofs because of proof irrelevance.

Note: This linter can be disabled with `set_option linter.style.haveILetI false`
NLA/IE06/Vendor/SLT/MatrixInfra/CourantFischer.lean:1035:4: warning: Try this: 
  haveI̵

The goal is a proposition, so `have` is preferred over `haveI`.
The difference between `have` and `haveI` is that `haveI` inlines the value.
But this is not relevant for proofs because of proof irrelevance.

Note: This linter can be disabled with `set_option linter.style.haveILetI false`
NLA/IE06/Vendor/SLT/MatrixInfra/CourantFischer.lean:1087:2: warning: Try this: 
  haveI̵

The goal is a proposition, so `have` is preferred over `haveI`.
The difference between `have` and `haveI` is that `haveI` inlines the value.
But this is not relevant for proofs because of proof irrelevance.

Note: This linter can be disabled with `set_option linter.style.haveILetI false`
NLA/IE06/Vendor/SLT/MatrixInfra/CourantFischer.lean:1089:2: warning: Try this: 
  haveI̵

The goal is a proposition, so `have` is preferred over `haveI`.
The difference between `have` and `haveI` is that `haveI` inlines the value.
But this is not relevant for proofs because of proof irrelevance.

Note: This linter can be disabled with `set_option linter.style.haveILetI false`
NLA/IE06/Vendor/SLT/MatrixInfra/CourantFischer.lean:1099:4: warning: Try this: 
  haveI̵

The goal is a proposition, so `have` is preferred over `haveI`.
The difference between `have` and `haveI` is that `haveI` inlines the value.
But this is not relevant for proofs because of proof irrelevance.

Note: This linter can be disabled with `set_option linter.style.haveILetI false`
NLA/IE06/Vendor/SLT/MatrixInfra/CourantFischer.lean:1395:2: warning: Try this: 
  haveI̵

The goal is a proposition, so `have` is preferred over `haveI`.
The difference between `have` and `haveI` is that `haveI` inlines the value.
But this is not relevant for proofs because of proof irrelevance.

Note: This linter can be disabled with `set_option linter.style.haveILetI false`
NLA/IE06/Vendor/SLT/MatrixInfra/CourantFischer.lean:1397:2: warning: Try this: 
  haveI̵

The goal is a proposition, so `have` is preferred over `haveI`.
The difference between `have` and `haveI` is that `haveI` inlines the value.
But this is not relevant for proofs because of proof irrelevance.

Note: This linter can be disabled with `set_option linter.style.haveILetI false`
NLA/IE06/Vendor/SLT/MatrixInfra/CourantFischer.lean:1407:4: warning: Try this: 
  haveI̵

The goal is a proposition, so `have` is preferred over `haveI`.
The difference between `have` and `haveI` is that `haveI` inlines the value.
But this is not relevant for proofs because of proof irrelevance.

Note: This linter can be disabled with `set_option linter.style.haveILetI false`
NLA/IE06/Vendor/SLT/MatrixInfra/CourantFischer.lean:1461:2: warning: Try this: 
  haveI̵

The goal is a proposition, so `have` is preferred over `haveI`.
The difference between `have` and `haveI` is that `haveI` inlines the value.
But this is not relevant for proofs because of proof irrelevance.

Note: This linter can be disabled with `set_option linter.style.haveILetI false`
NLA/IE06/Vendor/SLT/MatrixInfra/CourantFischer.lean:1463:2: warning: Try this: 
  haveI̵

The goal is a proposition, so `have` is preferred over `haveI`.
The difference between `have` and `haveI` is that `haveI` inlines the value.
But this is not relevant for proofs because of proof irrelevance.

Note: This linter can be disabled with `set_option linter.style.haveILetI false`
NLA/IE06/Vendor/SLT/MatrixInfra/CourantFischer.lean:1473:4: warning: Try this: 
  haveI̵

The goal is a proposition, so `have` is preferred over `haveI`.
The difference between `have` and `haveI` is that `haveI` inlines the value.
But this is not relevant for proofs because of proof irrelevance.

Note: This linter can be disabled with `set_option linter.style.haveILetI false`
'Submodule.exists_ne_zero_mem_inf_of_finrank_lt_add_finrank' depends on axioms: [propext, Classical.choice, Quot.sound]
'Submodule.exists_span_singleton_eq_of_finrank_eq_one' depends on axioms: [propext, Classical.choice, Quot.sound]
'LinearMap.rayleighQuotient' depends on axioms: [propext, Classical.choice, Quot.sound]
'LinearMap.rayleighQuotient_toContinuousLinearMap' depends on axioms: [propext, Classical.choice, Quot.sound]
'LinearMap.rayleighQuotient_smul' depends on axioms: [propext, Classical.choice, Quot.sound]
'LinearMap.bddAbove_range_rayleighQuotient' depends on axioms: [propext, Classical.choice, Quot.sound]
'LinearMap.bddBelow_range_rayleighQuotient' depends on axioms: [propext, Classical.choice, Quot.sound]
'LinearMap.minRayleighQuotientOn' depends on axioms: [propext, Classical.choice, Quot.sound]
'LinearMap.maxRayleighQuotientOn' depends on axioms: [propext, Classical.choice, Quot.sound]
'LinearMap.bddAbove_range_rayleighQuotientOn' depends on axioms: [propext, Classical.choice, Quot.sound]
'LinearMap.bddBelow_range_rayleighQuotientOn' depends on axioms: [propext, Classical.choice, Quot.sound]
'LinearMap.minRayleighQuotientOn_le_of_mem' depends on axioms: [propext, Classical.choice, Quot.sound]
'LinearMap.le_maxRayleighQuotientOn_of_mem' depends on axioms: [propext, Classical.choice, Quot.sound]
'LinearMap.rayleighQuotient_eq_of_mem_span_singleton' depends on axioms: [propext, Classical.choice, Quot.sound]
'LinearMap.minRayleighQuotientOn_span_singleton' depends on axioms: [propext, Classical.choice, Quot.sound]
'LinearMap.maxRayleighQuotientOn_span_singleton' depends on axioms: [propext, Classical.choice, Quot.sound]
'LinearMap.minRayleighQuotientOn_top' depends on axioms: [propext, Classical.choice, Quot.sound]
'LinearMap.maxRayleighQuotientOn_top' depends on axioms: [propext, Classical.choice, Quot.sound]
'LinearMap.courantFischerMaxMin' depends on axioms: [propext, Classical.choice, Quot.sound]
'LinearMap.courantFischerMinMax' depends on axioms: [propext, Classical.choice, Quot.sound]
'LinearMap.courantFischerMaxMin_finrank' depends on axioms: [propext, Classical.choice, Quot.sound]
'LinearMap.courantFischerMinMax_finrank' depends on axioms: [propext, Classical.choice, Quot.sound]
'LinearMap.courantFischerMaxMin_one' depends on axioms: [propext, Classical.choice, Quot.sound]
'LinearMap.courantFischerMinMax_one' depends on axioms: [propext, Classical.choice, Quot.sound]
'LinearMap.singularQuotient' depends on axioms: [propext, Classical.choice, Quot.sound]
'LinearMap.sq_singularQuotient_eq_rayleighQuotient_adjoint_comp_self' depends on axioms: [propext,
 Classical.choice,
 Quot.sound]
'LinearMap.singularQuotient_smul' depends on axioms: [propext, Classical.choice, Quot.sound]
'LinearMap.minSingularQuotientOn' depends on axioms: [propext, Classical.choice, Quot.sound]
'LinearMap.maxSingularQuotientOn' depends on axioms: [propext, Classical.choice, Quot.sound]
'LinearMap.bddAbove_range_singularQuotient' depends on axioms: [propext, Classical.choice, Quot.sound]
'LinearMap.bddBelow_range_singularQuotient' depends on axioms: [propext, Classical.choice, Quot.sound]
'LinearMap.bddAbove_range_singularQuotientOn' depends on axioms: [propext, Classical.choice, Quot.sound]
'LinearMap.bddBelow_range_singularQuotientOn' depends on axioms: [propext, Classical.choice, Quot.sound]
'LinearMap.minSingularQuotientOn_le_of_mem' depends on axioms: [propext, Classical.choice, Quot.sound]
'LinearMap.le_maxSingularQuotientOn_of_mem' depends on axioms: [propext, Classical.choice, Quot.sound]
'LinearMap.singularQuotient_eq_of_mem_span_singleton' depends on axioms: [propext, Classical.choice, Quot.sound]
'LinearMap.minSingularQuotientOn_span_singleton' depends on axioms: [propext, Classical.choice, Quot.sound]
'LinearMap.maxSingularQuotientOn_span_singleton' depends on axioms: [propext, Classical.choice, Quot.sound]
'LinearMap.minSingularQuotientOn_top' depends on axioms: [propext, Classical.choice, Quot.sound]
'LinearMap.maxSingularQuotientOn_top' depends on axioms: [propext, Classical.choice, Quot.sound]
'LinearMap.singularCourantFischerMaxMin' depends on axioms: [propext, Classical.choice, Quot.sound]
'LinearMap.singularCourantFischerMinMax' depends on axioms: [propext, Classical.choice, Quot.sound]
'LinearMap.singularCourantFischerMaxMin_finrank' depends on axioms: [propext, Classical.choice, Quot.sound]
'LinearMap.singularCourantFischerMinMax_finrank' depends on axioms: [propext, Classical.choice, Quot.sound]
'LinearMap.singularCourantFischerMaxMin_one' depends on axioms: [propext, Classical.choice, Quot.sound]
'LinearMap.singularCourantFischerMinMax_one' depends on axioms: [propext, Classical.choice, Quot.sound]
'LinearMap.IsSymmetric.leadingEigenSubspace' depends on axioms: [propext, Classical.choice, Quot.sound]
'LinearMap.IsSymmetric.eigenvectorBasis_mem_leadingEigenSubspace' depends on axioms: [propext,
 Classical.choice,
 Quot.sound]
'LinearMap.IsSymmetric.finrank_leadingEigenSubspace' depends on axioms: [propext, Classical.choice, Quot.sound]
'LinearMap.IsSymmetric.trailingEigenSubspace' depends on axioms: [propext, Classical.choice, Quot.sound]
'LinearMap.IsSymmetric.eigenvectorBasis_mem_trailingEigenSubspace' depends on axioms: [propext,
 Classical.choice,
 Quot.sound]
'LinearMap.IsSymmetric.finrank_trailingEigenSubspace' depends on axioms: [propext, Classical.choice, Quot.sound]
'LinearMap.IsSymmetric.exists_ne_zero_mem_inf_trailingEigenSubspace_of_finrank_eq_succ' depends on axioms: [propext,
 Classical.choice,
 Quot.sound]
'LinearMap.IsSymmetric.exists_ne_zero_mem_inf_leadingEigenSubspace_of_finrank_eq_sub' depends on axioms: [propext,
 Classical.choice,
 Quot.sound]
'LinearMap.IsSymmetric.eigenvalues_le_leadingEigenSubspace_index' depends on axioms: [propext,
 Classical.choice,
 Quot.sound]
'LinearMap.IsSymmetric.eigenvalues_trailingEigenSubspace_index_le' depends on axioms: [propext,
 Classical.choice,
 Quot.sound]
'LinearMap.IsSymmetric.re_inner_apply_self_eq_sum_eigenvalues_mul_norm_sq_repr' depends on axioms: [propext,
 Classical.choice,
 Quot.sound]
'LinearMap.IsSymmetric.norm_sq_eq_sum_norm_sq_repr' depends on axioms: [propext, Classical.choice, Quot.sound]
'LinearMap.IsSymmetric.eigenvectorBasis_repr_eq_zero_of_mem_leadingEigenSubspace' depends on axioms: [propext,
 Classical.choice,
 Quot.sound]
'LinearMap.IsSymmetric.eigenvectorBasis_repr_eq_zero_of_mem_trailingEigenSubspace' depends on axioms: [propext,
 Classical.choice,
 Quot.sound]
'LinearMap.IsSymmetric.eigenvalues_le_rayleighQuotient_of_mem_leadingEigenSubspace' depends on axioms: [propext,
 Classical.choice,
 Quot.sound]
'LinearMap.IsSymmetric.rayleighQuotient_le_eigenvalues_of_mem_trailingEigenSubspace' depends on axioms: [propext,
 Classical.choice,
 Quot.sound]
'LinearMap.IsSymmetric.eigenvalues_eq_courantFischerMaxMin_succ' depends on axioms: [propext,
 Classical.choice,
 Quot.sound]
'LinearMap.IsSymmetric.eigenvalues_eq_courantFischerMinMax_sub' depends on axioms: [propext,
 Classical.choice,
 Quot.sound]
'LinearMap.IsSymmetric.hasEigenvalue_iSup_rayleigh' depends on axioms: [propext, Classical.choice, Quot.sound]
'LinearMap.IsSymmetric.hasEigenvalue_iInf_rayleigh' depends on axioms: [propext, Classical.choice, Quot.sound]
'LinearMap.IsSymmetric.rayleighQuotient_eigenvectorBasis' depends on axioms: [propext, Classical.choice, Quot.sound]
'LinearMap.IsSymmetric.eigenvalues_zero_eq_iSup_rayleighQuotient' depends on axioms: [propext,
 Classical.choice,
 Quot.sound]
'LinearMap.IsSymmetric.eigenvalues_last_eq_iInf_rayleighQuotient' depends on axioms: [propext,
 Classical.choice,
 Quot.sound]
'LinearMap.IsSymmetric.eigenvalues_zero_eq_courantFischerMinMax_finrank' depends on axioms: [propext,
 Classical.choice,
 Quot.sound]
'LinearMap.IsSymmetric.eigenvalues_last_eq_courantFischerMaxMin_finrank' depends on axioms: [propext,
 Classical.choice,
 Quot.sound]
'LinearMap.IsSymmetric.eigenvalues_zero_eq_courantFischerMaxMin_one' depends on axioms: [propext,
 Classical.choice,
 Quot.sound]
'LinearMap.IsSymmetric.eigenvalues_last_eq_courantFischerMinMax_one' depends on axioms: [propext,
 Classical.choice,
 Quot.sound]
'LinearMap.IsSymmetric.apply_eq_sum_eigenvalue_rankOne' depends on axioms: [propext, Classical.choice, Quot.sound]
'LinearMap.IsSymmetric.spectral_decomposition_toMatrix' depends on axioms: [propext, Classical.choice, Quot.sound]
'LinearMap.singularValues_le_singularQuotient_of_mem_gram_leadingEigenSubspace' depends on axioms: [propext,
 Classical.choice,
 Quot.sound]
'LinearMap.singularQuotient_le_singularValues_of_mem_gram_trailingEigenSubspace' depends on axioms: [propext,
 Classical.choice,
 Quot.sound]
'LinearMap.singularValues_eq_singularCourantFischerMaxMin_succ' depends on axioms: [propext,
 Classical.choice,
 Quot.sound]
'LinearMap.singularValues_eq_singularCourantFischerMinMax_sub' depends on axioms: [propext,
 Classical.choice,
 Quot.sound]
'Matrix.singularQuotient_rightSingularVectorBasis' depends on axioms: [propext, Classical.choice, Quot.sound]
