Independent nonauthor source rebuild and exact frozen signatures; local cached dependencies, no authentic LeanCert or Comparator claim.
Lean (version 4.33.1, arm64-apple-darwin24.6.0, commit 819816b2e0a3bf405af45ae5c7af2491d8f5bee6, Release)
COMMAND ["/private/tmp/nla-campaign-toolchain/lean-4.33.1-darwin_aarch64/bin/lean", "-o", "/private/tmp/nla-ie21-final-fidelity-l46o_s8j/NLA/IE21/Definitions.olean", "NLA/IE21/Definitions.lean"]
EXIT 0
COMMAND ["/private/tmp/nla-campaign-toolchain/lean-4.33.1-darwin_aarch64/bin/lean", "-o", "/private/tmp/nla-ie21-final-fidelity-l46o_s8j/NLA/IE21/MatrixSemantics.olean", "NLA/IE21/MatrixSemantics.lean"]
EXIT 0
COMMAND ["/private/tmp/nla-campaign-toolchain/lean-4.33.1-darwin_aarch64/bin/lean", "-o", "/private/tmp/nla-ie21-final-fidelity-l46o_s8j/NLA/IE21/FiniteTrimming.olean", "NLA/IE21/FiniteTrimming.lean"]
EXIT 0
COMMAND ["/private/tmp/nla-campaign-toolchain/lean-4.33.1-darwin_aarch64/bin/lean", "-o", "/private/tmp/nla-ie21-final-fidelity-l46o_s8j/NLA/IE21/SphereNet.olean", "NLA/IE21/SphereNet.lean"]
'NLA.IE21.sphere_net' depends on axioms: [propext, Classical.choice, Quot.sound]
EXIT 0
COMMAND ["/private/tmp/nla-campaign-toolchain/lean-4.33.1-darwin_aarch64/bin/lean", "-o", "/private/tmp/nla-ie21-final-fidelity-l46o_s8j/NLA/IE21/QuadraticNet.olean", "NLA/IE21/QuadraticNet.lean"]
EXIT 0
COMMAND ["/private/tmp/nla-campaign-toolchain/lean-4.33.1-darwin_aarch64/bin/lean", "-o", "/private/tmp/nla-ie21-final-fidelity-l46o_s8j/NLA/IE21/UniformTrimmingGeometry.olean", "NLA/IE21/UniformTrimmingGeometry.lean"]
EXIT 0
COMMAND ["/private/tmp/nla-campaign-toolchain/lean-4.33.1-darwin_aarch64/bin/lean", "-o", "/private/tmp/nla-ie21-final-fidelity-l46o_s8j/NLA/IE21/UniformTrimmingBound.olean", "NLA/IE21/UniformTrimmingBound.lean"]
EXIT 0
COMMAND ["/private/tmp/nla-campaign-toolchain/lean-4.33.1-darwin_aarch64/bin/lean", "-o", "/private/tmp/nla-ie21-final-fidelity-l46o_s8j/NLA/IE21/SphericalLaw.olean", "NLA/IE21/SphericalLaw.lean"]
EXIT 0
COMMAND ["/private/tmp/nla-campaign-toolchain/lean-4.33.1-darwin_aarch64/bin/lean", "-o", "/private/tmp/nla-ie21-final-fidelity-l46o_s8j/NLA/IE21/RowLaw.olean", "NLA/IE21/RowLaw.lean"]
EXIT 0
COMMAND ["/private/tmp/nla-campaign-toolchain/lean-4.33.1-darwin_aarch64/bin/lean", "-o", "/private/tmp/nla-ie21-final-fidelity-l46o_s8j/NLA/IE21/Chernoff.olean", "NLA/IE21/Chernoff.lean"]
EXIT 0
COMMAND ["/private/tmp/nla-campaign-toolchain/lean-4.33.1-darwin_aarch64/bin/lean", "-o", "/private/tmp/nla-ie21-final-fidelity-l46o_s8j/NLA/IE21/CovarianceConcentration.olean", "NLA/IE21/CovarianceConcentration.lean"]
EXIT 0
COMMAND ["/private/tmp/nla-campaign-toolchain/lean-4.33.1-darwin_aarch64/bin/lean", "-o", "/private/tmp/nla-ie21-final-fidelity-l46o_s8j/NLA/IE21/GaussianPolar.olean", "NLA/IE21/GaussianPolar.lean"]
EXIT 0
COMMAND ["/private/tmp/nla-campaign-toolchain/lean-4.33.1-darwin_aarch64/bin/lean", "-o", "/private/tmp/nla-ie21-final-fidelity-l46o_s8j/NLA/IE21/GaussianMoments.olean", "NLA/IE21/GaussianMoments.lean"]
EXIT 0
COMMAND ["/private/tmp/nla-campaign-toolchain/lean-4.33.1-darwin_aarch64/bin/lean", "-o", "/private/tmp/nla-ie21-final-fidelity-l46o_s8j/NLA/IE21/SphericalMoments.olean", "NLA/IE21/SphericalMoments.lean"]
EXIT 0
COMMAND ["/private/tmp/nla-campaign-toolchain/lean-4.33.1-darwin_aarch64/bin/lean", "-o", "/private/tmp/nla-ie21-final-fidelity-l46o_s8j/NLA/IE21/SphericalMGF.olean", "NLA/IE21/SphericalMGF.lean"]
EXIT 0
COMMAND ["/private/tmp/nla-campaign-toolchain/lean-4.33.1-darwin_aarch64/bin/lean", "-o", "/private/tmp/nla-ie21-final-fidelity-l46o_s8j/NLA/IE21/Covariance.olean", "NLA/IE21/Covariance.lean"]
EXIT 0
COMMAND ["/private/tmp/nla-campaign-toolchain/lean-4.33.1-darwin_aarch64/bin/lean", "-o", "/private/tmp/nla-ie21-final-fidelity-l46o_s8j/NLA/IE21/GaussianTrimming.olean", "NLA/IE21/GaussianTrimming.lean"]
EXIT 0
COMMAND ["/private/tmp/nla-campaign-toolchain/lean-4.33.1-darwin_aarch64/bin/lean", "-o", "/private/tmp/nla-ie21-final-fidelity-l46o_s8j/NLA/IE21/PopulationTrimming.olean", "NLA/IE21/PopulationTrimming.lean"]
EXIT 0
COMMAND ["/private/tmp/nla-campaign-toolchain/lean-4.33.1-darwin_aarch64/bin/lean", "-o", "/private/tmp/nla-ie21-final-fidelity-l46o_s8j/NLA/IE21/SphericalTrimming.olean", "NLA/IE21/SphericalTrimming.lean"]
EXIT 0
COMMAND ["/private/tmp/nla-campaign-toolchain/lean-4.33.1-darwin_aarch64/bin/lean", "-o", "/private/tmp/nla-ie21-final-fidelity-l46o_s8j/NLA/IE21/QuantileTrimming.olean", "NLA/IE21/QuantileTrimming.lean"]
EXIT 0
COMMAND ["/private/tmp/nla-campaign-toolchain/lean-4.33.1-darwin_aarch64/bin/lean", "-o", "/private/tmp/nla-ie21-final-fidelity-l46o_s8j/NLA/IE21/EmpiricalTrimming.olean", "NLA/IE21/EmpiricalTrimming.lean"]
EXIT 0
COMMAND ["/private/tmp/nla-campaign-toolchain/lean-4.33.1-darwin_aarch64/bin/lean", "-o", "/private/tmp/nla-ie21-final-fidelity-l46o_s8j/NLA/IE21/BoundedConcentration.olean", "NLA/IE21/BoundedConcentration.lean"]
EXIT 0
COMMAND ["/private/tmp/nla-campaign-toolchain/lean-4.33.1-darwin_aarch64/bin/lean", "-o", "/private/tmp/nla-ie21-final-fidelity-l46o_s8j/NLA/IE21/TrimmingConcentration.olean", "NLA/IE21/TrimmingConcentration.lean"]
EXIT 0
COMMAND ["/private/tmp/nla-campaign-toolchain/lean-4.33.1-darwin_aarch64/bin/lean", "-o", "/private/tmp/nla-ie21-final-fidelity-l46o_s8j/NLA/IE21/PointwiseTrimmingSemantics.olean", "NLA/IE21/PointwiseTrimmingSemantics.lean"]
EXIT 0
COMMAND ["/private/tmp/nla-campaign-toolchain/lean-4.33.1-darwin_aarch64/bin/lean", "-o", "/private/tmp/nla-ie21-final-fidelity-l46o_s8j/NLA/IE21/PointwiseTrimming.olean", "NLA/IE21/PointwiseTrimming.lean"]
EXIT 0
COMMAND ["/private/tmp/nla-campaign-toolchain/lean-4.33.1-darwin_aarch64/bin/lean", "-o", "/private/tmp/nla-ie21-final-fidelity-l46o_s8j/NLA/IE21/UniformTrimming.olean", "NLA/IE21/UniformTrimming.lean"]
EXIT 0
COMMAND ["/private/tmp/nla-campaign-toolchain/lean-4.33.1-darwin_aarch64/bin/lean", "-o", "/private/tmp/nla-ie21-final-fidelity-l46o_s8j/NLA/IE21/RatioAlgebra.olean", "NLA/IE21/RatioAlgebra.lean"]
EXIT 0
COMMAND ["/private/tmp/nla-campaign-toolchain/lean-4.33.1-darwin_aarch64/bin/lean", "-o", "/private/tmp/nla-ie21-final-fidelity-l46o_s8j/NLA/IE21/FiniteSizeGeometry.olean", "NLA/IE21/FiniteSizeGeometry.lean"]
EXIT 0
COMMAND ["/private/tmp/nla-campaign-toolchain/lean-4.33.1-darwin_aarch64/bin/lean", "-o", "/private/tmp/nla-ie21-final-fidelity-l46o_s8j/NLA/IE21/AspectSchedule.olean", "NLA/IE21/AspectSchedule.lean"]
'NLA.IE21.aspect_schedule' depends on axioms: [propext, Classical.choice, Quot.sound]
EXIT 0
COMMAND ["/private/tmp/nla-campaign-toolchain/lean-4.33.1-darwin_aarch64/bin/lean", "-o", "/private/tmp/nla-ie21-final-fidelity-l46o_s8j/NLA/IE21/AsymptoticTail.olean", "NLA/IE21/AsymptoticTail.lean"]
EXIT 0
COMMAND ["/private/tmp/nla-campaign-toolchain/lean-4.33.1-darwin_aarch64/bin/lean", "-o", "/private/tmp/nla-ie21-final-fidelity-l46o_s8j/NLA/IE21/FiniteSize.olean", "NLA/IE21/FiniteSize.lean"]
EXIT 0
COMMAND ["/private/tmp/nla-campaign-toolchain/lean-4.33.1-darwin_aarch64/bin/lean", "reviews/ie21-final-fidelity-evidence/ExactSignaturesAndAxioms.lean"]
reviews/ie21-final-fidelity-evidence/ExactSignaturesAndAxioms.lean:7:21: warning: Variable name `hn` is not explicitly referenced.

Hint: The binding can be removed (if unused) or named `_` (if used implicitly). Alternatively, prefix the name with `_` to silence this warning:
  [apply] _hn

Note: This linter can be disabled with `set_option linter.unusedVariables false`
reviews/ie21-final-fidelity-evidence/ExactSignaturesAndAxioms.lean:12:21: warning: Variable name `hn` is not explicitly referenced.

Hint: The binding can be removed (if unused) or named `_` (if used implicitly). Alternatively, prefix the name with `_` to silence this warning:
  [apply] _hn

Note: This linter can be disabled with `set_option linter.unusedVariables false`
reviews/ie21-final-fidelity-evidence/ExactSignaturesAndAxioms.lean:19:23: warning: Variable name `hn` is not explicitly referenced.

Hint: The binding can be removed (if unused) or named `_` (if used implicitly). Alternatively, prefix the name with `_` to silence this warning:
  [apply] _hn

Note: This linter can be disabled with `set_option linter.unusedVariables false`
reviews/ie21-final-fidelity-evidence/ExactSignaturesAndAxioms.lean:26:5: warning: Variable name `hA` is not explicitly referenced.

Hint: The binding can be removed (if unused) or named `_` (if used implicitly). Alternatively, prefix the name with `_` to silence this warning:
  [apply] _hA

Note: This linter can be disabled with `set_option linter.unusedVariables false`
reviews/ie21-final-fidelity-evidence/ExactSignaturesAndAxioms.lean:29:37: warning: Variable name `hn` is not explicitly referenced.

Hint: The binding can be removed (if unused) or named `_` (if used implicitly). Alternatively, prefix the name with `_` to silence this warning:
  [apply] _hn

Note: This linter can be disabled with `set_option linter.unusedVariables false`
reviews/ie21-final-fidelity-evidence/ExactSignaturesAndAxioms.lean:36:31: warning: Variable name `hθ` is not explicitly referenced.

Hint: The binding can be removed (if unused) or named `_` (if used implicitly). Alternatively, prefix the name with `_` to silence this warning:
  [apply] _hθ

Note: This linter can be disabled with `set_option linter.unusedVariables false`
reviews/ie21-final-fidelity-evidence/ExactSignaturesAndAxioms.lean:37:19: warning: Variable name `hn` is not explicitly referenced.

Hint: The binding can be removed (if unused) or named `_` (if used implicitly). Alternatively, prefix the name with `_` to silence this warning:
  [apply] _hn

Note: This linter can be disabled with `set_option linter.unusedVariables false`
reviews/ie21-final-fidelity-evidence/ExactSignaturesAndAxioms.lean:46:31: warning: Variable name `hθ` is not explicitly referenced.

Hint: The binding can be removed (if unused) or named `_` (if used implicitly). Alternatively, prefix the name with `_` to silence this warning:
  [apply] _hθ

Note: This linter can be disabled with `set_option linter.unusedVariables false`
reviews/ie21-final-fidelity-evidence/ExactSignaturesAndAxioms.lean:47:19: warning: Variable name `hn` is not explicitly referenced.

Hint: The binding can be removed (if unused) or named `_` (if used implicitly). Alternatively, prefix the name with `_` to silence this warning:
  [apply] _hn

Note: This linter can be disabled with `set_option linter.unusedVariables false`
reviews/ie21-final-fidelity-evidence/ExactSignaturesAndAxioms.lean:53:21: warning: Variable name `hm` is not explicitly referenced.

Hint: The binding can be removed (if unused) or named `_` (if used implicitly). Alternatively, prefix the name with `_` to silence this warning:
  [apply] _hm

Note: This linter can be disabled with `set_option linter.unusedVariables false`
reviews/ie21-final-fidelity-evidence/ExactSignaturesAndAxioms.lean:53:42: warning: Variable name `hk` is not explicitly referenced.

Hint: The binding can be removed (if unused) or named `_` (if used implicitly). Alternatively, prefix the name with `_` to silence this warning:
  [apply] _hk

Note: This linter can be disabled with `set_option linter.unusedVariables false`
reviews/ie21-final-fidelity-evidence/ExactSignaturesAndAxioms.lean:54:21: warning: Variable name `hy` is not explicitly referenced.

Hint: The binding can be removed (if unused) or named `_` (if used implicitly). Alternatively, prefix the name with `_` to silence this warning:
  [apply] _hy

Note: This linter can be disabled with `set_option linter.unusedVariables false`
reviews/ie21-final-fidelity-evidence/ExactSignaturesAndAxioms.lean:60:31: warning: Variable name `hθ` is not explicitly referenced.

Hint: The binding can be removed (if unused) or named `_` (if used implicitly). Alternatively, prefix the name with `_` to silence this warning:
  [apply] _hθ

Note: This linter can be disabled with `set_option linter.unusedVariables false`
reviews/ie21-final-fidelity-evidence/ExactSignaturesAndAxioms.lean:61:19: warning: Variable name `hm` is not explicitly referenced.

Hint: The binding can be removed (if unused) or named `_` (if used implicitly). Alternatively, prefix the name with `_` to silence this warning:
  [apply] _hm

Note: This linter can be disabled with `set_option linter.unusedVariables false`
reviews/ie21-final-fidelity-evidence/ExactSignaturesAndAxioms.lean:61:32: warning: Variable name `hn` is not explicitly referenced.

Hint: The binding can be removed (if unused) or named `_` (if used implicitly). Alternatively, prefix the name with `_` to silence this warning:
  [apply] _hn

Note: This linter can be disabled with `set_option linter.unusedVariables false`
reviews/ie21-final-fidelity-evidence/ExactSignaturesAndAxioms.lean:65:31: warning: Variable name `hθ` is not explicitly referenced.

Hint: The binding can be removed (if unused) or named `_` (if used implicitly). Alternatively, prefix the name with `_` to silence this warning:
  [apply] _hθ

Note: This linter can be disabled with `set_option linter.unusedVariables false`
reviews/ie21-final-fidelity-evidence/ExactSignaturesAndAxioms.lean:66:5: warning: Variable name `hn` is not explicitly referenced.

Hint: The binding can be removed (if unused) or named `_` (if used implicitly). Alternatively, prefix the name with `_` to silence this warning:
  [apply] _hn

Note: This linter can be disabled with `set_option linter.unusedVariables false`
reviews/ie21-final-fidelity-evidence/ExactSignaturesAndAxioms.lean:72:21: warning: Variable name `hθ` is not explicitly referenced.

Hint: The binding can be removed (if unused) or named `_` (if used implicitly). Alternatively, prefix the name with `_` to silence this warning:
  [apply] _hθ

Note: This linter can be disabled with `set_option linter.unusedVariables false`
reviews/ie21-final-fidelity-evidence/ExactSignaturesAndAxioms.lean:80:21: warning: Variable name `hn` is not explicitly referenced.

Hint: The binding can be removed (if unused) or named `_` (if used implicitly). Alternatively, prefix the name with `_` to silence this warning:
  [apply] _hn

Note: This linter can be disabled with `set_option linter.unusedVariables false`
reviews/ie21-final-fidelity-evidence/ExactSignaturesAndAxioms.lean:80:48: warning: Variable name `hx` is not explicitly referenced.

Hint: The binding can be removed (if unused) or named `_` (if used implicitly). Alternatively, prefix the name with `_` to silence this warning:
  [apply] _hx

Note: This linter can be disabled with `set_option linter.unusedVariables false`
reviews/ie21-final-fidelity-evidence/ExactSignaturesAndAxioms.lean:89:21: warning: Variable name `hn` is not explicitly referenced.

Hint: The binding can be removed (if unused) or named `_` (if used implicitly). Alternatively, prefix the name with `_` to silence this warning:
  [apply] _hn

Note: This linter can be disabled with `set_option linter.unusedVariables false`
reviews/ie21-final-fidelity-evidence/ExactSignaturesAndAxioms.lean:90:19: warning: Variable name `hx` is not explicitly referenced.

Hint: The binding can be removed (if unused) or named `_` (if used implicitly). Alternatively, prefix the name with `_` to silence this warning:
  [apply] _hx

Note: This linter can be disabled with `set_option linter.unusedVariables false`
reviews/ie21-final-fidelity-evidence/ExactSignaturesAndAxioms.lean:90:42: warning: Variable name `ha` is not explicitly referenced.

Hint: The binding can be removed (if unused) or named `_` (if used implicitly). Alternatively, prefix the name with `_` to silence this warning:
  [apply] _ha

Note: This linter can be disabled with `set_option linter.unusedVariables false`
reviews/ie21-final-fidelity-evidence/ExactSignaturesAndAxioms.lean:95:21: warning: Variable name `hθ` is not explicitly referenced.

Hint: The binding can be removed (if unused) or named `_` (if used implicitly). Alternatively, prefix the name with `_` to silence this warning:
  [apply] _hθ

Note: This linter can be disabled with `set_option linter.unusedVariables false`
reviews/ie21-final-fidelity-evidence/ExactSignaturesAndAxioms.lean:96:13: warning: Variable name `hn` is not explicitly referenced.

Hint: The binding can be removed (if unused) or named `_` (if used implicitly). Alternatively, prefix the name with `_` to silence this warning:
  [apply] _hn

Note: This linter can be disabled with `set_option linter.unusedVariables false`
reviews/ie21-final-fidelity-evidence/ExactSignaturesAndAxioms.lean:96:40: warning: Variable name `hx` is not explicitly referenced.

Hint: The binding can be removed (if unused) or named `_` (if used implicitly). Alternatively, prefix the name with `_` to silence this warning:
  [apply] _hx

Note: This linter can be disabled with `set_option linter.unusedVariables false`
reviews/ie21-final-fidelity-evidence/ExactSignaturesAndAxioms.lean:100:21: warning: Variable name `hθ` is not explicitly referenced.

Hint: The binding can be removed (if unused) or named `_` (if used implicitly). Alternatively, prefix the name with `_` to silence this warning:
  [apply] _hθ

Note: This linter can be disabled with `set_option linter.unusedVariables false`
reviews/ie21-final-fidelity-evidence/ExactSignaturesAndAxioms.lean:101:15: warning: Variable name `hm` is not explicitly referenced.

Hint: The binding can be removed (if unused) or named `_` (if used implicitly). Alternatively, prefix the name with `_` to silence this warning:
  [apply] _hm

Note: This linter can be disabled with `set_option linter.unusedVariables false`
reviews/ie21-final-fidelity-evidence/ExactSignaturesAndAxioms.lean:101:28: warning: Variable name `hn` is not explicitly referenced.

Hint: The binding can be removed (if unused) or named `_` (if used implicitly). Alternatively, prefix the name with `_` to silence this warning:
  [apply] _hn

Note: This linter can be disabled with `set_option linter.unusedVariables false`
reviews/ie21-final-fidelity-evidence/ExactSignaturesAndAxioms.lean:101:55: warning: Variable name `hx` is not explicitly referenced.

Hint: The binding can be removed (if unused) or named `_` (if used implicitly). Alternatively, prefix the name with `_` to silence this warning:
  [apply] _hx

Note: This linter can be disabled with `set_option linter.unusedVariables false`
reviews/ie21-final-fidelity-evidence/ExactSignaturesAndAxioms.lean:102:13: warning: Variable name `hε` is not explicitly referenced.

Hint: The binding can be removed (if unused) or named `_` (if used implicitly). Alternatively, prefix the name with `_` to silence this warning:
  [apply] _hε

Note: This linter can be disabled with `set_option linter.unusedVariables false`
reviews/ie21-final-fidelity-evidence/ExactSignaturesAndAxioms.lean:108:21: warning: Variable name `hn` is not explicitly referenced.

Hint: The binding can be removed (if unused) or named `_` (if used implicitly). Alternatively, prefix the name with `_` to silence this warning:
  [apply] _hn

Note: This linter can be disabled with `set_option linter.unusedVariables false`
reviews/ie21-final-fidelity-evidence/ExactSignaturesAndAxioms.lean:108:42: warning: Variable name `hδ` is not explicitly referenced.

Hint: The binding can be removed (if unused) or named `_` (if used implicitly). Alternatively, prefix the name with `_` to silence this warning:
  [apply] _hδ

Note: This linter can be disabled with `set_option linter.unusedVariables false`
reviews/ie21-final-fidelity-evidence/ExactSignaturesAndAxioms.lean:113:23: warning: Variable name `hm` is not explicitly referenced.

Hint: The binding can be removed (if unused) or named `_` (if used implicitly). Alternatively, prefix the name with `_` to silence this warning:
  [apply] _hm

Note: This linter can be disabled with `set_option linter.unusedVariables false`
reviews/ie21-final-fidelity-evidence/ExactSignaturesAndAxioms.lean:113:36: warning: Variable name `hn` is not explicitly referenced.

Hint: The binding can be removed (if unused) or named `_` (if used implicitly). Alternatively, prefix the name with `_` to silence this warning:
  [apply] _hn

Note: This linter can be disabled with `set_option linter.unusedVariables false`
reviews/ie21-final-fidelity-evidence/ExactSignaturesAndAxioms.lean:114:13: warning: Variable name `ht` is not explicitly referenced.

Hint: The binding can be removed (if unused) or named `_` (if used implicitly). Alternatively, prefix the name with `_` to silence this warning:
  [apply] _ht

Note: This linter can be disabled with `set_option linter.unusedVariables false`
reviews/ie21-final-fidelity-evidence/ExactSignaturesAndAxioms.lean:118:21: warning: Variable name `hθ` is not explicitly referenced.

Hint: The binding can be removed (if unused) or named `_` (if used implicitly). Alternatively, prefix the name with `_` to silence this warning:
  [apply] _hθ

Note: This linter can be disabled with `set_option linter.unusedVariables false`
reviews/ie21-final-fidelity-evidence/ExactSignaturesAndAxioms.lean:119:15: warning: Variable name `hm` is not explicitly referenced.

Hint: The binding can be removed (if unused) or named `_` (if used implicitly). Alternatively, prefix the name with `_` to silence this warning:
  [apply] _hm

Note: This linter can be disabled with `set_option linter.unusedVariables false`
reviews/ie21-final-fidelity-evidence/ExactSignaturesAndAxioms.lean:119:28: warning: Variable name `hn` is not explicitly referenced.

Hint: The binding can be removed (if unused) or named `_` (if used implicitly). Alternatively, prefix the name with `_` to silence this warning:
  [apply] _hn

Note: This linter can be disabled with `set_option linter.unusedVariables false`
reviews/ie21-final-fidelity-evidence/ExactSignaturesAndAxioms.lean:120:17: warning: Variable name `ht` is not explicitly referenced.

Hint: The binding can be removed (if unused) or named `_` (if used implicitly). Alternatively, prefix the name with `_` to silence this warning:
  [apply] _ht

Note: This linter can be disabled with `set_option linter.unusedVariables false`
reviews/ie21-final-fidelity-evidence/ExactSignaturesAndAxioms.lean:121:5: warning: Variable name `hε` is not explicitly referenced.

Hint: The binding can be removed (if unused) or named `_` (if used implicitly). Alternatively, prefix the name with `_` to silence this warning:
  [apply] _hε

Note: This linter can be disabled with `set_option linter.unusedVariables false`
reviews/ie21-final-fidelity-evidence/ExactSignaturesAndAxioms.lean:121:36: warning: Variable name `hδ` is not explicitly referenced.

Hint: The binding can be removed (if unused) or named `_` (if used implicitly). Alternatively, prefix the name with `_` to silence this warning:
  [apply] _hδ

Note: This linter can be disabled with `set_option linter.unusedVariables false`
reviews/ie21-final-fidelity-evidence/ExactSignaturesAndAxioms.lean:124:21: warning: Variable name `hθ` is not explicitly referenced.

Hint: The binding can be removed (if unused) or named `_` (if used implicitly). Alternatively, prefix the name with `_` to silence this warning:
  [apply] _hθ

Note: This linter can be disabled with `set_option linter.unusedVariables false`
reviews/ie21-final-fidelity-evidence/ExactSignaturesAndAxioms.lean:125:15: warning: Variable name `hm` is not explicitly referenced.

Hint: The binding can be removed (if unused) or named `_` (if used implicitly). Alternatively, prefix the name with `_` to silence this warning:
  [apply] _hm

Note: This linter can be disabled with `set_option linter.unusedVariables false`
reviews/ie21-final-fidelity-evidence/ExactSignaturesAndAxioms.lean:125:28: warning: Variable name `hn` is not explicitly referenced.

Hint: The binding can be removed (if unused) or named `_` (if used implicitly). Alternatively, prefix the name with `_` to silence this warning:
  [apply] _hn

Note: This linter can be disabled with `set_option linter.unusedVariables false`
reviews/ie21-final-fidelity-evidence/ExactSignaturesAndAxioms.lean:126:17: warning: Variable name `ht` is not explicitly referenced.

Hint: The binding can be removed (if unused) or named `_` (if used implicitly). Alternatively, prefix the name with `_` to silence this warning:
  [apply] _ht

Note: This linter can be disabled with `set_option linter.unusedVariables false`
reviews/ie21-final-fidelity-evidence/ExactSignaturesAndAxioms.lean:127:5: warning: Variable name `hε` is not explicitly referenced.

Hint: The binding can be removed (if unused) or named `_` (if used implicitly). Alternatively, prefix the name with `_` to silence this warning:
  [apply] _hε

Note: This linter can be disabled with `set_option linter.unusedVariables false`
reviews/ie21-final-fidelity-evidence/ExactSignaturesAndAxioms.lean:127:36: warning: Variable name `hδ` is not explicitly referenced.

Hint: The binding can be removed (if unused) or named `_` (if used implicitly). Alternatively, prefix the name with `_` to silence this warning:
  [apply] _hδ

Note: This linter can be disabled with `set_option linter.unusedVariables false`
reviews/ie21-final-fidelity-evidence/ExactSignaturesAndAxioms.lean:137:13: warning: Variable name `hθ` is not explicitly referenced.

Hint: The binding can be removed (if unused) or named `_` (if used implicitly). Alternatively, prefix the name with `_` to silence this warning:
  [apply] _hθ

Note: This linter can be disabled with `set_option linter.unusedVariables false`
reviews/ie21-final-fidelity-evidence/ExactSignaturesAndAxioms.lean:138:15: warning: Variable name `hm` is not explicitly referenced.

Hint: The binding can be removed (if unused) or named `_` (if used implicitly). Alternatively, prefix the name with `_` to silence this warning:
  [apply] _hm

Note: This linter can be disabled with `set_option linter.unusedVariables false`
reviews/ie21-final-fidelity-evidence/ExactSignaturesAndAxioms.lean:138:28: warning: Variable name `hn` is not explicitly referenced.

Hint: The binding can be removed (if unused) or named `_` (if used implicitly). Alternatively, prefix the name with `_` to silence this warning:
  [apply] _hn

Note: This linter can be disabled with `set_option linter.unusedVariables false`
reviews/ie21-final-fidelity-evidence/ExactSignaturesAndAxioms.lean:139:5: warning: Variable name `hA` is not explicitly referenced.

Hint: The binding can be removed (if unused) or named `_` (if used implicitly). Alternatively, prefix the name with `_` to silence this warning:
  [apply] _hA

Note: This linter can be disabled with `set_option linter.unusedVariables false`
reviews/ie21-final-fidelity-evidence/ExactSignaturesAndAxioms.lean:140:17: warning: Variable name `ht` is not explicitly referenced.

Hint: The binding can be removed (if unused) or named `_` (if used implicitly). Alternatively, prefix the name with `_` to silence this warning:
  [apply] _ht

Note: This linter can be disabled with `set_option linter.unusedVariables false`
reviews/ie21-final-fidelity-evidence/ExactSignaturesAndAxioms.lean:141:5: warning: Variable name `hε` is not explicitly referenced.

Hint: The binding can be removed (if unused) or named `_` (if used implicitly). Alternatively, prefix the name with `_` to silence this warning:
  [apply] _hε

Note: This linter can be disabled with `set_option linter.unusedVariables false`
reviews/ie21-final-fidelity-evidence/ExactSignaturesAndAxioms.lean:141:36: warning: Variable name `hδ` is not explicitly referenced.

Hint: The binding can be removed (if unused) or named `_` (if used implicitly). Alternatively, prefix the name with `_` to silence this warning:
  [apply] _hδ

Note: This linter can be disabled with `set_option linter.unusedVariables false`
reviews/ie21-final-fidelity-evidence/ExactSignaturesAndAxioms.lean:145:21: warning: Variable name `hθ` is not explicitly referenced.

Hint: The binding can be removed (if unused) or named `_` (if used implicitly). Alternatively, prefix the name with `_` to silence this warning:
  [apply] _hθ

Note: This linter can be disabled with `set_option linter.unusedVariables false`
reviews/ie21-final-fidelity-evidence/ExactSignaturesAndAxioms.lean:146:19: warning: Variable name `hm` is not explicitly referenced.

Hint: The binding can be removed (if unused) or named `_` (if used implicitly). Alternatively, prefix the name with `_` to silence this warning:
  [apply] _hm

Note: This linter can be disabled with `set_option linter.unusedVariables false`
reviews/ie21-final-fidelity-evidence/ExactSignaturesAndAxioms.lean:146:39: warning: Variable name `hn` is not explicitly referenced.

Hint: The binding can be removed (if unused) or named `_` (if used implicitly). Alternatively, prefix the name with `_` to silence this warning:
  [apply] _hn

Note: This linter can be disabled with `set_option linter.unusedVariables false`
reviews/ie21-final-fidelity-evidence/ExactSignaturesAndAxioms.lean:147:5: warning: Variable name `hnlim` is not explicitly referenced.

Hint: The binding can be removed (if unused) or named `_` (if used implicitly). Alternatively, prefix the name with `_` to silence this warning:
  [apply] _hnlim

Note: This linter can be disabled with `set_option linter.unusedVariables false`
reviews/ie21-final-fidelity-evidence/ExactSignaturesAndAxioms.lean:148:5: warning: Variable name `hQlim` is not explicitly referenced.

Hint: The binding can be removed (if unused) or named `_` (if used implicitly). Alternatively, prefix the name with `_` to silence this warning:
  [apply] _hQlim

Note: This linter can be disabled with `set_option linter.unusedVariables false`
reviews/ie21-final-fidelity-evidence/ExactSignaturesAndAxioms.lean:159:21: warning: Variable name `hθ` is not explicitly referenced.

Hint: The binding can be removed (if unused) or named `_` (if used implicitly). Alternatively, prefix the name with `_` to silence this warning:
  [apply] _hθ

Note: This linter can be disabled with `set_option linter.unusedVariables false`
reviews/ie21-final-fidelity-evidence/ExactSignaturesAndAxioms.lean:160:19: warning: Variable name `hm` is not explicitly referenced.

Hint: The binding can be removed (if unused) or named `_` (if used implicitly). Alternatively, prefix the name with `_` to silence this warning:
  [apply] _hm

Note: This linter can be disabled with `set_option linter.unusedVariables false`
reviews/ie21-final-fidelity-evidence/ExactSignaturesAndAxioms.lean:160:39: warning: Variable name `hn` is not explicitly referenced.

Hint: The binding can be removed (if unused) or named `_` (if used implicitly). Alternatively, prefix the name with `_` to silence this warning:
  [apply] _hn

Note: This linter can be disabled with `set_option linter.unusedVariables false`
reviews/ie21-final-fidelity-evidence/ExactSignaturesAndAxioms.lean:161:5: warning: Variable name `hnlim` is not explicitly referenced.

Hint: The binding can be removed (if unused) or named `_` (if used implicitly). Alternatively, prefix the name with `_` to silence this warning:
  [apply] _hnlim

Note: This linter can be disabled with `set_option linter.unusedVariables false`
reviews/ie21-final-fidelity-evidence/ExactSignaturesAndAxioms.lean:162:5: warning: Variable name `hQlim` is not explicitly referenced.

Hint: The binding can be removed (if unused) or named `_` (if used implicitly). Alternatively, prefix the name with `_` to silence this warning:
  [apply] _hQlim

Note: This linter can be disabled with `set_option linter.unusedVariables false`
reviews/ie21-final-fidelity-evidence/ExactSignaturesAndAxioms.lean:163:13: warning: Variable name `hη` is not explicitly referenced.

Hint: The binding can be removed (if unused) or named `_` (if used implicitly). Alternatively, prefix the name with `_` to silence this warning:
  [apply] _hη

Note: This linter can be disabled with `set_option linter.unusedVariables false`
reviews/ie21-final-fidelity-evidence/ExactSignaturesAndAxioms.lean:167:21: warning: Variable name `hθ` is not explicitly referenced.

Hint: The binding can be removed (if unused) or named `_` (if used implicitly). Alternatively, prefix the name with `_` to silence this warning:
  [apply] _hθ

Note: This linter can be disabled with `set_option linter.unusedVariables false`
reviews/ie21-final-fidelity-evidence/ExactSignaturesAndAxioms.lean:168:19: warning: Variable name `hm` is not explicitly referenced.

Hint: The binding can be removed (if unused) or named `_` (if used implicitly). Alternatively, prefix the name with `_` to silence this warning:
  [apply] _hm

Note: This linter can be disabled with `set_option linter.unusedVariables false`
reviews/ie21-final-fidelity-evidence/ExactSignaturesAndAxioms.lean:168:39: warning: Variable name `hn` is not explicitly referenced.

Hint: The binding can be removed (if unused) or named `_` (if used implicitly). Alternatively, prefix the name with `_` to silence this warning:
  [apply] _hn

Note: This linter can be disabled with `set_option linter.unusedVariables false`
reviews/ie21-final-fidelity-evidence/ExactSignaturesAndAxioms.lean:169:5: warning: Variable name `hnlim` is not explicitly referenced.

Hint: The binding can be removed (if unused) or named `_` (if used implicitly). Alternatively, prefix the name with `_` to silence this warning:
  [apply] _hnlim

Note: This linter can be disabled with `set_option linter.unusedVariables false`
reviews/ie21-final-fidelity-evidence/ExactSignaturesAndAxioms.lean:170:5: warning: Variable name `hQlim` is not explicitly referenced.

Hint: The binding can be removed (if unused) or named `_` (if used implicitly). Alternatively, prefix the name with `_` to silence this warning:
  [apply] _hQlim

Note: This linter can be disabled with `set_option linter.unusedVariables false`
reviews/ie21-final-fidelity-evidence/ExactSignaturesAndAxioms.lean:174:5: warning: Variable name `hA` is not explicitly referenced.

Hint: The binding can be removed (if unused) or named `_` (if used implicitly). Alternatively, prefix the name with `_` to silence this warning:
  [apply] _hA

Note: This linter can be disabled with `set_option linter.unusedVariables false`
reviews/ie21-final-fidelity-evidence/ExactSignaturesAndAxioms.lean:174:59: warning: Variable name `hη` is not explicitly referenced.

Hint: The binding can be removed (if unused) or named `_` (if used implicitly). Alternatively, prefix the name with `_` to silence this warning:
  [apply] _hη

Note: This linter can be disabled with `set_option linter.unusedVariables false`
'NLA.IE21.surface_probability' depends on axioms: [propext, Classical.choice, Quot.sound]
'NLA.IE21.gaussian_surface_correspondence' depends on axioms: [propext, Classical.choice, Quot.sound]
'NLA.IE21.product_row_semantics' depends on axioms: [propext, Classical.choice, Quot.sound]
'NLA.IE21.independent_row_transport' depends on axioms: [propext, Classical.choice, Quot.sound]
'NLA.IE21.matrix_semantics' depends on axioms: [propext, Classical.choice, Quot.sound]
'NLA.IE21.deletion_minimum' depends on axioms: [propext, Classical.choice, Quot.sound]
'NLA.IE21.deletion_zero_cases' depends on axioms: [propext, Classical.choice, Quot.sound]
'NLA.IE21.finite_trimming_semantics' depends on axioms: [propext, Classical.choice, Quot.sound]
'NLA.IE21.directional_minimum' depends on axioms: [propext, Classical.choice, Quot.sound]
'NLA.IE21.statistics_measurable' depends on axioms: [propext, Classical.choice, Quot.sound]
'NLA.IE21.gaussian_constant' depends on axioms: [propext, Classical.choice, Quot.sound]
'NLA.IE21.spherical_moments' depends on axioms: [propext, Classical.choice, Quot.sound]
'NLA.IE21.spherical_quadratic_mgf' depends on axioms: [propext, Classical.choice, Quot.sound]
'NLA.IE21.spherical_gaussian_trimming' depends on axioms: [propext, Classical.choice, Quot.sound]
'NLA.IE21.pointwise_trim_concentration' depends on axioms: [propext, Classical.choice, Quot.sound]
'NLA.IE21.sphere_net' depends on axioms: [propext, Classical.choice, Quot.sound]
'NLA.IE21.covariance_concentration' depends on axioms: [propext, Classical.choice, Quot.sound]
'NLA.IE21.uniform_trim_concentration' depends on axioms: [propext, Classical.choice, Quot.sound]
'NLA.IE21.finite_size_bound' depends on axioms: [propext, Classical.choice, Quot.sound]
'NLA.IE21.finite_size_independent_rows' depends on axioms: [propext, Classical.choice, Quot.sound]
'NLA.IE21.aspect_schedule' depends on axioms: [propext, Classical.choice, Quot.sound]
'NLA.IE21.spherical_ratio_limit' depends on axioms: [propext, Classical.choice, Quot.sound]
'NLA.IE21.original_random_row_limit' depends on axioms: [propext, Classical.choice, Quot.sound]
EXIT 0
