UTC: 2026-09-28T13:38:03.273151+00:00

Command: /private/tmp/nla-python-env/bin/python tools/lean/validate_manifest.py eigenvalues-and-inverse-problems/KE-03/lean
Manifest schema and comparator coverage: PASS (1 declarations)

Exit status: 0

Command: python3 tools/validate_problem_ids.py --base-ref origin/main
Validated 217 permanent problem IDs against origin/main

Exit status: 0

Command: python3 tools/update_catalog.py --base-ref origin/main
Indexed 217 entries: Lean verified=65, Open=40, Partially resolved=70, Solution claimed=1, Solved=41

Exit status: 0

Command: python3 tools/format_math.py --check
Need formatting: 0 pages

Exit status: 0

Command: python3 tools/render_problems.py KE-03
KE-03: OK
Rendered 1 problem documents.

Exit status: 0

Additional inspection: all three PDF pages inspected; final status page re-inspected after promotion. No clipping or mathematical rendering defects observed.
Original Context and notation, Problem statement and following historical sections are byte-identical to the fixed published base.
All relative file links in the new contribution documents resolve.

Published-base recheck: GitHub Desktop refreshed origin/main to the fork default branch. The PR targets upstream main, whose public API SHA is 80c0e3e638b2f26dcb3a00353651fc3d2215dd65. The following checks use that exact published upstream revision, avoiding the fork's older default branch.

Command: python3 tools/validate_problem_ids.py --base-ref 80c0e3e638b2f26dcb3a00353651fc3d2215dd65
Validated 217 permanent problem IDs against 80c0e3e638b2f26dcb3a00353651fc3d2215dd65

Exit status: 0

Command: python3 tools/update_catalog.py --base-ref 80c0e3e638b2f26dcb3a00353651fc3d2215dd65
Indexed 217 entries: Lean verified=65, Open=40, Partially resolved=70, Solution claimed=1, Solved=41

Exit status: 0

Command: /private/tmp/nla-python-env/bin/python tools/lean/projects.py --base-ref 80c0e3e638b2f26dcb3a00353651fc3d2215dd65
{"include":[{"id":"KE-03","project":"eigenvalues-and-inverse-problems/KE-03/lean"}]}

Exit status: 0

Command: git diff --check 80c0e3e638b2f26dcb3a00353651fc3d2215dd65...HEAD

Exit status: 0
