'NLA.IE06.PivotFiltration.pastMatrix' depends on axioms: [propext, Classical.choice, Quot.sound]
'NLA.IE06.PivotFiltration.column' depends on axioms: [propext, Classical.choice, Quot.sound]
'NLA.IE06.PivotFiltration.selectedRows' depends on axioms: [propext, Classical.choice, Quot.sound]
'NLA.IE06.PivotFiltration.firstPivotIndex_column_congr' depends on axioms: [propext, Classical.choice, Quot.sound]
'NLA.IE06.PivotFiltration.firstTrajectory_columns_congr' depends on axioms: [propext, Classical.choice, Quot.sound]
'NLA.IE06.PivotFiltration.firstPath_prefix_congr' depends on axioms: [propext, Classical.choice, Quot.sound]
'NLA.IE06.PivotFiltration.selectedRows_columns_congr' depends on axioms: [propext, Classical.choice, Quot.sound]
'NLA.IE06.PivotFiltration.selectedRows_pastMatrix' depends on axioms: [propext, Classical.choice, Quot.sound]
'NLA.IE06.PivotFiltration.measurable_pastMatrix' depends on axioms: [propext, Classical.choice, Quot.sound]
'NLA.IE06.PivotFiltration.measurable_column' depends on axioms: [propext, Classical.choice, Quot.sound]
'_private.NLA.IE06.PivotFiltration.0.NLA.IE06.PivotFiltration.measurable_selected_entry' depends on axioms: [propext,
 Classical.choice,
 Quot.sound]
'NLA.IE06.PivotFiltration.measurable_firstPivotIndex' depends on axioms: [propext, Classical.choice, Quot.sound]
'NLA.IE06.PivotFiltration.measurable_firstTrajectory' depends on axioms: [propext, Classical.choice, Quot.sound]
'NLA.IE06.PivotFiltration.measurable_firstPath' depends on axioms: [propext, Classical.choice, Quot.sound]
'_private.NLA.IE06.PivotFiltration.0.NLA.IE06.PivotFiltration.measurable_eliminationStep_fixed' depends on axioms: [propext,
 Classical.choice,
 Quot.sound]
'NLA.IE06.PivotFiltration.measurable_eliminationRows_fixed' depends on axioms: [propext, Classical.choice, Quot.sound]
'NLA.IE06.PivotFiltration.measurable_selectedRows' depends on axioms: [propext, Classical.choice, Quot.sound]
'NLA.IE06.PivotFiltration.gaussian_columns_map' depends on axioms: [propext, Classical.choice, Quot.sound]
'NLA.IE06.PivotFiltration.gaussian_column_map' depends on axioms: [propext, Classical.choice, Quot.sound]
'NLA.IE06.PivotFiltration.gaussian_columns_independent' depends on axioms: [propext, Classical.choice, Quot.sound]
'NLA.IE06.PivotFiltration.pastMatrix_independent_column' depends on axioms: [propext, Classical.choice, Quot.sound]
'NLA.IE06.PivotFiltration.selectedRows_independent_column' depends on axioms: [propext, Classical.choice, Quot.sound]
'NLA.IE06.PivotFiltration.selectedRows_column_joint_law' depends on axioms: [propext, Classical.choice, Quot.sound]
'NLA.IE06.PivotFiltration.futureColumns' depends on axioms: [propext, Classical.choice, Quot.sound]
'NLA.IE06.PivotFiltration.measurable_futureColumns' depends on axioms: [propext, Classical.choice, Quot.sound]
'NLA.IE06.PivotFiltration.gaussian_futureColumns_map' depends on axioms: [propext, Classical.choice, Quot.sound]
'NLA.IE06.PivotFiltration.pastMatrix_independent_futureColumns' depends on axioms: [propext,
 Classical.choice,
 Quot.sound]
'NLA.IE06.PivotFiltration.selectedRows_independent_futureColumns' depends on axioms: [propext,
 Classical.choice,
 Quot.sound]
'NLA.IE06.PivotFiltration.selectedRows_futureColumns_joint_law' depends on axioms: [propext,
 Classical.choice,
 Quot.sound]
