NLA/MI27/NegativeCountCongruence.lean:32:45: warning: this tactic is never executed

Note: This linter can be disabled with `set_option linter.unreachableTactic false`
NLA/MI27/NegativeCountCongruence.lean:32:45: warning: Unused tactic linter: `rfl` does nothing

Note: This linter can be disabled with `set_option linter.unusedTactic false`
NLA/MI27/NegativeCountCongruence.lean:88:10: warning: This simp argument is unused:
  Finset.sum_ite

Hint: Omit it from the simp argument list.
  [apply] simp

Note: This linter can be disabled with `set_option linter.unusedSimpArgs false`
NLA/MI27/NegativeCountCongruence.lean:98:2: warning: Try this: 
  letI̵

The goal is a proposition, so `let` is preferred over `letI`.
The difference between `let` and `letI` is that `letI` inlines the value.
But this is not relevant for proofs because of proof irrelevance.

Note: This linter can be disabled with `set_option linter.style.haveILetI false`
NLA/MI27/NegativeCountCongruence.lean:101:2: warning: Try this: 
  letI̵

The goal is a proposition, so `let` is preferred over `letI`.
The difference between `let` and `letI` is that `letI` inlines the value.
But this is not relevant for proofs because of proof irrelevance.

Note: This linter can be disabled with `set_option linter.style.haveILetI false`
'NLA.MI27.c11_hermitian_quadratic_spectral' depends on axioms: [propext, Classical.choice, Quot.sound]
'NLA.MI27.c11_negativeCount_congruence_le' depends on axioms: [propext, Classical.choice, Quot.sound]
'NLA.MI27.c11_negativeCount_congruence' depends on axioms: [propext, Classical.choice, Quot.sound]
