$ systemd-run --user --quiet --wait --pipe --collect -p 'RestrictAddressFamilies=~AF_UNIX' --working-directory /home/admin/nla-lean-tools/.verification-tmp/nla-fresh-proof-4u1qg29c/project /usr/bin/env -i PATH=/home/admin/.elan/toolchains/leanprover--lean4---v4.33.1/bin:/home/admin/.elan/bin:/home/admin/mf21-tools/go/bin:/usr/local/sbin:/usr/local/bin:/usr/sbin:/usr/bin:/sbin:/bin HOME=/home/admin LANG=C.UTF-8 XDG_RUNTIME_DIR=/run/user/1000 DBUS_SESSION_BUS_ADDRESS=unix:path=/run/user/1000/bus GIT_TERMINAL_PROMPT=0 GIT_CONFIG_NOSYSTEM=1 GIT_CONFIG_GLOBAL=/dev/null COMPARATOR_BIN=/home/admin/nla-lean-tools/.tools/comparator/.lake/build/bin/comparator COMPARATOR_LEAN4EXPORT=/home/admin/nla-lean-tools/.tools/lean4export/.lake/build/bin/lean4export COMPARATOR_LANDRUN=/home/admin/nla-lean-tools/scripts/strict_landrun.py XDG_CACHE_HOME=/home/admin/nla-lean-tools/.tools/cache TMPDIR=/home/admin/nla-lean-tools/.verification-tmp lake env /home/admin/nla-lean-tools/.tools/comparator/.lake/build/bin/comparator comparator.json
Building Challenge
✔ [3707/3740] Built NLA.IE21.Definitions (4.7s)
✔ [3708/3740] Built NLA.IE21.SphericalLaw (1.9s)
✔ [3709/3740] Built NLA.IE21.MatrixSemantics (2.1s)
✔ [3710/3740] Built NLA.IE21.GaussianTrimming (2.7s)
ℹ [3711/3740] Built NLA.IE21.SphereNet (2.8s)
info: NLA/IE21/SphereNet.lean:106:0: 'NLA.IE21.sphere_net' depends on axioms: [propext, Classical.choice, Quot.sound]
✔ [3712/3740] Built NLA.IE21.GaussianPolar (2.0s)
✔ [3713/3740] Built NLA.IE21.RowLaw (1.6s)
ℹ [3714/3740] Built NLA.IE21.AspectSchedule (2.5s)
info: NLA/IE21/AspectSchedule.lean:176:0: 'NLA.IE21.aspect_schedule' depends on axioms: [propext, Classical.choice, Quot.sound]
✔ [3715/3740] Built NLA.IE21.FiniteTrimming (2.3s)
✔ [3716/3740] Built NLA.IE21.BoundedConcentration (1.8s)
✔ [3717/3740] Built NLA.IE21.GaussianMoments (1.9s)
✔ [3718/3740] Built NLA.IE21.Chernoff (2.0s)
✔ [3719/3740] Built NLA.IE21.AsymptoticTail (1.2s)
✔ [3720/3740] Built NLA.IE21.RatioAlgebra (1.3s)
✔ [3721/3740] Built NLA.IE21.SphericalMoments (1.4s)
✔ [3722/3740] Built NLA.IE21.QuadraticNet (1.8s)
✔ [3723/3740] Built NLA.IE21.PopulationTrimming (5.5s)
✔ [3724/3740] Built NLA.IE21.PointwiseTrimmingSemantics (1.2s)
✔ [3725/3740] Built NLA.IE21.SphericalMGF (2.2s)
✔ [3726/3740] Built NLA.IE21.UniformTrimmingGeometry (2.8s)
✔ [3727/3740] Built NLA.IE21.CovarianceConcentration (1.9s)
✔ [3728/3740] Built NLA.IE21.QuantileTrimming (2.2s)
✔ [3729/3740] Built NLA.IE21.SphericalTrimming (2.1s)
✔ [3730/3740] Built NLA.IE21.FiniteSizeGeometry (1.2s)
✔ [3731/3740] Built NLA.IE21.UniformTrimmingBound (1.3s)
✔ [3732/3740] Built NLA.IE21.Covariance (1.2s)
✔ [3733/3740] Built NLA.IE21.EmpiricalTrimming (1.2s)
✔ [3734/3740] Built NLA.IE21.TrimmingConcentration (2.3s)
✔ [3735/3740] Built NLA.IE21.PointwiseTrimming (959ms)
✔ [3736/3740] Built NLA.IE21.UniformTrimming (922ms)
✔ [3737/3740] Built NLA.IE21.FiniteSize (946ms)
✔ [3738/3740] Built NLA.IE22.Definitions (916ms)
⚠ [3739/3740] Built Challenge (1.1s)
warning: Challenge.lean:16:8: declaration uses `sorry`
warning: Challenge.lean:25:8: declaration uses `sorry`
warning: Challenge.lean:31:8: declaration uses `sorry`
warning: Challenge.lean:39:8: declaration uses `sorry`
warning: Challenge.lean:46:8: declaration uses `sorry`
warning: Challenge.lean:54:8: declaration uses `sorry`
warning: Challenge.lean:60:8: declaration uses `sorry`
warning: Challenge.lean:66:8: declaration uses `sorry`
warning: Challenge.lean:74:8: declaration uses `sorry`
warning: Challenge.lean:78:8: declaration uses `sorry`
warning: Challenge.lean:84:8: declaration uses `sorry`
warning: Challenge.lean:93:8: declaration uses `sorry`
warning: Challenge.lean:99:8: declaration uses `sorry`
warning: Challenge.lean:106:8: declaration uses `sorry`
warning: Challenge.lean:117:8: declaration uses `sorry`
warning: Challenge.lean:125:8: declaration uses `sorry`
warning: Challenge.lean:131:8: declaration uses `sorry`
warning: Challenge.lean:140:8: declaration uses `sorry`
warning: Challenge.lean:149:8: declaration uses `sorry`
warning: Challenge.lean:156:8: declaration uses `sorry`
Build completed successfully (3740 jobs).
Exporting #[Quot, Quot.mk, Quot.lift, Quot.ind, NLA.IE22.supremum_semantics, NLA.IE22.constant_semantics, NLA.IE22.projection_semantics, NLA.IE22.spectral_projection, NLA.IE22.gaussian_objective_mean, NLA.IE22.gaussian_objective_variance, NLA.IE22.gaussian_energy_moments, NLA.IE22.bounded_trimming_threshold, NLA.IE22.threshold_lipschitz, NLA.IE22.threshold_grid, NLA.IE22.projection_good_event_bound, NLA.IE22.deterministic_finite_bound, NLA.IE22.supremum_finite_bound, NLA.IE22.deterministic_schedule, NLA.IE22.universal_squared_rate, NLA.IE22.uniform_upper_all_rows, NLA.IE22.spherical_realization_from_finite_bound, NLA.IE22.high_aspect_near_extremizers, NLA.IE22.high_aspect_supremum_limit, NLA.IE22.canonical_sharp_constant, propext, Classical.choice, Quot.sound, Nat.add, Nat.sub, Nat.mul, Nat.pow, Nat.gcd, Nat.div, Nat.mod, Nat.beq, Nat.ble, Nat.land, Nat.lor, Nat.xor, Nat.shiftLeft, Nat.shiftRight, String.ofList, Char.ofNat, List, eagerReduce, Nat, String, String.mk, Char, optParam, autoParam, semiOutParam, outParam] from Challenge
Building Solution
ℹ [3707/3745] Replayed NLA.IE21.SphereNet
info: NLA/IE21/SphereNet.lean:106:0: 'NLA.IE21.sphere_net' depends on axioms: [propext, Classical.choice, Quot.sound]
ℹ [3734/3745] Replayed NLA.IE21.AspectSchedule
info: NLA/IE21/AspectSchedule.lean:176:0: 'NLA.IE21.aspect_schedule' depends on axioms: [propext, Classical.choice, Quot.sound]
✔ [3738/3745] Built NLA.IE22.SupremumSemantics (2.2s)
✔ [3739/3745] Built NLA.IE22.GaussianMean (2.3s)
✔ [3740/3750] Built NLA.IE22.TrimmingThreshold (2.0s)
✔ [3741/3754] Built NLA.IE22.SphericalRealization (2.9s)
✔ [3742/3754] Built NLA.IE22.DeterministicSchedule (5.6s)
✔ [3744/3757] Built NLA.IE22.GaussianEnergy (3.4s)
✔ [3745/3757] Built NLA.IE22.GaussianPoincare (2.7s)
✔ [3747/3757] Built NLA.IE22.AsymptoticConclusion (1.0s)
✔ [3748/3757] Built NLA.IE22.GaussianPoincareHinge (1.9s)
✔ [3749/3757] Built NLA.IE22.SpectralProjection (2.8s)
✔ [3750/3757] Built LeanCert.Tactic.Verification (1.5s)
✔ [3751/3757] Built NLA.IE22.VarianceTensorization (4.9s)
✔ [3752/3757] Built NLA.IE22.GaussianVariance (1.5s)
✔ [3753/3757] Built NLA.IE22.ProjectionEvent (1.4s)
✔ [3754/3757] Built NLA.IE22.DeterministicBound (1.8s)
✔ [3755/3757] Built NLA.IE22.Final (922ms)
ℹ [3756/3757] Built Solution (1.0s)
info: Solution.lean:14:0: 'NLA.IE22.supremum_semantics' depends on axioms: [propext, Classical.choice, Quot.sound]
info: Solution.lean:16:0: 'NLA.IE22.constant_semantics' depends on axioms: [propext, Classical.choice, Quot.sound]
info: Solution.lean:18:0: 'NLA.IE22.projection_semantics' depends on axioms: [propext, Classical.choice, Quot.sound]
info: Solution.lean:20:0: 'NLA.IE22.spectral_projection' depends on axioms: [propext, Classical.choice, Quot.sound]
info: Solution.lean:22:0: 'NLA.IE22.gaussian_objective_mean' depends on axioms: [propext, Classical.choice, Quot.sound]
info: Solution.lean:24:0: 'NLA.IE22.gaussian_objective_variance' depends on axioms: [propext, Classical.choice, Quot.sound]
info: Solution.lean:26:0: 'NLA.IE22.gaussian_energy_moments' depends on axioms: [propext, Classical.choice, Quot.sound]
info: Solution.lean:28:0: 'NLA.IE22.bounded_trimming_threshold' depends on axioms: [propext, Classical.choice, Quot.sound]
info: Solution.lean:30:0: 'NLA.IE22.threshold_lipschitz' depends on axioms: [propext, Classical.choice, Quot.sound]
info: Solution.lean:32:0: 'NLA.IE22.threshold_grid' depends on axioms: [propext, Classical.choice, Quot.sound]
info: Solution.lean:34:0: 'NLA.IE22.projection_good_event_bound' depends on axioms: [propext, Classical.choice, Quot.sound]
info: Solution.lean:36:0: 'NLA.IE22.deterministic_finite_bound' depends on axioms: [propext, Classical.choice, Quot.sound]
info: Solution.lean:38:0: 'NLA.IE22.supremum_finite_bound' depends on axioms: [propext, Classical.choice, Quot.sound]
info: Solution.lean:40:0: 'NLA.IE22.deterministic_schedule' depends on axioms: [propext, Classical.choice, Quot.sound]
info: Solution.lean:42:0: 'NLA.IE22.universal_squared_rate' depends on axioms: [propext, Classical.choice, Quot.sound]
info: Solution.lean:44:0: 'NLA.IE22.uniform_upper_all_rows' depends on axioms: [propext, Classical.choice, Quot.sound]
info: Solution.lean:46:0: 'NLA.IE22.spherical_realization_from_finite_bound' depends on axioms: [propext, Classical.choice, Quot.sound]
info: Solution.lean:48:0: 'NLA.IE22.high_aspect_near_extremizers' depends on axioms: [propext, Classical.choice, Quot.sound]
info: Solution.lean:50:0: 'NLA.IE22.high_aspect_supremum_limit' depends on axioms: [propext, Classical.choice, Quot.sound]
info: Solution.lean:52:0: 'NLA.IE22.canonical_sharp_constant' depends on axioms: [propext, Classical.choice, Quot.sound]
Build completed successfully (3757 jobs).
Exporting #[Quot, Quot.mk, Quot.lift, Quot.ind, NLA.IE22.supremum_semantics, NLA.IE22.constant_semantics, NLA.IE22.projection_semantics, NLA.IE22.spectral_projection, NLA.IE22.gaussian_objective_mean, NLA.IE22.gaussian_objective_variance, NLA.IE22.gaussian_energy_moments, NLA.IE22.bounded_trimming_threshold, NLA.IE22.threshold_lipschitz, NLA.IE22.threshold_grid, NLA.IE22.projection_good_event_bound, NLA.IE22.deterministic_finite_bound, NLA.IE22.supremum_finite_bound, NLA.IE22.deterministic_schedule, NLA.IE22.universal_squared_rate, NLA.IE22.uniform_upper_all_rows, NLA.IE22.spherical_realization_from_finite_bound, NLA.IE22.high_aspect_near_extremizers, NLA.IE22.high_aspect_supremum_limit, NLA.IE22.canonical_sharp_constant, propext, Classical.choice, Quot.sound, Nat.add, Nat.sub, Nat.mul, Nat.pow, Nat.gcd, Nat.div, Nat.mod, Nat.beq, Nat.ble, Nat.land, Nat.lor, Nat.xor, Nat.shiftLeft, Nat.shiftRight, String.ofList, Char.ofNat, List, eagerReduce, Nat, String, String.mk, Char, optParam, autoParam, semiOutParam, outParam] from Solution
Running Lean default kernel on solution.
Lean default kernel accepts the solution
Your solution is okay!

EXIT_STATUS=0
