$ lake exe cache get
✔ [1/5] Built Cache.Cli (115ms)
✔ [2/5] Built Cache.Lean (133ms)
✔ [6/26] Built Cache.Cli:c.o (106ms)
✔ [7/26] Built Cache.Lean:c.o (114ms)
✔ [8/26] Built Cache.Infra (185ms)
✔ [9/26] Built Cache.Infra:c.o (68ms)
✔ [10/26] Built Batteries.Tactic.OpenPrivate (353ms)
✔ [11/26] Built Cache.IO (491ms)
✔ [12/26] Built Batteries.Tactic.OpenPrivate:c.o (464ms)
✔ [13/26] Built Cache.Hashing (273ms)
✔ [14/26] Built Cache.Hashing:c.o (169ms)
✔ [15/26] Built Cache.IO:c.o (597ms)
✔ [16/26] Built Cache.Requests (695ms)
✔ [17/26] Built Cache.Marker (199ms)
✔ [18/26] Built Cache.Marker:c.o (47ms)
✔ [19/26] Built Cache.Query (238ms)
✔ [20/26] Built Cache.Query:c.o (123ms)
✔ [21/26] Built Cache.Warning (235ms)
✔ [22/26] Built Cache.Warning:c.o (107ms)
✔ [23/26] Built Cache.Main (414ms)
✔ [24/26] Built Cache.Requests:c.o (1.1s)
✔ [25/26] Built Cache.Main:c.o (335ms)
✔ [26/26] Built cache:exe (509ms)
Current branch: HEAD
Using cache from origin: (some leanprover-community/mathlib4)
Decompressing 8689 already-cached file(s) (1 already decompressed)
No files to download
Decompressed 8689 already-cached file(s)
Completed successfully in 12184 ms!

EXIT_STATUS=0
