$ python3 /home/admin/nla-lean-tools/reproduction/checks/sandbox_probe_ci.py
START sandbox mode: build
START sandbox mode: export
START sandbox negative case: unknown option
START sandbox negative case: unexpected --rw
START sandbox negative case: unexpected --rwx
START sandbox negative case: relative --rwx
MODE build: exit=0
Running as unit: run-u2.service; invocation ID: b1cb6640e395424498dfc934c20d3c57
PASS outside .lake write-open: denied errno=30
PASS outside .lake truncate: denied errno=30
PASS outside .lake read-only truncate-open: denied errno=30
PASS symlink from .lake to outside write: denied errno=30
PASS outside .lake creation: denied errno=30
PASS build .lake write: allowed
PASS user namespace: private
PASS pid namespace: private
PASS mnt namespace: private
PASS net namespace: private
PASS ipc namespace: private
PASS uts namespace: private
PASS host parent: absent from private /proc
PASS host parent signal lookup: denied errno=3
PASS host loopback listener: unreachable errno=13
PASS AF_UNIX socket creation: denied errno=97
PASS effective capabilities: none
PASS no_new_privs: set
Sandbox UID: 1000
PASS nested namespace write attempt: rejected exit=1
bwrap: setting up uid map: Permission denied
Finished with result: success
Main processes terminated with: code=exited/status=0
Service runtime: 28ms
CPU time consumed: 28ms
Memory peak: 256.0K
Memory swap peak: 0B

MODE export: exit=0
Running as unit: run-u3.service; invocation ID: 602f9039458341339c4c5e615ab30b9e
PASS outside .lake write-open: denied errno=30
PASS outside .lake truncate: denied errno=30
PASS outside .lake read-only truncate-open: denied errno=30
PASS symlink from .lake to outside write: denied errno=30
PASS outside .lake creation: denied errno=30
PASS export .lake write-open: denied errno=30
PASS export .lake truncate: denied errno=30
PASS user namespace: private
PASS pid namespace: private
PASS mnt namespace: private
PASS net namespace: private
PASS ipc namespace: private
PASS uts namespace: private
PASS host parent: absent from private /proc
PASS host parent signal lookup: denied errno=3
PASS host loopback listener: unreachable errno=13
PASS AF_UNIX socket creation: denied errno=97
PASS effective capabilities: none
PASS no_new_privs: set
Sandbox UID: 1000
PASS nested namespace write attempt: rejected exit=1
bwrap: setting up uid map: Permission denied
Finished with result: success
Main processes terminated with: code=exited/status=0
Service runtime: 27ms
CPU time consumed: 28ms
Memory peak: 260.0K
Memory swap peak: 0B

NEGATIVE unknown option: exit=2
Running as unit: run-u4.service; invocation ID: 4baaaf0805584f9ebcd83f31e3dde48e
strict Comparator sandbox: unsupported Comparator Landrun option: --unrestricted-filesystem
Finished with result: exit-code
Main processes terminated with: code=exited/status=2
Service runtime: 10ms
CPU time consumed: 10ms
Memory peak: 256.0K
Memory swap peak: 0B

NEGATIVE unexpected --rw: exit=2
Running as unit: run-u5.service; invocation ID: d6370bea237e4807b36a4f032242cd7c
strict Comparator sandbox: only private /dev may be passed with --rw
Finished with result: exit-code
Main processes terminated with: code=exited/status=2
Service runtime: 10ms
CPU time consumed: 10ms
Memory peak: 256.0K
Memory swap peak: 0B

NEGATIVE unexpected --rwx: exit=2
Running as unit: run-u6.service; invocation ID: e6f278ea889347eaa392229f8c762f1b
strict Comparator sandbox: only this project's existing .lake may be writable
Finished with result: exit-code
Main processes terminated with: code=exited/status=2
Service runtime: 11ms
CPU time consumed: 11ms
Memory peak: 512.0K
Memory swap peak: 0B

NEGATIVE relative --rwx: exit=2
Running as unit: run-u7.service; invocation ID: 4ee366a67f0040009b7d6e20413cc47b
strict Comparator sandbox: only this project's existing .lake may be writable
Finished with result: exit-code
Main processes terminated with: code=exited/status=2
Service runtime: 11ms
CPU time consumed: 11ms
Memory peak: 256.0K
Memory swap peak: 0B

Outer and export fixture contents unchanged; only designated build fixture written.

EXIT_STATUS=0
