Definitions

GaussianNull
'NLA.IE06.GaussianNull.polynomial_ne_zero_ae' depends on axioms: [propext, Classical.choice, Quot.sound]
'NLA.IE06.GaussianNull.gaussian_minor_det_ne_zero' depends on axioms: [propext, Classical.choice, Quot.sound]
'NLA.IE06.gaussianMatrix_singular_null_proved' depends on axioms: [propext, Classical.choice, Quot.sound]

GaussianQuadratic
'NLA.IE06.GaussianQuadratic.scalar_quadratic_mgf' depends on axioms: [propext, Classical.choice, Quot.sound]
'NLA.IE06.GaussianQuadratic.weighted_quadratic_mgf' depends on axioms: [propext, Classical.choice, Quot.sound]
'NLA.IE06.GaussianQuadratic.scalar_mgf_bound' depends on axioms: [propext, Classical.choice, Quot.sound]
'NLA.IE06.GaussianQuadratic.weighted_mgf_bound' depends on axioms: [propext, Classical.choice, Quot.sound]
'NLA.IE06.GaussianQuadratic.weighted_square_tail' depends on axioms: [propext, Classical.choice, Quot.sound]

GaussianFrobenius
'NLA.IE06.GaussianFrobenius.centered_gaussian_frobenius_tail' depends on axioms: [propext, Classical.choice, Quot.sound]

GaussianSmallest
'NLA.IE06.GaussianSmallest.stdGaussian_density' depends on axioms: [propext, Classical.choice, Quot.sound]
'NLA.IE06.GaussianSmallest.gaussian_norm_moment' depends on axioms: [propext, Classical.choice, Quot.sound]
'NLA.IE06.GaussianSmallest.gaussian_inverse_norm_moment' depends on axioms: [propext, Classical.choice, Quot.sound]
'NLA.IE06.GaussianSmallest.gaussian_sumSquares_moment' depends on axioms: [propext, Classical.choice, Quot.sound]
'NLA.IE06.GaussianSmallest.gaussian_inverse_sumSquares_moment' depends on axioms: [propext,
 Classical.choice,
 Quot.sound]

GaussianRegression
'NLA.IE06.GaussianRegression.gram_posDef_ae' depends on axioms: [propext, Classical.choice, Quot.sound]
'NLA.IE06.GaussianRegression.rotateColumns_measurePreserving' depends on axioms: [propext, Classical.choice, Quot.sound]
'NLA.IE06.GaussianRegression.inverse_gram_first_diagonal' depends on axioms: [propext, Classical.choice, Quot.sound]
'NLA.IE06.GaussianRegression.projected_inverse_norm_moment' depends on axioms: [propext, Classical.choice, Quot.sound]
'NLA.IE06.GaussianRegression.residual_inverse_norm_moment' depends on axioms: [propext, Classical.choice, Quot.sound]
'NLA.IE06.GaussianRegression.inverse_gram_first_moment' depends on axioms: [propext, Classical.choice, Quot.sound]
'NLA.IE06.GaussianRegression.directionalQuadratic_rotateColumns' depends on axioms: [propext,
 Classical.choice,
 Quot.sound]
'NLA.IE06.GaussianRegression.directional_inverse_gram_moment' depends on axioms: [propext, Classical.choice, Quot.sound]

Spectral
'NLA.IE06.Spectral.euclideanMap' depends on axioms: [propext, Classical.choice, Quot.sound]
'NLA.IE06.Spectral.opNorm' depends on axioms: [propext, Classical.choice, Quot.sound]
'NLA.IE06.Spectral.singularValue' depends on axioms: [propext, Classical.choice, Quot.sound]
'NLA.IE06.Spectral.pinv' depends on axioms: [propext, Classical.choice, Quot.sound]
'NLA.IE06.Spectral.opNorm_eq_l2' depends on axioms: [propext, Classical.choice, Quot.sound]
'NLA.IE06.Spectral.opNorm_nonneg' depends on axioms: [propext, Classical.choice, Quot.sound]
'NLA.IE06.Spectral.singularValue_nonneg' depends on axioms: [propext, Classical.choice, Quot.sound]
'NLA.IE06.Spectral.singularValue_antitone' depends on axioms: [propext, Classical.choice, Quot.sound]
'NLA.IE06.Spectral.singularValue_pos_iff' depends on axioms: [propext, Classical.choice, Quot.sound]
'NLA.IE06.Spectral.singularValue_eq_zero_iff' depends on axioms: [propext, Classical.choice, Quot.sound]
'NLA.IE06.Spectral.pinv_spectral_formula' depends on axioms: [propext, Classical.choice, Quot.sound]
'NLA.IE06.Spectral.pinv_eq_gram_inverse' depends on axioms: [propext, Classical.choice, Quot.sound]
'NLA.IE06.Spectral.mul_pinv_eq_one' depends on axioms: [propext, Classical.choice, Quot.sound]
'NLA.IE06.Spectral.pinv_gram' depends on axioms: [propext, Classical.choice, Quot.sound]
'NLA.IE06.Spectral.opNorm_pinv_sq_eq_gram_inverse' depends on axioms: [propext, Classical.choice, Quot.sound]
'NLA.IE06.Spectral.pinv_eq_gram_inverse_of_posDef' depends on axioms: [propext, Classical.choice, Quot.sound]
'NLA.IE06.Spectral.opNorm_pinv_sq_eq_gram_inverse_of_posDef' depends on axioms: [propext, Classical.choice, Quot.sound]
'NLA.IE06.Spectral.gram_posDef_of_surjective' depends on axioms: [propext, Classical.choice, Quot.sound]

GaussianOvercrowdingScalars
'NLA.IE06.GaussianOvercrowdingScalars.dimensions' depends on axioms: [propext, Classical.choice, Quot.sound]
'NLA.IE06.GaussianOvercrowdingScalars.exponent_bound' depends on axioms: [propext, Classical.choice, Quot.sound]
'NLA.IE06.GaussianOvercrowdingScalars.factorial_inverse_le' depends on axioms: [propext, Classical.choice, Quot.sound]
'NLA.IE06.GaussianOvercrowdingScalars.choose_le_exp_bound' depends on axioms: [propext, Classical.choice, Quot.sound]
'NLA.IE06.GaussianOvercrowdingScalars.factorial_le_moment_denominator' depends on axioms: [propext,
 Classical.choice,
 Quot.sound]
'NLA.IE06.GaussianOvercrowdingScalars.inverse_moment_denominator_le' depends on axioms: [propext,
 Classical.choice,
 Quot.sound]
'NLA.IE06.GaussianOvercrowdingScalars.scalar_threshold' depends on axioms: [propext, Classical.choice, Quot.sound]
'NLA.IE06.GaussianOvercrowdingScalars.moment_union_scalar' depends on axioms: [propext, Classical.choice, Quot.sound]
'NLA.IE06.GaussianOvercrowdingScalars.overcrowding_scalar' depends on axioms: [propext, Classical.choice, Quot.sound]

GaussianOperatorInverse
'NLA.IE06.GaussianOperatorInverse.inverse_gram_opNorm_moment' depends on axioms: [propext, Classical.choice, Quot.sound]
'NLA.IE06.GaussianOperatorInverse.gaussian_pinv_tail' depends on axioms: [propext, Classical.choice, Quot.sound]
