IE22 author local cached development build only; unchanged verified IE21 source hashes checked. No authoritative Linux verification claim.
COMMAND ["/private/tmp/nla-campaign-toolchain/lean-4.33.1-darwin_aarch64/bin/lean", "-o", "/private/tmp/nla-ie22-threshold-mean-author-build/NLA/IE22/GaussianEnergy.olean", "NLA/IE22/GaussianEnergy.lean"]
EXIT 0
COMMAND ["/private/tmp/nla-campaign-toolchain/lean-4.33.1-darwin_aarch64/bin/lean", "-o", "/private/tmp/nla-ie22-threshold-mean-author-build/reviews/gaussian-energy-author-evidence/ExactTypeAndAxioms.olean", "reviews/gaussian-energy-author-evidence/ExactTypeAndAxioms.lean"]
'NLA.IE22.gaussian_inner_pow_integrable' depends on axioms: [propext, Classical.choice, Quot.sound]
'NLA.IE22.gaussian_inner_even_moment_general' depends on axioms: [propext, Classical.choice, Quot.sound]
'NLA.IE22.gaussian_inner_sq_mean' depends on axioms: [propext, Classical.choice, Quot.sound]
'NLA.IE22.gaussian_inner_fourth_mean' depends on axioms: [propext, Classical.choice, Quot.sound]
'NLA.IE22.gaussian_inner_sq_mul_sq_integrable' depends on axioms: [propext, Classical.choice, Quot.sound]
'NLA.IE22.gaussian_inner_cross_fourth' depends on axioms: [propext, Classical.choice, Quot.sound]
'NLA.IE22.gram_trace_eq_row_sum' depends on axioms: [propext, Classical.choice, Quot.sound]
'NLA.IE22.row_gram_eq_inner' depends on axioms: [propext, Classical.choice, Quot.sound]
'NLA.IE22.gram_sq_trace_eq_row_inner_sum' depends on axioms: [propext, Classical.choice, Quot.sound]
'NLA.IE22.projectedEnergy_eq_row_sum' depends on axioms: [propext, Classical.choice, Quot.sound]
'NLA.IE22.gaussian_projectedEnergy_memLp' depends on axioms: [propext, Classical.choice, Quot.sound]
'NLA.IE22.gaussian_projectedEnergy_mean' depends on axioms: [propext, Classical.choice, Quot.sound]
'NLA.IE22.gaussian_projectedEnergy_second_moment' depends on axioms: [propext, Classical.choice, Quot.sound]
'NLA.IE22.gaussian_energy_moments' depends on axioms: [propext, Classical.choice, Quot.sound]
'NLA.IE22.gram_trace_nonneg' depends on axioms: [propext, Classical.choice, Quot.sound]
'NLA.IE22.gram_trace_le_rows' depends on axioms: [propext, Classical.choice, Quot.sound]
'NLA.IE22.gaussian_projectedEnergy_mean_le_one' depends on axioms: [propext, Classical.choice, Quot.sound]
EXIT 0
