Author development-only macOS typecheck; cached dependencies, no kernel/Comparator completion claim.
Lean (version 4.33.1, arm64-apple-darwin24.6.0, commit 819816b2e0a3bf405af45ae5c7af2491d8f5bee6, Release)
COMMAND: /private/tmp/nla-campaign-toolchain/lean-4.33.1-darwin_aarch64/bin/lean -o /private/tmp/nla-ie21-spherical-author-build/NLA/IE21/SphericalMGF.olean NLA/IE21/SphericalMGF.lean
Try this:
  [apply] ring_nf
  
  The `ring` tactic failed to close the goal. Use `ring_nf` to obtain a normal form.
    
  Note that `ring` works primarily in *commutative* rings. If you have a noncommutative ring, abelian group or module, consider using `noncomm_ring`, `abel` or `module` instead.
NLA/IE21/SphericalMGF.lean:110:79: error: unsolved goals
n : ℕ
hn : 1 ≤ n
x : Space n
hx : ‖x‖ = 1
a : ℝ
r : ℕ
hfact : ↑r.factorial ≠ 0
u : Space n
⊢ |a ^ r| * |(-1 + directionalEnergy x u) ^ r| * (↑r.factorial)⁻¹ =
    (↑r.factorial)⁻¹ * |a| ^ r * |-1 + directionalEnergy x u| ^ r
NLA/IE21/SphericalMGF.lean:123:54: error: No goals to be solved
NLA/IE21/SphericalMGF.lean:111:25: warning: This simp argument is unused:
  norm_pow

Hint: Omit it from the simp argument list.
  [apply] simp only [norm_div, Real.norm_eq_abs, abs_mul, Nat.abs_cast, mul_pow]

Note: This linter can be disabled with `set_option linter.unusedSimpArgs false`
EXIT: 1
