$ systemd-run --user --quiet --wait --pipe --collect -p 'RestrictAddressFamilies=~AF_UNIX' --working-directory /home/runner/work/_temp/nla-lean-tools/.verification-tmp/nla-fresh-proof-d474muno/project /usr/bin/env -i PATH=/home/runner/.elan/toolchains/leanprover--lean4---v4.33.1/bin:/home/runner/.elan/bin:/home/runner/go/bin:/opt/hostedtoolcache/go/1.27.1/x64/bin:/snap/bin:/home/runner/.local/bin:/opt/pipx_bin:/home/runner/.cargo/bin:/home/runner/.config/composer/vendor/bin:/usr/local/.ghcup/bin:/home/runner/.dotnet/tools:/usr/local/sbin:/usr/local/bin:/usr/sbin:/usr/bin:/sbin:/bin:/usr/games:/usr/local/games:/snap/bin HOME=/home/runner LANG=C.UTF-8 XDG_RUNTIME_DIR=/run/user/1001 DBUS_SESSION_BUS_ADDRESS=unix:path=/run/user/1001/bus GIT_TERMINAL_PROMPT=0 GIT_CONFIG_NOSYSTEM=1 GIT_CONFIG_GLOBAL=/dev/null COMPARATOR_BIN=/home/runner/work/_temp/nla-lean-tools/.tools/comparator/.lake/build/bin/comparator COMPARATOR_LEAN4EXPORT=/home/runner/work/_temp/nla-lean-tools/.tools/lean4export/.lake/build/bin/lean4export COMPARATOR_LANDRUN=/home/runner/work/_temp/nla-lean-tools/scripts/strict_landrun.py XDG_CACHE_HOME=/home/runner/work/_temp/nla-lean-tools/.tools/cache TMPDIR=/home/runner/work/_temp/nla-lean-tools/.verification-tmp lake env /home/runner/work/_temp/nla-lean-tools/.tools/comparator/.lake/build/bin/comparator comparator.json
Building Challenge
✔ [2722/2724] Built NLA.MF24.Definitions (2.2s)
⚠ [2723/2724] Built Challenge (2.2s)
warning: Challenge.lean:26:8: declaration uses `sorry`
warning: Challenge.lean:34:8: declaration uses `sorry`
warning: Challenge.lean:44:8: declaration uses `sorry`
warning: Challenge.lean:51:8: declaration uses `sorry`
warning: Challenge.lean:61:8: declaration uses `sorry`
warning: Challenge.lean:70:8: declaration uses `sorry`
warning: Challenge.lean:81:8: declaration uses `sorry`
warning: Challenge.lean:93:8: declaration uses `sorry`
warning: Challenge.lean:100:8: declaration uses `sorry`
warning: Challenge.lean:109:8: declaration uses `sorry`
warning: Challenge.lean:117:8: declaration uses `sorry`
warning: Challenge.lean:123:8: declaration uses `sorry`
warning: Challenge.lean:130:8: declaration uses `sorry`
warning: Challenge.lean:139:8: declaration uses `sorry`
warning: Challenge.lean:147:8: declaration uses `sorry`
warning: Challenge.lean:156:8: declaration uses `sorry`
warning: Challenge.lean:166:8: declaration uses `sorry`
warning: Challenge.lean:175:8: declaration uses `sorry`
warning: Challenge.lean:182:8: declaration uses `sorry`
warning: Challenge.lean:191:8: declaration uses `sorry`
warning: Challenge.lean:198:8: declaration uses `sorry`
warning: Challenge.lean:207:8: declaration uses `sorry`
Build completed successfully (2724 jobs).
Exporting #[Quot, Quot.mk, Quot.lift, Quot.ind, NLA.MF24.family_dimensions, NLA.MF24.source_words_eq_height_shifts, NLA.MF24.height_shift_powers, NLA.MF24.family_nilpotent_nonnegative, NLA.MF24.polynomial_degree_evaluation, NLA.MF24.polynomial_entries, NLA.MF24.gram_continuant, NLA.MF24.gram_transfer, NLA.MF24.transfer_bridge, NLA.MF24.family_gram_charpoly, NLA.MF24.gram_singular_bridge, NLA.MF24.family_super_identical, NLA.MF24.first_row_and_nonzero, NLA.MF24.polynomial_numerator_bound, NLA.MF24.residue_geometry, NLA.MF24.residue_weight_bounds, NLA.MF24.polynomial_denominator_energy, NLA.MF24.polynomial_denominator_bound, NLA.MF24.polynomial_norm_ratio, NLA.MF24.finite_rational_family_ratio, NLA.MF24.arbitrarily_large_ratios, NLA.MF24.no_uniform_comparison, propext, Classical.choice, Quot.sound, Nat.add, Nat.sub, Nat.mul, Nat.pow, Nat.gcd, Nat.div, Nat.mod, Nat.beq, Nat.ble, Nat.land, Nat.lor, Nat.xor, Nat.shiftLeft, Nat.shiftRight, String.ofList, Char.ofNat, List, eagerReduce, Nat, String, String.mk, Char, optParam, autoParam, semiOutParam, outParam] from Challenge
Building Solution
✔ [3251/3273] Built LeanCert.Tactic.Verification (4.2s)
⚠ [3252/3273] Built NLA.MF24.GramEntries (4.5s)
warning: NLA/MF24/GramEntries.lean:29:32: This simp argument is unused:
  Matrix.one_apply

Hint: Omit it from the simp argument list.
  [apply] simp [scalarShift, wordShift, hi]

Note: This linter can be disabled with `set_option linter.unusedSimpArgs false`
warning: NLA/MF24/GramEntries.lean:29:50: This simp argument is unused:
  hi

Hint: Omit it from the simp argument list.
  [apply] simp [scalarShift, wordShift, Matrix.one_apply]

Note: This linter can be disabled with `set_option linter.unusedSimpArgs false`
warning: NLA/MF24/GramEntries.lean:34:32: This simp argument is unused:
  Matrix.one_apply

Hint: Omit it from the simp argument list.
  [apply] simp [scalarShift, wordShift, hij, hstep]

Note: This linter can be disabled with `set_option linter.unusedSimpArgs false`
warning: NLA/MF24/GramEntries.lean:65:32: This simp argument is unused:
  Matrix.one_apply

Hint: Omit it from the simp argument list.
  [apply] simp [scalarShift, wordShift]

Note: This linter can be disabled with `set_option linter.unusedSimpArgs false`
warning: NLA/MF24/GramEntries.lean:78:46: This simp argument is unused:
  Matrix.one_apply

Hint: Omit it from the simp argument list.
  [apply] simp [gramPencil, gram, Matrix.mul_apply, hij]

Note: This linter can be disabled with `set_option linter.unusedSimpArgs false`
warning: NLA/MF24/GramEntries.lean:139:8: This simp argument is unused:
  Fin.sum_univ_one

Hint: Omit it from the simp argument list.
  [apply] simp [shiftedWord_diag, shiftRadiusSq, Complex.normSq_eq_conj_mul_self]

Note: This linter can be disabled with `set_option linter.unusedSimpArgs false`
✔ [3253/3273] Built NLA.MF24.Continuant (4.6s)
⚠ [3254/3273] Built NLA.MF24.Powers (5.7s)
warning: NLA/MF24/Powers.lean:53:33: Unused tactic linter: `ring` does nothing

Note: This linter can be disabled with `set_option linter.unusedTactic false`
warning: NLA/MF24/Powers.lean:53:33: this tactic is never executed

Note: This linter can be disabled with `set_option linter.unreachableTactic false`
info: NLA/MF24/Powers.lean:82:0: 'NLA.MF24.height_shift_powers' depends on axioms: [propext, Classical.choice, Quot.sound]
⚠ [3255/3273] Built NLA.MF24.Bridge (5.5s)
warning: NLA/MF24/Bridge.lean:30:21: Used `tac1 <;> tac2` where `(tac1; tac2)` would suffice

Note: This linter can be disabled with `set_option linter.unnecessarySeqFocus false`
info: NLA/MF24/Bridge.lean:73:0: 'NLA.MF24.transfer_bridge' depends on axioms: [propext, Classical.choice, Quot.sound]
ℹ [3256/3273] Built NLA.MF24.SpectralBridge (6.2s)
info: NLA/MF24/SpectralBridge.lean:68:0: 'NLA.MF24.gram_singular_bridge' depends on axioms: [propext, Classical.choice, Quot.sound]
ℹ [3257/3273] Built NLA.MF24.Dimensions (6.0s)
info: NLA/MF24/Dimensions.lean:66:0: 'NLA.MF24.family_dimensions' depends on axioms: [propext, Classical.choice, Quot.sound]
ℹ [3258/3273] Built NLA.MF24.GramContinuant (3.9s)
info: NLA/MF24/GramContinuant.lean:71:0: 'NLA.MF24.gram_continuant' depends on axioms: [propext, Classical.choice, Quot.sound]
ℹ [3259/3273] Built NLA.MF24.FamilyTransfer (4.3s)
info: NLA/MF24/FamilyTransfer.lean:67:0: 'NLA.MF24.family_transfer_value_eq' depends on axioms: [propext, Classical.choice, Quot.sound]
⚠ [3260/3273] Built NLA.MF24.NormBasics (4.7s)
warning: NLA/MF24/NormBasics.lean:39:10: This simp argument is unused:
  Matrix.mulVec_single_one

Hint: Omit it from the simp argument list.
  [apply] simp [Matrix.conjTranspose_apply]

Note: This linter can be disabled with `set_option linter.unusedSimpArgs false`
⚠ [3261/3273] Built NLA.MF24.Polynomial (5.3s)
warning: NLA/MF24/Polynomial.lean:66:36: Variable name `hm` is not explicitly referenced.

Hint: The binding can be removed (if unused) or named `_` (if used implicitly). Alternatively, prefix the name with `_` to silence this warning:
  [apply] _hm

Note: This linter can be disabled with `set_option linter.unusedVariables false`
info: NLA/MF24/Polynomial.lean:116:0: 'NLA.MF24.polynomial_degree_evaluation' depends on axioms: [propext, Classical.choice, Quot.sound]
info: NLA/MF24/Polynomial.lean:117:0: 'NLA.MF24.polynomial_entries' depends on axioms: [propext, Classical.choice, Quot.sound]
✔ [3262/3273] Built NLA.MF24.Words (3.9s)
ℹ [3263/3273] Built NLA.MF24.Transfer (3.1s)
info: NLA/MF24/Transfer.lean:64:0: 'NLA.MF24.gram_transfer' depends on axioms: [propext, Classical.choice, Quot.sound]
⚠ [3264/3273] Built NLA.MF24.FamilySpectrum (2.9s)
warning: NLA/MF24/FamilySpectrum.lean:31:33: This simp argument is unused:
  Matrix.diagonal_apply

Hint: Omit it from the simp argument list.
  [apply] simp [Matrix.scalar_apply, Matrix.one_apply, hij]

Note: This linter can be disabled with `set_option linter.unusedSimpArgs false`
warning: NLA/MF24/FamilySpectrum.lean:31:56: This simp argument is unused:
  Matrix.one_apply

Hint: Omit it from the simp argument list.
  [apply] simp [Matrix.scalar_apply, Matrix.diagonal_apply, hij]

Note: This linter can be disabled with `set_option linter.unusedSimpArgs false`
warning: NLA/MF24/FamilySpectrum.lean:53:13: Variable name `ht` is not explicitly referenced.

Hint: The binding can be removed (if unused) or named `_` (if used implicitly). Alternatively, prefix the name with `_` to silence this warning:
  [apply] _ht

Note: This linter can be disabled with `set_option linter.unusedVariables false`
info: NLA/MF24/FamilySpectrum.lean:67:0: 'NLA.MF24.family_gram_charpoly' depends on axioms: [propext, Classical.choice, Quot.sound]
info: NLA/MF24/FamilySpectrum.lean:68:0: 'NLA.MF24.family_super_identical' depends on axioms: [propext, Classical.choice, Quot.sound]
⚠ [3265/3273] Built NLA.MF24.Heights (3.5s)
warning: NLA/MF24/Heights.lean:86:35: Unused tactic linter: `ring` does nothing

Note: This linter can be disabled with `set_option linter.unusedTactic false`
warning: NLA/MF24/Heights.lean:86:35: this tactic is never executed

Note: This linter can be disabled with `set_option linter.unreachableTactic false`
info: NLA/MF24/Heights.lean:174:0: 'NLA.MF24.source_words_eq_height_shifts' depends on axioms: [propext, Classical.choice, Quot.sound]
info: NLA/MF24/Heights.lean:175:0: 'NLA.MF24.family_nilpotent_nonnegative' depends on axioms: [propext, Classical.choice, Quot.sound]
⚠ [3266/3273] Built NLA.MF24.Geometry (3.3s)
warning: NLA/MF24/Geometry.lean:136:34: Variable name `hm` is not explicitly referenced.

Hint: The binding can be removed (if unused) or named `_` (if used implicitly). Alternatively, prefix the name with `_` to silence this warning:
  [apply] _hm

Note: This linter can be disabled with `set_option linter.unusedVariables false`
info: NLA/MF24/Geometry.lean:162:0: 'NLA.MF24.residue_geometry' depends on axioms: [propext, Classical.choice, Quot.sound]
⚠ [3267/3273] Built NLA.MF24.Numerator (3.4s)
warning: NLA/MF24/Numerator.lean:108:8: This simp argument is unused:
  abs_of_nonneg (sq_nonneg t)

Hint: Omit it from the simp argument list.
  [apply] simp [hs2, hh.2.2.1, Complex.norm_real, Real.norm_eq_abs, ← pow_mul]

Note: This linter can be disabled with `set_option linter.unusedSimpArgs false`
info: NLA/MF24/Numerator.lean:153:0: 'NLA.MF24.first_row_and_nonzero' depends on axioms: [propext, Classical.choice, Quot.sound]
info: NLA/MF24/Numerator.lean:154:0: 'NLA.MF24.polynomial_numerator_bound' depends on axioms: [propext, Classical.choice, Quot.sound]
ℹ [3268/3273] Built NLA.MF24.Weights (3.5s)
info: NLA/MF24/Weights.lean:98:0: 'NLA.MF24.residue_weight_bounds' depends on axioms: [propext, Classical.choice, Quot.sound]
⚠ [3269/3273] Built NLA.MF24.Energy (3.7s)
warning: NLA/MF24/Energy.lean:97:21: This simp argument is unused:
  norm_mul

Hint: Omit it from the simp argument list.
  [apply] simp [hsmod]

Note: This linter can be disabled with `set_option linter.unusedSimpArgs false`
warning: NLA/MF24/Energy.lean:131:68: Unused tactic linter: `ring` does nothing

Note: This linter can be disabled with `set_option linter.unusedTactic false`
warning: NLA/MF24/Energy.lean:131:68: this tactic is never executed

Note: This linter can be disabled with `set_option linter.unreachableTactic false`
info: NLA/MF24/Energy.lean:173:0: 'NLA.MF24.polynomial_denominator_energy' depends on axioms: [propext, Classical.choice, Quot.sound]
info: NLA/MF24/Energy.lean:174:0: 'NLA.MF24.polynomial_denominator_bound' depends on axioms: [propext, Classical.choice, Quot.sound]
⚠ [3270/3273] Built NLA.MF24.Ratios (2.9s)
warning: NLA/MF24/Ratios.lean:32:68: Unused tactic linter: `ring` does nothing

Note: This linter can be disabled with `set_option linter.unusedTactic false`
warning: NLA/MF24/Ratios.lean:32:68: this tactic is never executed

Note: This linter can be disabled with `set_option linter.unreachableTactic false`
info: NLA/MF24/Ratios.lean:83:0: 'NLA.MF24.polynomial_norm_ratio' depends on axioms: [propext, Classical.choice, Quot.sound]
info: NLA/MF24/Ratios.lean:84:0: 'NLA.MF24.finite_rational_family_ratio' depends on axioms: [propext, Classical.choice, Quot.sound]
ℹ [3271/3273] Built NLA.MF24.Unbounded (2.4s)
info: NLA/MF24/Unbounded.lean:39:0: 'NLA.MF24.arbitrarily_large_ratios' depends on axioms: [propext, Classical.choice, Quot.sound]
info: NLA/MF24/Unbounded.lean:40:0: 'NLA.MF24.no_uniform_comparison' depends on axioms: [propext, Classical.choice, Quot.sound]
ℹ [3272/3273] Built Solution (2.3s)
info: Solution.lean:42:0: 'NLA.MF24.family_dimensions' depends on axioms: [propext, Classical.choice, Quot.sound]
info: Solution.lean:43:0: 'NLA.MF24.source_words_eq_height_shifts' depends on axioms: [propext, Classical.choice, Quot.sound]
info: Solution.lean:44:0: 'NLA.MF24.height_shift_powers' depends on axioms: [propext, Classical.choice, Quot.sound]
info: Solution.lean:45:0: 'NLA.MF24.family_nilpotent_nonnegative' depends on axioms: [propext, Classical.choice, Quot.sound]
info: Solution.lean:46:0: 'NLA.MF24.polynomial_degree_evaluation' depends on axioms: [propext, Classical.choice, Quot.sound]
info: Solution.lean:47:0: 'NLA.MF24.polynomial_entries' depends on axioms: [propext, Classical.choice, Quot.sound]
info: Solution.lean:48:0: 'NLA.MF24.gram_continuant' depends on axioms: [propext, Classical.choice, Quot.sound]
info: Solution.lean:49:0: 'NLA.MF24.gram_transfer' depends on axioms: [propext, Classical.choice, Quot.sound]
info: Solution.lean:50:0: 'NLA.MF24.transfer_bridge' depends on axioms: [propext, Classical.choice, Quot.sound]
info: Solution.lean:51:0: 'NLA.MF24.family_gram_charpoly' depends on axioms: [propext, Classical.choice, Quot.sound]
info: Solution.lean:52:0: 'NLA.MF24.gram_singular_bridge' depends on axioms: [propext, Classical.choice, Quot.sound]
info: Solution.lean:53:0: 'NLA.MF24.family_super_identical' depends on axioms: [propext, Classical.choice, Quot.sound]
info: Solution.lean:54:0: 'NLA.MF24.first_row_and_nonzero' depends on axioms: [propext, Classical.choice, Quot.sound]
info: Solution.lean:55:0: 'NLA.MF24.polynomial_numerator_bound' depends on axioms: [propext, Classical.choice, Quot.sound]
info: Solution.lean:56:0: 'NLA.MF24.residue_geometry' depends on axioms: [propext, Classical.choice, Quot.sound]
info: Solution.lean:57:0: 'NLA.MF24.residue_weight_bounds' depends on axioms: [propext, Classical.choice, Quot.sound]
info: Solution.lean:58:0: 'NLA.MF24.polynomial_denominator_energy' depends on axioms: [propext, Classical.choice, Quot.sound]
info: Solution.lean:59:0: 'NLA.MF24.polynomial_denominator_bound' depends on axioms: [propext, Classical.choice, Quot.sound]
info: Solution.lean:60:0: 'NLA.MF24.polynomial_norm_ratio' depends on axioms: [propext, Classical.choice, Quot.sound]
info: Solution.lean:61:0: 'NLA.MF24.finite_rational_family_ratio' depends on axioms: [propext, Classical.choice, Quot.sound]
info: Solution.lean:62:0: 'NLA.MF24.arbitrarily_large_ratios' depends on axioms: [propext, Classical.choice, Quot.sound]
info: Solution.lean:63:0: 'NLA.MF24.no_uniform_comparison' depends on axioms: [propext, Classical.choice, Quot.sound]
Build completed successfully (3273 jobs).
Exporting #[Quot, Quot.mk, Quot.lift, Quot.ind, NLA.MF24.family_dimensions, NLA.MF24.source_words_eq_height_shifts, NLA.MF24.height_shift_powers, NLA.MF24.family_nilpotent_nonnegative, NLA.MF24.polynomial_degree_evaluation, NLA.MF24.polynomial_entries, NLA.MF24.gram_continuant, NLA.MF24.gram_transfer, NLA.MF24.transfer_bridge, NLA.MF24.family_gram_charpoly, NLA.MF24.gram_singular_bridge, NLA.MF24.family_super_identical, NLA.MF24.first_row_and_nonzero, NLA.MF24.polynomial_numerator_bound, NLA.MF24.residue_geometry, NLA.MF24.residue_weight_bounds, NLA.MF24.polynomial_denominator_energy, NLA.MF24.polynomial_denominator_bound, NLA.MF24.polynomial_norm_ratio, NLA.MF24.finite_rational_family_ratio, NLA.MF24.arbitrarily_large_ratios, NLA.MF24.no_uniform_comparison, propext, Classical.choice, Quot.sound, Nat.add, Nat.sub, Nat.mul, Nat.pow, Nat.gcd, Nat.div, Nat.mod, Nat.beq, Nat.ble, Nat.land, Nat.lor, Nat.xor, Nat.shiftLeft, Nat.shiftRight, String.ofList, Char.ofNat, List, eagerReduce, Nat, String, String.mk, Char, optParam, autoParam, semiOutParam, outParam] from Solution
Running Lean default kernel on solution.
Lean default kernel accepts the solution
Your solution is okay!

EXIT_STATUS=0
