Independent partial-module review; not full IE-21 verification.
BUILD: /private/tmp/nla-ie21-covariance-selected-independent-7_hcivhx
Lean (version 4.33.1, arm64-apple-darwin24.6.0, commit 819816b2e0a3bf405af45ae5c7af2491d8f5bee6, Release)
COMMAND: /private/tmp/nla-campaign-toolchain/lean-4.33.1-darwin_aarch64/bin/lean -o /private/tmp/nla-ie21-covariance-selected-independent-7_hcivhx/NLA/IE21/Definitions.olean NLA/IE21/Definitions.lean
EXIT: 0
COMMAND: /private/tmp/nla-campaign-toolchain/lean-4.33.1-darwin_aarch64/bin/lean -o /private/tmp/nla-ie21-covariance-selected-independent-7_hcivhx/NLA/IE21/MatrixSemantics.olean NLA/IE21/MatrixSemantics.lean
EXIT: 0
COMMAND: /private/tmp/nla-campaign-toolchain/lean-4.33.1-darwin_aarch64/bin/lean -o /private/tmp/nla-ie21-covariance-selected-independent-7_hcivhx/NLA/IE21/FiniteTrimming.olean NLA/IE21/FiniteTrimming.lean
EXIT: 0
COMMAND: /private/tmp/nla-campaign-toolchain/lean-4.33.1-darwin_aarch64/bin/lean -o /private/tmp/nla-ie21-covariance-selected-independent-7_hcivhx/NLA/IE21/SphereNet.olean NLA/IE21/SphereNet.lean
'NLA.IE21.sphere_net' depends on axioms: [propext, Classical.choice, Quot.sound]
EXIT: 0
COMMAND: /private/tmp/nla-campaign-toolchain/lean-4.33.1-darwin_aarch64/bin/lean -o /private/tmp/nla-ie21-covariance-selected-independent-7_hcivhx/NLA/IE21/SphericalLaw.olean NLA/IE21/SphericalLaw.lean
EXIT: 0
COMMAND: /private/tmp/nla-campaign-toolchain/lean-4.33.1-darwin_aarch64/bin/lean -o /private/tmp/nla-ie21-covariance-selected-independent-7_hcivhx/NLA/IE21/RowLaw.olean NLA/IE21/RowLaw.lean
EXIT: 0
COMMAND: /private/tmp/nla-campaign-toolchain/lean-4.33.1-darwin_aarch64/bin/lean -o /private/tmp/nla-ie21-covariance-selected-independent-7_hcivhx/NLA/IE21/GaussianPolar.olean NLA/IE21/GaussianPolar.lean
EXIT: 0
COMMAND: /private/tmp/nla-campaign-toolchain/lean-4.33.1-darwin_aarch64/bin/lean -o /private/tmp/nla-ie21-covariance-selected-independent-7_hcivhx/NLA/IE21/GaussianMoments.olean NLA/IE21/GaussianMoments.lean
EXIT: 0
COMMAND: /private/tmp/nla-campaign-toolchain/lean-4.33.1-darwin_aarch64/bin/lean -o /private/tmp/nla-ie21-covariance-selected-independent-7_hcivhx/NLA/IE21/SphericalMoments.olean NLA/IE21/SphericalMoments.lean
EXIT: 0
COMMAND: /private/tmp/nla-campaign-toolchain/lean-4.33.1-darwin_aarch64/bin/lean -o /private/tmp/nla-ie21-covariance-selected-independent-7_hcivhx/NLA/IE21/QuadraticNet.olean NLA/IE21/QuadraticNet.lean
EXIT: 0
COMMAND: /private/tmp/nla-campaign-toolchain/lean-4.33.1-darwin_aarch64/bin/lean -o /private/tmp/nla-ie21-covariance-selected-independent-7_hcivhx/NLA/IE21/Chernoff.olean NLA/IE21/Chernoff.lean
EXIT: 0
COMMAND: /private/tmp/nla-campaign-toolchain/lean-4.33.1-darwin_aarch64/bin/lean -o /private/tmp/nla-ie21-covariance-selected-independent-7_hcivhx/NLA/IE21/CovarianceConcentration.olean NLA/IE21/CovarianceConcentration.lean
EXIT: 0
COMMAND: /private/tmp/nla-campaign-toolchain/lean-4.33.1-darwin_aarch64/bin/lean -o /private/tmp/nla-ie21-covariance-selected-independent-7_hcivhx/NLA/IE21/SphericalMGF.olean NLA/IE21/SphericalMGF.lean
EXIT: 0
COMMAND: /private/tmp/nla-campaign-toolchain/lean-4.33.1-darwin_aarch64/bin/lean -o /private/tmp/nla-ie21-covariance-selected-independent-7_hcivhx/NLA/IE21/Covariance.olean NLA/IE21/Covariance.lean
EXIT: 0
COMMAND: /private/tmp/nla-campaign-toolchain/lean-4.33.1-darwin_aarch64/bin/lean -o /private/tmp/nla-ie21-covariance-selected-independent-7_hcivhx/reviews/covariance-selected-referee-canonical-evidence/SignatureCheck.olean reviews/covariance-selected-referee-canonical-evidence/SignatureCheck.lean
EXIT: 0
COMMAND: /private/tmp/nla-campaign-toolchain/lean-4.33.1-darwin_aarch64/bin/lean -o /private/tmp/nla-ie21-covariance-selected-independent-7_hcivhx/reviews/covariance-selected-referee-canonical-evidence/Axioms.olean reviews/covariance-selected-referee-canonical-evidence/Axioms.lean
'NLA.IE21.centered_directionalEnergy_abs_bound' depends on axioms: [propext, Classical.choice, Quot.sound]
'NLA.IE21.centered_directionalEnergy_pow_integrable' depends on axioms: [propext, Classical.choice, Quot.sound]
'NLA.IE21.centered_directionalEnergy_moment_bound' depends on axioms: [propext, Classical.choice, Quot.sound]
'NLA.IE21.real_exp_hasSum' depends on axioms: [propext, Classical.choice, Quot.sound]
'NLA.IE21.integral_exp_series_of_bounded' depends on axioms: [propext, Classical.choice, Quot.sound]
'NLA.IE21.centered_exp_term_norm_integral' depends on axioms: [propext, Classical.choice, Quot.sound]
'NLA.IE21.spherical_quadratic_mgf' depends on axioms: [propext, Classical.choice, Quot.sound]
'NLA.IE21.covariance_concentration' depends on axioms: [propext, Classical.choice, Quot.sound]
EXIT: 0
