✔ [3641/3674] Built NLA.IE04.Definitions (2.8s)
✔ [3642/3675] Built LeanCert.Core.Interval (2.8s)
✔ [3643/3675] Built LeanCert.Core.DerivativeIntervals (2.8s)
✔ [3644/3681] Built LeanCert.Core.Expr (5.2s)
✔ [3645/3682] Built LeanCert.Contrib.Sinc (5.3s)
✔ [3646/3682] Built LeanCert.Core.Taylor (8.2s)
✔ [3647/3682] Built LeanCert.Core.IntervalRat.Basic (9.0s)
✔ [3648/3682] Built LeanCert.Core.IntervalRat.LogReduction (6.6s)
✔ [3650/3686] Built LeanCert.Core.Support (4.2s)
✔ [3651/3686] Built LeanCert.Meta.Numeral (3.5s)
✔ [3652/3686] Built LeanCert.Engine.Eval.Result (2.0s)
✔ [3653/3686] Built LeanCert.Core.TrigReduction (3.2s)
✔ [3654/3686] Built LeanCert.Core.Dyadic (3.5s)
✔ [3655/3687] Built LeanCert.Tactic.IntervalAuto.Types (2.0s)
✔ [3656/3687] Built LeanCert.Tactic.LeanCert.Bridge.Environment (2.5s)
✔ [3657/3687] Built LeanCert.Core.IntervalRat.Transcendental (5.5s)
✔ [3658/3687] Built LeanCert.Tactic.IntervalAuto.Extract (4.5s)
✔ [3659/3750] Built LeanCert.Tactic.NumericalRefinement (935ms)
✔ [3681/3758] Built LeanCert.Meta.ToExpr (6.3s)
✔ [3682/3758] Built LeanCert.Tactic.IntervalAuto.Norm (4.7s)
✔ [3683/3765] Built LeanCert.Tactic.LeanCert.Normalize (4.2s)
ℹ [3685/3768] Built NLA.IE04.Scalars (6.5s)
info: NLA/IE04/Scalars.lean:124:0: 'NLA.IE04.scalar_budgets' depends on axioms: [propext, Classical.choice, Quot.sound]
info: NLA/IE04/Scalars.lean:125:0: 'NLA.IE04.quotient_bounds' depends on axioms: [propext, Classical.choice, Quot.sound]
info: NLA/IE04/Scalars.lean:126:0: 'NLA.IE04.scalar_schur_error' depends on axioms: [propext, Classical.choice, Quot.sound]
✔ [3686/3768] Built LeanCert.Tactic.IntervalAuto.Parse (6.3s)
ℹ [3687/3768] Built NLA.IE04.Pivot (3.5s)
info: NLA/IE04/Pivot.lean:159:0: 'NLA.IE04.firstPivotIndex_spec_proved' depends on axioms: [propext, Classical.choice, Quot.sound]
info: NLA/IE04/Pivot.lean:161:0: 'NLA.IE04.firstPivotIndex_eq_of_firstAvailable_proved' depends on axioms: [propext, Classical.choice, Quot.sound]
info: NLA/IE04/Pivot.lean:163:0: 'NLA.IE04.firstPivotIndex_firstAvailable_proved' depends on axioms: [propext, Classical.choice, Quot.sound]
info: NLA/IE04/Pivot.lean:165:0: 'NLA.IE04.trajectory_firstPath_eq_proved' depends on axioms: [propext, Classical.choice, Quot.sound]
info: NLA/IE04/Pivot.lean:167:0: 'NLA.IE04.firstPath_eq_of_firstAvailable_proved' depends on axioms: [propext, Classical.choice, Quot.sound]
✔ [3688/3768] Built LeanCert.Tactic.IntervalAuto.Diagnostic (2.7s)
⚠ [3689/3768] Built NLA.IE04.Asymptotics (3.9s)
warning: NLA/IE04/Asymptotics.lean:54:45: Variable name `hc₁` is not explicitly referenced.

Hint: The binding can be removed (if unused) or named `_` (if used implicitly). Alternatively, prefix the name with `_` to silence this warning:
  [apply] _hc₁

Note: This linter can be disabled with `set_option linter.unusedVariables false`
info: NLA/IE04/Asymptotics.lean:89:0: 'NLA.IE04.contradiction_dimension' depends on axioms: [propext, Classical.choice, Quot.sound]
✔ [3690/3768] Built LeanCert.Core.IntervalRat.Taylor (18s)
✔ [3691/3768] Built LeanCert.Core.IntervalReal (1.5s)
✔ [3692/3768] Built LeanCert.Core.IntervalRat.TrigReduced (2.7s)
ℹ [3693/3768] Built NLA.IE04.GEPP (4.1s)
info: NLA/IE04/GEPP.lean:294:0: 'NLA.IE04.entryMax_semantics_proved' depends on axioms: [propext, Classical.choice, Quot.sound]
info: NLA/IE04/GEPP.lean:296:0: 'NLA.IE04.schurStep_bound_proved' depends on axioms: [propext, Classical.choice, Quot.sound]
info: NLA/IE04/GEPP.lean:298:0: 'NLA.IE04.gepp_growth_bound_proved' depends on axioms: [propext, Classical.choice, Quot.sound]
info: NLA/IE04/GEPP.lean:300:0: 'NLA.IE04.activeInjective_initial_proved' depends on axioms: [propext, Classical.choice, Quot.sound]
info: NLA/IE04/GEPP.lean:302:0: 'NLA.IE04.activeInjective_nonzero_column_proved' depends on axioms: [propext, Classical.choice, Quot.sound]
info: NLA/IE04/GEPP.lean:304:0: 'NLA.IE04.activeInjective_rowSwap_proved' depends on axioms: [propext, Classical.choice, Quot.sound]
info: NLA/IE04/GEPP.lean:306:0: 'NLA.IE04.schurStep_mulVec_proved' depends on axioms: [propext, Classical.choice, Quot.sound]
info: NLA/IE04/GEPP.lean:308:0: 'NLA.IE04.activeInjective_schur_proved' depends on axioms: [propext, Classical.choice, Quot.sound]
info: NLA/IE04/GEPP.lean:310:0: 'NLA.IE04.firstTrajectory_activeInjective_proved' depends on axioms: [propext, Classical.choice, Quot.sound]
info: NLA/IE04/GEPP.lean:312:0: 'NLA.IE04.firstPath_semantics_proved' depends on axioms: [propext, Classical.choice, Quot.sound]
ℹ [3694/3768] Built NLA.IE04.Measurability (4.8s)
info: NLA/IE04/Measurability.lean:194:0: 'NLA.IE04.firstPath_admissibleRule_proved' depends on axioms: [propext, Classical.choice, Quot.sound]
info: NLA/IE04/Measurability.lean:196:0: 'NLA.IE04.gaussianMatrix_probability_proved' depends on axioms: [propext, Classical.choice, Quot.sound]
info: NLA/IE04/Measurability.lean:198:0: 'NLA.IE04.exceedanceEvent_measurable_proved' depends on axioms: [propext, Classical.choice, Quot.sound]
✔ [3695/3768] Built LeanCert.Core.IntervalRealEndpoints (5.2s)
✔ [3696/3768] Built LeanCert.Engine.Affine.Basic (7.7s)
✔ [3697/3768] Built LeanCert.Core.IntervalDyadic (8.1s)
ℹ [3698/3768] Built NLA.IE04.StrictPivots (4.8s)
info: NLA/IE04/StrictPivots.lean:125:0: 'NLA.IE04.noSwap_nonsingular_of_pivots' depends on axioms: [propext, Classical.choice, Quot.sound]
info: NLA/IE04/StrictPivots.lean:127:0: 'NLA.IE04.strictNoSwap_path_unique' depends on axioms: [propext, Classical.choice, Quot.sound]
✔ [3699/3768] Built LeanCert.Engine.Affine.Nonlinear (5.5s)
✔ [3700/3768] Built LeanCert.Core.DyadicCell (5.3s)
✔ [3701/3768] Built LeanCert.Engine.Eval.Core (7.5s)
✔ [3702/3768] Built LeanCert.Core.DyadicFrontier (2.1s)
⚠ [3703/3768] Built NLA.IE04.Witness (4.6s)
warning: NLA/IE04/Witness.lean:47:15: This simp argument is unused:
  Fin.val_mk

Hint: Omit it from the simp argument list.
  [apply] simp only at hv

Note: This linter can be disabled with `set_option linter.unusedSimpArgs false`
warning: NLA/IE04/Witness.lean:70:36: Variable name `hn` is not explicitly referenced.

Hint: The binding can be removed (if unused) or named `_` (if used implicitly). Alternatively, prefix the name with `_` to silence this warning:
  [apply] _hn

Note: This linter can be disabled with `set_option linter.unusedVariables false`
info: NLA/IE04/Witness.lean:144:0: 'NLA.IE04.witness_trajectory' depends on axioms: [propext, Classical.choice, Quot.sound]
info: NLA/IE04/Witness.lean:146:0: 'NLA.IE04.witness_strict_growth' depends on axioms: [propext, Classical.choice, Quot.sound]
✔ [3704/3768] Built LeanCert.Engine.Eval.Extended (2.8s)
✔ [3705/3768] Built LeanCert.Engine.Bounds.Lemmas (1.8s)
ℹ [3706/3768] Built NLA.IE04.Robustness (3.2s)
info: NLA/IE04/Robustness.lean:180:0: 'NLA.IE04.full_box_robust' depends on axioms: [propext, Classical.choice, Quot.sound]
info: NLA/IE04/Robustness.lean:182:0: 'NLA.IE04.growth_on_box' depends on axioms: [propext, Classical.choice, Quot.sound]
✔ [3707/3768] Built LeanCert.Engine.IntervalEval (1.4s)
✔ [3708/3768] Built LeanCert.Validity.Bounds.Checked (2.6s)
✔ [3709/3768] Built LeanCert.Validity.Bounds.Core (2.9s)
✔ [3710/3768] Built LeanCert.Engine.Affine.Transcendental (4.0s)
✔ [3711/3768] Built LeanCert.Engine.IntervalEvalDyadic (6.3s)
✔ [3712/3768] Built LeanCert.Engine.Optimization.Box (3.5s)
✔ [3713/3768] Built LeanCert.Engine.RootFinding.Basic (5.5s)
✔ [3714/3768] Built LeanCert.Engine.AD.Basic (3.4s)
✔ [3715/3768] Built LeanCert.Engine.Integrate (6.1s)
✔ [3716/3768] Built LeanCert.Validity.DyadicBounds (4.3s)
✔ [3717/3768] Built LeanCert.Engine.IntervalEvalAffine (6.8s)
✔ [3718/3768] Built LeanCert.Engine.TaylorModel.Core (9.1s)
✔ [3719/3768] Built LeanCert.Engine.RootFinding.Bisection (5.6s)
✔ [3720/3768] Built LeanCert.Engine.TaylorModel.Special (2.7s)
✔ [3721/3768] Built LeanCert.Engine.Affine.Environment (3.6s)
✔ [3722/3768] Built LeanCert.Engine.AD.Transcendental (4.5s)
✔ [3723/3768] Built LeanCert.Engine.TaylorModel.Integral (3.1s)
✔ [3724/3768] Built LeanCert.Engine.AD.Eval (2.6s)
✔ [3725/3768] Built LeanCert.Engine.AD.Correctness (5.9s)
✔ [3726/3768] Built LeanCert.Engine.TaylorModel.ExpLog (8.5s)
✔ [3727/3768] Built LeanCert.Engine.AD.Computable (4.1s)
✔ [3728/3768] Built LeanCert.Engine.TaylorModel.Trig (12s)
✔ [3729/3768] Built LeanCert.Engine.TaylorModel.Hyperbolic (13s)
✔ [3730/3768] Built LeanCert.Engine.AD.PartialCorrectness (6.2s)
✔ [3731/3768] Built LeanCert.Engine.TaylorModel.Functions (1.7s)
✔ [3732/3768] Built LeanCert.Engine.AD.DomainChecked (2.7s)
✔ [3733/3768] Built LeanCert.Engine.AD.Dyadic (3.3s)
✔ [3734/3768] Built LeanCert.Engine.TaylorModel.Expr (3.4s)
✔ [3735/3768] Built LeanCert.Engine.AD (1.4s)
✔ [3736/3768] Built LeanCert.Engine.TaylorModel (1.5s)
✔ [3737/3768] Built LeanCert.Validity.Bounds.Smart (3.0s)
✔ [3738/3768] Built LeanCert.Meta.ProveSupported (3.8s)
✔ [3739/3768] Built LeanCert.Engine.IntervalEvalRefined (3.9s)
✔ [3740/3768] Built LeanCert.Validity.Bounds.Bridge (2.9s)
✔ [3741/3768] Built LeanCert.Engine.Optimize (5.9s)
✔ [3742/3768] Built LeanCert.Meta.ProveContinuous (4.5s)
✔ [3743/3768] Built LeanCert.Validity.Bounds.Basic (2.5s)
✔ [3744/3768] Built LeanCert.Tactic.IntervalAuto.ProveCommon (5.2s)
✔ [3745/3768] Built LeanCert.Engine.Optimization.Gradient (5.5s)
✔ [3746/3768] Built LeanCert.Tactic.IntervalAuto.Basic (3.2s)
✔ [3747/3768] Built LeanCert.Engine.RootFinding.Newton (4.5s)
✔ [3748/3768] Built LeanCert.Validity.Integration (6.3s)
✔ [3749/3768] Built LeanCert.Engine.RootFinding.Krawczyk (7.6s)
✔ [3750/3768] Built LeanCert.Engine.RootFinding.MVTBounds (8.0s)
✔ [3751/3768] Built LeanCert.Engine.RootFinding.Contraction (4.1s)
✔ [3752/3768] Built LeanCert.Engine.RootFinding.Main (1.6s)
✔ [3753/3768] Built LeanCert.Engine.Optimization.Global (16s)
✔ [3754/3768] Built LeanCert.Engine.Optimization.BoundVerify (2.2s)
✔ [3755/3768] Built LeanCert.Validity.Bounds (3.8s)
✔ [3756/3768] Built LeanCert.Tactic.IntervalAuto.RootBound (3.7s)
✔ [3757/3768] Built LeanCert.Tactic.IntervalAuto.OptBound (3.7s)
✔ [3758/3768] Built LeanCert.Tactic.IntervalAuto.Multivariate (4.9s)
✔ [3759/3768] Built LeanCert.Tactic.IntervalAuto.Bound (12s)
✔ [3760/3768] Built LeanCert.Tactic.IntervalAuto.Subdiv (3.7s)
✔ [3761/3768] Built LeanCert.Tactic.IntervalAuto.Adaptive (5.5s)
✔ [3762/3768] Built LeanCert.Tactic.IntervalAuto.PointIneq (7.1s)
✔ [3763/3768] Built LeanCert.Tactic.IntervalAuto (1.8s)
ℹ [3764/3768] Built NLA.IE04.GaussianDensity (2.7s)
info: NLA/IE04/GaussianDensity.lean:71:0: 'NLA.IE04.exp_neg_two_lower' depends on axioms: [propext, Classical.choice, Quot.sound]
info: NLA/IE04/GaussianDensity.lean:73:0: 'NLA.IE04.standard_normal_density_lower' depends on axioms: [propext, Classical.choice, Quot.sound]
info: NLA/IE04/GaussianDensity.lean:75:0: 'NLA.IE04.gaussian_interval_lower' depends on axioms: [propext, Classical.choice, Quot.sound]
ℹ [3765/3768] Built NLA.IE04.GaussianBox (2.2s)
info: NLA/IE04/GaussianBox.lean:106:0: 'NLA.IE04.gaussian_box_product' depends on axioms: [propext, Classical.choice, Quot.sound]
info: NLA/IE04/GaussianBox.lean:108:0: 'NLA.IE04.gaussian_box_probability' depends on axioms: [propext, Classical.choice, Quot.sound]
ℹ [3766/3768] Built NLA.IE04.ProbabilityTail (2.0s)
info: NLA/IE04/ProbabilityTail.lean:55:0: 'NLA.IE04.gaussian_box_in_actual_event' depends on axioms: [propext, Classical.choice, Quot.sound]
info: NLA/IE04/ProbabilityTail.lean:57:0: 'NLA.IE04.gepp_gaussian_tail_lower' depends on axioms: [propext, Classical.choice, Quot.sound]
⚠ [3767/3768] Built NLA.IE04.Final (2.1s)
warning: NLA/IE04/Final.lean:27:2: Try this: 
  letI̵

The goal is a proposition, so `let` is preferred over `letI`.
The difference between `let` and `letI` is that `letI` inlines the value.
But this is not relevant for proofs because of proof irrelevance.

Note: This linter can be disabled with `set_option linter.style.haveILetI false`
info: NLA/IE04/Final.lean:70:0: 'NLA.IE04.counterexample' depends on axioms: [propext, Classical.choice, Quot.sound]
info: NLA/IE04/Final.lean:72:0: 'NLA.IE04.not_uniformExponentialTail' depends on axioms: [propext, Classical.choice, Quot.sound]
ℹ [3768/3768] Built NLA.IE04.Solution (2.0s)
info: NLA/IE04/Solution.lean:45:0: 'NLA.IE04.entryMax_semantics' depends on axioms: [propext, Classical.choice, Quot.sound]
info: NLA/IE04/Solution.lean:47:0: 'NLA.IE04.firstPath_semantics' depends on axioms: [propext, Classical.choice, Quot.sound]
info: NLA/IE04/Solution.lean:49:0: 'NLA.IE04.firstPath_admissibleRule' depends on axioms: [propext, Classical.choice, Quot.sound]
info: NLA/IE04/Solution.lean:51:0: 'NLA.IE04.gaussianMatrix_probability' depends on axioms: [propext, Classical.choice, Quot.sound]
info: NLA/IE04/Solution.lean:53:0: 'NLA.IE04.exceedanceEvent_measurable' depends on axioms: [propext, Classical.choice, Quot.sound]
info: NLA/IE04/Solution.lean:55:0: 'NLA.IE04.witness_trajectory' depends on axioms: [propext, Classical.choice, Quot.sound]
info: NLA/IE04/Solution.lean:57:0: 'NLA.IE04.witness_strict_growth' depends on axioms: [propext, Classical.choice, Quot.sound]
info: NLA/IE04/Solution.lean:59:0: 'NLA.IE04.scalar_budgets' depends on axioms: [propext, Classical.choice, Quot.sound]
info: NLA/IE04/Solution.lean:61:0: 'NLA.IE04.quotient_bounds' depends on axioms: [propext, Classical.choice, Quot.sound]
info: NLA/IE04/Solution.lean:63:0: 'NLA.IE04.scalar_schur_error' depends on axioms: [propext, Classical.choice, Quot.sound]
info: NLA/IE04/Solution.lean:65:0: 'NLA.IE04.full_box_robust' depends on axioms: [propext, Classical.choice, Quot.sound]
info: NLA/IE04/Solution.lean:67:0: 'NLA.IE04.growth_on_box' depends on axioms: [propext, Classical.choice, Quot.sound]
info: NLA/IE04/Solution.lean:69:0: 'NLA.IE04.standard_normal_density_lower' depends on axioms: [propext, Classical.choice, Quot.sound]
info: NLA/IE04/Solution.lean:71:0: 'NLA.IE04.gaussian_interval_lower' depends on axioms: [propext, Classical.choice, Quot.sound]
info: NLA/IE04/Solution.lean:73:0: 'NLA.IE04.gaussian_box_product' depends on axioms: [propext, Classical.choice, Quot.sound]
info: NLA/IE04/Solution.lean:75:0: 'NLA.IE04.gaussian_box_probability' depends on axioms: [propext, Classical.choice, Quot.sound]
info: NLA/IE04/Solution.lean:77:0: 'NLA.IE04.gaussian_box_in_actual_event' depends on axioms: [propext, Classical.choice, Quot.sound]
info: NLA/IE04/Solution.lean:79:0: 'NLA.IE04.gepp_gaussian_tail_lower' depends on axioms: [propext, Classical.choice, Quot.sound]
info: NLA/IE04/Solution.lean:81:0: 'NLA.IE04.contradiction_dimension' depends on axioms: [propext, Classical.choice, Quot.sound]
info: NLA/IE04/Solution.lean:83:0: 'NLA.IE04.counterexample' depends on axioms: [propext, Classical.choice, Quot.sound]
info: NLA/IE04/Solution.lean:85:0: 'NLA.IE04.not_uniformExponentialTail' depends on axioms: [propext, Classical.choice, Quot.sound]
Build completed successfully (3768 jobs).
