✔ [1/5] Built Cache.Cli (288ms)
✔ [2/5] Built Cache.Lean (298ms)
✔ [6/26] Built Cache.Cli:c.o (179ms)
✔ [7/26] Built Cache.Lean:c.o (215ms)
✔ [8/26] Built Cache.Infra (370ms)
✔ [9/26] Built Cache.Infra:c.o (174ms)
✔ [10/26] Built Batteries.Tactic.OpenPrivate (795ms)
✔ [11/26] Built Batteries.Tactic.OpenPrivate:c.o (1.1s)
✔ [12/26] Built Cache.IO (1.1s)
✔ [13/26] Built Cache.Hashing (605ms)
✔ [14/26] Built Cache.Hashing:c.o (449ms)
✔ [15/26] Built Cache.IO:c.o (1.5s)
✔ [16/26] Built Cache.Requests (1.7s)
✔ [17/26] Built Cache.Marker (437ms)
✔ [18/26] Built Cache.Marker:c.o (122ms)
✔ [19/26] Built Cache.Query (560ms)
✔ [20/26] Built Cache.Query:c.o (259ms)
✔ [21/26] Built Cache.Warning (599ms)
✔ [22/26] Built Cache.Warning:c.o (218ms)
✔ [23/26] Built Cache.Main (982ms)
✔ [24/26] Built Cache.Requests:c.o (2.6s)
✔ [25/26] Built Cache.Main:c.o (769ms)
✔ [26/26] Built cache:exe (599ms)
Current branch: HEAD
Using cache from origin: (some leanprover-community/mathlib4)
Attempting to download 8690 file(s) from leanprover-community/mathlib4 cache at https://lakecache.blob.core.windows.net/mathlib4-master

Downloaded: 1 file(s) [attempted 1/8690 = 0%, 24 KB/s], Decompressed: 0
Downloaded: 318 file(s) [attempted 318/8690 = 3%, 10671 KB/s], Decompressed: 13
Downloaded: 650 file(s) [attempted 650/8690 = 7%, 2324 KB/s], Decompressed: 13
Downloaded: 1029 file(s) [attempted 1029/8690 = 11%, 13471 KB/s], Decompressed: 13
Downloaded: 1431 file(s) [attempted 1431/8690 = 16%, 1734 KB/s], Decompressed: 113
Downloaded: 1775 file(s) [attempted 1775/8690 = 20%, 1009 KB/s], Decompressed: 113
Downloaded: 2145 file(s) [attempted 2145/8690 = 24%, 20205 KB/s], Decompressed: 113
Downloaded: 2539 file(s) [attempted 2539/8690 = 29%, 6585 KB/s], Decompressed: 113
Downloaded: 2928 file(s) [attempted 2928/8690 = 33%, 1299 KB/s], Decompressed: 113
Downloaded: 3298 file(s) [attempted 3298/8690 = 37%, 13814 KB/s], Decompressed: 113
Downloaded: 3642 file(s) [attempted 3642/8690 = 41%, 3458 KB/s], Decompressed: 113
Downloaded: 4031 file(s) [attempted 4031/8690 = 46%, 1163 KB/s], Decompressed: 113
Downloaded: 4417 file(s) [attempted 4417/8690 = 50%, 5788 KB/s], Decompressed: 113
Downloaded: 4808 file(s) [attempted 4808/8690 = 55%, 6494 KB/s], Decompressed: 113
Downloaded: 5250 file(s) [attempted 5250/8690 = 60%, 3726 KB/s], Decompressed: 113
Downloaded: 5573 file(s) [attempted 5573/8690 = 64%, 5751 KB/s], Decompressed: 113
Downloaded: 5872 file(s) [attempted 5872/8690 = 67%, 2788 KB/s], Decompressed: 113
Downloaded: 6212 file(s) [attempted 6212/8690 = 71%, 27148 KB/s], Decompressed: 113
Downloaded: 6500 file(s) [attempted 6500/8690 = 74%, 6552 KB/s], Decompressed: 113
Downloaded: 6833 file(s) [attempted 6833/8690 = 78%, 2176 KB/s], Decompressed: 113
Downloaded: 7131 file(s) [attempted 7131/8690 = 82%, 2224 KB/s], Decompressed: 113
Downloaded: 7481 file(s) [attempted 7481/8690 = 86%, 5180 KB/s], Decompressed: 113
Downloaded: 7803 file(s) [attempted 7803/8690 = 89%, 13759 KB/s], Decompressed: 113
Downloaded: 8109 file(s) [attempted 8109/8690 = 93%, 10854 KB/s], Decompressed: 113
Downloaded: 8379 file(s) [attempted 8379/8690 = 96%, 8138 KB/s], Decompressed: 113
Downloaded: 8690 file(s) [attempted 8690/8690 = 100%, 6441 KB/s], Decompressed: 113
Downloaded: 8690 file(s) [attempted 8690/8690 = 100%, 6441 KB/s], Decompressed: 113
Decompressed 8690 file(s)
Already decompressed 8690 file(s)
