Merge made by the 'ort' strategy.
 CATALOG.md                                         |    4 +-
 README.md                                          |    2 +-
 RESOLVED.md                                        |   10 +
 .../AV-03/README.md                                |   12 +-
 .../AV-03/problem.pdf                              |  Bin 35872 -> 37653 bytes
 .../AV-03/problem.tex                              |   43 +-
 .../IV-01/README.md                                |   12 +-
 .../IV-01/problem.pdf                              |  Bin 33597 -> 36904 bytes
 .../IV-01/problem.tex                              |   43 +-
 intervals-and-absolute-value-equations/README.md   |    2 +-
 .../holden-interval-ave-2026-09-12/README.md       |   28 +
 .../attached-manifest.md                           |  109 +
 .../manuscripts/AV-03/general_reductions.md        |  101 +
 .../manuscripts/AV-03/optimized_handicap.md        |  173 ++
 .../manuscripts/AV-03/result.md                    |  215 ++
 .../manuscripts/IV-01/cycle_reduction.md           |   33 +
 .../manuscripts/IV-01/dimension_five_theorem.md    |  144 +
 .../manuscripts/IV-01/order_two_reduction.md       |  109 +
 .../manuscripts/IV-01/result.md                    |  232 ++
 .../source-sha256.txt                              |   54 +
 .../submitted/AV-03/feedback_solver.py             |   54 +
 .../submitted/AV-03/feedback_test_results.json     |  427 +++
 .../submitted/AV-03/general_reductions.md          |   99 +
 .../submitted/AV-03/handicap_test_results.json     |   20 +
 .../submitted/AV-03/hessenberg_solver.py           |   96 +
 .../submitted/AV-03/notes.md                       |   89 +
 .../submitted/AV-03/obstruction_certificates.json  |   96 +
 .../submitted/AV-03/obstruction_run.txt            |   96 +
 .../submitted/AV-03/optimized_handicap.md          |  171 +
 .../submitted/AV-03/result.md                      |  213 ++
 .../submitted/AV-03/self_review.md                 |   55 +
 .../submitted/AV-03/test_feedback.py               |   34 +
 .../submitted/AV-03/test_results.json              |  763 +++++
 .../submitted/AV-03/test_solver.py                 |   69 +
 .../submitted/AV-03/verify_handicap.py             |   41 +
 .../submitted/AV-03/verify_obstructions.py         |   51 +
 .../submitted/FINAL_REVIEW.md                      |   35 +
 .../IV-01/A_both_boundary_all_minors.json          | 3270 ++++++++++++++++++++
 .../submitted/IV-01/A_minus_all_minors.json        | 3270 ++++++++++++++++++++
 .../submitted/IV-01/A_plus_all_minors.json         | 3270 ++++++++++++++++++++
 .../IV-01/B_both_boundary_all_minors.json          | 3270 ++++++++++++++++++++
 .../submitted/IV-01/B_cyclic_graph_all_minors.json | 3270 ++++++++++++++++++++
 .../submitted/IV-01/both_boundary_discovery.json   |   90 +
 .../submitted/IV-01/both_boundary_example.json     |  240 ++
 .../IV-01/both_boundary_search_attempts.json       |  232 ++
 .../submitted/IV-01/build_and_verify_example.py    |   67 +
 .../submitted/IV-01/build_both_boundary_example.py |   58 +
 .../submitted/IV-01/cycle_reduction.md             |   31 +
 .../IV-01/cyclic_graph_dimension_five_example.json |  196 ++
 .../submitted/IV-01/dimension_five_theorem.md      |  142 +
 .../submitted/IV-01/example_run.txt                |  133 +
 .../fixed_singular_block_search_20260912.json      |  384 +++
 .../fixed_singular_block_search_20260914.json      |  222 ++
 .../submitted/IV-01/graph_criterion.py             |   42 +
 .../submitted/IV-01/independent_audit_results.json |    6 +
 .../submitted/IV-01/minor_tools.py                 |   71 +
 .../submitted/IV-01/mixed_parity_example.json      |  257 ++
 .../submitted/IV-01/notes.md                       |  143 +
 .../submitted/IV-01/order_two_reduction.md         |  107 +
 .../submitted/IV-01/order_two_test_results.json    |    8 +
 .../submitted/IV-01/result.md                      |  230 ++
 .../submitted/IV-01/scc_reduction.py               |   55 +
 .../submitted/IV-01/search_boundary_directions.py  |   29 +
 .../submitted/IV-01/search_fixed_singular_block.py |   76 +
 .../submitted/IV-01/self_review.md                 |   83 +
 .../submitted/IV-01/test_graph_and_certificates.py |   85 +
 .../submitted/IV-01/verify_dimension_five.py       |   58 +
 .../submitted/IV-01/verify_order_two.py            |   41 +
 .../submitted/MANIFEST.md                          |  109 +
 .../submitted/README.md                            |   61 +
 .../submitted/SHA256SUMS                           |   53 +
 .../submitted/source_notes/SOURCES.md              |   44 +
 .../submitted/verification_summary.json            |   79 +
 .../submitted/verify_pack.py                       |   40 +
 .../verification/AV-03-review.md                   |   63 +
 .../verification/IV-01-review.md                   |   51 +
 .../verification/exact-suite-results.json          |   79 +
 77 files changed, 23729 insertions(+), 21 deletions(-)
 create mode 100644 references/holden-interval-ave-2026-09-12/README.md
 create mode 100644 references/holden-interval-ave-2026-09-12/attached-manifest.md
 create mode 100644 references/holden-interval-ave-2026-09-12/manuscripts/AV-03/general_reductions.md
 create mode 100644 references/holden-interval-ave-2026-09-12/manuscripts/AV-03/optimized_handicap.md
 create mode 100644 references/holden-interval-ave-2026-09-12/manuscripts/AV-03/result.md
 create mode 100644 references/holden-interval-ave-2026-09-12/manuscripts/IV-01/cycle_reduction.md
 create mode 100644 references/holden-interval-ave-2026-09-12/manuscripts/IV-01/dimension_five_theorem.md
 create mode 100644 references/holden-interval-ave-2026-09-12/manuscripts/IV-01/order_two_reduction.md
 create mode 100644 references/holden-interval-ave-2026-09-12/manuscripts/IV-01/result.md
 create mode 100644 references/holden-interval-ave-2026-09-12/source-sha256.txt
 create mode 100644 references/holden-interval-ave-2026-09-12/submitted/AV-03/feedback_solver.py
 create mode 100644 references/holden-interval-ave-2026-09-12/submitted/AV-03/feedback_test_results.json
 create mode 100644 references/holden-interval-ave-2026-09-12/submitted/AV-03/general_reductions.md
 create mode 100644 references/holden-interval-ave-2026-09-12/submitted/AV-03/handicap_test_results.json
 create mode 100644 references/holden-interval-ave-2026-09-12/submitted/AV-03/hessenberg_solver.py
 create mode 100644 references/holden-interval-ave-2026-09-12/submitted/AV-03/notes.md
 create mode 100644 references/holden-interval-ave-2026-09-12/submitted/AV-03/obstruction_certificates.json
 create mode 100644 references/holden-interval-ave-2026-09-12/submitted/AV-03/obstruction_run.txt
 create mode 100644 references/holden-interval-ave-2026-09-12/submitted/AV-03/optimized_handicap.md
 create mode 100644 references/holden-interval-ave-2026-09-12/submitted/AV-03/result.md
 create mode 100644 references/holden-interval-ave-2026-09-12/submitted/AV-03/self_review.md
 create mode 100644 references/holden-interval-ave-2026-09-12/submitted/AV-03/test_feedback.py
 create mode 100644 references/holden-interval-ave-2026-09-12/submitted/AV-03/test_results.json
 create mode 100644 references/holden-interval-ave-2026-09-12/submitted/AV-03/test_solver.py
 create mode 100644 references/holden-interval-ave-2026-09-12/submitted/AV-03/verify_handicap.py
 create mode 100644 references/holden-interval-ave-2026-09-12/submitted/AV-03/verify_obstructions.py
 create mode 100644 references/holden-interval-ave-2026-09-12/submitted/FINAL_REVIEW.md
 create mode 100644 references/holden-interval-ave-2026-09-12/submitted/IV-01/A_both_boundary_all_minors.json
 create mode 100644 references/holden-interval-ave-2026-09-12/submitted/IV-01/A_minus_all_minors.json
 create mode 100644 references/holden-interval-ave-2026-09-12/submitted/IV-01/A_plus_all_minors.json
 create mode 100644 references/holden-interval-ave-2026-09-12/submitted/IV-01/B_both_boundary_all_minors.json
 create mode 100644 references/holden-interval-ave-2026-09-12/submitted/IV-01/B_cyclic_graph_all_minors.json
 create mode 100644 references/holden-interval-ave-2026-09-12/submitted/IV-01/both_boundary_discovery.json
 create mode 100644 references/holden-interval-ave-2026-09-12/submitted/IV-01/both_boundary_example.json
 create mode 100644 references/holden-interval-ave-2026-09-12/submitted/IV-01/both_boundary_search_attempts.json
 create mode 100644 references/holden-interval-ave-2026-09-12/submitted/IV-01/build_and_verify_example.py
 create mode 100644 references/holden-interval-ave-2026-09-12/submitted/IV-01/build_both_boundary_example.py
 create mode 100644 references/holden-interval-ave-2026-09-12/submitted/IV-01/cycle_reduction.md
 create mode 100644 references/holden-interval-ave-2026-09-12/submitted/IV-01/cyclic_graph_dimension_five_example.json
 create mode 100644 references/holden-interval-ave-2026-09-12/submitted/IV-01/dimension_five_theorem.md
 create mode 100644 references/holden-interval-ave-2026-09-12/submitted/IV-01/example_run.txt
 create mode 100644 references/holden-interval-ave-2026-09-12/submitted/IV-01/fixed_singular_block_search_20260912.json
 create mode 100644 references/holden-interval-ave-2026-09-12/submitted/IV-01/fixed_singular_block_search_20260914.json
 create mode 100644 references/holden-interval-ave-2026-09-12/submitted/IV-01/graph_criterion.py
 create mode 100644 references/holden-interval-ave-2026-09-12/submitted/IV-01/independent_audit_results.json
 create mode 100644 references/holden-interval-ave-2026-09-12/submitted/IV-01/minor_tools.py
 create mode 100644 references/holden-interval-ave-2026-09-12/submitted/IV-01/mixed_parity_example.json
 create mode 100644 references/holden-interval-ave-2026-09-12/submitted/IV-01/notes.md
 create mode 100644 references/holden-interval-ave-2026-09-12/submitted/IV-01/order_two_reduction.md
 create mode 100644 references/holden-interval-ave-2026-09-12/submitted/IV-01/order_two_test_results.json
 create mode 100644 references/holden-interval-ave-2026-09-12/submitted/IV-01/result.md
 create mode 100644 references/holden-interval-ave-2026-09-12/submitted/IV-01/scc_reduction.py
 create mode 100644 references/holden-interval-ave-2026-09-12/submitted/IV-01/search_boundary_directions.py
 create mode 100644 references/holden-interval-ave-2026-09-12/submitted/IV-01/search_fixed_singular_block.py
 create mode 100644 references/holden-interval-ave-2026-09-12/submitted/IV-01/self_review.md
 create mode 100644 references/holden-interval-ave-2026-09-12/submitted/IV-01/test_graph_and_certificates.py
 create mode 100644 references/holden-interval-ave-2026-09-12/submitted/IV-01/verify_dimension_five.py
 create mode 100644 references/holden-interval-ave-2026-09-12/submitted/IV-01/verify_order_two.py
 create mode 100644 references/holden-interval-ave-2026-09-12/submitted/MANIFEST.md
 create mode 100644 references/holden-interval-ave-2026-09-12/submitted/README.md
 create mode 100644 references/holden-interval-ave-2026-09-12/submitted/SHA256SUMS
 create mode 100644 references/holden-interval-ave-2026-09-12/submitted/source_notes/SOURCES.md
 create mode 100644 references/holden-interval-ave-2026-09-12/submitted/verification_summary.json
 create mode 100644 references/holden-interval-ave-2026-09-12/submitted/verify_pack.py
 create mode 100644 references/holden-interval-ave-2026-09-12/verification/AV-03-review.md
 create mode 100644 references/holden-interval-ave-2026-09-12/verification/IV-01-review.md
 create mode 100644 references/holden-interval-ave-2026-09-12/verification/exact-suite-results.json
