matrix-inequalities-and-norms/MI-03/lean/verification/linux-2026-09-12/job-103631122518.log:219: trailing whitespace.
+2026-09-12T22:23:38.7124932Z 
matrix-inequalities-and-norms/MI-03/lean/verification/linux-2026-09-12/job-103631122518.log:222: trailing whitespace.
+2026-09-12T22:23:38.7125969Z 
matrix-inequalities-and-norms/MI-03/lean/verification/linux-2026-09-12/job-103631122518.log:241: trailing whitespace.
+2026-09-12T22:23:38.9089087Z 
matrix-inequalities-and-norms/MI-03/lean/verification/linux-2026-09-12/job-103631122518.log:244: trailing whitespace.
+2026-09-12T22:23:38.9090172Z 
matrix-inequalities-and-norms/MI-03/lean/verification/linux-2026-09-12/job-103631153252.log:140: trailing whitespace.
+2026-09-12T22:23:59.5995167Z 
matrix-inequalities-and-norms/MI-03/lean/verification/linux-2026-09-12/job-103631153252.log:189: trailing whitespace.
+2026-09-12T22:23:59.7408828Z 
matrix-inequalities-and-norms/MI-03/lean/verification/linux-2026-09-12/job-103631153252.log:227: trailing whitespace.
+2026-09-12T22:24:12.2221130Z 
matrix-inequalities-and-norms/MI-03/lean/verification/linux-2026-09-12/job-103631153252.log:324: trailing whitespace.
+2026-09-12T22:24:20.4282983Z (Reading database ... 
matrix-inequalities-and-norms/MI-03/lean/verification/linux-2026-09-12/job-103631153252.log:351: trailing whitespace.
+2026-09-12T22:24:22.2508165Z 
matrix-inequalities-and-norms/MI-03/lean/verification/linux-2026-09-12/job-103631153252.log:353: trailing whitespace.
+2026-09-12T22:24:22.2509218Z 
matrix-inequalities-and-norms/MI-03/lean/verification/linux-2026-09-12/job-103631153252.log:355: trailing whitespace.
+2026-09-12T22:24:22.2509733Z 
matrix-inequalities-and-norms/MI-03/lean/verification/linux-2026-09-12/job-103631153252.log:357: trailing whitespace.
+2026-09-12T22:24:22.2510149Z 
matrix-inequalities-and-norms/MI-03/lean/verification/linux-2026-09-12/job-103631153252.log:359: trailing whitespace.
+2026-09-12T22:24:22.2510619Z 
matrix-inequalities-and-norms/MI-03/lean/verification/linux-2026-09-12/job-103631153252.log:442: trailing whitespace.
+2026-09-12T22:24:44.3388647Z 
matrix-inequalities-and-norms/MI-03/lean/verification/linux-2026-09-12/job-103631153252.log:473: trailing whitespace.
+2026-09-12T22:24:44.3405365Z 
matrix-inequalities-and-norms/MI-03/lean/verification/linux-2026-09-12/job-103631153252.log:483: trailing whitespace.
+2026-09-12T22:24:44.3410409Z 
matrix-inequalities-and-norms/MI-03/lean/verification/linux-2026-09-12/job-103631153252.log:493: trailing whitespace.
+2026-09-12T22:24:44.3415666Z 
matrix-inequalities-and-norms/MI-03/lean/verification/linux-2026-09-12/job-103631153252.log:503: trailing whitespace.
+2026-09-12T22:24:44.3420524Z 
matrix-inequalities-and-norms/MI-03/lean/verification/linux-2026-09-12/job-103631153252.log:513: trailing whitespace.
+2026-09-12T22:24:44.3425742Z 
matrix-inequalities-and-norms/MI-03/lean/verification/linux-2026-09-12/job-103631153252.log:544: trailing whitespace.
+2026-09-12T22:24:45.9178879Z 
matrix-inequalities-and-norms/MI-03/lean/verification/linux-2026-09-12/job-103631153252.log:561: trailing whitespace.
+2026-09-12T22:24:47.9650552Z 
matrix-inequalities-and-norms/MI-03/lean/verification/linux-2026-09-12/job-103631153252.log:576: trailing whitespace.
+2026-09-12T22:24:49.8054245Z 
matrix-inequalities-and-norms/MI-03/lean/verification/linux-2026-09-12/job-103631153252.log:591: trailing whitespace.
+2026-09-12T22:24:51.6611631Z 
matrix-inequalities-and-norms/MI-03/lean/verification/linux-2026-09-12/job-103631153252.log:606: trailing whitespace.
+2026-09-12T22:24:53.5260770Z 
matrix-inequalities-and-norms/MI-03/lean/verification/linux-2026-09-12/job-103631153359.log:171: trailing whitespace.
+2026-09-12T22:24:03.8933708Z 
matrix-inequalities-and-norms/MI-03/lean/verification/linux-2026-09-12/job-103631153359.log:220: trailing whitespace.
+2026-09-12T22:24:04.0248301Z 
matrix-inequalities-and-norms/MI-03/lean/verification/linux-2026-09-12/job-103631153359.log:258: trailing whitespace.
+2026-09-12T22:24:16.2953010Z 
matrix-inequalities-and-norms/MI-03/lean/verification/linux-2026-09-12/job-103631153359.log:355: trailing whitespace.
+2026-09-12T22:24:24.3290658Z (Reading database ... 
matrix-inequalities-and-norms/MI-03/lean/verification/linux-2026-09-12/job-103631153359.log:382: trailing whitespace.
+2026-09-12T22:24:26.4223989Z 
matrix-inequalities-and-norms/MI-03/lean/verification/linux-2026-09-12/job-103631153359.log:384: trailing whitespace.
+2026-09-12T22:24:26.4224982Z 
matrix-inequalities-and-norms/MI-03/lean/verification/linux-2026-09-12/job-103631153359.log:386: trailing whitespace.
+2026-09-12T22:24:26.4225367Z 
matrix-inequalities-and-norms/MI-03/lean/verification/linux-2026-09-12/job-103631153359.log:388: trailing whitespace.
+2026-09-12T22:24:26.4226184Z 
matrix-inequalities-and-norms/MI-03/lean/verification/linux-2026-09-12/job-103631153359.log:390: trailing whitespace.
+2026-09-12T22:24:26.4226672Z 
matrix-inequalities-and-norms/MI-03/lean/verification/linux-2026-09-12/job-103631153359.log:474: trailing whitespace.
+2026-09-12T22:24:48.0114079Z 
matrix-inequalities-and-norms/MI-03/lean/verification/linux-2026-09-12/job-103631153359.log:505: trailing whitespace.
+2026-09-12T22:24:48.0123651Z 
matrix-inequalities-and-norms/MI-03/lean/verification/linux-2026-09-12/job-103631153359.log:515: trailing whitespace.
+2026-09-12T22:24:48.0127361Z 
matrix-inequalities-and-norms/MI-03/lean/verification/linux-2026-09-12/job-103631153359.log:525: trailing whitespace.
+2026-09-12T22:24:48.0130155Z 
matrix-inequalities-and-norms/MI-03/lean/verification/linux-2026-09-12/job-103631153359.log:535: trailing whitespace.
+2026-09-12T22:24:48.0132942Z 
matrix-inequalities-and-norms/MI-03/lean/verification/linux-2026-09-12/job-103631153359.log:545: trailing whitespace.
+2026-09-12T22:24:48.0136055Z 
matrix-inequalities-and-norms/MI-03/lean/verification/linux-2026-09-12/job-103631153359.log:576: trailing whitespace.
+2026-09-12T22:24:49.5980354Z 
matrix-inequalities-and-norms/MI-03/lean/verification/linux-2026-09-12/job-103631153359.log:593: trailing whitespace.
+2026-09-12T22:24:51.6837760Z 
matrix-inequalities-and-norms/MI-03/lean/verification/linux-2026-09-12/job-103631153359.log:608: trailing whitespace.
+2026-09-12T22:24:53.5309694Z 
matrix-inequalities-and-norms/MI-03/lean/verification/linux-2026-09-12/job-103631153359.log:623: trailing whitespace.
+2026-09-12T22:24:55.3923481Z 
matrix-inequalities-and-norms/MI-03/lean/verification/linux-2026-09-12/job-103631153359.log:638: trailing whitespace.
+2026-09-12T22:24:57.2518990Z 
matrix-inequalities-and-norms/MI-03/lean/verification/linux-2026-09-12/job-103631153359.log:730: trailing whitespace.
+2026-09-12T22:26:15.2958280Z 
matrix-inequalities-and-norms/MI-03/lean/verification/linux-2026-09-12/permanent-id-job-103631122512.log:190: trailing whitespace.
+2026-09-12T22:23:33.4056544Z 
matrix-inequalities-and-norms/MI-03/lean/verification/linux-2026-09-12/permanent-id-job-103631122512.log:193: trailing whitespace.
+2026-09-12T22:23:33.4057376Z 
matrix-inequalities-and-norms/MI-03/lean/verification/linux-2026-09-12/permanent-id-job-103631122512.log:202: trailing whitespace.
+2026-09-12T22:23:33.5717688Z 
matrix-inequalities-and-norms/MI-03/lean/verification/linux-2026-09-12/permanent-id-job-103631122512.log:205: trailing whitespace.
+2026-09-12T22:23:33.5718507Z 
matrix-inequalities-and-norms/MI-03/lean/verification/linux-2026-09-12/permanent-id-job-103631122512.log:260: trailing whitespace.
+2026-09-12T22:23:40.5155742Z (Reading database ... 
matrix-inequalities-and-norms/MI-03/lean/verification/linux-2026-09-12/permanent-id-job-103631122512.log:291: trailing whitespace.
+2026-09-12T22:23:43.0396350Z 
matrix-inequalities-and-norms/MI-03/lean/verification/linux-2026-09-12/permanent-id-job-103631122512.log:293: trailing whitespace.
+2026-09-12T22:23:43.0397269Z 
matrix-inequalities-and-norms/MI-03/lean/verification/linux-2026-09-12/permanent-id-job-103631122512.log:295: trailing whitespace.
+2026-09-12T22:23:43.0397694Z 
matrix-inequalities-and-norms/MI-03/lean/verification/linux-2026-09-12/permanent-id-job-103631122512.log:297: trailing whitespace.
+2026-09-12T22:23:43.0397978Z 
matrix-inequalities-and-norms/MI-03/lean/verification/linux-2026-09-12/permanent-id-job-103631122512.log:299: trailing whitespace.
+2026-09-12T22:23:43.0398315Z 
matrix-inequalities-and-norms/MI-03/lean/verification/linux-2026-09-12/permanent-id-job-103631122512.log:324: trailing whitespace.
+2026-09-12T22:23:44.2539368Z 
matrix-inequalities-and-norms/MI-03/lean/verification/linux-2026-09-12/permanent-id-job-103631122512.log:327: trailing whitespace.
+2026-09-12T22:23:44.2540419Z 
matrix-inequalities-and-norms/MI-03/lean/verification/linux-2026-09-12/permanent-id-job-103631122512.log:340: trailing whitespace.
+2026-09-12T22:23:45.4258522Z 
matrix-inequalities-and-norms/MI-03/lean/verification/linux-2026-09-12/permanent-id-job-103631122512.log:343: trailing whitespace.
+2026-09-12T22:23:45.4259543Z 
matrix-inequalities-and-norms/MI-03/lean/verification/linux-2026-09-12/source/forsythe/.tools/lean4export/format_ndjson.md:7: trailing whitespace.
+{ 
matrix-inequalities-and-norms/MI-03/lean/verification/linux-2026-09-12/source/forsythe/.tools/lean4export/format_ndjson.md:9: trailing whitespace.
+        "exporter": { 
matrix-inequalities-and-norms/MI-03/lean/verification/linux-2026-09-12/source/forsythe/.tools/lean4export/format_ndjson.md:11: trailing whitespace.
+            "version": string 
matrix-inequalities-and-norms/MI-03/lean/verification/linux-2026-09-12/source/forsythe/.tools/lean4export/format_ndjson.md:12: trailing whitespace.
+            }, 
matrix-inequalities-and-norms/MI-03/lean/verification/linux-2026-09-12/source/forsythe/.tools/lean4export/format_ndjson.md:13: trailing whitespace.
+        "lean": { 
matrix-inequalities-and-norms/MI-03/lean/verification/linux-2026-09-12/source/forsythe/.tools/lean4export/format_ndjson.md:15: trailing whitespace.
+            "version": string 
matrix-inequalities-and-norms/MI-03/lean/verification/linux-2026-09-12/source/forsythe/.tools/lean4export/format_ndjson.md:19: trailing whitespace.
+        } 
matrix-inequalities-and-norms/MI-03/lean/verification/linux-2026-09-12/source/forsythe/.tools/lean4export/format_ndjson.md:182: trailing whitespace.
+ 
matrix-inequalities-and-norms/MI-03/lean/verification/linux-2026-09-12/source/forsythe/.tools/lean4export/format_ndjson.md:183: trailing whitespace.
+Expr.lit (Literal.natVal) 
matrix-inequalities-and-norms/MI-03/lean/verification/linux-2026-09-12/source/forsythe/.tools/lean4export/format_ndjson.md:269: trailing whitespace.
+NB: The official Lean kernel uses the field-less constructor `Lean.Declaration.quotDecl : Lean.Declaration` as the input to declare the quotient declarations, and then adds the four declarations that make up the quotient package to the environment. The export format includes the data of these generated declarations for convenience. 
matrix-inequalities-and-norms/MI-03/lean/verification/linux-2026-09-12/source/forsythe/.tools/lean4export/format_ndjson.md:284: trailing whitespace.
+NB: The official Lean kernel expects a `Lean.Declaration.inductDecl`, which contains a (mutual) group of inductive declarations with their constructors. From that the kernel derives the recursors, and informational fields like `isRec`, `isReflexive` or `cidx`. The export format includes the data of these generated declarations for convenience. 
matrix-inequalities-and-norms/MI-03/lean/verification/linux-2026-09-12/source/forsythe/.tools/lean4export/format_ndjson.md:352: new blank line at EOF.
matrix-inequalities-and-norms/MI-03/lean/verification/linux-2026-09-12/source/matrix-inequalities-and-norms/MI-03/README.md:3: trailing whitespace.
+**Difficulty:** challenging  
matrix-inequalities-and-norms/MI-03/lean/verification/linux-2026-09-12/source/matrix-inequalities-and-norms/MI-03/README.md:4: trailing whitespace.
+**Importance:** interesting to specialist  
matrix-inequalities-and-norms/MI-03/lean/verification/linux-2026-09-12/source/matrix-inequalities-and-norms/MI-03/README.md:5: trailing whitespace.
+**Status:** Solved  
matrix-inequalities-and-norms/MI-03/lean/verification/linux-2026-09-12/source/matrix-inequalities-and-norms/MI-03/solution.md:17: trailing whitespace.
+**Author:** Matthew J. Colbrook.  
matrix-inequalities-and-norms/MI-03/lean/verification/linux-2026-09-12/source/matrix-inequalities-and-norms/MI-03/solution.md:18: trailing whitespace.
+**Affiliation:** Department of Applied Mathematics and Theoretical Physics, University of Cambridge, Cambridge, United Kingdom.  
matrix-inequalities-and-norms/MI-03/lean/verification/linux-2026-09-12/source/matrix-inequalities-and-norms/MI-03/solution.md:19: trailing whitespace.
+**Email:** m.colbrook@damtp.cam.ac.uk.  
matrix-inequalities-and-norms/MI-03/lean/verification/publication-2026-09-12/initial-whitespace-check.log:2: trailing whitespace.
++**Status:** Lean verified  
matrix-inequalities-and-norms/MI-03/lean/verification/publication-2026-09-12/root-integration/backup/RESOLVED.md:405: trailing whitespace.
+[Canonical entry](matrix-inequalities-and-norms/MI-04/README.md) · [Complete proof](matrix-inequalities-and-norms/MI-04/solution.pdf) · [Independent review](references/colbrook-matrix-2026-09-11/verification/reviews/MI-04-review.md). **Theorem 1.1 and its proof.** The universal positive-block operator-norm property holds exactly when the off-diagonal block is essentially Hermitian. The proof applies in every finite dimension without invertibility or distinct-singular-value assumptions. 
matrix-inequalities-and-norms/MI-03/lean/verification/publication-2026-09-12/root-integration/backup/RESOLVED.md:409: trailing whitespace.
+[Canonical entry](matrix-inequalities-and-norms/MI-06/README.md) · [Complete proof](matrix-inequalities-and-norms/MI-06/solution.pdf) · [Independent review](references/colbrook-matrix-2026-09-11/verification/reviews/MI-06-review.md). **Theorem 1.1 and its proof.** No finite constant permits the proposed two-unitary Loewner-order domination for the arithmetic symmetric modulus, already in dimension three. A fixed rational example also refutes the proposed $\sqrt2$ constant. This concerns matrix order, not a separate norm triangle inequality. 
matrix-inequalities-and-norms/MI-03/lean/verification/publication-2026-09-12/root-integration/backup/RESOLVED.md:415: trailing whitespace.
+[Canonical entry](matrix-inequalities-and-norms/MI-07/README.md) · [Complete proof](matrix-inequalities-and-norms/MI-07/solution.pdf) · [Independent review](references/colbrook-matrix-2026-09-11/verification/reviews/MI-07-review.md). **Theorem 1.1 and its proof.** No finite two-unitary domination constant exists for the maximal symmetric modulus, already in dimension two. The rank-one family gives the necessary bound $C\ge\sqrt{1+t^2}/t$ for every $t>0$. 
matrix-inequalities-and-norms/MI-03/lean/verification/publication-2026-09-12/root-integration/backup/RESOLVED.md:422: trailing whitespace.
+[Canonical entry](matrix-inequalities-and-norms/MI-19/README.md) · [Complete proof](matrix-inequalities-and-norms/MI-19/solution.pdf) · [Independent review](references/colbrook-matrix-2026-09-11/verification/reviews/MI-19-review.md). **Theorem 1.1 and its proof.** A real order-four PSD Gram matrix, $q=7/8$ and the interior singleton $S=\{2\}$ give full minus restricted $q$-permanent equal to $-3235575/16384$. Inversions are counted in the full original ordering. The strict counterexample also persists under sufficiently small positive diagonal perturbations. 
matrix-inequalities-and-norms/MI-03/lean/verification/publication-2026-09-12/root-integration/backup/RESOLVED.md:434: trailing whitespace.
+[Canonical entry](matrix-inequalities-and-norms/MI-22/README.md) · [Complete proof](matrix-inequalities-and-norms/MI-22/solution.pdf) · [Independent review](references/colbrook-matrix-2026-09-11/verification/reviews/MI-22-review.md). **Theorem 1.1 and its proof.** Rational positive definite $3\times3$ matrices at $t=1/8$ violate the first singular-value inequality: the left operator norm exceeds 10900, while $\|AB\|_2<10200$. Exact rational root residuals and a proved operator-root error bound certify the actual principal powers. 
matrix-inequalities-and-norms/MI-03/lean/verification/publication-2026-09-12/root-integration/backup/RESOLVED.md:438: trailing whitespace.
+[Canonical entry](matrix-inequalities-and-norms/MI-23/README.md) · [Complete proof](matrix-inequalities-and-norms/MI-23/solution.pdf) · [Independent review](references/colbrook-matrix-2026-09-11/verification/reviews/MI-23-review.md). **Theorem 1.1 and its proof.** Rational positive definite $3\times3$ matrices with $r=s=1$, $p=2$ and $t=1/8$ violate the corrected eigenvalue log-majorization conjecture. An exact integer-power construction and rational norm separation establish failure of the first ordered eigenvalue inequality. 
matrix-inequalities-and-norms/MI-03/lean/verification/publication-2026-09-12/root-integration/backup/matrix-inequalities-and-norms/MI-03/README.md:3: trailing whitespace.
+**Difficulty:** challenging  
matrix-inequalities-and-norms/MI-03/lean/verification/publication-2026-09-12/root-integration/backup/matrix-inequalities-and-norms/MI-03/README.md:4: trailing whitespace.
+**Importance:** interesting to specialist  
