'NLA.IE06.GaussianPrefixDecomposition.fiberLaw' depends on axioms: [propext, Classical.choice, Quot.sound]
'NLA.IE06.GaussianPrefixDecomposition.prefixInput' depends on axioms: [propext, Classical.choice, Quot.sound]
'NLA.IE06.GaussianPrefixDecomposition.restricted_strict_ae' depends on axioms: [propext, Classical.choice, Quot.sound]
'NLA.IE06.GaussianPrefixDecomposition.product_strict_ae' depends on axioms: [propext, Classical.choice, Quot.sound]
'NLA.IE06.GaussianPrefixDecomposition.prefix_order_ae' depends on axioms: [propext, Classical.choice, Quot.sound]
'NLA.IE06.GaussianPrefixDecomposition.prefix_data_ae' depends on axioms: [propext, Classical.choice, Quot.sound]
'NLA.IE06.GaussianPrefixDecomposition.prefixInput_measurable' depends on axioms: [propext, Classical.choice, Quot.sound]
'NLA.IE06.GaussianPrefixDecomposition.retainedRows_measurable' depends on axioms: [propext,
 Classical.choice,
 Quot.sound]
'NLA.IE06.GaussianPrefixDecomposition.retained_rowNorm_measurable' depends on axioms: [propext,
 Classical.choice,
 Quot.sound]
'NLA.IE06.GaussianPrefixDecomposition.measurableSet_bad_retainedRows' depends on axioms: [propext,
 Classical.choice,
 Quot.sound]
'NLA.IE06.GaussianPrefixDecomposition.retained_rows_tail' depends on axioms: [propext, Classical.choice, Quot.sound]
'NLA.IE06.GaussianPrefixDecomposition.exists_prefix_decomposition' depends on axioms: [propext,
 Classical.choice,
 Quot.sound]
'NLA.IE06.GaussianStageSmoothing.lintegral_le_exception_add' depends on axioms: [propext, Classical.choice, Quot.sound]
'NLA.IE06.GaussianStageSmoothing.stage_tail' depends on axioms: [propext, Classical.choice, Quot.sound]
