$ systemd-run --user --quiet --wait --pipe --collect -p 'RestrictAddressFamilies=~AF_UNIX' --working-directory /home/runner/work/_temp/nla-lean-tools/.verification-tmp/nla-fresh-proof-s2_68m1m/project /usr/bin/env -i PATH=/home/runner/.elan/toolchains/leanprover--lean4---v4.33.1/bin:/home/runner/.elan/bin:/home/runner/go/bin:/opt/hostedtoolcache/go/1.27.1/x64/bin:/snap/bin:/home/runner/.local/bin:/opt/pipx_bin:/home/runner/.cargo/bin:/home/runner/.config/composer/vendor/bin:/usr/local/.ghcup/bin:/home/runner/.dotnet/tools:/usr/local/sbin:/usr/local/bin:/usr/sbin:/usr/bin:/sbin:/bin:/usr/games:/usr/local/games:/snap/bin HOME=/home/runner LANG=C.UTF-8 XDG_RUNTIME_DIR=/run/user/1001 DBUS_SESSION_BUS_ADDRESS=unix:path=/run/user/1001/bus GIT_TERMINAL_PROMPT=0 GIT_CONFIG_NOSYSTEM=1 GIT_CONFIG_GLOBAL=/dev/null COMPARATOR_BIN=/home/runner/work/_temp/nla-lean-tools/.tools/comparator/.lake/build/bin/comparator COMPARATOR_LEAN4EXPORT=/home/runner/work/_temp/nla-lean-tools/.tools/lean4export/.lake/build/bin/lean4export COMPARATOR_LANDRUN=/home/runner/work/_temp/nla-lean-tools/scripts/strict_landrun.py XDG_CACHE_HOME=/home/runner/work/_temp/nla-lean-tools/.tools/cache TMPDIR=/home/runner/work/_temp/nla-lean-tools/.verification-tmp lake env /home/runner/work/_temp/nla-lean-tools/.tools/comparator/.lake/build/bin/comparator comparator.json
Building Challenge
✔ [2401/2403] Built NLA.MF12.Definitions (2.3s)
⚠ [2402/2403] Built Challenge (2.2s)
warning: Challenge.lean:16:8: declaration uses `sorry`
warning: Challenge.lean:24:8: declaration uses `sorry`
warning: Challenge.lean:28:8: declaration uses `sorry`
warning: Challenge.lean:34:8: declaration uses `sorry`
warning: Challenge.lean:40:8: declaration uses `sorry`
warning: Challenge.lean:45:8: declaration uses `sorry`
warning: Challenge.lean:50:8: declaration uses `sorry`
warning: Challenge.lean:54:8: declaration uses `sorry`
warning: Challenge.lean:57:8: declaration uses `sorry`
warning: Challenge.lean:60:8: declaration uses `sorry`
warning: Challenge.lean:65:8: declaration uses `sorry`
warning: Challenge.lean:71:8: declaration uses `sorry`
warning: Challenge.lean:74:8: declaration uses `sorry`
warning: Challenge.lean:79:8: declaration uses `sorry`
warning: Challenge.lean:83:8: declaration uses `sorry`
warning: Challenge.lean:87:8: declaration uses `sorry`
warning: Challenge.lean:92:8: declaration uses `sorry`
warning: Challenge.lean:97:8: declaration uses `sorry`
warning: Challenge.lean:104:8: declaration uses `sorry`
warning: Challenge.lean:108:8: declaration uses `sorry`
warning: Challenge.lean:115:8: declaration uses `sorry`
warning: Challenge.lean:120:8: declaration uses `sorry`
warning: Challenge.lean:127:8: declaration uses `sorry`
warning: Challenge.lean:133:8: declaration uses `sorry`
warning: Challenge.lean:137:8: declaration uses `sorry`
warning: Challenge.lean:143:8: declaration uses `sorry`
warning: Challenge.lean:146:8: declaration uses `sorry`
warning: Challenge.lean:155:8: declaration uses `sorry`
Build completed successfully (2403 jobs).
Exporting #[Quot, Quot.mk, Quot.lift, Quot.ind, NLA.MF12.family_growth_is_maximum, NLA.MF12.pair_word_norms, NLA.MF12.entry_maximum_norm_comparison, NLA.MF12.tensor_norm_comparison, NLA.MF12.tensor_word_identity, NLA.MF12.fractional_parameters, NLA.MF12.fractional_projection, NLA.MF12.jordan_two_power, NLA.MF12.compressed_powers, NLA.MF12.loss_gain_bounds, NLA.MF12.telescoping_budget, NLA.MF12.compressed_product_formula, NLA.MF12.compressed_product_bound, NLA.MF12.fractional_powers_entry_bound, NLA.MF12.gap_decomposition, NLA.MF12.reset_product_factorization, NLA.MF12.fractional_all_word_upper, NLA.MF12.logarithmic_gap_bounds, NLA.MF12.bernoulli_loss, NLA.MF12.lower_word_exact, NLA.MF12.fractional_lower_all_lengths, NLA.MF12.fractional_growth_estimates, NLA.MF12.roots_of_polynomial_growth, NLA.MF12.jordan_entries, NLA.MF12.jordan_growth_estimates, NLA.MF12.integer_family_growth, NLA.MF12.fractional_tensor_growth, NLA.MF12.realizes_every_nonnegative_exponent, propext, Classical.choice, Quot.sound, Nat.add, Nat.sub, Nat.mul, Nat.pow, Nat.gcd, Nat.div, Nat.mod, Nat.beq, Nat.ble, Nat.land, Nat.lor, Nat.xor, Nat.shiftLeft, Nat.shiftRight, String.ofList, Char.ofNat, List, eagerReduce, Nat, String, String.mk, Char, optParam, autoParam, semiOutParam, outParam] from Challenge
Building Solution
✔ [3100/3119] Built LeanCert.Tactic.Verification (2.2s)
⚠ [3101/3119] Built NLA.MF12.RootLimit (5.3s)
warning: NLA/MF12/RootLimit.lean:49:5: Variable name `hγ` is not explicitly referenced.

Hint: The binding can be removed (if unused) or named `_` (if used implicitly). Alternatively, prefix the name with `_` to silence this warning:
  [apply] _hγ

Note: This linter can be disabled with `set_option linter.unusedVariables false`
info: NLA/MF12/RootLimit.lean:65:0: 'NLA.MF12.roots_of_polynomial_growth' depends on axioms: [propext, Classical.choice, Quot.sound]
⚠ [3102/3119] Built NLA.MF12.Norms (6.5s)
warning: NLA/MF12/Norms.lean:32:10: This simp argument is unused:
  Matrix.mulVec_single_one

Hint: Omit it from the simp argument list.
  [apply] simp

Note: This linter can be disabled with `set_option linter.unusedSimpArgs false`
info: NLA/MF12/Norms.lean:116:0: 'NLA.MF12.entry_maximum_norm_comparison' depends on axioms: [propext, Classical.choice, Quot.sound]
ℹ [3103/3119] Built NLA.MF12.Parameters (6.8s)
info: NLA/MF12/Parameters.lean:129:0: 'NLA.MF12.fractional_parameters' depends on axioms: [propext, Classical.choice, Quot.sound]
info: NLA/MF12/Parameters.lean:130:0: 'NLA.MF12.loss_gain_bounds' depends on axioms: [propext, Classical.choice, Quot.sound]
info: NLA/MF12/Parameters.lean:131:0: 'NLA.MF12.bernoulli_loss' depends on axioms: [propext, Classical.choice, Quot.sound]
ℹ [3104/3119] Built NLA.MF12.Words (3.6s)
info: NLA/MF12/Words.lean:140:0: 'NLA.MF12.family_growth_is_maximum' depends on axioms: [propext, Classical.choice, Quot.sound]
info: NLA/MF12/Words.lean:141:0: 'NLA.MF12.pair_word_norms' depends on axioms: [propext, Classical.choice, Quot.sound]
⚠ [3105/3119] Built NLA.MF12.MatrixAlgebra (8.0s)
warning: NLA/MF12/MatrixAlgebra.lean:66:57: Used `tac1 <;> tac2` where `(tac1; tac2)` would suffice

Note: This linter can be disabled with `set_option linter.unnecessarySeqFocus false`
warning: NLA/MF12/MatrixAlgebra.lean:159:15: This simp argument is unused:
  pow_succ

Hint: Omit it from the simp argument list.
  [apply] simp only [Nat.cast_add, Nat.cast_one, zero_mul, mul_zero, zero_add, add_zero, one_mul, mul_one]

Note: This linter can be disabled with `set_option linter.unusedSimpArgs false`
warning: NLA/MF12/MatrixAlgebra.lean:159:25: This simp argument is unused:
  Nat.cast_add

Hint: Omit it from the simp argument list.
  [apply] simp only [pow_succ, Nat.cast_one, zero_mul, mul_zero, zero_add, add_zero, one_mul, mul_one]

Note: This linter can be disabled with `set_option linter.unusedSimpArgs false`
warning: NLA/MF12/MatrixAlgebra.lean:159:39: This simp argument is unused:
  Nat.cast_one

Hint: Omit it from the simp argument list.
  [apply] simp only [pow_succ, Nat.cast_add, zero_mul, mul_zero, zero_add, add_zero, one_mul, mul_one]

Note: This linter can be disabled with `set_option linter.unusedSimpArgs false`
warning: NLA/MF12/MatrixAlgebra.lean:159:53: This simp argument is unused:
  zero_mul

Hint: Omit it from the simp argument list.
  [apply] simp only [pow_succ, Nat.cast_add, Nat.cast_one, mul_zero, zero_add, add_zero, one_mul, mul_one]

Note: This linter can be disabled with `set_option linter.unusedSimpArgs false`
warning: NLA/MF12/MatrixAlgebra.lean:160:6: This simp argument is unused:
  zero_add

Hint: Omit it from the simp argument list.
  [apply] simp only [pow_succ, Nat.cast_add, Nat.cast_one, zero_mul, mul_zero, add_zero, one_mul, mul_one]

Note: This linter can be disabled with `set_option linter.unusedSimpArgs false`
warning: NLA/MF12/MatrixAlgebra.lean:160:26: This simp argument is unused:
  one_mul

Hint: Omit it from the simp argument list.
  [apply] simp only [pow_succ, Nat.cast_add, Nat.cast_one, zero_mul, mul_zero, zero_add, add_zero, mul_one]

Note: This linter can be disabled with `set_option linter.unusedSimpArgs false`
warning: NLA/MF12/MatrixAlgebra.lean:162:15: This simp argument is unused:
  pow_succ

Hint: Omit it from the simp argument list.
  [apply] simp only [Nat.cast_add, Nat.cast_one, zero_mul, mul_zero, zero_add, add_zero, one_mul, mul_one]

Note: This linter can be disabled with `set_option linter.unusedSimpArgs false`
warning: NLA/MF12/MatrixAlgebra.lean:162:25: This simp argument is unused:
  Nat.cast_add

Hint: Omit it from the simp argument list.
  [apply] simp only [pow_succ, Nat.cast_one, zero_mul, mul_zero, zero_add, add_zero, one_mul, mul_one]

Note: This linter can be disabled with `set_option linter.unusedSimpArgs false`
warning: NLA/MF12/MatrixAlgebra.lean:162:39: This simp argument is unused:
  Nat.cast_one

Hint: Omit it from the simp argument list.
  [apply] simp only [pow_succ, Nat.cast_add, zero_mul, mul_zero, zero_add, add_zero, one_mul, mul_one]

Note: This linter can be disabled with `set_option linter.unusedSimpArgs false`
warning: NLA/MF12/MatrixAlgebra.lean:163:6: This simp argument is unused:
  zero_add

Hint: Omit it from the simp argument list.
  [apply] simp only [pow_succ, Nat.cast_add, Nat.cast_one, zero_mul, mul_zero, add_zero, one_mul, mul_one]

Note: This linter can be disabled with `set_option linter.unusedSimpArgs false`
warning: NLA/MF12/MatrixAlgebra.lean:163:26: This simp argument is unused:
  one_mul

Hint: Omit it from the simp argument list.
  [apply] simp only [pow_succ, Nat.cast_add, Nat.cast_one, zero_mul, mul_zero, zero_add, add_zero, mul_one]

Note: This linter can be disabled with `set_option linter.unusedSimpArgs false`
warning: NLA/MF12/MatrixAlgebra.lean:163:35: This simp argument is unused:
  mul_one

Hint: Omit it from the simp argument list.
  [apply] simp only [pow_succ, Nat.cast_add, Nat.cast_one, zero_mul, mul_zero, zero_add, add_zero, one_mul]

Note: This linter can be disabled with `set_option linter.unusedSimpArgs false`
warning: NLA/MF12/MatrixAlgebra.lean:165:15: This simp argument is unused:
  pow_succ

Hint: Omit it from the simp argument list.
  [apply] simp only [Nat.cast_add, Nat.cast_one, zero_mul, mul_zero, zero_add, add_zero, one_mul, mul_one]

Note: This linter can be disabled with `set_option linter.unusedSimpArgs false`
warning: NLA/MF12/MatrixAlgebra.lean:165:25: This simp argument is unused:
  Nat.cast_add

Hint: Omit it from the simp argument list.
  [apply] simp only [pow_succ, Nat.cast_one, zero_mul, mul_zero, zero_add, add_zero, one_mul, mul_one]

Note: This linter can be disabled with `set_option linter.unusedSimpArgs false`
warning: NLA/MF12/MatrixAlgebra.lean:165:39: This simp argument is unused:
  Nat.cast_one

Hint: Omit it from the simp argument list.
  [apply] simp only [pow_succ, Nat.cast_add, zero_mul, mul_zero, zero_add, add_zero, one_mul, mul_one]

Note: This linter can be disabled with `set_option linter.unusedSimpArgs false`
warning: NLA/MF12/MatrixAlgebra.lean:166:6: This simp argument is unused:
  zero_add

Hint: Omit it from the simp argument list.
  [apply] simp only [pow_succ, Nat.cast_add, Nat.cast_one, zero_mul, mul_zero, add_zero, one_mul, mul_one]

Note: This linter can be disabled with `set_option linter.unusedSimpArgs false`
warning: NLA/MF12/MatrixAlgebra.lean:166:26: This simp argument is unused:
  one_mul

Hint: Omit it from the simp argument list.
  [apply] simp only [pow_succ, Nat.cast_add, Nat.cast_one, zero_mul, mul_zero, zero_add, add_zero, mul_one]

Note: This linter can be disabled with `set_option linter.unusedSimpArgs false`
warning: NLA/MF12/MatrixAlgebra.lean:166:35: This simp argument is unused:
  mul_one

Hint: Omit it from the simp argument list.
  [apply] simp only [pow_succ, Nat.cast_add, Nat.cast_one, zero_mul, mul_zero, zero_add, add_zero, one_mul]

Note: This linter can be disabled with `set_option linter.unusedSimpArgs false`
warning: NLA/MF12/MatrixAlgebra.lean:168:15: This simp argument is unused:
  pow_succ

Hint: Omit it from the simp argument list.
  [apply] simp only [Nat.cast_add, Nat.cast_one, zero_mul, mul_zero, zero_add, add_zero, one_mul, mul_one]

Note: This linter can be disabled with `set_option linter.unusedSimpArgs false`
warning: NLA/MF12/MatrixAlgebra.lean:168:25: This simp argument is unused:
  Nat.cast_add

Hint: Omit it from the simp argument list.
  [apply] simp only [pow_succ, Nat.cast_one, zero_mul, mul_zero, zero_add, add_zero, one_mul, mul_one]

Note: This linter can be disabled with `set_option linter.unusedSimpArgs false`
warning: NLA/MF12/MatrixAlgebra.lean:168:39: This simp argument is unused:
  Nat.cast_one

Hint: Omit it from the simp argument list.
  [apply] simp only [pow_succ, Nat.cast_add, zero_mul, mul_zero, zero_add, add_zero, one_mul, mul_one]

Note: This linter can be disabled with `set_option linter.unusedSimpArgs false`
warning: NLA/MF12/MatrixAlgebra.lean:169:6: This simp argument is unused:
  zero_add

Hint: Omit it from the simp argument list.
  [apply] simp only [pow_succ, Nat.cast_add, Nat.cast_one, zero_mul, mul_zero, add_zero, one_mul, mul_one]

Note: This linter can be disabled with `set_option linter.unusedSimpArgs false`
warning: NLA/MF12/MatrixAlgebra.lean:169:26: This simp argument is unused:
  one_mul

Hint: Omit it from the simp argument list.
  [apply] simp only [pow_succ, Nat.cast_add, Nat.cast_one, zero_mul, mul_zero, zero_add, add_zero, mul_one]

Note: This linter can be disabled with `set_option linter.unusedSimpArgs false`
warning: NLA/MF12/MatrixAlgebra.lean:169:35: This simp argument is unused:
  mul_one

Hint: Omit it from the simp argument list.
  [apply] simp only [pow_succ, Nat.cast_add, Nat.cast_one, zero_mul, mul_zero, zero_add, add_zero, one_mul]

Note: This linter can be disabled with `set_option linter.unusedSimpArgs false`
warning: NLA/MF12/MatrixAlgebra.lean:171:15: This simp argument is unused:
  pow_succ

Hint: Omit it from the simp argument list.
  [apply] simp only [Nat.cast_add, Nat.cast_one, zero_mul, mul_zero, zero_add, add_zero, one_mul, mul_one]

Note: This linter can be disabled with `set_option linter.unusedSimpArgs false`
warning: NLA/MF12/MatrixAlgebra.lean:171:25: This simp argument is unused:
  Nat.cast_add

Hint: Omit it from the simp argument list.
  [apply] simp only [pow_succ, Nat.cast_one, zero_mul, mul_zero, zero_add, add_zero, one_mul, mul_one]

Note: This linter can be disabled with `set_option linter.unusedSimpArgs false`
warning: NLA/MF12/MatrixAlgebra.lean:171:39: This simp argument is unused:
  Nat.cast_one

Hint: Omit it from the simp argument list.
  [apply] simp only [pow_succ, Nat.cast_add, zero_mul, mul_zero, zero_add, add_zero, one_mul, mul_one]

Note: This linter can be disabled with `set_option linter.unusedSimpArgs false`
warning: NLA/MF12/MatrixAlgebra.lean:172:6: This simp argument is unused:
  zero_add

Hint: Omit it from the simp argument list.
  [apply] simp only [pow_succ, Nat.cast_add, Nat.cast_one, zero_mul, mul_zero, add_zero, one_mul, mul_one]

Note: This linter can be disabled with `set_option linter.unusedSimpArgs false`
warning: NLA/MF12/MatrixAlgebra.lean:172:26: This simp argument is unused:
  one_mul

Hint: Omit it from the simp argument list.
  [apply] simp only [pow_succ, Nat.cast_add, Nat.cast_one, zero_mul, mul_zero, zero_add, add_zero, mul_one]

Note: This linter can be disabled with `set_option linter.unusedSimpArgs false`
warning: NLA/MF12/MatrixAlgebra.lean:172:35: This simp argument is unused:
  mul_one

Hint: Omit it from the simp argument list.
  [apply] simp only [pow_succ, Nat.cast_add, Nat.cast_one, zero_mul, mul_zero, zero_add, add_zero, one_mul]

Note: This linter can be disabled with `set_option linter.unusedSimpArgs false`
warning: NLA/MF12/MatrixAlgebra.lean:174:15: This simp argument is unused:
  pow_succ

Hint: Omit it from the simp argument list.
  [apply] simp only [Nat.cast_add, Nat.cast_one, zero_mul, mul_zero, zero_add, add_zero, one_mul, mul_one]

Note: This linter can be disabled with `set_option linter.unusedSimpArgs false`
warning: NLA/MF12/MatrixAlgebra.lean:174:25: This simp argument is unused:
  Nat.cast_add

Hint: Omit it from the simp argument list.
  [apply] simp only [pow_succ, Nat.cast_one, zero_mul, mul_zero, zero_add, add_zero, one_mul, mul_one]

Note: This linter can be disabled with `set_option linter.unusedSimpArgs false`
warning: NLA/MF12/MatrixAlgebra.lean:174:39: This simp argument is unused:
  Nat.cast_one

Hint: Omit it from the simp argument list.
  [apply] simp only [pow_succ, Nat.cast_add, zero_mul, mul_zero, zero_add, add_zero, one_mul, mul_one]

Note: This linter can be disabled with `set_option linter.unusedSimpArgs false`
warning: NLA/MF12/MatrixAlgebra.lean:174:53: This simp argument is unused:
  zero_mul

Hint: Omit it from the simp argument list.
  [apply] simp only [pow_succ, Nat.cast_add, Nat.cast_one, mul_zero, zero_add, add_zero, one_mul, mul_one]

Note: This linter can be disabled with `set_option linter.unusedSimpArgs false`
warning: NLA/MF12/MatrixAlgebra.lean:175:6: This simp argument is unused:
  zero_add

Hint: Omit it from the simp argument list.
  [apply] simp only [pow_succ, Nat.cast_add, Nat.cast_one, zero_mul, mul_zero, add_zero, one_mul, mul_one]

Note: This linter can be disabled with `set_option linter.unusedSimpArgs false`
warning: NLA/MF12/MatrixAlgebra.lean:175:26: This simp argument is unused:
  one_mul

Hint: Omit it from the simp argument list.
  [apply] simp only [pow_succ, Nat.cast_add, Nat.cast_one, zero_mul, mul_zero, zero_add, add_zero, mul_one]

Note: This linter can be disabled with `set_option linter.unusedSimpArgs false`
warning: NLA/MF12/MatrixAlgebra.lean:177:15: This simp argument is unused:
  pow_succ

Hint: Omit it from the simp argument list.
  [apply] simp only [Nat.cast_add, Nat.cast_one, zero_mul, mul_zero, zero_add, add_zero, one_mul, mul_one]

Note: This linter can be disabled with `set_option linter.unusedSimpArgs false`
warning: NLA/MF12/MatrixAlgebra.lean:177:25: This simp argument is unused:
  Nat.cast_add

Hint: Omit it from the simp argument list.
  [apply] simp only [pow_succ, Nat.cast_one, zero_mul, mul_zero, zero_add, add_zero, one_mul, mul_one]

Note: This linter can be disabled with `set_option linter.unusedSimpArgs false`
warning: NLA/MF12/MatrixAlgebra.lean:177:39: This simp argument is unused:
  Nat.cast_one

Hint: Omit it from the simp argument list.
  [apply] simp only [pow_succ, Nat.cast_add, zero_mul, mul_zero, zero_add, add_zero, one_mul, mul_one]

Note: This linter can be disabled with `set_option linter.unusedSimpArgs false`
warning: NLA/MF12/MatrixAlgebra.lean:177:53: This simp argument is unused:
  zero_mul

Hint: Omit it from the simp argument list.
  [apply] simp only [pow_succ, Nat.cast_add, Nat.cast_one, mul_zero, zero_add, add_zero, one_mul, mul_one]

Note: This linter can be disabled with `set_option linter.unusedSimpArgs false`
warning: NLA/MF12/MatrixAlgebra.lean:178:6: This simp argument is unused:
  zero_add

Hint: Omit it from the simp argument list.
  [apply] simp only [pow_succ, Nat.cast_add, Nat.cast_one, zero_mul, mul_zero, add_zero, one_mul, mul_one]

Note: This linter can be disabled with `set_option linter.unusedSimpArgs false`
warning: NLA/MF12/MatrixAlgebra.lean:178:26: This simp argument is unused:
  one_mul

Hint: Omit it from the simp argument list.
  [apply] simp only [pow_succ, Nat.cast_add, Nat.cast_one, zero_mul, mul_zero, zero_add, add_zero, mul_one]

Note: This linter can be disabled with `set_option linter.unusedSimpArgs false`
warning: NLA/MF12/MatrixAlgebra.lean:180:25: This simp argument is unused:
  Nat.cast_add

Hint: Omit it from the simp argument list.
  [apply] simp only [pow_succ, Nat.cast_one, zero_mul, mul_zero, zero_add, add_zero, one_mul, mul_one]

Note: This linter can be disabled with `set_option linter.unusedSimpArgs false`
warning: NLA/MF12/MatrixAlgebra.lean:180:39: This simp argument is unused:
  Nat.cast_one

Hint: Omit it from the simp argument list.
  [apply] simp only [pow_succ, Nat.cast_add, zero_mul, mul_zero, zero_add, add_zero, one_mul, mul_one]

Note: This linter can be disabled with `set_option linter.unusedSimpArgs false`
warning: NLA/MF12/MatrixAlgebra.lean:180:53: This simp argument is unused:
  zero_mul

Hint: Omit it from the simp argument list.
  [apply] simp only [pow_succ, Nat.cast_add, Nat.cast_one, mul_zero, zero_add, add_zero, one_mul, mul_one]

Note: This linter can be disabled with `set_option linter.unusedSimpArgs false`
warning: NLA/MF12/MatrixAlgebra.lean:181:26: This simp argument is unused:
  one_mul

Hint: Omit it from the simp argument list.
  [apply] simp only [pow_succ, Nat.cast_add, Nat.cast_one, zero_mul, mul_zero, zero_add, add_zero, mul_one]

Note: This linter can be disabled with `set_option linter.unusedSimpArgs false`
warning: NLA/MF12/MatrixAlgebra.lean:181:35: This simp argument is unused:
  mul_one

Hint: Omit it from the simp argument list.
  [apply] simp only [pow_succ, Nat.cast_add, Nat.cast_one, zero_mul, mul_zero, zero_add, add_zero, one_mul]

Note: This linter can be disabled with `set_option linter.unusedSimpArgs false`
warning: NLA/MF12/MatrixAlgebra.lean:183:53: This simp argument is unused:
  zero_mul

Hint: Omit it from the simp argument list.
  [apply] simp only [pow_succ, Nat.cast_add, Nat.cast_one, mul_zero, zero_add, add_zero, one_mul, mul_one]

Note: This linter can be disabled with `set_option linter.unusedSimpArgs false`
warning: NLA/MF12/MatrixAlgebra.lean:184:26: This simp argument is unused:
  one_mul

Hint: Omit it from the simp argument list.
  [apply] simp only [pow_succ, Nat.cast_add, Nat.cast_one, zero_mul, mul_zero, zero_add, add_zero, mul_one]

Note: This linter can be disabled with `set_option linter.unusedSimpArgs false`
warning: NLA/MF12/MatrixAlgebra.lean:184:35: This simp argument is unused:
  mul_one

Hint: Omit it from the simp argument list.
  [apply] simp only [pow_succ, Nat.cast_add, Nat.cast_one, zero_mul, mul_zero, zero_add, add_zero, one_mul]

Note: This linter can be disabled with `set_option linter.unusedSimpArgs false`
warning: NLA/MF12/MatrixAlgebra.lean:186:15: This simp argument is unused:
  pow_succ

Hint: Omit it from the simp argument list.
  [apply] simp only [Nat.cast_add, Nat.cast_one, zero_mul, mul_zero, zero_add, add_zero, one_mul, mul_one]

Note: This linter can be disabled with `set_option linter.unusedSimpArgs false`
warning: NLA/MF12/MatrixAlgebra.lean:186:25: This simp argument is unused:
  Nat.cast_add

Hint: Omit it from the simp argument list.
  [apply] simp only [pow_succ, Nat.cast_one, zero_mul, mul_zero, zero_add, add_zero, one_mul, mul_one]

Note: This linter can be disabled with `set_option linter.unusedSimpArgs false`
warning: NLA/MF12/MatrixAlgebra.lean:186:39: This simp argument is unused:
  Nat.cast_one

Hint: Omit it from the simp argument list.
  [apply] simp only [pow_succ, Nat.cast_add, zero_mul, mul_zero, zero_add, add_zero, one_mul, mul_one]

Note: This linter can be disabled with `set_option linter.unusedSimpArgs false`
warning: NLA/MF12/MatrixAlgebra.lean:187:6: This simp argument is unused:
  zero_add

Hint: Omit it from the simp argument list.
  [apply] simp only [pow_succ, Nat.cast_add, Nat.cast_one, zero_mul, mul_zero, add_zero, one_mul, mul_one]

Note: This linter can be disabled with `set_option linter.unusedSimpArgs false`
warning: NLA/MF12/MatrixAlgebra.lean:187:26: This simp argument is unused:
  one_mul

Hint: Omit it from the simp argument list.
  [apply] simp only [pow_succ, Nat.cast_add, Nat.cast_one, zero_mul, mul_zero, zero_add, add_zero, mul_one]

Note: This linter can be disabled with `set_option linter.unusedSimpArgs false`
warning: NLA/MF12/MatrixAlgebra.lean:187:35: This simp argument is unused:
  mul_one

Hint: Omit it from the simp argument list.
  [apply] simp only [pow_succ, Nat.cast_add, Nat.cast_one, zero_mul, mul_zero, zero_add, add_zero, one_mul]

Note: This linter can be disabled with `set_option linter.unusedSimpArgs false`
warning: NLA/MF12/MatrixAlgebra.lean:189:15: This simp argument is unused:
  pow_succ

Hint: Omit it from the simp argument list.
  [apply] simp only [Nat.cast_add, Nat.cast_one, zero_mul, mul_zero, zero_add, add_zero, one_mul, mul_one]

Note: This linter can be disabled with `set_option linter.unusedSimpArgs false`
warning: NLA/MF12/MatrixAlgebra.lean:189:25: This simp argument is unused:
  Nat.cast_add

Hint: Omit it from the simp argument list.
  [apply] simp only [pow_succ, Nat.cast_one, zero_mul, mul_zero, zero_add, add_zero, one_mul, mul_one]

Note: This linter can be disabled with `set_option linter.unusedSimpArgs false`
warning: NLA/MF12/MatrixAlgebra.lean:189:39: This simp argument is unused:
  Nat.cast_one

Hint: Omit it from the simp argument list.
  [apply] simp only [pow_succ, Nat.cast_add, zero_mul, mul_zero, zero_add, add_zero, one_mul, mul_one]

Note: This linter can be disabled with `set_option linter.unusedSimpArgs false`
warning: NLA/MF12/MatrixAlgebra.lean:190:6: This simp argument is unused:
  zero_add

Hint: Omit it from the simp argument list.
  [apply] simp only [pow_succ, Nat.cast_add, Nat.cast_one, zero_mul, mul_zero, add_zero, one_mul, mul_one]

Note: This linter can be disabled with `set_option linter.unusedSimpArgs false`
warning: NLA/MF12/MatrixAlgebra.lean:190:26: This simp argument is unused:
  one_mul

Hint: Omit it from the simp argument list.
  [apply] simp only [pow_succ, Nat.cast_add, Nat.cast_one, zero_mul, mul_zero, zero_add, add_zero, mul_one]

Note: This linter can be disabled with `set_option linter.unusedSimpArgs false`
warning: NLA/MF12/MatrixAlgebra.lean:190:35: This simp argument is unused:
  mul_one

Hint: Omit it from the simp argument list.
  [apply] simp only [pow_succ, Nat.cast_add, Nat.cast_one, zero_mul, mul_zero, zero_add, add_zero, one_mul]

Note: This linter can be disabled with `set_option linter.unusedSimpArgs false`
warning: NLA/MF12/MatrixAlgebra.lean:192:15: This simp argument is unused:
  pow_succ

Hint: Omit it from the simp argument list.
  [apply] simp only [Nat.cast_add, Nat.cast_one, zero_mul, mul_zero, zero_add, add_zero, one_mul, mul_one]

Note: This linter can be disabled with `set_option linter.unusedSimpArgs false`
warning: NLA/MF12/MatrixAlgebra.lean:192:25: This simp argument is unused:
  Nat.cast_add

Hint: Omit it from the simp argument list.
  [apply] simp only [pow_succ, Nat.cast_one, zero_mul, mul_zero, zero_add, add_zero, one_mul, mul_one]

Note: This linter can be disabled with `set_option linter.unusedSimpArgs false`
warning: NLA/MF12/MatrixAlgebra.lean:192:39: This simp argument is unused:
  Nat.cast_one

Hint: Omit it from the simp argument list.
  [apply] simp only [pow_succ, Nat.cast_add, zero_mul, mul_zero, zero_add, add_zero, one_mul, mul_one]

Note: This linter can be disabled with `set_option linter.unusedSimpArgs false`
warning: NLA/MF12/MatrixAlgebra.lean:192:53: This simp argument is unused:
  zero_mul

Hint: Omit it from the simp argument list.
  [apply] simp only [pow_succ, Nat.cast_add, Nat.cast_one, mul_zero, zero_add, add_zero, one_mul, mul_one]

Note: This linter can be disabled with `set_option linter.unusedSimpArgs false`
warning: NLA/MF12/MatrixAlgebra.lean:193:6: This simp argument is unused:
  zero_add

Hint: Omit it from the simp argument list.
  [apply] simp only [pow_succ, Nat.cast_add, Nat.cast_one, zero_mul, mul_zero, add_zero, one_mul, mul_one]

Note: This linter can be disabled with `set_option linter.unusedSimpArgs false`
warning: NLA/MF12/MatrixAlgebra.lean:193:26: This simp argument is unused:
  one_mul

Hint: Omit it from the simp argument list.
  [apply] simp only [pow_succ, Nat.cast_add, Nat.cast_one, zero_mul, mul_zero, zero_add, add_zero, mul_one]

Note: This linter can be disabled with `set_option linter.unusedSimpArgs false`
warning: NLA/MF12/MatrixAlgebra.lean:195:15: This simp argument is unused:
  pow_succ

Hint: Omit it from the simp argument list.
  [apply] simp only [Nat.cast_add, Nat.cast_one, zero_mul, mul_zero, zero_add, add_zero, one_mul, mul_one]

Note: This linter can be disabled with `set_option linter.unusedSimpArgs false`
warning: NLA/MF12/MatrixAlgebra.lean:195:25: This simp argument is unused:
  Nat.cast_add

Hint: Omit it from the simp argument list.
  [apply] simp only [pow_succ, Nat.cast_one, zero_mul, mul_zero, zero_add, add_zero, one_mul, mul_one]

Note: This linter can be disabled with `set_option linter.unusedSimpArgs false`
warning: NLA/MF12/MatrixAlgebra.lean:195:39: This simp argument is unused:
  Nat.cast_one

Hint: Omit it from the simp argument list.
  [apply] simp only [pow_succ, Nat.cast_add, zero_mul, mul_zero, zero_add, add_zero, one_mul, mul_one]

Note: This linter can be disabled with `set_option linter.unusedSimpArgs false`
warning: NLA/MF12/MatrixAlgebra.lean:195:53: This simp argument is unused:
  zero_mul

Hint: Omit it from the simp argument list.
  [apply] simp only [pow_succ, Nat.cast_add, Nat.cast_one, mul_zero, zero_add, add_zero, one_mul, mul_one]

Note: This linter can be disabled with `set_option linter.unusedSimpArgs false`
warning: NLA/MF12/MatrixAlgebra.lean:196:6: This simp argument is unused:
  zero_add

Hint: Omit it from the simp argument list.
  [apply] simp only [pow_succ, Nat.cast_add, Nat.cast_one, zero_mul, mul_zero, add_zero, one_mul, mul_one]

Note: This linter can be disabled with `set_option linter.unusedSimpArgs false`
warning: NLA/MF12/MatrixAlgebra.lean:196:26: This simp argument is unused:
  one_mul

Hint: Omit it from the simp argument list.
  [apply] simp only [pow_succ, Nat.cast_add, Nat.cast_one, zero_mul, mul_zero, zero_add, add_zero, mul_one]

Note: This linter can be disabled with `set_option linter.unusedSimpArgs false`
warning: NLA/MF12/MatrixAlgebra.lean:198:15: This simp argument is unused:
  pow_succ

Hint: Omit it from the simp argument list.
  [apply] simp only [Nat.cast_add, Nat.cast_one, zero_mul, mul_zero, zero_add, add_zero, one_mul, mul_one]

Note: This linter can be disabled with `set_option linter.unusedSimpArgs false`
warning: NLA/MF12/MatrixAlgebra.lean:198:25: This simp argument is unused:
  Nat.cast_add

Hint: Omit it from the simp argument list.
  [apply] simp only [pow_succ, Nat.cast_one, zero_mul, mul_zero, zero_add, add_zero, one_mul, mul_one]

Note: This linter can be disabled with `set_option linter.unusedSimpArgs false`
warning: NLA/MF12/MatrixAlgebra.lean:198:39: This simp argument is unused:
  Nat.cast_one

Hint: Omit it from the simp argument list.
  [apply] simp only [pow_succ, Nat.cast_add, zero_mul, mul_zero, zero_add, add_zero, one_mul, mul_one]

Note: This linter can be disabled with `set_option linter.unusedSimpArgs false`
warning: NLA/MF12/MatrixAlgebra.lean:199:6: This simp argument is unused:
  zero_add

Hint: Omit it from the simp argument list.
  [apply] simp only [pow_succ, Nat.cast_add, Nat.cast_one, zero_mul, mul_zero, add_zero, one_mul, mul_one]

Note: This linter can be disabled with `set_option linter.unusedSimpArgs false`
warning: NLA/MF12/MatrixAlgebra.lean:199:26: This simp argument is unused:
  one_mul

Hint: Omit it from the simp argument list.
  [apply] simp only [pow_succ, Nat.cast_add, Nat.cast_one, zero_mul, mul_zero, zero_add, add_zero, mul_one]

Note: This linter can be disabled with `set_option linter.unusedSimpArgs false`
warning: NLA/MF12/MatrixAlgebra.lean:199:35: This simp argument is unused:
  mul_one

Hint: Omit it from the simp argument list.
  [apply] simp only [pow_succ, Nat.cast_add, Nat.cast_one, zero_mul, mul_zero, zero_add, add_zero, one_mul]

Note: This linter can be disabled with `set_option linter.unusedSimpArgs false`
warning: NLA/MF12/MatrixAlgebra.lean:201:25: This simp argument is unused:
  Nat.cast_add

Hint: Omit it from the simp argument list.
  [apply] simp only [pow_succ, Nat.cast_one, zero_mul, mul_zero, zero_add, add_zero, one_mul, mul_one]

Note: This linter can be disabled with `set_option linter.unusedSimpArgs false`
warning: NLA/MF12/MatrixAlgebra.lean:201:39: This simp argument is unused:
  Nat.cast_one

Hint: Omit it from the simp argument list.
  [apply] simp only [pow_succ, Nat.cast_add, zero_mul, mul_zero, zero_add, add_zero, one_mul, mul_one]

Note: This linter can be disabled with `set_option linter.unusedSimpArgs false`
warning: NLA/MF12/MatrixAlgebra.lean:202:26: This simp argument is unused:
  one_mul

Hint: Omit it from the simp argument list.
  [apply] simp only [pow_succ, Nat.cast_add, Nat.cast_one, zero_mul, mul_zero, zero_add, add_zero, mul_one]

Note: This linter can be disabled with `set_option linter.unusedSimpArgs false`
warning: NLA/MF12/MatrixAlgebra.lean:202:35: This simp argument is unused:
  mul_one

Hint: Omit it from the simp argument list.
  [apply] simp only [pow_succ, Nat.cast_add, Nat.cast_one, zero_mul, mul_zero, zero_add, add_zero, one_mul]

Note: This linter can be disabled with `set_option linter.unusedSimpArgs false`
warning: NLA/MF12/MatrixAlgebra.lean:204:15: This simp argument is unused:
  pow_succ

Hint: Omit it from the simp argument list.
  [apply] simp only [Nat.cast_add, Nat.cast_one, zero_mul, mul_zero, zero_add, add_zero, one_mul, mul_one]

Note: This linter can be disabled with `set_option linter.unusedSimpArgs false`
warning: NLA/MF12/MatrixAlgebra.lean:204:25: This simp argument is unused:
  Nat.cast_add

Hint: Omit it from the simp argument list.
  [apply] simp only [pow_succ, Nat.cast_one, zero_mul, mul_zero, zero_add, add_zero, one_mul, mul_one]

Note: This linter can be disabled with `set_option linter.unusedSimpArgs false`
warning: NLA/MF12/MatrixAlgebra.lean:204:39: This simp argument is unused:
  Nat.cast_one

Hint: Omit it from the simp argument list.
  [apply] simp only [pow_succ, Nat.cast_add, zero_mul, mul_zero, zero_add, add_zero, one_mul, mul_one]

Note: This linter can be disabled with `set_option linter.unusedSimpArgs false`
warning: NLA/MF12/MatrixAlgebra.lean:205:6: This simp argument is unused:
  zero_add

Hint: Omit it from the simp argument list.
  [apply] simp only [pow_succ, Nat.cast_add, Nat.cast_one, zero_mul, mul_zero, add_zero, one_mul, mul_one]

Note: This linter can be disabled with `set_option linter.unusedSimpArgs false`
warning: NLA/MF12/MatrixAlgebra.lean:205:26: This simp argument is unused:
  one_mul

Hint: Omit it from the simp argument list.
  [apply] simp only [pow_succ, Nat.cast_add, Nat.cast_one, zero_mul, mul_zero, zero_add, add_zero, mul_one]

Note: This linter can be disabled with `set_option linter.unusedSimpArgs false`
warning: NLA/MF12/MatrixAlgebra.lean:205:35: This simp argument is unused:
  mul_one

Hint: Omit it from the simp argument list.
  [apply] simp only [pow_succ, Nat.cast_add, Nat.cast_one, zero_mul, mul_zero, zero_add, add_zero, one_mul]

Note: This linter can be disabled with `set_option linter.unusedSimpArgs false`
warning: NLA/MF12/MatrixAlgebra.lean:207:15: This simp argument is unused:
  pow_succ

Hint: Omit it from the simp argument list.
  [apply] simp only [Nat.cast_add, Nat.cast_one, zero_mul, mul_zero, zero_add, add_zero, one_mul, mul_one]

Note: This linter can be disabled with `set_option linter.unusedSimpArgs false`
warning: NLA/MF12/MatrixAlgebra.lean:207:25: This simp argument is unused:
  Nat.cast_add

Hint: Omit it from the simp argument list.
  [apply] simp only [pow_succ, Nat.cast_one, zero_mul, mul_zero, zero_add, add_zero, one_mul, mul_one]

Note: This linter can be disabled with `set_option linter.unusedSimpArgs false`
warning: NLA/MF12/MatrixAlgebra.lean:207:39: This simp argument is unused:
  Nat.cast_one

Hint: Omit it from the simp argument list.
  [apply] simp only [pow_succ, Nat.cast_add, zero_mul, mul_zero, zero_add, add_zero, one_mul, mul_one]

Note: This linter can be disabled with `set_option linter.unusedSimpArgs false`
warning: NLA/MF12/MatrixAlgebra.lean:208:6: This simp argument is unused:
  zero_add

Hint: Omit it from the simp argument list.
  [apply] simp only [pow_succ, Nat.cast_add, Nat.cast_one, zero_mul, mul_zero, add_zero, one_mul, mul_one]

Note: This linter can be disabled with `set_option linter.unusedSimpArgs false`
warning: NLA/MF12/MatrixAlgebra.lean:208:26: This simp argument is unused:
  one_mul

Hint: Omit it from the simp argument list.
  [apply] simp only [pow_succ, Nat.cast_add, Nat.cast_one, zero_mul, mul_zero, zero_add, add_zero, mul_one]

Note: This linter can be disabled with `set_option linter.unusedSimpArgs false`
warning: NLA/MF12/MatrixAlgebra.lean:208:35: This simp argument is unused:
  mul_one

Hint: Omit it from the simp argument list.
  [apply] simp only [pow_succ, Nat.cast_add, Nat.cast_one, zero_mul, mul_zero, zero_add, add_zero, one_mul]

Note: This linter can be disabled with `set_option linter.unusedSimpArgs false`
warning: NLA/MF12/MatrixAlgebra.lean:210:15: This simp argument is unused:
  pow_succ

Hint: Omit it from the simp argument list.
  [apply] simp only [Nat.cast_add, Nat.cast_one, zero_mul, mul_zero, zero_add, add_zero, one_mul, mul_one]

Note: This linter can be disabled with `set_option linter.unusedSimpArgs false`
warning: NLA/MF12/MatrixAlgebra.lean:210:25: This simp argument is unused:
  Nat.cast_add

Hint: Omit it from the simp argument list.
  [apply] simp only [pow_succ, Nat.cast_one, zero_mul, mul_zero, zero_add, add_zero, one_mul, mul_one]

Note: This linter can be disabled with `set_option linter.unusedSimpArgs false`
warning: NLA/MF12/MatrixAlgebra.lean:210:39: This simp argument is unused:
  Nat.cast_one

Hint: Omit it from the simp argument list.
  [apply] simp only [pow_succ, Nat.cast_add, zero_mul, mul_zero, zero_add, add_zero, one_mul, mul_one]

Note: This linter can be disabled with `set_option linter.unusedSimpArgs false`
warning: NLA/MF12/MatrixAlgebra.lean:210:53: This simp argument is unused:
  zero_mul

Hint: Omit it from the simp argument list.
  [apply] simp only [pow_succ, Nat.cast_add, Nat.cast_one, mul_zero, zero_add, add_zero, one_mul, mul_one]

Note: This linter can be disabled with `set_option linter.unusedSimpArgs false`
warning: NLA/MF12/MatrixAlgebra.lean:211:6: This simp argument is unused:
  zero_add

Hint: Omit it from the simp argument list.
  [apply] simp only [pow_succ, Nat.cast_add, Nat.cast_one, zero_mul, mul_zero, add_zero, one_mul, mul_one]

Note: This linter can be disabled with `set_option linter.unusedSimpArgs false`
warning: NLA/MF12/MatrixAlgebra.lean:211:26: This simp argument is unused:
  one_mul

Hint: Omit it from the simp argument list.
  [apply] simp only [pow_succ, Nat.cast_add, Nat.cast_one, zero_mul, mul_zero, zero_add, add_zero, mul_one]

Note: This linter can be disabled with `set_option linter.unusedSimpArgs false`
warning: NLA/MF12/MatrixAlgebra.lean:213:15: This simp argument is unused:
  pow_succ

Hint: Omit it from the simp argument list.
  [apply] simp only [Nat.cast_add, Nat.cast_one, zero_mul, mul_zero, zero_add, add_zero, one_mul, mul_one]

Note: This linter can be disabled with `set_option linter.unusedSimpArgs false`
warning: NLA/MF12/MatrixAlgebra.lean:213:25: This simp argument is unused:
  Nat.cast_add

Hint: Omit it from the simp argument list.
  [apply] simp only [pow_succ, Nat.cast_one, zero_mul, mul_zero, zero_add, add_zero, one_mul, mul_one]

Note: This linter can be disabled with `set_option linter.unusedSimpArgs false`
warning: NLA/MF12/MatrixAlgebra.lean:213:39: This simp argument is unused:
  Nat.cast_one

Hint: Omit it from the simp argument list.
  [apply] simp only [pow_succ, Nat.cast_add, zero_mul, mul_zero, zero_add, add_zero, one_mul, mul_one]

Note: This linter can be disabled with `set_option linter.unusedSimpArgs false`
warning: NLA/MF12/MatrixAlgebra.lean:213:53: This simp argument is unused:
  zero_mul

Hint: Omit it from the simp argument list.
  [apply] simp only [pow_succ, Nat.cast_add, Nat.cast_one, mul_zero, zero_add, add_zero, one_mul, mul_one]

Note: This linter can be disabled with `set_option linter.unusedSimpArgs false`
warning: NLA/MF12/MatrixAlgebra.lean:214:6: This simp argument is unused:
  zero_add

Hint: Omit it from the simp argument list.
  [apply] simp only [pow_succ, Nat.cast_add, Nat.cast_one, zero_mul, mul_zero, add_zero, one_mul, mul_one]

Note: This linter can be disabled with `set_option linter.unusedSimpArgs false`
warning: NLA/MF12/MatrixAlgebra.lean:214:26: This simp argument is unused:
  one_mul

Hint: Omit it from the simp argument list.
  [apply] simp only [pow_succ, Nat.cast_add, Nat.cast_one, zero_mul, mul_zero, zero_add, add_zero, mul_one]

Note: This linter can be disabled with `set_option linter.unusedSimpArgs false`
warning: NLA/MF12/MatrixAlgebra.lean:216:15: This simp argument is unused:
  pow_succ

Hint: Omit it from the simp argument list.
  [apply] simp only [Nat.cast_add, Nat.cast_one, zero_mul, mul_zero, zero_add, add_zero, one_mul, mul_one]

Note: This linter can be disabled with `set_option linter.unusedSimpArgs false`
warning: NLA/MF12/MatrixAlgebra.lean:216:25: This simp argument is unused:
  Nat.cast_add

Hint: Omit it from the simp argument list.
  [apply] simp only [pow_succ, Nat.cast_one, zero_mul, mul_zero, zero_add, add_zero, one_mul, mul_one]

Note: This linter can be disabled with `set_option linter.unusedSimpArgs false`
warning: NLA/MF12/MatrixAlgebra.lean:216:39: This simp argument is unused:
  Nat.cast_one

Hint: Omit it from the simp argument list.
  [apply] simp only [pow_succ, Nat.cast_add, zero_mul, mul_zero, zero_add, add_zero, one_mul, mul_one]

Note: This linter can be disabled with `set_option linter.unusedSimpArgs false`
warning: NLA/MF12/MatrixAlgebra.lean:217:6: This simp argument is unused:
  zero_add

Hint: Omit it from the simp argument list.
  [apply] simp only [pow_succ, Nat.cast_add, Nat.cast_one, zero_mul, mul_zero, add_zero, one_mul, mul_one]

Note: This linter can be disabled with `set_option linter.unusedSimpArgs false`
warning: NLA/MF12/MatrixAlgebra.lean:217:26: This simp argument is unused:
  one_mul

Hint: Omit it from the simp argument list.
  [apply] simp only [pow_succ, Nat.cast_add, Nat.cast_one, zero_mul, mul_zero, zero_add, add_zero, mul_one]

Note: This linter can be disabled with `set_option linter.unusedSimpArgs false`
warning: NLA/MF12/MatrixAlgebra.lean:217:35: This simp argument is unused:
  mul_one

Hint: Omit it from the simp argument list.
  [apply] simp only [pow_succ, Nat.cast_add, Nat.cast_one, zero_mul, mul_zero, zero_add, add_zero, one_mul]

Note: This linter can be disabled with `set_option linter.unusedSimpArgs false`
warning: NLA/MF12/MatrixAlgebra.lean:219:15: This simp argument is unused:
  pow_succ

Hint: Omit it from the simp argument list.
  [apply] simp only [Nat.cast_add, Nat.cast_one, zero_mul, mul_zero, zero_add, add_zero, one_mul, mul_one]

Note: This linter can be disabled with `set_option linter.unusedSimpArgs false`
warning: NLA/MF12/MatrixAlgebra.lean:219:25: This simp argument is unused:
  Nat.cast_add

Hint: Omit it from the simp argument list.
  [apply] simp only [pow_succ, Nat.cast_one, zero_mul, mul_zero, zero_add, add_zero, one_mul, mul_one]

Note: This linter can be disabled with `set_option linter.unusedSimpArgs false`
warning: NLA/MF12/MatrixAlgebra.lean:219:39: This simp argument is unused:
  Nat.cast_one

Hint: Omit it from the simp argument list.
  [apply] simp only [pow_succ, Nat.cast_add, zero_mul, mul_zero, zero_add, add_zero, one_mul, mul_one]

Note: This linter can be disabled with `set_option linter.unusedSimpArgs false`
warning: NLA/MF12/MatrixAlgebra.lean:220:6: This simp argument is unused:
  zero_add

Hint: Omit it from the simp argument list.
  [apply] simp only [pow_succ, Nat.cast_add, Nat.cast_one, zero_mul, mul_zero, add_zero, one_mul, mul_one]

Note: This linter can be disabled with `set_option linter.unusedSimpArgs false`
warning: NLA/MF12/MatrixAlgebra.lean:220:26: This simp argument is unused:
  one_mul

Hint: Omit it from the simp argument list.
  [apply] simp only [pow_succ, Nat.cast_add, Nat.cast_one, zero_mul, mul_zero, zero_add, add_zero, mul_one]

Note: This linter can be disabled with `set_option linter.unusedSimpArgs false`
warning: NLA/MF12/MatrixAlgebra.lean:220:35: This simp argument is unused:
  mul_one

Hint: Omit it from the simp argument list.
  [apply] simp only [pow_succ, Nat.cast_add, Nat.cast_one, zero_mul, mul_zero, zero_add, add_zero, one_mul]

Note: This linter can be disabled with `set_option linter.unusedSimpArgs false`
warning: NLA/MF12/MatrixAlgebra.lean:222:25: This simp argument is unused:
  Nat.cast_add

Hint: Omit it from the simp argument list.
  [apply] simp only [pow_succ, Nat.cast_one, zero_mul, mul_zero, zero_add, add_zero, one_mul, mul_one]

Note: This linter can be disabled with `set_option linter.unusedSimpArgs false`
warning: NLA/MF12/MatrixAlgebra.lean:222:39: This simp argument is unused:
  Nat.cast_one

Hint: Omit it from the simp argument list.
  [apply] simp only [pow_succ, Nat.cast_add, zero_mul, mul_zero, zero_add, add_zero, one_mul, mul_one]

Note: This linter can be disabled with `set_option linter.unusedSimpArgs false`
warning: NLA/MF12/MatrixAlgebra.lean:222:53: This simp argument is unused:
  zero_mul

Hint: Omit it from the simp argument list.
  [apply] simp only [pow_succ, Nat.cast_add, Nat.cast_one, mul_zero, zero_add, add_zero, one_mul, mul_one]

Note: This linter can be disabled with `set_option linter.unusedSimpArgs false`
warning: NLA/MF12/MatrixAlgebra.lean:223:26: This simp argument is unused:
  one_mul

Hint: Omit it from the simp argument list.
  [apply] simp only [pow_succ, Nat.cast_add, Nat.cast_one, zero_mul, mul_zero, zero_add, add_zero, mul_one]

Note: This linter can be disabled with `set_option linter.unusedSimpArgs false`
warning: NLA/MF12/MatrixAlgebra.lean:223:35: This simp argument is unused:
  mul_one

Hint: Omit it from the simp argument list.
  [apply] simp only [pow_succ, Nat.cast_add, Nat.cast_one, zero_mul, mul_zero, zero_add, add_zero, one_mul]

Note: This linter can be disabled with `set_option linter.unusedSimpArgs false`
warning: NLA/MF12/MatrixAlgebra.lean:225:53: This simp argument is unused:
  zero_mul

Hint: Omit it from the simp argument list.
  [apply] simp only [pow_succ, Nat.cast_add, Nat.cast_one, mul_zero, zero_add, add_zero, one_mul, mul_one]

Note: This linter can be disabled with `set_option linter.unusedSimpArgs false`
warning: NLA/MF12/MatrixAlgebra.lean:226:26: This simp argument is unused:
  one_mul

Hint: Omit it from the simp argument list.
  [apply] simp only [pow_succ, Nat.cast_add, Nat.cast_one, zero_mul, mul_zero, zero_add, add_zero, mul_one]

Note: This linter can be disabled with `set_option linter.unusedSimpArgs false`
warning: NLA/MF12/MatrixAlgebra.lean:226:35: This simp argument is unused:
  mul_one

Hint: Omit it from the simp argument list.
  [apply] simp only [pow_succ, Nat.cast_add, Nat.cast_one, zero_mul, mul_zero, zero_add, add_zero, one_mul]

Note: This linter can be disabled with `set_option linter.unusedSimpArgs false`
warning: NLA/MF12/MatrixAlgebra.lean:228:15: This simp argument is unused:
  pow_succ

Hint: Omit it from the simp argument list.
  [apply] simp only [Nat.cast_add, Nat.cast_one, zero_mul, mul_zero, zero_add, add_zero, one_mul, mul_one]

Note: This linter can be disabled with `set_option linter.unusedSimpArgs false`
warning: NLA/MF12/MatrixAlgebra.lean:228:25: This simp argument is unused:
  Nat.cast_add

Hint: Omit it from the simp argument list.
  [apply] simp only [pow_succ, Nat.cast_one, zero_mul, mul_zero, zero_add, add_zero, one_mul, mul_one]

Note: This linter can be disabled with `set_option linter.unusedSimpArgs false`
warning: NLA/MF12/MatrixAlgebra.lean:228:39: This simp argument is unused:
  Nat.cast_one

Hint: Omit it from the simp argument list.
  [apply] simp only [pow_succ, Nat.cast_add, zero_mul, mul_zero, zero_add, add_zero, one_mul, mul_one]

Note: This linter can be disabled with `set_option linter.unusedSimpArgs false`
warning: NLA/MF12/MatrixAlgebra.lean:228:53: This simp argument is unused:
  zero_mul

Hint: Omit it from the simp argument list.
  [apply] simp only [pow_succ, Nat.cast_add, Nat.cast_one, mul_zero, zero_add, add_zero, one_mul, mul_one]

Note: This linter can be disabled with `set_option linter.unusedSimpArgs false`
warning: NLA/MF12/MatrixAlgebra.lean:229:6: This simp argument is unused:
  zero_add

Hint: Omit it from the simp argument list.
  [apply] simp only [pow_succ, Nat.cast_add, Nat.cast_one, zero_mul, mul_zero, add_zero, one_mul, mul_one]

Note: This linter can be disabled with `set_option linter.unusedSimpArgs false`
warning: NLA/MF12/MatrixAlgebra.lean:229:26: This simp argument is unused:
  one_mul

Hint: Omit it from the simp argument list.
  [apply] simp only [pow_succ, Nat.cast_add, Nat.cast_one, zero_mul, mul_zero, zero_add, add_zero, mul_one]

Note: This linter can be disabled with `set_option linter.unusedSimpArgs false`
warning: NLA/MF12/MatrixAlgebra.lean:231:15: This simp argument is unused:
  pow_succ

Hint: Omit it from the simp argument list.
  [apply] simp only [Nat.cast_add, Nat.cast_one, zero_mul, mul_zero, zero_add, add_zero, one_mul, mul_one]

Note: This linter can be disabled with `set_option linter.unusedSimpArgs false`
warning: NLA/MF12/MatrixAlgebra.lean:231:25: This simp argument is unused:
  Nat.cast_add

Hint: Omit it from the simp argument list.
  [apply] simp only [pow_succ, Nat.cast_one, zero_mul, mul_zero, zero_add, add_zero, one_mul, mul_one]

Note: This linter can be disabled with `set_option linter.unusedSimpArgs false`
warning: NLA/MF12/MatrixAlgebra.lean:231:39: This simp argument is unused:
  Nat.cast_one

Hint: Omit it from the simp argument list.
  [apply] simp only [pow_succ, Nat.cast_add, zero_mul, mul_zero, zero_add, add_zero, one_mul, mul_one]

Note: This linter can be disabled with `set_option linter.unusedSimpArgs false`
warning: NLA/MF12/MatrixAlgebra.lean:231:53: This simp argument is unused:
  zero_mul

Hint: Omit it from the simp argument list.
  [apply] simp only [pow_succ, Nat.cast_add, Nat.cast_one, mul_zero, zero_add, add_zero, one_mul, mul_one]

Note: This linter can be disabled with `set_option linter.unusedSimpArgs false`
warning: NLA/MF12/MatrixAlgebra.lean:232:6: This simp argument is unused:
  zero_add

Hint: Omit it from the simp argument list.
  [apply] simp only [pow_succ, Nat.cast_add, Nat.cast_one, zero_mul, mul_zero, add_zero, one_mul, mul_one]

Note: This linter can be disabled with `set_option linter.unusedSimpArgs false`
warning: NLA/MF12/MatrixAlgebra.lean:232:26: This simp argument is unused:
  one_mul

Hint: Omit it from the simp argument list.
  [apply] simp only [pow_succ, Nat.cast_add, Nat.cast_one, zero_mul, mul_zero, zero_add, add_zero, mul_one]

Note: This linter can be disabled with `set_option linter.unusedSimpArgs false`
warning: NLA/MF12/MatrixAlgebra.lean:234:15: This simp argument is unused:
  pow_succ

Hint: Omit it from the simp argument list.
  [apply] simp only [Nat.cast_add, Nat.cast_one, zero_mul, mul_zero, zero_add, add_zero, one_mul, mul_one]

Note: This linter can be disabled with `set_option linter.unusedSimpArgs false`
warning: NLA/MF12/MatrixAlgebra.lean:234:25: This simp argument is unused:
  Nat.cast_add

Hint: Omit it from the simp argument list.
  [apply] simp only [pow_succ, Nat.cast_one, zero_mul, mul_zero, zero_add, add_zero, one_mul, mul_one]

Note: This linter can be disabled with `set_option linter.unusedSimpArgs false`
warning: NLA/MF12/MatrixAlgebra.lean:234:39: This simp argument is unused:
  Nat.cast_one

Hint: Omit it from the simp argument list.
  [apply] simp only [pow_succ, Nat.cast_add, zero_mul, mul_zero, zero_add, add_zero, one_mul, mul_one]

Note: This linter can be disabled with `set_option linter.unusedSimpArgs false`
warning: NLA/MF12/MatrixAlgebra.lean:235:6: This simp argument is unused:
  zero_add

Hint: Omit it from the simp argument list.
  [apply] simp only [pow_succ, Nat.cast_add, Nat.cast_one, zero_mul, mul_zero, add_zero, one_mul, mul_one]

Note: This linter can be disabled with `set_option linter.unusedSimpArgs false`
warning: NLA/MF12/MatrixAlgebra.lean:235:26: This simp argument is unused:
  one_mul

Hint: Omit it from the simp argument list.
  [apply] simp only [pow_succ, Nat.cast_add, Nat.cast_one, zero_mul, mul_zero, zero_add, add_zero, mul_one]

Note: This linter can be disabled with `set_option linter.unusedSimpArgs false`
warning: NLA/MF12/MatrixAlgebra.lean:235:35: This simp argument is unused:
  mul_one

Hint: Omit it from the simp argument list.
  [apply] simp only [pow_succ, Nat.cast_add, Nat.cast_one, zero_mul, mul_zero, zero_add, add_zero, one_mul]

Note: This linter can be disabled with `set_option linter.unusedSimpArgs false`
warning: NLA/MF12/MatrixAlgebra.lean:237:15: This simp argument is unused:
  pow_succ

Hint: Omit it from the simp argument list.
  [apply] simp only [Nat.cast_add, Nat.cast_one, zero_mul, mul_zero, zero_add, add_zero, one_mul, mul_one]

Note: This linter can be disabled with `set_option linter.unusedSimpArgs false`
warning: NLA/MF12/MatrixAlgebra.lean:237:25: This simp argument is unused:
  Nat.cast_add

Hint: Omit it from the simp argument list.
  [apply] simp only [pow_succ, Nat.cast_one, zero_mul, mul_zero, zero_add, add_zero, one_mul, mul_one]

Note: This linter can be disabled with `set_option linter.unusedSimpArgs false`
warning: NLA/MF12/MatrixAlgebra.lean:237:39: This simp argument is unused:
  Nat.cast_one

Hint: Omit it from the simp argument list.
  [apply] simp only [pow_succ, Nat.cast_add, zero_mul, mul_zero, zero_add, add_zero, one_mul, mul_one]

Note: This linter can be disabled with `set_option linter.unusedSimpArgs false`
warning: NLA/MF12/MatrixAlgebra.lean:238:6: This simp argument is unused:
  zero_add

Hint: Omit it from the simp argument list.
  [apply] simp only [pow_succ, Nat.cast_add, Nat.cast_one, zero_mul, mul_zero, add_zero, one_mul, mul_one]

Note: This linter can be disabled with `set_option linter.unusedSimpArgs false`
warning: NLA/MF12/MatrixAlgebra.lean:238:26: This simp argument is unused:
  one_mul

Hint: Omit it from the simp argument list.
  [apply] simp only [pow_succ, Nat.cast_add, Nat.cast_one, zero_mul, mul_zero, zero_add, add_zero, mul_one]

Note: This linter can be disabled with `set_option linter.unusedSimpArgs false`
warning: NLA/MF12/MatrixAlgebra.lean:238:35: This simp argument is unused:
  mul_one

Hint: Omit it from the simp argument list.
  [apply] simp only [pow_succ, Nat.cast_add, Nat.cast_one, zero_mul, mul_zero, zero_add, add_zero, one_mul]

Note: This linter can be disabled with `set_option linter.unusedSimpArgs false`
warning: NLA/MF12/MatrixAlgebra.lean:240:15: This simp argument is unused:
  pow_succ

Hint: Omit it from the simp argument list.
  [apply] simp only [Nat.cast_add, Nat.cast_one, zero_mul, mul_zero, zero_add, add_zero, one_mul, mul_one]

Note: This linter can be disabled with `set_option linter.unusedSimpArgs false`
warning: NLA/MF12/MatrixAlgebra.lean:240:25: This simp argument is unused:
  Nat.cast_add

Hint: Omit it from the simp argument list.
  [apply] simp only [pow_succ, Nat.cast_one, zero_mul, mul_zero, zero_add, add_zero, one_mul, mul_one]

Note: This linter can be disabled with `set_option linter.unusedSimpArgs false`
warning: NLA/MF12/MatrixAlgebra.lean:240:39: This simp argument is unused:
  Nat.cast_one

Hint: Omit it from the simp argument list.
  [apply] simp only [pow_succ, Nat.cast_add, zero_mul, mul_zero, zero_add, add_zero, one_mul, mul_one]

Note: This linter can be disabled with `set_option linter.unusedSimpArgs false`
warning: NLA/MF12/MatrixAlgebra.lean:241:6: This simp argument is unused:
  zero_add

Hint: Omit it from the simp argument list.
  [apply] simp only [pow_succ, Nat.cast_add, Nat.cast_one, zero_mul, mul_zero, add_zero, one_mul, mul_one]

Note: This linter can be disabled with `set_option linter.unusedSimpArgs false`
warning: NLA/MF12/MatrixAlgebra.lean:241:26: This simp argument is unused:
  one_mul

Hint: Omit it from the simp argument list.
  [apply] simp only [pow_succ, Nat.cast_add, Nat.cast_one, zero_mul, mul_zero, zero_add, add_zero, mul_one]

Note: This linter can be disabled with `set_option linter.unusedSimpArgs false`
warning: NLA/MF12/MatrixAlgebra.lean:241:35: This simp argument is unused:
  mul_one

Hint: Omit it from the simp argument list.
  [apply] simp only [pow_succ, Nat.cast_add, Nat.cast_one, zero_mul, mul_zero, zero_add, add_zero, one_mul]

Note: This linter can be disabled with `set_option linter.unusedSimpArgs false`
warning: NLA/MF12/MatrixAlgebra.lean:243:25: This simp argument is unused:
  Nat.cast_add

Hint: Omit it from the simp argument list.
  [apply] simp only [pow_succ, Nat.cast_one, zero_mul, mul_zero, zero_add, add_zero, one_mul, mul_one]

Note: This linter can be disabled with `set_option linter.unusedSimpArgs false`
warning: NLA/MF12/MatrixAlgebra.lean:243:39: This simp argument is unused:
  Nat.cast_one

Hint: Omit it from the simp argument list.
  [apply] simp only [pow_succ, Nat.cast_add, zero_mul, mul_zero, zero_add, add_zero, one_mul, mul_one]

Note: This linter can be disabled with `set_option linter.unusedSimpArgs false`
warning: NLA/MF12/MatrixAlgebra.lean:244:26: This simp argument is unused:
  one_mul

Hint: Omit it from the simp argument list.
  [apply] simp only [pow_succ, Nat.cast_add, Nat.cast_one, zero_mul, mul_zero, zero_add, add_zero, mul_one]

Note: This linter can be disabled with `set_option linter.unusedSimpArgs false`
warning: NLA/MF12/MatrixAlgebra.lean:244:35: This simp argument is unused:
  mul_one

Hint: Omit it from the simp argument list.
  [apply] simp only [pow_succ, Nat.cast_add, Nat.cast_one, zero_mul, mul_zero, zero_add, add_zero, one_mul]

Note: This linter can be disabled with `set_option linter.unusedSimpArgs false`
warning: NLA/MF12/MatrixAlgebra.lean:246:15: This simp argument is unused:
  pow_succ

Hint: Omit it from the simp argument list.
  [apply] simp only [Nat.cast_add, Nat.cast_one, zero_mul, mul_zero, zero_add, add_zero, one_mul, mul_one]

Note: This linter can be disabled with `set_option linter.unusedSimpArgs false`
warning: NLA/MF12/MatrixAlgebra.lean:246:25: This simp argument is unused:
  Nat.cast_add

Hint: Omit it from the simp argument list.
  [apply] simp only [pow_succ, Nat.cast_one, zero_mul, mul_zero, zero_add, add_zero, one_mul, mul_one]

Note: This linter can be disabled with `set_option linter.unusedSimpArgs false`
warning: NLA/MF12/MatrixAlgebra.lean:246:39: This simp argument is unused:
  Nat.cast_one

Hint: Omit it from the simp argument list.
  [apply] simp only [pow_succ, Nat.cast_add, zero_mul, mul_zero, zero_add, add_zero, one_mul, mul_one]

Note: This linter can be disabled with `set_option linter.unusedSimpArgs false`
warning: NLA/MF12/MatrixAlgebra.lean:246:53: This simp argument is unused:
  zero_mul

Hint: Omit it from the simp argument list.
  [apply] simp only [pow_succ, Nat.cast_add, Nat.cast_one, mul_zero, zero_add, add_zero, one_mul, mul_one]

Note: This linter can be disabled with `set_option linter.unusedSimpArgs false`
warning: NLA/MF12/MatrixAlgebra.lean:247:6: This simp argument is unused:
  zero_add

Hint: Omit it from the simp argument list.
  [apply] simp only [pow_succ, Nat.cast_add, Nat.cast_one, zero_mul, mul_zero, add_zero, one_mul, mul_one]

Note: This linter can be disabled with `set_option linter.unusedSimpArgs false`
warning: NLA/MF12/MatrixAlgebra.lean:247:26: This simp argument is unused:
  one_mul

Hint: Omit it from the simp argument list.
  [apply] simp only [pow_succ, Nat.cast_add, Nat.cast_one, zero_mul, mul_zero, zero_add, add_zero, mul_one]

Note: This linter can be disabled with `set_option linter.unusedSimpArgs false`
warning: NLA/MF12/MatrixAlgebra.lean:249:15: This simp argument is unused:
  pow_succ

Hint: Omit it from the simp argument list.
  [apply] simp only [Nat.cast_add, Nat.cast_one, zero_mul, mul_zero, zero_add, add_zero, one_mul, mul_one]

Note: This linter can be disabled with `set_option linter.unusedSimpArgs false`
warning: NLA/MF12/MatrixAlgebra.lean:249:25: This simp argument is unused:
  Nat.cast_add

Hint: Omit it from the simp argument list.
  [apply] simp only [pow_succ, Nat.cast_one, zero_mul, mul_zero, zero_add, add_zero, one_mul, mul_one]

Note: This linter can be disabled with `set_option linter.unusedSimpArgs false`
warning: NLA/MF12/MatrixAlgebra.lean:249:39: This simp argument is unused:
  Nat.cast_one

Hint: Omit it from the simp argument list.
  [apply] simp only [pow_succ, Nat.cast_add, zero_mul, mul_zero, zero_add, add_zero, one_mul, mul_one]

Note: This linter can be disabled with `set_option linter.unusedSimpArgs false`
warning: NLA/MF12/MatrixAlgebra.lean:249:53: This simp argument is unused:
  zero_mul

Hint: Omit it from the simp argument list.
  [apply] simp only [pow_succ, Nat.cast_add, Nat.cast_one, mul_zero, zero_add, add_zero, one_mul, mul_one]

Note: This linter can be disabled with `set_option linter.unusedSimpArgs false`
warning: NLA/MF12/MatrixAlgebra.lean:250:6: This simp argument is unused:
  zero_add

Hint: Omit it from the simp argument list.
  [apply] simp only [pow_succ, Nat.cast_add, Nat.cast_one, zero_mul, mul_zero, add_zero, one_mul, mul_one]

Note: This linter can be disabled with `set_option linter.unusedSimpArgs false`
warning: NLA/MF12/MatrixAlgebra.lean:250:26: This simp argument is unused:
  one_mul

Hint: Omit it from the simp argument list.
  [apply] simp only [pow_succ, Nat.cast_add, Nat.cast_one, zero_mul, mul_zero, zero_add, add_zero, mul_one]

Note: This linter can be disabled with `set_option linter.unusedSimpArgs false`
warning: NLA/MF12/MatrixAlgebra.lean:252:15: This simp argument is unused:
  pow_succ

Hint: Omit it from the simp argument list.
  [apply] simp only [Nat.cast_add, Nat.cast_one, zero_mul, mul_zero, zero_add, add_zero, one_mul, mul_one]

Note: This linter can be disabled with `set_option linter.unusedSimpArgs false`
warning: NLA/MF12/MatrixAlgebra.lean:252:25: This simp argument is unused:
  Nat.cast_add

Hint: Omit it from the simp argument list.
  [apply] simp only [pow_succ, Nat.cast_one, zero_mul, mul_zero, zero_add, add_zero, one_mul, mul_one]

Note: This linter can be disabled with `set_option linter.unusedSimpArgs false`
warning: NLA/MF12/MatrixAlgebra.lean:252:39: This simp argument is unused:
  Nat.cast_one

Hint: Omit it from the simp argument list.
  [apply] simp only [pow_succ, Nat.cast_add, zero_mul, mul_zero, zero_add, add_zero, one_mul, mul_one]

Note: This linter can be disabled with `set_option linter.unusedSimpArgs false`
warning: NLA/MF12/MatrixAlgebra.lean:253:6: This simp argument is unused:
  zero_add

Hint: Omit it from the simp argument list.
  [apply] simp only [pow_succ, Nat.cast_add, Nat.cast_one, zero_mul, mul_zero, add_zero, one_mul, mul_one]

Note: This linter can be disabled with `set_option linter.unusedSimpArgs false`
warning: NLA/MF12/MatrixAlgebra.lean:253:26: This simp argument is unused:
  one_mul

Hint: Omit it from the simp argument list.
  [apply] simp only [pow_succ, Nat.cast_add, Nat.cast_one, zero_mul, mul_zero, zero_add, add_zero, mul_one]

Note: This linter can be disabled with `set_option linter.unusedSimpArgs false`
warning: NLA/MF12/MatrixAlgebra.lean:253:35: This simp argument is unused:
  mul_one

Hint: Omit it from the simp argument list.
  [apply] simp only [pow_succ, Nat.cast_add, Nat.cast_one, zero_mul, mul_zero, zero_add, add_zero, one_mul]

Note: This linter can be disabled with `set_option linter.unusedSimpArgs false`
warning: NLA/MF12/MatrixAlgebra.lean:255:15: This simp argument is unused:
  pow_succ

Hint: Omit it from the simp argument list.
  [apply] simp only [Nat.cast_add, Nat.cast_one, zero_mul, mul_zero, zero_add, add_zero, one_mul, mul_one]

Note: This linter can be disabled with `set_option linter.unusedSimpArgs false`
warning: NLA/MF12/MatrixAlgebra.lean:255:25: This simp argument is unused:
  Nat.cast_add

Hint: Omit it from the simp argument list.
  [apply] simp only [pow_succ, Nat.cast_one, zero_mul, mul_zero, zero_add, add_zero, one_mul, mul_one]

Note: This linter can be disabled with `set_option linter.unusedSimpArgs false`
warning: NLA/MF12/MatrixAlgebra.lean:255:39: This simp argument is unused:
  Nat.cast_one

Hint: Omit it from the simp argument list.
  [apply] simp only [pow_succ, Nat.cast_add, zero_mul, mul_zero, zero_add, add_zero, one_mul, mul_one]

Note: This linter can be disabled with `set_option linter.unusedSimpArgs false`
warning: NLA/MF12/MatrixAlgebra.lean:256:6: This simp argument is unused:
  zero_add

Hint: Omit it from the simp argument list.
  [apply] simp only [pow_succ, Nat.cast_add, Nat.cast_one, zero_mul, mul_zero, add_zero, one_mul, mul_one]

Note: This linter can be disabled with `set_option linter.unusedSimpArgs false`
warning: NLA/MF12/MatrixAlgebra.lean:256:26: This simp argument is unused:
  one_mul

Hint: Omit it from the simp argument list.
  [apply] simp only [pow_succ, Nat.cast_add, Nat.cast_one, zero_mul, mul_zero, zero_add, add_zero, mul_one]

Note: This linter can be disabled with `set_option linter.unusedSimpArgs false`
warning: NLA/MF12/MatrixAlgebra.lean:256:35: This simp argument is unused:
  mul_one

Hint: Omit it from the simp argument list.
  [apply] simp only [pow_succ, Nat.cast_add, Nat.cast_one, zero_mul, mul_zero, zero_add, add_zero, one_mul]

Note: This linter can be disabled with `set_option linter.unusedSimpArgs false`
warning: NLA/MF12/MatrixAlgebra.lean:258:15: This simp argument is unused:
  pow_succ

Hint: Omit it from the simp argument list.
  [apply] simp only [Nat.cast_add, Nat.cast_one, zero_mul, mul_zero, zero_add, add_zero, one_mul, mul_one]

Note: This linter can be disabled with `set_option linter.unusedSimpArgs false`
warning: NLA/MF12/MatrixAlgebra.lean:258:25: This simp argument is unused:
  Nat.cast_add

Hint: Omit it from the simp argument list.
  [apply] simp only [pow_succ, Nat.cast_one, zero_mul, mul_zero, zero_add, add_zero, one_mul, mul_one]

Note: This linter can be disabled with `set_option linter.unusedSimpArgs false`
warning: NLA/MF12/MatrixAlgebra.lean:258:39: This simp argument is unused:
  Nat.cast_one

Hint: Omit it from the simp argument list.
  [apply] simp only [pow_succ, Nat.cast_add, zero_mul, mul_zero, zero_add, add_zero, one_mul, mul_one]

Note: This linter can be disabled with `set_option linter.unusedSimpArgs false`
warning: NLA/MF12/MatrixAlgebra.lean:259:6: This simp argument is unused:
  zero_add

Hint: Omit it from the simp argument list.
  [apply] simp only [pow_succ, Nat.cast_add, Nat.cast_one, zero_mul, mul_zero, add_zero, one_mul, mul_one]

Note: This linter can be disabled with `set_option linter.unusedSimpArgs false`
warning: NLA/MF12/MatrixAlgebra.lean:259:26: This simp argument is unused:
  one_mul

Hint: Omit it from the simp argument list.
  [apply] simp only [pow_succ, Nat.cast_add, Nat.cast_one, zero_mul, mul_zero, zero_add, add_zero, mul_one]

Note: This linter can be disabled with `set_option linter.unusedSimpArgs false`
warning: NLA/MF12/MatrixAlgebra.lean:259:35: This simp argument is unused:
  mul_one

Hint: Omit it from the simp argument list.
  [apply] simp only [pow_succ, Nat.cast_add, Nat.cast_one, zero_mul, mul_zero, zero_add, add_zero, one_mul]

Note: This linter can be disabled with `set_option linter.unusedSimpArgs false`
warning: NLA/MF12/MatrixAlgebra.lean:261:15: This simp argument is unused:
  pow_succ

Hint: Omit it from the simp argument list.
  [apply] simp only [Nat.cast_add, Nat.cast_one, zero_mul, mul_zero, zero_add, add_zero, one_mul, mul_one]

Note: This linter can be disabled with `set_option linter.unusedSimpArgs false`
warning: NLA/MF12/MatrixAlgebra.lean:261:25: This simp argument is unused:
  Nat.cast_add

Hint: Omit it from the simp argument list.
  [apply] simp only [pow_succ, Nat.cast_one, zero_mul, mul_zero, zero_add, add_zero, one_mul, mul_one]

Note: This linter can be disabled with `set_option linter.unusedSimpArgs false`
warning: NLA/MF12/MatrixAlgebra.lean:261:39: This simp argument is unused:
  Nat.cast_one

Hint: Omit it from the simp argument list.
  [apply] simp only [pow_succ, Nat.cast_add, zero_mul, mul_zero, zero_add, add_zero, one_mul, mul_one]

Note: This linter can be disabled with `set_option linter.unusedSimpArgs false`
warning: NLA/MF12/MatrixAlgebra.lean:262:6: This simp argument is unused:
  zero_add

Hint: Omit it from the simp argument list.
  [apply] simp only [pow_succ, Nat.cast_add, Nat.cast_one, zero_mul, mul_zero, add_zero, one_mul, mul_one]

Note: This linter can be disabled with `set_option linter.unusedSimpArgs false`
warning: NLA/MF12/MatrixAlgebra.lean:262:26: This simp argument is unused:
  one_mul

Hint: Omit it from the simp argument list.
  [apply] simp only [pow_succ, Nat.cast_add, Nat.cast_one, zero_mul, mul_zero, zero_add, add_zero, mul_one]

Note: This linter can be disabled with `set_option linter.unusedSimpArgs false`
warning: NLA/MF12/MatrixAlgebra.lean:262:35: This simp argument is unused:
  mul_one

Hint: Omit it from the simp argument list.
  [apply] simp only [pow_succ, Nat.cast_add, Nat.cast_one, zero_mul, mul_zero, zero_add, add_zero, one_mul]

Note: This linter can be disabled with `set_option linter.unusedSimpArgs false`
warning: NLA/MF12/MatrixAlgebra.lean:264:15: This simp argument is unused:
  pow_succ

Hint: Omit it from the simp argument list.
  [apply] simp only [Nat.cast_add, Nat.cast_one, zero_mul, mul_zero, zero_add, add_zero, one_mul, mul_one]

Note: This linter can be disabled with `set_option linter.unusedSimpArgs false`
warning: NLA/MF12/MatrixAlgebra.lean:264:25: This simp argument is unused:
  Nat.cast_add

Hint: Omit it from the simp argument list.
  [apply] simp only [pow_succ, Nat.cast_one, zero_mul, mul_zero, zero_add, add_zero, one_mul, mul_one]

Note: This linter can be disabled with `set_option linter.unusedSimpArgs false`
warning: NLA/MF12/MatrixAlgebra.lean:264:39: This simp argument is unused:
  Nat.cast_one

Hint: Omit it from the simp argument list.
  [apply] simp only [pow_succ, Nat.cast_add, zero_mul, mul_zero, zero_add, add_zero, one_mul, mul_one]

Note: This linter can be disabled with `set_option linter.unusedSimpArgs false`
warning: NLA/MF12/MatrixAlgebra.lean:264:53: This simp argument is unused:
  zero_mul

Hint: Omit it from the simp argument list.
  [apply] simp only [pow_succ, Nat.cast_add, Nat.cast_one, mul_zero, zero_add, add_zero, one_mul, mul_one]

Note: This linter can be disabled with `set_option linter.unusedSimpArgs false`
warning: NLA/MF12/MatrixAlgebra.lean:265:26: This simp argument is unused:
  one_mul

Hint: Omit it from the simp argument list.
  [apply] simp only [pow_succ, Nat.cast_add, Nat.cast_one, zero_mul, mul_zero, zero_add, add_zero, mul_one]

Note: This linter can be disabled with `set_option linter.unusedSimpArgs false`
warning: NLA/MF12/MatrixAlgebra.lean:160:48: Unused tactic linter: `ring` does nothing

Note: This linter can be disabled with `set_option linter.unusedTactic false`
warning: NLA/MF12/MatrixAlgebra.lean:163:48: Unused tactic linter: `ring` does nothing

Note: This linter can be disabled with `set_option linter.unusedTactic false`
warning: NLA/MF12/MatrixAlgebra.lean:166:48: Unused tactic linter: `ring` does nothing

Note: This linter can be disabled with `set_option linter.unusedTactic false`
warning: NLA/MF12/MatrixAlgebra.lean:169:48: Unused tactic linter: `ring` does nothing

Note: This linter can be disabled with `set_option linter.unusedTactic false`
warning: NLA/MF12/MatrixAlgebra.lean:172:48: Unused tactic linter: `ring` does nothing

Note: This linter can be disabled with `set_option linter.unusedTactic false`
warning: NLA/MF12/MatrixAlgebra.lean:175:48: Unused tactic linter: `ring` does nothing

Note: This linter can be disabled with `set_option linter.unusedTactic false`
warning: NLA/MF12/MatrixAlgebra.lean:178:48: Unused tactic linter: `ring` does nothing

Note: This linter can be disabled with `set_option linter.unusedTactic false`
warning: NLA/MF12/MatrixAlgebra.lean:181:48: Unused tactic linter: `ring` does nothing

Note: This linter can be disabled with `set_option linter.unusedTactic false`
warning: NLA/MF12/MatrixAlgebra.lean:187:48: Unused tactic linter: `ring` does nothing

Note: This linter can be disabled with `set_option linter.unusedTactic false`
warning: NLA/MF12/MatrixAlgebra.lean:190:48: Unused tactic linter: `ring` does nothing

Note: This linter can be disabled with `set_option linter.unusedTactic false`
warning: NLA/MF12/MatrixAlgebra.lean:193:48: Unused tactic linter: `ring` does nothing

Note: This linter can be disabled with `set_option linter.unusedTactic false`
warning: NLA/MF12/MatrixAlgebra.lean:196:48: Unused tactic linter: `ring` does nothing

Note: This linter can be disabled with `set_option linter.unusedTactic false`
warning: NLA/MF12/MatrixAlgebra.lean:199:48: Unused tactic linter: `ring` does nothing

Note: This linter can be disabled with `set_option linter.unusedTactic false`
warning: NLA/MF12/MatrixAlgebra.lean:202:48: Unused tactic linter: `ring` does nothing

Note: This linter can be disabled with `set_option linter.unusedTactic false`
warning: NLA/MF12/MatrixAlgebra.lean:205:48: Unused tactic linter: `ring` does nothing

Note: This linter can be disabled with `set_option linter.unusedTactic false`
warning: NLA/MF12/MatrixAlgebra.lean:208:48: Unused tactic linter: `ring` does nothing

Note: This linter can be disabled with `set_option linter.unusedTactic false`
warning: NLA/MF12/MatrixAlgebra.lean:211:48: Unused tactic linter: `ring` does nothing

Note: This linter can be disabled with `set_option linter.unusedTactic false`
warning: NLA/MF12/MatrixAlgebra.lean:214:48: Unused tactic linter: `ring` does nothing

Note: This linter can be disabled with `set_option linter.unusedTactic false`
warning: NLA/MF12/MatrixAlgebra.lean:217:48: Unused tactic linter: `ring` does nothing

Note: This linter can be disabled with `set_option linter.unusedTactic false`
warning: NLA/MF12/MatrixAlgebra.lean:220:48: Unused tactic linter: `ring` does nothing

Note: This linter can be disabled with `set_option linter.unusedTactic false`
warning: NLA/MF12/MatrixAlgebra.lean:223:48: Unused tactic linter: `ring` does nothing

Note: This linter can be disabled with `set_option linter.unusedTactic false`
warning: NLA/MF12/MatrixAlgebra.lean:229:48: Unused tactic linter: `ring` does nothing

Note: This linter can be disabled with `set_option linter.unusedTactic false`
warning: NLA/MF12/MatrixAlgebra.lean:232:48: Unused tactic linter: `ring` does nothing

Note: This linter can be disabled with `set_option linter.unusedTactic false`
warning: NLA/MF12/MatrixAlgebra.lean:235:48: Unused tactic linter: `ring` does nothing

Note: This linter can be disabled with `set_option linter.unusedTactic false`
warning: NLA/MF12/MatrixAlgebra.lean:238:48: Unused tactic linter: `ring` does nothing

Note: This linter can be disabled with `set_option linter.unusedTactic false`
warning: NLA/MF12/MatrixAlgebra.lean:241:48: Unused tactic linter: `ring` does nothing

Note: This linter can be disabled with `set_option linter.unusedTactic false`
warning: NLA/MF12/MatrixAlgebra.lean:244:48: Unused tactic linter: `ring` does nothing

Note: This linter can be disabled with `set_option linter.unusedTactic false`
warning: NLA/MF12/MatrixAlgebra.lean:247:48: Unused tactic linter: `ring` does nothing

Note: This linter can be disabled with `set_option linter.unusedTactic false`
warning: NLA/MF12/MatrixAlgebra.lean:250:48: Unused tactic linter: `ring` does nothing

Note: This linter can be disabled with `set_option linter.unusedTactic false`
warning: NLA/MF12/MatrixAlgebra.lean:253:48: Unused tactic linter: `ring` does nothing

Note: This linter can be disabled with `set_option linter.unusedTactic false`
warning: NLA/MF12/MatrixAlgebra.lean:256:48: Unused tactic linter: `ring` does nothing

Note: This linter can be disabled with `set_option linter.unusedTactic false`
warning: NLA/MF12/MatrixAlgebra.lean:259:48: Unused tactic linter: `ring` does nothing

Note: This linter can be disabled with `set_option linter.unusedTactic false`
warning: NLA/MF12/MatrixAlgebra.lean:262:48: Unused tactic linter: `ring` does nothing

Note: This linter can be disabled with `set_option linter.unusedTactic false`
warning: NLA/MF12/MatrixAlgebra.lean:265:48: Unused tactic linter: `ring` does nothing

Note: This linter can be disabled with `set_option linter.unusedTactic false`
warning: NLA/MF12/MatrixAlgebra.lean:160:48: this tactic is never executed

Note: This linter can be disabled with `set_option linter.unreachableTactic false`
warning: NLA/MF12/MatrixAlgebra.lean:163:48: this tactic is never executed

Note: This linter can be disabled with `set_option linter.unreachableTactic false`
warning: NLA/MF12/MatrixAlgebra.lean:166:48: this tactic is never executed

Note: This linter can be disabled with `set_option linter.unreachableTactic false`
warning: NLA/MF12/MatrixAlgebra.lean:169:48: this tactic is never executed

Note: This linter can be disabled with `set_option linter.unreachableTactic false`
warning: NLA/MF12/MatrixAlgebra.lean:172:48: this tactic is never executed

Note: This linter can be disabled with `set_option linter.unreachableTactic false`
warning: NLA/MF12/MatrixAlgebra.lean:175:48: this tactic is never executed

Note: This linter can be disabled with `set_option linter.unreachableTactic false`
warning: NLA/MF12/MatrixAlgebra.lean:178:48: this tactic is never executed

Note: This linter can be disabled with `set_option linter.unreachableTactic false`
warning: NLA/MF12/MatrixAlgebra.lean:181:48: this tactic is never executed

Note: This linter can be disabled with `set_option linter.unreachableTactic false`
warning: NLA/MF12/MatrixAlgebra.lean:187:48: this tactic is never executed

Note: This linter can be disabled with `set_option linter.unreachableTactic false`
warning: NLA/MF12/MatrixAlgebra.lean:190:48: this tactic is never executed

Note: This linter can be disabled with `set_option linter.unreachableTactic false`
warning: NLA/MF12/MatrixAlgebra.lean:193:48: this tactic is never executed

Note: This linter can be disabled with `set_option linter.unreachableTactic false`
warning: NLA/MF12/MatrixAlgebra.lean:196:48: this tactic is never executed

Note: This linter can be disabled with `set_option linter.unreachableTactic false`
warning: NLA/MF12/MatrixAlgebra.lean:199:48: this tactic is never executed

Note: This linter can be disabled with `set_option linter.unreachableTactic false`
warning: NLA/MF12/MatrixAlgebra.lean:202:48: this tactic is never executed

Note: This linter can be disabled with `set_option linter.unreachableTactic false`
warning: NLA/MF12/MatrixAlgebra.lean:205:48: this tactic is never executed

Note: This linter can be disabled with `set_option linter.unreachableTactic false`
warning: NLA/MF12/MatrixAlgebra.lean:208:48: this tactic is never executed

Note: This linter can be disabled with `set_option linter.unreachableTactic false`
warning: NLA/MF12/MatrixAlgebra.lean:211:48: this tactic is never executed

Note: This linter can be disabled with `set_option linter.unreachableTactic false`
warning: NLA/MF12/MatrixAlgebra.lean:214:48: this tactic is never executed

Note: This linter can be disabled with `set_option linter.unreachableTactic false`
warning: NLA/MF12/MatrixAlgebra.lean:217:48: this tactic is never executed

Note: This linter can be disabled with `set_option linter.unreachableTactic false`
warning: NLA/MF12/MatrixAlgebra.lean:220:48: this tactic is never executed

Note: This linter can be disabled with `set_option linter.unreachableTactic false`
warning: NLA/MF12/MatrixAlgebra.lean:223:48: this tactic is never executed

Note: This linter can be disabled with `set_option linter.unreachableTactic false`
warning: NLA/MF12/MatrixAlgebra.lean:229:48: this tactic is never executed

Note: This linter can be disabled with `set_option linter.unreachableTactic false`
warning: NLA/MF12/MatrixAlgebra.lean:232:48: this tactic is never executed

Note: This linter can be disabled with `set_option linter.unreachableTactic false`
warning: NLA/MF12/MatrixAlgebra.lean:235:48: this tactic is never executed

Note: This linter can be disabled with `set_option linter.unreachableTactic false`
warning: NLA/MF12/MatrixAlgebra.lean:238:48: this tactic is never executed

Note: This linter can be disabled with `set_option linter.unreachableTactic false`
warning: NLA/MF12/MatrixAlgebra.lean:241:48: this tactic is never executed

Note: This linter can be disabled with `set_option linter.unreachableTactic false`
warning: NLA/MF12/MatrixAlgebra.lean:244:48: this tactic is never executed

Note: This linter can be disabled with `set_option linter.unreachableTactic false`
warning: NLA/MF12/MatrixAlgebra.lean:247:48: this tactic is never executed

Note: This linter can be disabled with `set_option linter.unreachableTactic false`
warning: NLA/MF12/MatrixAlgebra.lean:250:48: this tactic is never executed

Note: This linter can be disabled with `set_option linter.unreachableTactic false`
warning: NLA/MF12/MatrixAlgebra.lean:253:48: this tactic is never executed

Note: This linter can be disabled with `set_option linter.unreachableTactic false`
warning: NLA/MF12/MatrixAlgebra.lean:256:48: this tactic is never executed

Note: This linter can be disabled with `set_option linter.unreachableTactic false`
warning: NLA/MF12/MatrixAlgebra.lean:259:48: this tactic is never executed

Note: This linter can be disabled with `set_option linter.unreachableTactic false`
warning: NLA/MF12/MatrixAlgebra.lean:262:48: this tactic is never executed

Note: This linter can be disabled with `set_option linter.unreachableTactic false`
warning: NLA/MF12/MatrixAlgebra.lean:265:48: this tactic is never executed

Note: This linter can be disabled with `set_option linter.unreachableTactic false`
warning: NLA/MF12/MatrixAlgebra.lean:184:44: Used `tac1 <;> tac2` where `(tac1; tac2)` would suffice

Note: This linter can be disabled with `set_option linter.unnecessarySeqFocus false`
warning: NLA/MF12/MatrixAlgebra.lean:226:44: Used `tac1 <;> tac2` where `(tac1; tac2)` would suffice

Note: This linter can be disabled with `set_option linter.unnecessarySeqFocus false`
info: NLA/MF12/MatrixAlgebra.lean:325:0: 'NLA.MF12.fractional_projection' depends on axioms: [propext, Classical.choice, Quot.sound]
info: NLA/MF12/MatrixAlgebra.lean:326:0: 'NLA.MF12.jordan_two_power' depends on axioms: [propext, Classical.choice, Quot.sound]
info: NLA/MF12/MatrixAlgebra.lean:327:0: 'NLA.MF12.compressed_powers' depends on axioms: [propext, Classical.choice, Quot.sound]
ℹ [3106/3119] Built NLA.MF12.Gaps (4.0s)
info: NLA/MF12/Gaps.lean:116:0: 'NLA.MF12.gap_decomposition' depends on axioms: [propext, Quot.sound]
info: NLA/MF12/Gaps.lean:117:0: 'NLA.MF12.reset_product_factorization' depends on axioms: [propext, Classical.choice, Quot.sound]
info: NLA/MF12/Gaps.lean:118:0: 'NLA.MF12.lower_word_exact' depends on axioms: [propext, Classical.choice, Quot.sound]
ℹ [3107/3119] Built NLA.MF12.Tensor (5.1s)
info: NLA/MF12/Tensor.lean:102:0: 'NLA.MF12.tensor_norm_comparison' depends on axioms: [propext, Classical.choice, Quot.sound]
info: NLA/MF12/Tensor.lean:103:0: 'NLA.MF12.tensor_word_identity' depends on axioms: [propext, Classical.choice, Quot.sound]
ℹ [3108/3119] Built NLA.MF12.Budgets (5.2s)
info: NLA/MF12/Budgets.lean:108:0: 'NLA.MF12.telescoping_budget' depends on axioms: [propext, Classical.choice, Quot.sound]
info: NLA/MF12/Budgets.lean:109:0: 'NLA.MF12.compressed_product_formula' depends on axioms: [propext, Classical.choice, Quot.sound]
⚠ [3109/3119] Built NLA.MF12.JordanEntries (6.4s)
warning: NLA/MF12/JordanEntries.lean:81:91: Used `tac1 <;> tac2` where `(tac1; tac2)` would suffice

Note: This linter can be disabled with `set_option linter.unnecessarySeqFocus false`
warning: NLA/MF12/JordanEntries.lean:96:2: Try `simp at he` instead of `simpa using he`

Note: This linter can be disabled with `set_option linter.unnecessarySimpa false`
warning: NLA/MF12/JordanEntries.lean:114:6: try 'simp' instead of 'simpa'

Note: This linter can be disabled with `set_option linter.unnecessarySimpa false`
warning: NLA/MF12/JordanEntries.lean:119:47: Variable name `hn` is not explicitly referenced.

Hint: The binding can be removed (if unused) or named `_` (if used implicitly). Alternatively, prefix the name with `_` to silence this warning:
  [apply] _hn

Note: This linter can be disabled with `set_option linter.unusedVariables false`
info: NLA/MF12/JordanEntries.lean:125:0: 'NLA.MF12.jordan_entries' depends on axioms: [propext, Classical.choice, Quot.sound]
info: NLA/MF12/JordanEntries.lean:126:0: 'NLA.MF12.integer_family_growth' depends on axioms: [propext, Classical.choice, Quot.sound]
ℹ [3110/3119] Built NLA.MF12.HolderBound (4.5s)
info: NLA/MF12/HolderBound.lean:104:0: 'NLA.MF12.compressed_product_bound' depends on axioms: [propext, Classical.choice, Quot.sound]
ℹ [3111/3119] Built NLA.MF12.PowerBounds (5.0s)
info: NLA/MF12/PowerBounds.lean:130:0: 'NLA.MF12.fractional_powers_entry_bound' depends on axioms: [propext, Classical.choice, Quot.sound]
ℹ [3112/3119] Built NLA.MF12.JordanBounds (4.9s)
info: NLA/MF12/JordanBounds.lean:115:0: 'NLA.MF12.jordan_growth_estimates' depends on axioms: [propext, Classical.choice, Quot.sound]
ℹ [3113/3119] Built NLA.MF12.GapBounds (6.7s)
info: NLA/MF12/GapBounds.lean:71:0: 'NLA.MF12.logarithmic_gap_bounds' depends on axioms: [propext, Classical.choice, Quot.sound]
⚠ [3114/3119] Built NLA.MF12.Upper (4.1s)
warning: NLA/MF12/Upper.lean:27:28: Variable name `hb` is not explicitly referenced.

Hint: The binding can be removed (if unused) or named `_` (if used implicitly). Alternatively, prefix the name with `_` to silence this warning:
  [apply] _hb

Note: This linter can be disabled with `set_option linter.unusedVariables false`
warning: NLA/MF12/Upper.lean:181:53: This simp argument is unused:
  List.sum_singleton

Hint: Omit it from the simp argument list.
  [apply] simp only [List.sum_cons, List.sum_append, List.length_cons, List.length_append,
    List.length_singleton] at hlength

Note: This linter can be disabled with `set_option linter.unusedSimpArgs false`
warning: NLA/MF12/Upper.lean:182:50: This simp argument is unused:
  List.length_singleton

Hint: Omit it from the simp argument list.
  [apply] simp only [List.sum_cons, List.sum_append, List.sum_singleton, List.length_cons,
    List.length_append] at hlength

Note: This linter can be disabled with `set_option linter.unusedSimpArgs false`
info: NLA/MF12/Upper.lean:204:0: 'NLA.MF12.fractional_all_word_upper' depends on axioms: [propext, Classical.choice, Quot.sound]
ℹ [3115/3119] Built NLA.MF12.Lower (4.1s)
info: NLA/MF12/Lower.lean:173:0: 'NLA.MF12.fractional_lower_all_lengths' depends on axioms: [propext, Classical.choice, Quot.sound]
info: NLA/MF12/Lower.lean:174:0: 'NLA.MF12.fractional_growth_estimates' depends on axioms: [propext, Classical.choice, Quot.sound]
ℹ [3116/3119] Built NLA.MF12.Lifted (2.8s)
info: NLA/MF12/Lifted.lean:126:0: 'NLA.MF12.fractional_tensor_growth' depends on axioms: [propext, Classical.choice, Quot.sound]
ℹ [3117/3119] Built NLA.MF12.Realization (2.7s)
info: NLA/MF12/Realization.lean:74:0: 'NLA.MF12.realizes_every_nonnegative_exponent' depends on axioms: [propext, Classical.choice, Quot.sound]
ℹ [3118/3119] Built Solution (2.3s)
info: Solution.lean:18:0: 'NLA.MF12.family_growth_is_maximum' depends on axioms: [propext, Classical.choice, Quot.sound]
info: Solution.lean:20:0: 'NLA.MF12.pair_word_norms' depends on axioms: [propext, Classical.choice, Quot.sound]
info: Solution.lean:22:0: 'NLA.MF12.entry_maximum_norm_comparison' depends on axioms: [propext, Classical.choice, Quot.sound]
info: Solution.lean:24:0: 'NLA.MF12.tensor_norm_comparison' depends on axioms: [propext, Classical.choice, Quot.sound]
info: Solution.lean:26:0: 'NLA.MF12.tensor_word_identity' depends on axioms: [propext, Classical.choice, Quot.sound]
info: Solution.lean:28:0: 'NLA.MF12.fractional_parameters' depends on axioms: [propext, Classical.choice, Quot.sound]
info: Solution.lean:30:0: 'NLA.MF12.fractional_projection' depends on axioms: [propext, Classical.choice, Quot.sound]
info: Solution.lean:32:0: 'NLA.MF12.jordan_two_power' depends on axioms: [propext, Classical.choice, Quot.sound]
info: Solution.lean:34:0: 'NLA.MF12.compressed_powers' depends on axioms: [propext, Classical.choice, Quot.sound]
info: Solution.lean:36:0: 'NLA.MF12.loss_gain_bounds' depends on axioms: [propext, Classical.choice, Quot.sound]
info: Solution.lean:38:0: 'NLA.MF12.telescoping_budget' depends on axioms: [propext, Classical.choice, Quot.sound]
info: Solution.lean:40:0: 'NLA.MF12.compressed_product_formula' depends on axioms: [propext, Classical.choice, Quot.sound]
info: Solution.lean:42:0: 'NLA.MF12.compressed_product_bound' depends on axioms: [propext, Classical.choice, Quot.sound]
info: Solution.lean:44:0: 'NLA.MF12.fractional_powers_entry_bound' depends on axioms: [propext, Classical.choice, Quot.sound]
info: Solution.lean:46:0: 'NLA.MF12.gap_decomposition' depends on axioms: [propext, Quot.sound]
info: Solution.lean:48:0: 'NLA.MF12.reset_product_factorization' depends on axioms: [propext, Classical.choice, Quot.sound]
info: Solution.lean:50:0: 'NLA.MF12.fractional_all_word_upper' depends on axioms: [propext, Classical.choice, Quot.sound]
info: Solution.lean:52:0: 'NLA.MF12.logarithmic_gap_bounds' depends on axioms: [propext, Classical.choice, Quot.sound]
info: Solution.lean:54:0: 'NLA.MF12.bernoulli_loss' depends on axioms: [propext, Classical.choice, Quot.sound]
info: Solution.lean:56:0: 'NLA.MF12.lower_word_exact' depends on axioms: [propext, Classical.choice, Quot.sound]
info: Solution.lean:58:0: 'NLA.MF12.fractional_lower_all_lengths' depends on axioms: [propext, Classical.choice, Quot.sound]
info: Solution.lean:60:0: 'NLA.MF12.fractional_growth_estimates' depends on axioms: [propext, Classical.choice, Quot.sound]
info: Solution.lean:62:0: 'NLA.MF12.roots_of_polynomial_growth' depends on axioms: [propext, Classical.choice, Quot.sound]
info: Solution.lean:64:0: 'NLA.MF12.jordan_entries' depends on axioms: [propext, Classical.choice, Quot.sound]
info: Solution.lean:66:0: 'NLA.MF12.jordan_growth_estimates' depends on axioms: [propext, Classical.choice, Quot.sound]
info: Solution.lean:68:0: 'NLA.MF12.integer_family_growth' depends on axioms: [propext, Classical.choice, Quot.sound]
info: Solution.lean:70:0: 'NLA.MF12.fractional_tensor_growth' depends on axioms: [propext, Classical.choice, Quot.sound]
info: Solution.lean:72:0: 'NLA.MF12.realizes_every_nonnegative_exponent' depends on axioms: [propext, Classical.choice, Quot.sound]
Build completed successfully (3119 jobs).
Exporting #[Quot, Quot.mk, Quot.lift, Quot.ind, NLA.MF12.family_growth_is_maximum, NLA.MF12.pair_word_norms, NLA.MF12.entry_maximum_norm_comparison, NLA.MF12.tensor_norm_comparison, NLA.MF12.tensor_word_identity, NLA.MF12.fractional_parameters, NLA.MF12.fractional_projection, NLA.MF12.jordan_two_power, NLA.MF12.compressed_powers, NLA.MF12.loss_gain_bounds, NLA.MF12.telescoping_budget, NLA.MF12.compressed_product_formula, NLA.MF12.compressed_product_bound, NLA.MF12.fractional_powers_entry_bound, NLA.MF12.gap_decomposition, NLA.MF12.reset_product_factorization, NLA.MF12.fractional_all_word_upper, NLA.MF12.logarithmic_gap_bounds, NLA.MF12.bernoulli_loss, NLA.MF12.lower_word_exact, NLA.MF12.fractional_lower_all_lengths, NLA.MF12.fractional_growth_estimates, NLA.MF12.roots_of_polynomial_growth, NLA.MF12.jordan_entries, NLA.MF12.jordan_growth_estimates, NLA.MF12.integer_family_growth, NLA.MF12.fractional_tensor_growth, NLA.MF12.realizes_every_nonnegative_exponent, propext, Classical.choice, Quot.sound, Nat.add, Nat.sub, Nat.mul, Nat.pow, Nat.gcd, Nat.div, Nat.mod, Nat.beq, Nat.ble, Nat.land, Nat.lor, Nat.xor, Nat.shiftLeft, Nat.shiftRight, String.ofList, Char.ofNat, List, eagerReduce, Nat, String, String.mk, Char, optParam, autoParam, semiOutParam, outParam] from Solution
Running Lean default kernel on solution.
Lean default kernel accepts the solution
Your solution is okay!

EXIT_STATUS=0
