Definitions

GaussianNull
'NLA.IE06.GaussianNull.polynomial_ne_zero_ae' depends on axioms: [propext, Classical.choice, Quot.sound]
'NLA.IE06.GaussianNull.gaussian_minor_det_ne_zero' depends on axioms: [propext, Classical.choice, Quot.sound]
'NLA.IE06.gaussianMatrix_singular_null_proved' depends on axioms: [propext, Classical.choice, Quot.sound]

GaussianQuadratic
'NLA.IE06.GaussianQuadratic.scalar_quadratic_mgf' depends on axioms: [propext, Classical.choice, Quot.sound]
'NLA.IE06.GaussianQuadratic.weighted_quadratic_mgf' depends on axioms: [propext, Classical.choice, Quot.sound]
'NLA.IE06.GaussianQuadratic.scalar_mgf_bound' depends on axioms: [propext, Classical.choice, Quot.sound]
'NLA.IE06.GaussianQuadratic.weighted_mgf_bound' depends on axioms: [propext, Classical.choice, Quot.sound]
'NLA.IE06.GaussianQuadratic.weighted_square_tail' depends on axioms: [propext, Classical.choice, Quot.sound]

GaussianFrobenius
'NLA.IE06.GaussianFrobenius.centered_gaussian_frobenius_tail' depends on axioms: [propext, Classical.choice, Quot.sound]

GaussianSmallest
'NLA.IE06.GaussianSmallest.stdGaussian_density' depends on axioms: [propext, Classical.choice, Quot.sound]
'NLA.IE06.GaussianSmallest.gaussian_norm_moment' depends on axioms: [propext, Classical.choice, Quot.sound]
'NLA.IE06.GaussianSmallest.gaussian_inverse_norm_moment' depends on axioms: [propext, Classical.choice, Quot.sound]
'NLA.IE06.GaussianSmallest.gaussian_sumSquares_moment' depends on axioms: [propext, Classical.choice, Quot.sound]
'NLA.IE06.GaussianSmallest.gaussian_inverse_sumSquares_moment' depends on axioms: [propext,
 Classical.choice,
 Quot.sound]

GaussianRegression
'NLA.IE06.GaussianRegression.gram_posDef_ae' depends on axioms: [propext, Classical.choice, Quot.sound]
'NLA.IE06.GaussianRegression.rotateColumns_measurePreserving' depends on axioms: [propext, Classical.choice, Quot.sound]
'NLA.IE06.GaussianRegression.inverse_gram_first_diagonal' depends on axioms: [propext, Classical.choice, Quot.sound]
'NLA.IE06.GaussianRegression.projected_inverse_norm_moment' depends on axioms: [propext, Classical.choice, Quot.sound]
'NLA.IE06.GaussianRegression.residual_inverse_norm_moment' depends on axioms: [propext, Classical.choice, Quot.sound]
'NLA.IE06.GaussianRegression.inverse_gram_first_moment' depends on axioms: [propext, Classical.choice, Quot.sound]
'NLA.IE06.GaussianRegression.directionalQuadratic_rotateColumns' depends on axioms: [propext,
 Classical.choice,
 Quot.sound]
'NLA.IE06.GaussianRegression.directional_inverse_gram_moment' depends on axioms: [propext, Classical.choice, Quot.sound]

GaussianDeterminantMoments
'NLA.IE06.GaussianDeterminantMoments.gaussian_inverse_gram_det_moment' depends on axioms: [propext,
 Classical.choice,
 Quot.sound]

GaussianPrincipalMoments
'NLA.IE06.GaussianPrincipalMoments.gaussian_detRatio_moment' depends on axioms: [propext, Classical.choice, Quot.sound]
'NLA.IE06.GaussianPrincipalMoments.gaussian_principal_inverse_det_moment' depends on axioms: [propext,
 Classical.choice,
 Quot.sound]
'NLA.IE06.GaussianPrincipalMoments.gaussian_principal_submatrix_moment' depends on axioms: [propext,
 Classical.choice,
 Quot.sound]
'NLA.IE06.GaussianPrincipalMoments.gaussian_principal_subset_moment' depends on axioms: [propext,
 Classical.choice,
 Quot.sound]

GaussianOvercrowdingScalars
'NLA.IE06.GaussianOvercrowdingScalars.dimensions' depends on axioms: [propext, Classical.choice, Quot.sound]
'NLA.IE06.GaussianOvercrowdingScalars.exponent_bound' depends on axioms: [propext, Classical.choice, Quot.sound]
'NLA.IE06.GaussianOvercrowdingScalars.factorial_inverse_le' depends on axioms: [propext, Classical.choice, Quot.sound]
'NLA.IE06.GaussianOvercrowdingScalars.choose_le_exp_bound' depends on axioms: [propext, Classical.choice, Quot.sound]
'NLA.IE06.GaussianOvercrowdingScalars.factorial_le_moment_denominator' depends on axioms: [propext,
 Classical.choice,
 Quot.sound]
'NLA.IE06.GaussianOvercrowdingScalars.inverse_moment_denominator_le' depends on axioms: [propext,
 Classical.choice,
 Quot.sound]
'NLA.IE06.GaussianOvercrowdingScalars.scalar_threshold' depends on axioms: [propext, Classical.choice, Quot.sound]
'NLA.IE06.GaussianOvercrowdingScalars.moment_union_scalar' depends on axioms: [propext, Classical.choice, Quot.sound]
'NLA.IE06.GaussianOvercrowdingScalars.overcrowding_scalar' depends on axioms: [propext, Classical.choice, Quot.sound]

GaussianPrincipalTail
'NLA.IE06.GaussianPrincipalTail.principal_union_tail' depends on axioms: [propext, Classical.choice, Quot.sound]
