✔ [3099/3112] Built NLA.MF12.Definitions (1.6s)
✖ [3100/3112] Building NLA.MF12.RootLimit (3.2s)
trace: .> LEAN_PATH=/home/runner/work/OpenProblemsInNLA/OpenProblemsInNLA/.lean-development/.lake/packages/Cli/.lake/build/lib/lean:/home/runner/work/OpenProblemsInNLA/OpenProblemsInNLA/.lean-development/.lake/packages/batteries/.lake/build/lib/lean:/home/runner/work/OpenProblemsInNLA/OpenProblemsInNLA/.lean-development/.lake/packages/Qq/.lake/build/lib/lean:/home/runner/work/OpenProblemsInNLA/OpenProblemsInNLA/.lean-development/.lake/packages/aesop/.lake/build/lib/lean:/home/runner/work/OpenProblemsInNLA/OpenProblemsInNLA/.lean-development/.lake/packages/proofwidgets/.lake/build/lib/lean:/home/runner/work/OpenProblemsInNLA/OpenProblemsInNLA/.lean-development/.lake/packages/importGraph/.lake/build/lib/lean:/home/runner/work/OpenProblemsInNLA/OpenProblemsInNLA/.lean-development/.lake/packages/LeanSearchClient/.lake/build/lib/lean:/home/runner/work/OpenProblemsInNLA/OpenProblemsInNLA/.lean-development/.lake/packages/plausible/.lake/build/lib/lean:/home/runner/work/OpenProblemsInNLA/OpenProblemsInNLA/.lean-development/.lake/packages/mathlib/.lake/build/lib/lean:/home/runner/work/OpenProblemsInNLA/OpenProblemsInNLA/.lean-development/.lake/packages/leancert/.lake/build/lib/lean:/home/runner/work/OpenProblemsInNLA/OpenProblemsInNLA/.lean-development/.lake/build/lib/lean /home/runner/.elan/toolchains/leanprover--lean4---v4.33.1/bin/lean /home/runner/work/OpenProblemsInNLA/OpenProblemsInNLA/.lean-development/NLA/MF12/RootLimit.lean -o /home/runner/work/OpenProblemsInNLA/OpenProblemsInNLA/.lean-development/.lake/build/lib/lean/NLA/MF12/RootLimit.olean -i /home/runner/work/OpenProblemsInNLA/OpenProblemsInNLA/.lean-development/.lake/build/lib/lean/NLA/MF12/RootLimit.ilean -c /home/runner/work/OpenProblemsInNLA/OpenProblemsInNLA/.lean-development/.lake/build/ir/NLA/MF12/RootLimit.c --setup /home/runner/work/OpenProblemsInNLA/OpenProblemsInNLA/.lean-development/.lake/build/ir/NLA/MF12/RootLimit.setup.json --json
error: NLA/MF12/RootLimit.lean:31:61: Invalid field `rpow_const`: The environment does not contain `Function.rpow_const`, so it is not possible to project the field `rpow_const` from an expression
  hbase
of type
  ?m.74 ∈ 𝓝 1 → ?m.74 ∈ map (fun n => (↑n).rpow (1 / ↑n)) atTop
error: NLA/MF12/RootLimit.lean:33:74: Invalid field `rpow`: The environment does not contain `Function.rpow`, so it is not possible to project the field `rpow` from an expression
  tendsto_const_nhds
of type
  ?m.111 ∈ 𝓝 c → ?m.111 ∈ map (fun x => c) atTop
warning: NLA/MF12/RootLimit.lean:48:5: Variable name `hγ` is not explicitly referenced.

Hint: The binding can be removed (if unused) or named `_` (if used implicitly). Alternatively, prefix the name with `_` to silence this warning:
  [apply] _hγ

Note: This linter can be disabled with `set_option linter.unusedVariables false`
error: NLA/MF12/RootLimit.lean:63:21: #assert_trust: 'NLA.MF12.roots_of_polynomial_growth' depends on sorry or unrecognized axioms
  foundational: propext, Classical.choice, Quot.sound
  sorryAx: sorryAx
info: NLA/MF12/RootLimit.lean:64:0: 'NLA.MF12.roots_of_polynomial_growth' depends on axioms: [propext, sorryAx, Classical.choice, Quot.sound]
error: Lean exited with code 1
⚠ [3101/3112] Built NLA.MF12.Norms (4.2s)
warning: NLA/MF12/Norms.lean:32:10: This simp argument is unused:
  Matrix.mulVec_single_one

Hint: Omit it from the simp argument list.
  [apply] simp

Note: This linter can be disabled with `set_option linter.unusedSimpArgs false`
info: NLA/MF12/Norms.lean:116:0: 'NLA.MF12.entry_maximum_norm_comparison' depends on axioms: [propext, Classical.choice, Quot.sound]
ℹ [3102/3112] Built NLA.MF12.Parameters (4.3s)
info: NLA/MF12/Parameters.lean:129:0: 'NLA.MF12.fractional_parameters' depends on axioms: [propext, Classical.choice, Quot.sound]
info: NLA/MF12/Parameters.lean:130:0: 'NLA.MF12.loss_gain_bounds' depends on axioms: [propext, Classical.choice, Quot.sound]
info: NLA/MF12/Parameters.lean:131:0: 'NLA.MF12.bernoulli_loss' depends on axioms: [propext, Classical.choice, Quot.sound]
⚠ [3103/3112] Built NLA.MF12.MatrixAlgebra (5.8s)
warning: NLA/MF12/MatrixAlgebra.lean:66:57: Used `tac1 <;> tac2` where `(tac1; tac2)` would suffice

Note: This linter can be disabled with `set_option linter.unnecessarySeqFocus false`
warning: NLA/MF12/MatrixAlgebra.lean:159:15: This simp argument is unused:
  pow_succ

Hint: Omit it from the simp argument list.
  [apply] simp only [Nat.cast_add, Nat.cast_one, zero_mul, mul_zero, zero_add, add_zero, one_mul, mul_one]

Note: This linter can be disabled with `set_option linter.unusedSimpArgs false`
warning: NLA/MF12/MatrixAlgebra.lean:159:25: This simp argument is unused:
  Nat.cast_add

Hint: Omit it from the simp argument list.
  [apply] simp only [pow_succ, Nat.cast_one, zero_mul, mul_zero, zero_add, add_zero, one_mul, mul_one]

Note: This linter can be disabled with `set_option linter.unusedSimpArgs false`
warning: NLA/MF12/MatrixAlgebra.lean:159:39: This simp argument is unused:
  Nat.cast_one

Hint: Omit it from the simp argument list.
  [apply] simp only [pow_succ, Nat.cast_add, zero_mul, mul_zero, zero_add, add_zero, one_mul, mul_one]

Note: This linter can be disabled with `set_option linter.unusedSimpArgs false`
warning: NLA/MF12/MatrixAlgebra.lean:159:53: This simp argument is unused:
  zero_mul

Hint: Omit it from the simp argument list.
  [apply] simp only [pow_succ, Nat.cast_add, Nat.cast_one, mul_zero, zero_add, add_zero, one_mul, mul_one]

Note: This linter can be disabled with `set_option linter.unusedSimpArgs false`
warning: NLA/MF12/MatrixAlgebra.lean:160:6: This simp argument is unused:
  zero_add

Hint: Omit it from the simp argument list.
  [apply] simp only [pow_succ, Nat.cast_add, Nat.cast_one, zero_mul, mul_zero, add_zero, one_mul, mul_one]

Note: This linter can be disabled with `set_option linter.unusedSimpArgs false`
warning: NLA/MF12/MatrixAlgebra.lean:160:26: This simp argument is unused:
  one_mul

Hint: Omit it from the simp argument list.
  [apply] simp only [pow_succ, Nat.cast_add, Nat.cast_one, zero_mul, mul_zero, zero_add, add_zero, mul_one]

Note: This linter can be disabled with `set_option linter.unusedSimpArgs false`
warning: NLA/MF12/MatrixAlgebra.lean:162:15: This simp argument is unused:
  pow_succ

Hint: Omit it from the simp argument list.
  [apply] simp only [Nat.cast_add, Nat.cast_one, zero_mul, mul_zero, zero_add, add_zero, one_mul, mul_one]

Note: This linter can be disabled with `set_option linter.unusedSimpArgs false`
warning: NLA/MF12/MatrixAlgebra.lean:162:25: This simp argument is unused:
  Nat.cast_add

Hint: Omit it from the simp argument list.
  [apply] simp only [pow_succ, Nat.cast_one, zero_mul, mul_zero, zero_add, add_zero, one_mul, mul_one]

Note: This linter can be disabled with `set_option linter.unusedSimpArgs false`
warning: NLA/MF12/MatrixAlgebra.lean:162:39: This simp argument is unused:
  Nat.cast_one

Hint: Omit it from the simp argument list.
  [apply] simp only [pow_succ, Nat.cast_add, zero_mul, mul_zero, zero_add, add_zero, one_mul, mul_one]

Note: This linter can be disabled with `set_option linter.unusedSimpArgs false`
warning: NLA/MF12/MatrixAlgebra.lean:163:6: This simp argument is unused:
  zero_add

Hint: Omit it from the simp argument list.
  [apply] simp only [pow_succ, Nat.cast_add, Nat.cast_one, zero_mul, mul_zero, add_zero, one_mul, mul_one]

Note: This linter can be disabled with `set_option linter.unusedSimpArgs false`
warning: NLA/MF12/MatrixAlgebra.lean:163:26: This simp argument is unused:
  one_mul

Hint: Omit it from the simp argument list.
  [apply] simp only [pow_succ, Nat.cast_add, Nat.cast_one, zero_mul, mul_zero, zero_add, add_zero, mul_one]

Note: This linter can be disabled with `set_option linter.unusedSimpArgs false`
warning: NLA/MF12/MatrixAlgebra.lean:163:35: This simp argument is unused:
  mul_one

Hint: Omit it from the simp argument list.
  [apply] simp only [pow_succ, Nat.cast_add, Nat.cast_one, zero_mul, mul_zero, zero_add, add_zero, one_mul]

Note: This linter can be disabled with `set_option linter.unusedSimpArgs false`
warning: NLA/MF12/MatrixAlgebra.lean:165:15: This simp argument is unused:
  pow_succ

Hint: Omit it from the simp argument list.
  [apply] simp only [Nat.cast_add, Nat.cast_one, zero_mul, mul_zero, zero_add, add_zero, one_mul, mul_one]

Note: This linter can be disabled with `set_option linter.unusedSimpArgs false`
warning: NLA/MF12/MatrixAlgebra.lean:165:25: This simp argument is unused:
  Nat.cast_add

Hint: Omit it from the simp argument list.
  [apply] simp only [pow_succ, Nat.cast_one, zero_mul, mul_zero, zero_add, add_zero, one_mul, mul_one]

Note: This linter can be disabled with `set_option linter.unusedSimpArgs false`
warning: NLA/MF12/MatrixAlgebra.lean:165:39: This simp argument is unused:
  Nat.cast_one

Hint: Omit it from the simp argument list.
  [apply] simp only [pow_succ, Nat.cast_add, zero_mul, mul_zero, zero_add, add_zero, one_mul, mul_one]

Note: This linter can be disabled with `set_option linter.unusedSimpArgs false`
warning: NLA/MF12/MatrixAlgebra.lean:166:6: This simp argument is unused:
  zero_add

Hint: Omit it from the simp argument list.
  [apply] simp only [pow_succ, Nat.cast_add, Nat.cast_one, zero_mul, mul_zero, add_zero, one_mul, mul_one]

Note: This linter can be disabled with `set_option linter.unusedSimpArgs false`
warning: NLA/MF12/MatrixAlgebra.lean:166:26: This simp argument is unused:
  one_mul

Hint: Omit it from the simp argument list.
  [apply] simp only [pow_succ, Nat.cast_add, Nat.cast_one, zero_mul, mul_zero, zero_add, add_zero, mul_one]

Note: This linter can be disabled with `set_option linter.unusedSimpArgs false`
warning: NLA/MF12/MatrixAlgebra.lean:166:35: This simp argument is unused:
  mul_one

Hint: Omit it from the simp argument list.
  [apply] simp only [pow_succ, Nat.cast_add, Nat.cast_one, zero_mul, mul_zero, zero_add, add_zero, one_mul]

Note: This linter can be disabled with `set_option linter.unusedSimpArgs false`
warning: NLA/MF12/MatrixAlgebra.lean:168:15: This simp argument is unused:
  pow_succ

Hint: Omit it from the simp argument list.
  [apply] simp only [Nat.cast_add, Nat.cast_one, zero_mul, mul_zero, zero_add, add_zero, one_mul, mul_one]

Note: This linter can be disabled with `set_option linter.unusedSimpArgs false`
warning: NLA/MF12/MatrixAlgebra.lean:168:25: This simp argument is unused:
  Nat.cast_add

Hint: Omit it from the simp argument list.
  [apply] simp only [pow_succ, Nat.cast_one, zero_mul, mul_zero, zero_add, add_zero, one_mul, mul_one]

Note: This linter can be disabled with `set_option linter.unusedSimpArgs false`
warning: NLA/MF12/MatrixAlgebra.lean:168:39: This simp argument is unused:
  Nat.cast_one

Hint: Omit it from the simp argument list.
  [apply] simp only [pow_succ, Nat.cast_add, zero_mul, mul_zero, zero_add, add_zero, one_mul, mul_one]

Note: This linter can be disabled with `set_option linter.unusedSimpArgs false`
warning: NLA/MF12/MatrixAlgebra.lean:169:6: This simp argument is unused:
  zero_add

Hint: Omit it from the simp argument list.
  [apply] simp only [pow_succ, Nat.cast_add, Nat.cast_one, zero_mul, mul_zero, add_zero, one_mul, mul_one]

Note: This linter can be disabled with `set_option linter.unusedSimpArgs false`
warning: NLA/MF12/MatrixAlgebra.lean:169:26: This simp argument is unused:
  one_mul

Hint: Omit it from the simp argument list.
  [apply] simp only [pow_succ, Nat.cast_add, Nat.cast_one, zero_mul, mul_zero, zero_add, add_zero, mul_one]

Note: This linter can be disabled with `set_option linter.unusedSimpArgs false`
warning: NLA/MF12/MatrixAlgebra.lean:169:35: This simp argument is unused:
  mul_one

Hint: Omit it from the simp argument list.
  [apply] simp only [pow_succ, Nat.cast_add, Nat.cast_one, zero_mul, mul_zero, zero_add, add_zero, one_mul]

Note: This linter can be disabled with `set_option linter.unusedSimpArgs false`
warning: NLA/MF12/MatrixAlgebra.lean:171:15: This simp argument is unused:
  pow_succ

Hint: Omit it from the simp argument list.
  [apply] simp only [Nat.cast_add, Nat.cast_one, zero_mul, mul_zero, zero_add, add_zero, one_mul, mul_one]

Note: This linter can be disabled with `set_option linter.unusedSimpArgs false`
warning: NLA/MF12/MatrixAlgebra.lean:171:25: This simp argument is unused:
  Nat.cast_add

Hint: Omit it from the simp argument list.
  [apply] simp only [pow_succ, Nat.cast_one, zero_mul, mul_zero, zero_add, add_zero, one_mul, mul_one]

Note: This linter can be disabled with `set_option linter.unusedSimpArgs false`
warning: NLA/MF12/MatrixAlgebra.lean:171:39: This simp argument is unused:
  Nat.cast_one

Hint: Omit it from the simp argument list.
  [apply] simp only [pow_succ, Nat.cast_add, zero_mul, mul_zero, zero_add, add_zero, one_mul, mul_one]

Note: This linter can be disabled with `set_option linter.unusedSimpArgs false`
warning: NLA/MF12/MatrixAlgebra.lean:172:6: This simp argument is unused:
  zero_add

Hint: Omit it from the simp argument list.
  [apply] simp only [pow_succ, Nat.cast_add, Nat.cast_one, zero_mul, mul_zero, add_zero, one_mul, mul_one]

Note: This linter can be disabled with `set_option linter.unusedSimpArgs false`
warning: NLA/MF12/MatrixAlgebra.lean:172:26: This simp argument is unused:
  one_mul

Hint: Omit it from the simp argument list.
  [apply] simp only [pow_succ, Nat.cast_add, Nat.cast_one, zero_mul, mul_zero, zero_add, add_zero, mul_one]

Note: This linter can be disabled with `set_option linter.unusedSimpArgs false`
warning: NLA/MF12/MatrixAlgebra.lean:172:35: This simp argument is unused:
  mul_one

Hint: Omit it from the simp argument list.
  [apply] simp only [pow_succ, Nat.cast_add, Nat.cast_one, zero_mul, mul_zero, zero_add, add_zero, one_mul]

Note: This linter can be disabled with `set_option linter.unusedSimpArgs false`
warning: NLA/MF12/MatrixAlgebra.lean:174:15: This simp argument is unused:
  pow_succ

Hint: Omit it from the simp argument list.
  [apply] simp only [Nat.cast_add, Nat.cast_one, zero_mul, mul_zero, zero_add, add_zero, one_mul, mul_one]

Note: This linter can be disabled with `set_option linter.unusedSimpArgs false`
warning: NLA/MF12/MatrixAlgebra.lean:174:25: This simp argument is unused:
  Nat.cast_add

Hint: Omit it from the simp argument list.
  [apply] simp only [pow_succ, Nat.cast_one, zero_mul, mul_zero, zero_add, add_zero, one_mul, mul_one]

Note: This linter can be disabled with `set_option linter.unusedSimpArgs false`
warning: NLA/MF12/MatrixAlgebra.lean:174:39: This simp argument is unused:
  Nat.cast_one

Hint: Omit it from the simp argument list.
  [apply] simp only [pow_succ, Nat.cast_add, zero_mul, mul_zero, zero_add, add_zero, one_mul, mul_one]

Note: This linter can be disabled with `set_option linter.unusedSimpArgs false`
warning: NLA/MF12/MatrixAlgebra.lean:174:53: This simp argument is unused:
  zero_mul

Hint: Omit it from the simp argument list.
  [apply] simp only [pow_succ, Nat.cast_add, Nat.cast_one, mul_zero, zero_add, add_zero, one_mul, mul_one]

Note: This linter can be disabled with `set_option linter.unusedSimpArgs false`
warning: NLA/MF12/MatrixAlgebra.lean:175:6: This simp argument is unused:
  zero_add

Hint: Omit it from the simp argument list.
  [apply] simp only [pow_succ, Nat.cast_add, Nat.cast_one, zero_mul, mul_zero, add_zero, one_mul, mul_one]

Note: This linter can be disabled with `set_option linter.unusedSimpArgs false`
warning: NLA/MF12/MatrixAlgebra.lean:175:26: This simp argument is unused:
  one_mul

Hint: Omit it from the simp argument list.
  [apply] simp only [pow_succ, Nat.cast_add, Nat.cast_one, zero_mul, mul_zero, zero_add, add_zero, mul_one]

Note: This linter can be disabled with `set_option linter.unusedSimpArgs false`
warning: NLA/MF12/MatrixAlgebra.lean:177:15: This simp argument is unused:
  pow_succ

Hint: Omit it from the simp argument list.
  [apply] simp only [Nat.cast_add, Nat.cast_one, zero_mul, mul_zero, zero_add, add_zero, one_mul, mul_one]

Note: This linter can be disabled with `set_option linter.unusedSimpArgs false`
warning: NLA/MF12/MatrixAlgebra.lean:177:25: This simp argument is unused:
  Nat.cast_add

Hint: Omit it from the simp argument list.
  [apply] simp only [pow_succ, Nat.cast_one, zero_mul, mul_zero, zero_add, add_zero, one_mul, mul_one]

Note: This linter can be disabled with `set_option linter.unusedSimpArgs false`
warning: NLA/MF12/MatrixAlgebra.lean:177:39: This simp argument is unused:
  Nat.cast_one

Hint: Omit it from the simp argument list.
  [apply] simp only [pow_succ, Nat.cast_add, zero_mul, mul_zero, zero_add, add_zero, one_mul, mul_one]

Note: This linter can be disabled with `set_option linter.unusedSimpArgs false`
warning: NLA/MF12/MatrixAlgebra.lean:177:53: This simp argument is unused:
  zero_mul

Hint: Omit it from the simp argument list.
  [apply] simp only [pow_succ, Nat.cast_add, Nat.cast_one, mul_zero, zero_add, add_zero, one_mul, mul_one]

Note: This linter can be disabled with `set_option linter.unusedSimpArgs false`
warning: NLA/MF12/MatrixAlgebra.lean:178:6: This simp argument is unused:
  zero_add

Hint: Omit it from the simp argument list.
  [apply] simp only [pow_succ, Nat.cast_add, Nat.cast_one, zero_mul, mul_zero, add_zero, one_mul, mul_one]

Note: This linter can be disabled with `set_option linter.unusedSimpArgs false`
warning: NLA/MF12/MatrixAlgebra.lean:178:26: This simp argument is unused:
  one_mul

Hint: Omit it from the simp argument list.
  [apply] simp only [pow_succ, Nat.cast_add, Nat.cast_one, zero_mul, mul_zero, zero_add, add_zero, mul_one]

Note: This linter can be disabled with `set_option linter.unusedSimpArgs false`
warning: NLA/MF12/MatrixAlgebra.lean:180:25: This simp argument is unused:
  Nat.cast_add

Hint: Omit it from the simp argument list.
  [apply] simp only [pow_succ, Nat.cast_one, zero_mul, mul_zero, zero_add, add_zero, one_mul, mul_one]

Note: This linter can be disabled with `set_option linter.unusedSimpArgs false`
warning: NLA/MF12/MatrixAlgebra.lean:180:39: This simp argument is unused:
  Nat.cast_one

Hint: Omit it from the simp argument list.
  [apply] simp only [pow_succ, Nat.cast_add, zero_mul, mul_zero, zero_add, add_zero, one_mul, mul_one]

Note: This linter can be disabled with `set_option linter.unusedSimpArgs false`
warning: NLA/MF12/MatrixAlgebra.lean:180:53: This simp argument is unused:
  zero_mul

Hint: Omit it from the simp argument list.
  [apply] simp only [pow_succ, Nat.cast_add, Nat.cast_one, mul_zero, zero_add, add_zero, one_mul, mul_one]

Note: This linter can be disabled with `set_option linter.unusedSimpArgs false`
warning: NLA/MF12/MatrixAlgebra.lean:181:26: This simp argument is unused:
  one_mul

Hint: Omit it from the simp argument list.
  [apply] simp only [pow_succ, Nat.cast_add, Nat.cast_one, zero_mul, mul_zero, zero_add, add_zero, mul_one]

Note: This linter can be disabled with `set_option linter.unusedSimpArgs false`
warning: NLA/MF12/MatrixAlgebra.lean:181:35: This simp argument is unused:
  mul_one

Hint: Omit it from the simp argument list.
  [apply] simp only [pow_succ, Nat.cast_add, Nat.cast_one, zero_mul, mul_zero, zero_add, add_zero, one_mul]

Note: This linter can be disabled with `set_option linter.unusedSimpArgs false`
warning: NLA/MF12/MatrixAlgebra.lean:183:53: This simp argument is unused:
  zero_mul

Hint: Omit it from the simp argument list.
  [apply] simp only [pow_succ, Nat.cast_add, Nat.cast_one, mul_zero, zero_add, add_zero, one_mul, mul_one]

Note: This linter can be disabled with `set_option linter.unusedSimpArgs false`
warning: NLA/MF12/MatrixAlgebra.lean:184:26: This simp argument is unused:
  one_mul

Hint: Omit it from the simp argument list.
  [apply] simp only [pow_succ, Nat.cast_add, Nat.cast_one, zero_mul, mul_zero, zero_add, add_zero, mul_one]

Note: This linter can be disabled with `set_option linter.unusedSimpArgs false`
warning: NLA/MF12/MatrixAlgebra.lean:184:35: This simp argument is unused:
  mul_one

Hint: Omit it from the simp argument list.
  [apply] simp only [pow_succ, Nat.cast_add, Nat.cast_one, zero_mul, mul_zero, zero_add, add_zero, one_mul]

Note: This linter can be disabled with `set_option linter.unusedSimpArgs false`
warning: NLA/MF12/MatrixAlgebra.lean:186:15: This simp argument is unused:
  pow_succ

Hint: Omit it from the simp argument list.
  [apply] simp only [Nat.cast_add, Nat.cast_one, zero_mul, mul_zero, zero_add, add_zero, one_mul, mul_one]

Note: This linter can be disabled with `set_option linter.unusedSimpArgs false`
warning: NLA/MF12/MatrixAlgebra.lean:186:25: This simp argument is unused:
  Nat.cast_add

Hint: Omit it from the simp argument list.
  [apply] simp only [pow_succ, Nat.cast_one, zero_mul, mul_zero, zero_add, add_zero, one_mul, mul_one]

Note: This linter can be disabled with `set_option linter.unusedSimpArgs false`
warning: NLA/MF12/MatrixAlgebra.lean:186:39: This simp argument is unused:
  Nat.cast_one

Hint: Omit it from the simp argument list.
  [apply] simp only [pow_succ, Nat.cast_add, zero_mul, mul_zero, zero_add, add_zero, one_mul, mul_one]

Note: This linter can be disabled with `set_option linter.unusedSimpArgs false`
warning: NLA/MF12/MatrixAlgebra.lean:187:6: This simp argument is unused:
  zero_add

Hint: Omit it from the simp argument list.
  [apply] simp only [pow_succ, Nat.cast_add, Nat.cast_one, zero_mul, mul_zero, add_zero, one_mul, mul_one]

Note: This linter can be disabled with `set_option linter.unusedSimpArgs false`
warning: NLA/MF12/MatrixAlgebra.lean:187:26: This simp argument is unused:
  one_mul

Hint: Omit it from the simp argument list.
  [apply] simp only [pow_succ, Nat.cast_add, Nat.cast_one, zero_mul, mul_zero, zero_add, add_zero, mul_one]

Note: This linter can be disabled with `set_option linter.unusedSimpArgs false`
warning: NLA/MF12/MatrixAlgebra.lean:187:35: This simp argument is unused:
  mul_one

Hint: Omit it from the simp argument list.
  [apply] simp only [pow_succ, Nat.cast_add, Nat.cast_one, zero_mul, mul_zero, zero_add, add_zero, one_mul]

Note: This linter can be disabled with `set_option linter.unusedSimpArgs false`
warning: NLA/MF12/MatrixAlgebra.lean:189:15: This simp argument is unused:
  pow_succ

Hint: Omit it from the simp argument list.
  [apply] simp only [Nat.cast_add, Nat.cast_one, zero_mul, mul_zero, zero_add, add_zero, one_mul, mul_one]

Note: This linter can be disabled with `set_option linter.unusedSimpArgs false`
warning: NLA/MF12/MatrixAlgebra.lean:189:25: This simp argument is unused:
  Nat.cast_add

Hint: Omit it from the simp argument list.
  [apply] simp only [pow_succ, Nat.cast_one, zero_mul, mul_zero, zero_add, add_zero, one_mul, mul_one]

Note: This linter can be disabled with `set_option linter.unusedSimpArgs false`
warning: NLA/MF12/MatrixAlgebra.lean:189:39: This simp argument is unused:
  Nat.cast_one

Hint: Omit it from the simp argument list.
  [apply] simp only [pow_succ, Nat.cast_add, zero_mul, mul_zero, zero_add, add_zero, one_mul, mul_one]

Note: This linter can be disabled with `set_option linter.unusedSimpArgs false`
warning: NLA/MF12/MatrixAlgebra.lean:190:6: This simp argument is unused:
  zero_add

Hint: Omit it from the simp argument list.
  [apply] simp only [pow_succ, Nat.cast_add, Nat.cast_one, zero_mul, mul_zero, add_zero, one_mul, mul_one]

Note: This linter can be disabled with `set_option linter.unusedSimpArgs false`
warning: NLA/MF12/MatrixAlgebra.lean:190:26: This simp argument is unused:
  one_mul

Hint: Omit it from the simp argument list.
  [apply] simp only [pow_succ, Nat.cast_add, Nat.cast_one, zero_mul, mul_zero, zero_add, add_zero, mul_one]

Note: This linter can be disabled with `set_option linter.unusedSimpArgs false`
warning: NLA/MF12/MatrixAlgebra.lean:190:35: This simp argument is unused:
  mul_one

Hint: Omit it from the simp argument list.
  [apply] simp only [pow_succ, Nat.cast_add, Nat.cast_one, zero_mul, mul_zero, zero_add, add_zero, one_mul]

Note: This linter can be disabled with `set_option linter.unusedSimpArgs false`
warning: NLA/MF12/MatrixAlgebra.lean:192:15: This simp argument is unused:
  pow_succ

Hint: Omit it from the simp argument list.
  [apply] simp only [Nat.cast_add, Nat.cast_one, zero_mul, mul_zero, zero_add, add_zero, one_mul, mul_one]

Note: This linter can be disabled with `set_option linter.unusedSimpArgs false`
warning: NLA/MF12/MatrixAlgebra.lean:192:25: This simp argument is unused:
  Nat.cast_add

Hint: Omit it from the simp argument list.
  [apply] simp only [pow_succ, Nat.cast_one, zero_mul, mul_zero, zero_add, add_zero, one_mul, mul_one]

Note: This linter can be disabled with `set_option linter.unusedSimpArgs false`
warning: NLA/MF12/MatrixAlgebra.lean:192:39: This simp argument is unused:
  Nat.cast_one

Hint: Omit it from the simp argument list.
  [apply] simp only [pow_succ, Nat.cast_add, zero_mul, mul_zero, zero_add, add_zero, one_mul, mul_one]

Note: This linter can be disabled with `set_option linter.unusedSimpArgs false`
warning: NLA/MF12/MatrixAlgebra.lean:192:53: This simp argument is unused:
  zero_mul

Hint: Omit it from the simp argument list.
  [apply] simp only [pow_succ, Nat.cast_add, Nat.cast_one, mul_zero, zero_add, add_zero, one_mul, mul_one]

Note: This linter can be disabled with `set_option linter.unusedSimpArgs false`
warning: NLA/MF12/MatrixAlgebra.lean:193:6: This simp argument is unused:
  zero_add

Hint: Omit it from the simp argument list.
  [apply] simp only [pow_succ, Nat.cast_add, Nat.cast_one, zero_mul, mul_zero, add_zero, one_mul, mul_one]

Note: This linter can be disabled with `set_option linter.unusedSimpArgs false`
warning: NLA/MF12/MatrixAlgebra.lean:193:26: This simp argument is unused:
  one_mul

Hint: Omit it from the simp argument list.
  [apply] simp only [pow_succ, Nat.cast_add, Nat.cast_one, zero_mul, mul_zero, zero_add, add_zero, mul_one]

Note: This linter can be disabled with `set_option linter.unusedSimpArgs false`
warning: NLA/MF12/MatrixAlgebra.lean:195:15: This simp argument is unused:
  pow_succ

Hint: Omit it from the simp argument list.
  [apply] simp only [Nat.cast_add, Nat.cast_one, zero_mul, mul_zero, zero_add, add_zero, one_mul, mul_one]

Note: This linter can be disabled with `set_option linter.unusedSimpArgs false`
warning: NLA/MF12/MatrixAlgebra.lean:195:25: This simp argument is unused:
  Nat.cast_add

Hint: Omit it from the simp argument list.
  [apply] simp only [pow_succ, Nat.cast_one, zero_mul, mul_zero, zero_add, add_zero, one_mul, mul_one]

Note: This linter can be disabled with `set_option linter.unusedSimpArgs false`
warning: NLA/MF12/MatrixAlgebra.lean:195:39: This simp argument is unused:
  Nat.cast_one

Hint: Omit it from the simp argument list.
  [apply] simp only [pow_succ, Nat.cast_add, zero_mul, mul_zero, zero_add, add_zero, one_mul, mul_one]

Note: This linter can be disabled with `set_option linter.unusedSimpArgs false`
warning: NLA/MF12/MatrixAlgebra.lean:195:53: This simp argument is unused:
  zero_mul

Hint: Omit it from the simp argument list.
  [apply] simp only [pow_succ, Nat.cast_add, Nat.cast_one, mul_zero, zero_add, add_zero, one_mul, mul_one]

Note: This linter can be disabled with `set_option linter.unusedSimpArgs false`
warning: NLA/MF12/MatrixAlgebra.lean:196:6: This simp argument is unused:
  zero_add

Hint: Omit it from the simp argument list.
  [apply] simp only [pow_succ, Nat.cast_add, Nat.cast_one, zero_mul, mul_zero, add_zero, one_mul, mul_one]

Note: This linter can be disabled with `set_option linter.unusedSimpArgs false`
warning: NLA/MF12/MatrixAlgebra.lean:196:26: This simp argument is unused:
  one_mul

Hint: Omit it from the simp argument list.
  [apply] simp only [pow_succ, Nat.cast_add, Nat.cast_one, zero_mul, mul_zero, zero_add, add_zero, mul_one]

Note: This linter can be disabled with `set_option linter.unusedSimpArgs false`
warning: NLA/MF12/MatrixAlgebra.lean:198:15: This simp argument is unused:
  pow_succ

Hint: Omit it from the simp argument list.
  [apply] simp only [Nat.cast_add, Nat.cast_one, zero_mul, mul_zero, zero_add, add_zero, one_mul, mul_one]

Note: This linter can be disabled with `set_option linter.unusedSimpArgs false`
warning: NLA/MF12/MatrixAlgebra.lean:198:25: This simp argument is unused:
  Nat.cast_add

Hint: Omit it from the simp argument list.
  [apply] simp only [pow_succ, Nat.cast_one, zero_mul, mul_zero, zero_add, add_zero, one_mul, mul_one]

Note: This linter can be disabled with `set_option linter.unusedSimpArgs false`
warning: NLA/MF12/MatrixAlgebra.lean:198:39: This simp argument is unused:
  Nat.cast_one

Hint: Omit it from the simp argument list.
  [apply] simp only [pow_succ, Nat.cast_add, zero_mul, mul_zero, zero_add, add_zero, one_mul, mul_one]

Note: This linter can be disabled with `set_option linter.unusedSimpArgs false`
warning: NLA/MF12/MatrixAlgebra.lean:199:6: This simp argument is unused:
  zero_add

Hint: Omit it from the simp argument list.
  [apply] simp only [pow_succ, Nat.cast_add, Nat.cast_one, zero_mul, mul_zero, add_zero, one_mul, mul_one]

Note: This linter can be disabled with `set_option linter.unusedSimpArgs false`
warning: NLA/MF12/MatrixAlgebra.lean:199:26: This simp argument is unused:
  one_mul

Hint: Omit it from the simp argument list.
  [apply] simp only [pow_succ, Nat.cast_add, Nat.cast_one, zero_mul, mul_zero, zero_add, add_zero, mul_one]

Note: This linter can be disabled with `set_option linter.unusedSimpArgs false`
warning: NLA/MF12/MatrixAlgebra.lean:199:35: This simp argument is unused:
  mul_one

Hint: Omit it from the simp argument list.
  [apply] simp only [pow_succ, Nat.cast_add, Nat.cast_one, zero_mul, mul_zero, zero_add, add_zero, one_mul]

Note: This linter can be disabled with `set_option linter.unusedSimpArgs false`
warning: NLA/MF12/MatrixAlgebra.lean:201:25: This simp argument is unused:
  Nat.cast_add

Hint: Omit it from the simp argument list.
  [apply] simp only [pow_succ, Nat.cast_one, zero_mul, mul_zero, zero_add, add_zero, one_mul, mul_one]

Note: This linter can be disabled with `set_option linter.unusedSimpArgs false`
warning: NLA/MF12/MatrixAlgebra.lean:201:39: This simp argument is unused:
  Nat.cast_one

Hint: Omit it from the simp argument list.
  [apply] simp only [pow_succ, Nat.cast_add, zero_mul, mul_zero, zero_add, add_zero, one_mul, mul_one]

Note: This linter can be disabled with `set_option linter.unusedSimpArgs false`
warning: NLA/MF12/MatrixAlgebra.lean:202:26: This simp argument is unused:
  one_mul

Hint: Omit it from the simp argument list.
  [apply] simp only [pow_succ, Nat.cast_add, Nat.cast_one, zero_mul, mul_zero, zero_add, add_zero, mul_one]

Note: This linter can be disabled with `set_option linter.unusedSimpArgs false`
warning: NLA/MF12/MatrixAlgebra.lean:202:35: This simp argument is unused:
  mul_one

Hint: Omit it from the simp argument list.
  [apply] simp only [pow_succ, Nat.cast_add, Nat.cast_one, zero_mul, mul_zero, zero_add, add_zero, one_mul]

Note: This linter can be disabled with `set_option linter.unusedSimpArgs false`
warning: NLA/MF12/MatrixAlgebra.lean:204:15: This simp argument is unused:
  pow_succ

Hint: Omit it from the simp argument list.
  [apply] simp only [Nat.cast_add, Nat.cast_one, zero_mul, mul_zero, zero_add, add_zero, one_mul, mul_one]

Note: This linter can be disabled with `set_option linter.unusedSimpArgs false`
warning: NLA/MF12/MatrixAlgebra.lean:204:25: This simp argument is unused:
  Nat.cast_add

Hint: Omit it from the simp argument list.
  [apply] simp only [pow_succ, Nat.cast_one, zero_mul, mul_zero, zero_add, add_zero, one_mul, mul_one]

Note: This linter can be disabled with `set_option linter.unusedSimpArgs false`
warning: NLA/MF12/MatrixAlgebra.lean:204:39: This simp argument is unused:
  Nat.cast_one

Hint: Omit it from the simp argument list.
  [apply] simp only [pow_succ, Nat.cast_add, zero_mul, mul_zero, zero_add, add_zero, one_mul, mul_one]

Note: This linter can be disabled with `set_option linter.unusedSimpArgs false`
warning: NLA/MF12/MatrixAlgebra.lean:205:6: This simp argument is unused:
  zero_add

Hint: Omit it from the simp argument list.
  [apply] simp only [pow_succ, Nat.cast_add, Nat.cast_one, zero_mul, mul_zero, add_zero, one_mul, mul_one]

Note: This linter can be disabled with `set_option linter.unusedSimpArgs false`
warning: NLA/MF12/MatrixAlgebra.lean:205:26: This simp argument is unused:
  one_mul

Hint: Omit it from the simp argument list.
  [apply] simp only [pow_succ, Nat.cast_add, Nat.cast_one, zero_mul, mul_zero, zero_add, add_zero, mul_one]

Note: This linter can be disabled with `set_option linter.unusedSimpArgs false`
warning: NLA/MF12/MatrixAlgebra.lean:205:35: This simp argument is unused:
  mul_one

Hint: Omit it from the simp argument list.
  [apply] simp only [pow_succ, Nat.cast_add, Nat.cast_one, zero_mul, mul_zero, zero_add, add_zero, one_mul]

Note: This linter can be disabled with `set_option linter.unusedSimpArgs false`
warning: NLA/MF12/MatrixAlgebra.lean:207:15: This simp argument is unused:
  pow_succ

Hint: Omit it from the simp argument list.
  [apply] simp only [Nat.cast_add, Nat.cast_one, zero_mul, mul_zero, zero_add, add_zero, one_mul, mul_one]

Note: This linter can be disabled with `set_option linter.unusedSimpArgs false`
warning: NLA/MF12/MatrixAlgebra.lean:207:25: This simp argument is unused:
  Nat.cast_add

Hint: Omit it from the simp argument list.
  [apply] simp only [pow_succ, Nat.cast_one, zero_mul, mul_zero, zero_add, add_zero, one_mul, mul_one]

Note: This linter can be disabled with `set_option linter.unusedSimpArgs false`
warning: NLA/MF12/MatrixAlgebra.lean:207:39: This simp argument is unused:
  Nat.cast_one

Hint: Omit it from the simp argument list.
  [apply] simp only [pow_succ, Nat.cast_add, zero_mul, mul_zero, zero_add, add_zero, one_mul, mul_one]

Note: This linter can be disabled with `set_option linter.unusedSimpArgs false`
warning: NLA/MF12/MatrixAlgebra.lean:208:6: This simp argument is unused:
  zero_add

Hint: Omit it from the simp argument list.
  [apply] simp only [pow_succ, Nat.cast_add, Nat.cast_one, zero_mul, mul_zero, add_zero, one_mul, mul_one]

Note: This linter can be disabled with `set_option linter.unusedSimpArgs false`
warning: NLA/MF12/MatrixAlgebra.lean:208:26: This simp argument is unused:
  one_mul

Hint: Omit it from the simp argument list.
  [apply] simp only [pow_succ, Nat.cast_add, Nat.cast_one, zero_mul, mul_zero, zero_add, add_zero, mul_one]

Note: This linter can be disabled with `set_option linter.unusedSimpArgs false`
warning: NLA/MF12/MatrixAlgebra.lean:208:35: This simp argument is unused:
  mul_one

Hint: Omit it from the simp argument list.
  [apply] simp only [pow_succ, Nat.cast_add, Nat.cast_one, zero_mul, mul_zero, zero_add, add_zero, one_mul]

Note: This linter can be disabled with `set_option linter.unusedSimpArgs false`
warning: NLA/MF12/MatrixAlgebra.lean:210:15: This simp argument is unused:
  pow_succ

Hint: Omit it from the simp argument list.
  [apply] simp only [Nat.cast_add, Nat.cast_one, zero_mul, mul_zero, zero_add, add_zero, one_mul, mul_one]

Note: This linter can be disabled with `set_option linter.unusedSimpArgs false`
warning: NLA/MF12/MatrixAlgebra.lean:210:25: This simp argument is unused:
  Nat.cast_add

Hint: Omit it from the simp argument list.
  [apply] simp only [pow_succ, Nat.cast_one, zero_mul, mul_zero, zero_add, add_zero, one_mul, mul_one]

Note: This linter can be disabled with `set_option linter.unusedSimpArgs false`
warning: NLA/MF12/MatrixAlgebra.lean:210:39: This simp argument is unused:
  Nat.cast_one

Hint: Omit it from the simp argument list.
  [apply] simp only [pow_succ, Nat.cast_add, zero_mul, mul_zero, zero_add, add_zero, one_mul, mul_one]

Note: This linter can be disabled with `set_option linter.unusedSimpArgs false`
warning: NLA/MF12/MatrixAlgebra.lean:210:53: This simp argument is unused:
  zero_mul

Hint: Omit it from the simp argument list.
  [apply] simp only [pow_succ, Nat.cast_add, Nat.cast_one, mul_zero, zero_add, add_zero, one_mul, mul_one]

Note: This linter can be disabled with `set_option linter.unusedSimpArgs false`
warning: NLA/MF12/MatrixAlgebra.lean:211:6: This simp argument is unused:
  zero_add

Hint: Omit it from the simp argument list.
  [apply] simp only [pow_succ, Nat.cast_add, Nat.cast_one, zero_mul, mul_zero, add_zero, one_mul, mul_one]

Note: This linter can be disabled with `set_option linter.unusedSimpArgs false`
warning: NLA/MF12/MatrixAlgebra.lean:211:26: This simp argument is unused:
  one_mul

Hint: Omit it from the simp argument list.
  [apply] simp only [pow_succ, Nat.cast_add, Nat.cast_one, zero_mul, mul_zero, zero_add, add_zero, mul_one]

Note: This linter can be disabled with `set_option linter.unusedSimpArgs false`
warning: NLA/MF12/MatrixAlgebra.lean:213:15: This simp argument is unused:
  pow_succ

Hint: Omit it from the simp argument list.
  [apply] simp only [Nat.cast_add, Nat.cast_one, zero_mul, mul_zero, zero_add, add_zero, one_mul, mul_one]

Note: This linter can be disabled with `set_option linter.unusedSimpArgs false`
warning: NLA/MF12/MatrixAlgebra.lean:213:25: This simp argument is unused:
  Nat.cast_add

Hint: Omit it from the simp argument list.
  [apply] simp only [pow_succ, Nat.cast_one, zero_mul, mul_zero, zero_add, add_zero, one_mul, mul_one]

Note: This linter can be disabled with `set_option linter.unusedSimpArgs false`
warning: NLA/MF12/MatrixAlgebra.lean:213:39: This simp argument is unused:
  Nat.cast_one

Hint: Omit it from the simp argument list.
  [apply] simp only [pow_succ, Nat.cast_add, zero_mul, mul_zero, zero_add, add_zero, one_mul, mul_one]

Note: This linter can be disabled with `set_option linter.unusedSimpArgs false`
warning: NLA/MF12/MatrixAlgebra.lean:213:53: This simp argument is unused:
  zero_mul

Hint: Omit it from the simp argument list.
  [apply] simp only [pow_succ, Nat.cast_add, Nat.cast_one, mul_zero, zero_add, add_zero, one_mul, mul_one]

Note: This linter can be disabled with `set_option linter.unusedSimpArgs false`
warning: NLA/MF12/MatrixAlgebra.lean:214:6: This simp argument is unused:
  zero_add

Hint: Omit it from the simp argument list.
  [apply] simp only [pow_succ, Nat.cast_add, Nat.cast_one, zero_mul, mul_zero, add_zero, one_mul, mul_one]

Note: This linter can be disabled with `set_option linter.unusedSimpArgs false`
warning: NLA/MF12/MatrixAlgebra.lean:214:26: This simp argument is unused:
  one_mul

Hint: Omit it from the simp argument list.
  [apply] simp only [pow_succ, Nat.cast_add, Nat.cast_one, zero_mul, mul_zero, zero_add, add_zero, mul_one]

Note: This linter can be disabled with `set_option linter.unusedSimpArgs false`
warning: NLA/MF12/MatrixAlgebra.lean:216:15: This simp argument is unused:
  pow_succ

Hint: Omit it from the simp argument list.
  [apply] simp only [Nat.cast_add, Nat.cast_one, zero_mul, mul_zero, zero_add, add_zero, one_mul, mul_one]

Note: This linter can be disabled with `set_option linter.unusedSimpArgs false`
warning: NLA/MF12/MatrixAlgebra.lean:216:25: This simp argument is unused:
  Nat.cast_add

Hint: Omit it from the simp argument list.
  [apply] simp only [pow_succ, Nat.cast_one, zero_mul, mul_zero, zero_add, add_zero, one_mul, mul_one]

Note: This linter can be disabled with `set_option linter.unusedSimpArgs false`
warning: NLA/MF12/MatrixAlgebra.lean:216:39: This simp argument is unused:
  Nat.cast_one

Hint: Omit it from the simp argument list.
  [apply] simp only [pow_succ, Nat.cast_add, zero_mul, mul_zero, zero_add, add_zero, one_mul, mul_one]

Note: This linter can be disabled with `set_option linter.unusedSimpArgs false`
warning: NLA/MF12/MatrixAlgebra.lean:217:6: This simp argument is unused:
  zero_add

Hint: Omit it from the simp argument list.
  [apply] simp only [pow_succ, Nat.cast_add, Nat.cast_one, zero_mul, mul_zero, add_zero, one_mul, mul_one]

Note: This linter can be disabled with `set_option linter.unusedSimpArgs false`
warning: NLA/MF12/MatrixAlgebra.lean:217:26: This simp argument is unused:
  one_mul

Hint: Omit it from the simp argument list.
  [apply] simp only [pow_succ, Nat.cast_add, Nat.cast_one, zero_mul, mul_zero, zero_add, add_zero, mul_one]

Note: This linter can be disabled with `set_option linter.unusedSimpArgs false`
warning: NLA/MF12/MatrixAlgebra.lean:217:35: This simp argument is unused:
  mul_one

Hint: Omit it from the simp argument list.
  [apply] simp only [pow_succ, Nat.cast_add, Nat.cast_one, zero_mul, mul_zero, zero_add, add_zero, one_mul]

Note: This linter can be disabled with `set_option linter.unusedSimpArgs false`
warning: NLA/MF12/MatrixAlgebra.lean:219:15: This simp argument is unused:
  pow_succ

Hint: Omit it from the simp argument list.
  [apply] simp only [Nat.cast_add, Nat.cast_one, zero_mul, mul_zero, zero_add, add_zero, one_mul, mul_one]

Note: This linter can be disabled with `set_option linter.unusedSimpArgs false`
warning: NLA/MF12/MatrixAlgebra.lean:219:25: This simp argument is unused:
  Nat.cast_add

Hint: Omit it from the simp argument list.
  [apply] simp only [pow_succ, Nat.cast_one, zero_mul, mul_zero, zero_add, add_zero, one_mul, mul_one]

Note: This linter can be disabled with `set_option linter.unusedSimpArgs false`
warning: NLA/MF12/MatrixAlgebra.lean:219:39: This simp argument is unused:
  Nat.cast_one

Hint: Omit it from the simp argument list.
  [apply] simp only [pow_succ, Nat.cast_add, zero_mul, mul_zero, zero_add, add_zero, one_mul, mul_one]

Note: This linter can be disabled with `set_option linter.unusedSimpArgs false`
warning: NLA/MF12/MatrixAlgebra.lean:220:6: This simp argument is unused:
  zero_add

Hint: Omit it from the simp argument list.
  [apply] simp only [pow_succ, Nat.cast_add, Nat.cast_one, zero_mul, mul_zero, add_zero, one_mul, mul_one]

Note: This linter can be disabled with `set_option linter.unusedSimpArgs false`
warning: NLA/MF12/MatrixAlgebra.lean:220:26: This simp argument is unused:
  one_mul

Hint: Omit it from the simp argument list.
  [apply] simp only [pow_succ, Nat.cast_add, Nat.cast_one, zero_mul, mul_zero, zero_add, add_zero, mul_one]

Note: This linter can be disabled with `set_option linter.unusedSimpArgs false`
warning: NLA/MF12/MatrixAlgebra.lean:220:35: This simp argument is unused:
  mul_one

Hint: Omit it from the simp argument list.
  [apply] simp only [pow_succ, Nat.cast_add, Nat.cast_one, zero_mul, mul_zero, zero_add, add_zero, one_mul]

Note: This linter can be disabled with `set_option linter.unusedSimpArgs false`
warning: NLA/MF12/MatrixAlgebra.lean:222:25: This simp argument is unused:
  Nat.cast_add

Hint: Omit it from the simp argument list.
  [apply] simp only [pow_succ, Nat.cast_one, zero_mul, mul_zero, zero_add, add_zero, one_mul, mul_one]

Note: This linter can be disabled with `set_option linter.unusedSimpArgs false`
warning: NLA/MF12/MatrixAlgebra.lean:222:39: This simp argument is unused:
  Nat.cast_one

Hint: Omit it from the simp argument list.
  [apply] simp only [pow_succ, Nat.cast_add, zero_mul, mul_zero, zero_add, add_zero, one_mul, mul_one]

Note: This linter can be disabled with `set_option linter.unusedSimpArgs false`
warning: NLA/MF12/MatrixAlgebra.lean:222:53: This simp argument is unused:
  zero_mul

Hint: Omit it from the simp argument list.
  [apply] simp only [pow_succ, Nat.cast_add, Nat.cast_one, mul_zero, zero_add, add_zero, one_mul, mul_one]

Note: This linter can be disabled with `set_option linter.unusedSimpArgs false`
warning: NLA/MF12/MatrixAlgebra.lean:223:26: This simp argument is unused:
  one_mul

Hint: Omit it from the simp argument list.
  [apply] simp only [pow_succ, Nat.cast_add, Nat.cast_one, zero_mul, mul_zero, zero_add, add_zero, mul_one]

Note: This linter can be disabled with `set_option linter.unusedSimpArgs false`
warning: NLA/MF12/MatrixAlgebra.lean:223:35: This simp argument is unused:
  mul_one

Hint: Omit it from the simp argument list.
  [apply] simp only [pow_succ, Nat.cast_add, Nat.cast_one, zero_mul, mul_zero, zero_add, add_zero, one_mul]

Note: This linter can be disabled with `set_option linter.unusedSimpArgs false`
warning: NLA/MF12/MatrixAlgebra.lean:225:53: This simp argument is unused:
  zero_mul

Hint: Omit it from the simp argument list.
  [apply] simp only [pow_succ, Nat.cast_add, Nat.cast_one, mul_zero, zero_add, add_zero, one_mul, mul_one]

Note: This linter can be disabled with `set_option linter.unusedSimpArgs false`
warning: NLA/MF12/MatrixAlgebra.lean:226:26: This simp argument is unused:
  one_mul

Hint: Omit it from the simp argument list.
  [apply] simp only [pow_succ, Nat.cast_add, Nat.cast_one, zero_mul, mul_zero, zero_add, add_zero, mul_one]

Note: This linter can be disabled with `set_option linter.unusedSimpArgs false`
warning: NLA/MF12/MatrixAlgebra.lean:226:35: This simp argument is unused:
  mul_one

Hint: Omit it from the simp argument list.
  [apply] simp only [pow_succ, Nat.cast_add, Nat.cast_one, zero_mul, mul_zero, zero_add, add_zero, one_mul]

Note: This linter can be disabled with `set_option linter.unusedSimpArgs false`
warning: NLA/MF12/MatrixAlgebra.lean:228:15: This simp argument is unused:
  pow_succ

Hint: Omit it from the simp argument list.
  [apply] simp only [Nat.cast_add, Nat.cast_one, zero_mul, mul_zero, zero_add, add_zero, one_mul, mul_one]

Note: This linter can be disabled with `set_option linter.unusedSimpArgs false`
warning: NLA/MF12/MatrixAlgebra.lean:228:25: This simp argument is unused:
  Nat.cast_add

Hint: Omit it from the simp argument list.
  [apply] simp only [pow_succ, Nat.cast_one, zero_mul, mul_zero, zero_add, add_zero, one_mul, mul_one]

Note: This linter can be disabled with `set_option linter.unusedSimpArgs false`
warning: NLA/MF12/MatrixAlgebra.lean:228:39: This simp argument is unused:
  Nat.cast_one

Hint: Omit it from the simp argument list.
  [apply] simp only [pow_succ, Nat.cast_add, zero_mul, mul_zero, zero_add, add_zero, one_mul, mul_one]

Note: This linter can be disabled with `set_option linter.unusedSimpArgs false`
warning: NLA/MF12/MatrixAlgebra.lean:228:53: This simp argument is unused:
  zero_mul

Hint: Omit it from the simp argument list.
  [apply] simp only [pow_succ, Nat.cast_add, Nat.cast_one, mul_zero, zero_add, add_zero, one_mul, mul_one]

Note: This linter can be disabled with `set_option linter.unusedSimpArgs false`
warning: NLA/MF12/MatrixAlgebra.lean:229:6: This simp argument is unused:
  zero_add

Hint: Omit it from the simp argument list.
  [apply] simp only [pow_succ, Nat.cast_add, Nat.cast_one, zero_mul, mul_zero, add_zero, one_mul, mul_one]

Note: This linter can be disabled with `set_option linter.unusedSimpArgs false`
warning: NLA/MF12/MatrixAlgebra.lean:229:26: This simp argument is unused:
  one_mul

Hint: Omit it from the simp argument list.
  [apply] simp only [pow_succ, Nat.cast_add, Nat.cast_one, zero_mul, mul_zero, zero_add, add_zero, mul_one]

Note: This linter can be disabled with `set_option linter.unusedSimpArgs false`
warning: NLA/MF12/MatrixAlgebra.lean:231:15: This simp argument is unused:
  pow_succ

Hint: Omit it from the simp argument list.
  [apply] simp only [Nat.cast_add, Nat.cast_one, zero_mul, mul_zero, zero_add, add_zero, one_mul, mul_one]

Note: This linter can be disabled with `set_option linter.unusedSimpArgs false`
warning: NLA/MF12/MatrixAlgebra.lean:231:25: This simp argument is unused:
  Nat.cast_add

Hint: Omit it from the simp argument list.
  [apply] simp only [pow_succ, Nat.cast_one, zero_mul, mul_zero, zero_add, add_zero, one_mul, mul_one]

Note: This linter can be disabled with `set_option linter.unusedSimpArgs false`
warning: NLA/MF12/MatrixAlgebra.lean:231:39: This simp argument is unused:
  Nat.cast_one

Hint: Omit it from the simp argument list.
  [apply] simp only [pow_succ, Nat.cast_add, zero_mul, mul_zero, zero_add, add_zero, one_mul, mul_one]

Note: This linter can be disabled with `set_option linter.unusedSimpArgs false`
warning: NLA/MF12/MatrixAlgebra.lean:231:53: This simp argument is unused:
  zero_mul

Hint: Omit it from the simp argument list.
  [apply] simp only [pow_succ, Nat.cast_add, Nat.cast_one, mul_zero, zero_add, add_zero, one_mul, mul_one]

Note: This linter can be disabled with `set_option linter.unusedSimpArgs false`
warning: NLA/MF12/MatrixAlgebra.lean:232:6: This simp argument is unused:
  zero_add

Hint: Omit it from the simp argument list.
  [apply] simp only [pow_succ, Nat.cast_add, Nat.cast_one, zero_mul, mul_zero, add_zero, one_mul, mul_one]

Note: This linter can be disabled with `set_option linter.unusedSimpArgs false`
warning: NLA/MF12/MatrixAlgebra.lean:232:26: This simp argument is unused:
  one_mul

Hint: Omit it from the simp argument list.
  [apply] simp only [pow_succ, Nat.cast_add, Nat.cast_one, zero_mul, mul_zero, zero_add, add_zero, mul_one]

Note: This linter can be disabled with `set_option linter.unusedSimpArgs false`
warning: NLA/MF12/MatrixAlgebra.lean:234:15: This simp argument is unused:
  pow_succ

Hint: Omit it from the simp argument list.
  [apply] simp only [Nat.cast_add, Nat.cast_one, zero_mul, mul_zero, zero_add, add_zero, one_mul, mul_one]

Note: This linter can be disabled with `set_option linter.unusedSimpArgs false`
warning: NLA/MF12/MatrixAlgebra.lean:234:25: This simp argument is unused:
  Nat.cast_add

Hint: Omit it from the simp argument list.
  [apply] simp only [pow_succ, Nat.cast_one, zero_mul, mul_zero, zero_add, add_zero, one_mul, mul_one]

Note: This linter can be disabled with `set_option linter.unusedSimpArgs false`
warning: NLA/MF12/MatrixAlgebra.lean:234:39: This simp argument is unused:
  Nat.cast_one

Hint: Omit it from the simp argument list.
  [apply] simp only [pow_succ, Nat.cast_add, zero_mul, mul_zero, zero_add, add_zero, one_mul, mul_one]

Note: This linter can be disabled with `set_option linter.unusedSimpArgs false`
warning: NLA/MF12/MatrixAlgebra.lean:235:6: This simp argument is unused:
  zero_add

Hint: Omit it from the simp argument list.
  [apply] simp only [pow_succ, Nat.cast_add, Nat.cast_one, zero_mul, mul_zero, add_zero, one_mul, mul_one]

Note: This linter can be disabled with `set_option linter.unusedSimpArgs false`
warning: NLA/MF12/MatrixAlgebra.lean:235:26: This simp argument is unused:
  one_mul

Hint: Omit it from the simp argument list.
  [apply] simp only [pow_succ, Nat.cast_add, Nat.cast_one, zero_mul, mul_zero, zero_add, add_zero, mul_one]

Note: This linter can be disabled with `set_option linter.unusedSimpArgs false`
warning: NLA/MF12/MatrixAlgebra.lean:235:35: This simp argument is unused:
  mul_one

Hint: Omit it from the simp argument list.
  [apply] simp only [pow_succ, Nat.cast_add, Nat.cast_one, zero_mul, mul_zero, zero_add, add_zero, one_mul]

Note: This linter can be disabled with `set_option linter.unusedSimpArgs false`
warning: NLA/MF12/MatrixAlgebra.lean:237:15: This simp argument is unused:
  pow_succ

Hint: Omit it from the simp argument list.
  [apply] simp only [Nat.cast_add, Nat.cast_one, zero_mul, mul_zero, zero_add, add_zero, one_mul, mul_one]

Note: This linter can be disabled with `set_option linter.unusedSimpArgs false`
warning: NLA/MF12/MatrixAlgebra.lean:237:25: This simp argument is unused:
  Nat.cast_add

Hint: Omit it from the simp argument list.
  [apply] simp only [pow_succ, Nat.cast_one, zero_mul, mul_zero, zero_add, add_zero, one_mul, mul_one]

Note: This linter can be disabled with `set_option linter.unusedSimpArgs false`
warning: NLA/MF12/MatrixAlgebra.lean:237:39: This simp argument is unused:
  Nat.cast_one

Hint: Omit it from the simp argument list.
  [apply] simp only [pow_succ, Nat.cast_add, zero_mul, mul_zero, zero_add, add_zero, one_mul, mul_one]

Note: This linter can be disabled with `set_option linter.unusedSimpArgs false`
warning: NLA/MF12/MatrixAlgebra.lean:238:6: This simp argument is unused:
  zero_add

Hint: Omit it from the simp argument list.
  [apply] simp only [pow_succ, Nat.cast_add, Nat.cast_one, zero_mul, mul_zero, add_zero, one_mul, mul_one]

Note: This linter can be disabled with `set_option linter.unusedSimpArgs false`
warning: NLA/MF12/MatrixAlgebra.lean:238:26: This simp argument is unused:
  one_mul

Hint: Omit it from the simp argument list.
  [apply] simp only [pow_succ, Nat.cast_add, Nat.cast_one, zero_mul, mul_zero, zero_add, add_zero, mul_one]

Note: This linter can be disabled with `set_option linter.unusedSimpArgs false`
warning: NLA/MF12/MatrixAlgebra.lean:238:35: This simp argument is unused:
  mul_one

Hint: Omit it from the simp argument list.
  [apply] simp only [pow_succ, Nat.cast_add, Nat.cast_one, zero_mul, mul_zero, zero_add, add_zero, one_mul]

Note: This linter can be disabled with `set_option linter.unusedSimpArgs false`
warning: NLA/MF12/MatrixAlgebra.lean:240:15: This simp argument is unused:
  pow_succ

Hint: Omit it from the simp argument list.
  [apply] simp only [Nat.cast_add, Nat.cast_one, zero_mul, mul_zero, zero_add, add_zero, one_mul, mul_one]

Note: This linter can be disabled with `set_option linter.unusedSimpArgs false`
warning: NLA/MF12/MatrixAlgebra.lean:240:25: This simp argument is unused:
  Nat.cast_add

Hint: Omit it from the simp argument list.
  [apply] simp only [pow_succ, Nat.cast_one, zero_mul, mul_zero, zero_add, add_zero, one_mul, mul_one]

Note: This linter can be disabled with `set_option linter.unusedSimpArgs false`
warning: NLA/MF12/MatrixAlgebra.lean:240:39: This simp argument is unused:
  Nat.cast_one

Hint: Omit it from the simp argument list.
  [apply] simp only [pow_succ, Nat.cast_add, zero_mul, mul_zero, zero_add, add_zero, one_mul, mul_one]

Note: This linter can be disabled with `set_option linter.unusedSimpArgs false`
warning: NLA/MF12/MatrixAlgebra.lean:241:6: This simp argument is unused:
  zero_add

Hint: Omit it from the simp argument list.
  [apply] simp only [pow_succ, Nat.cast_add, Nat.cast_one, zero_mul, mul_zero, add_zero, one_mul, mul_one]

Note: This linter can be disabled with `set_option linter.unusedSimpArgs false`
warning: NLA/MF12/MatrixAlgebra.lean:241:26: This simp argument is unused:
  one_mul

Hint: Omit it from the simp argument list.
  [apply] simp only [pow_succ, Nat.cast_add, Nat.cast_one, zero_mul, mul_zero, zero_add, add_zero, mul_one]

Note: This linter can be disabled with `set_option linter.unusedSimpArgs false`
warning: NLA/MF12/MatrixAlgebra.lean:241:35: This simp argument is unused:
  mul_one

Hint: Omit it from the simp argument list.
  [apply] simp only [pow_succ, Nat.cast_add, Nat.cast_one, zero_mul, mul_zero, zero_add, add_zero, one_mul]

Note: This linter can be disabled with `set_option linter.unusedSimpArgs false`
warning: NLA/MF12/MatrixAlgebra.lean:243:25: This simp argument is unused:
  Nat.cast_add

Hint: Omit it from the simp argument list.
  [apply] simp only [pow_succ, Nat.cast_one, zero_mul, mul_zero, zero_add, add_zero, one_mul, mul_one]

Note: This linter can be disabled with `set_option linter.unusedSimpArgs false`
warning: NLA/MF12/MatrixAlgebra.lean:243:39: This simp argument is unused:
  Nat.cast_one

Hint: Omit it from the simp argument list.
  [apply] simp only [pow_succ, Nat.cast_add, zero_mul, mul_zero, zero_add, add_zero, one_mul, mul_one]

Note: This linter can be disabled with `set_option linter.unusedSimpArgs false`
warning: NLA/MF12/MatrixAlgebra.lean:244:26: This simp argument is unused:
  one_mul

Hint: Omit it from the simp argument list.
  [apply] simp only [pow_succ, Nat.cast_add, Nat.cast_one, zero_mul, mul_zero, zero_add, add_zero, mul_one]

Note: This linter can be disabled with `set_option linter.unusedSimpArgs false`
warning: NLA/MF12/MatrixAlgebra.lean:244:35: This simp argument is unused:
  mul_one

Hint: Omit it from the simp argument list.
  [apply] simp only [pow_succ, Nat.cast_add, Nat.cast_one, zero_mul, mul_zero, zero_add, add_zero, one_mul]

Note: This linter can be disabled with `set_option linter.unusedSimpArgs false`
warning: NLA/MF12/MatrixAlgebra.lean:246:15: This simp argument is unused:
  pow_succ

Hint: Omit it from the simp argument list.
  [apply] simp only [Nat.cast_add, Nat.cast_one, zero_mul, mul_zero, zero_add, add_zero, one_mul, mul_one]

Note: This linter can be disabled with `set_option linter.unusedSimpArgs false`
warning: NLA/MF12/MatrixAlgebra.lean:246:25: This simp argument is unused:
  Nat.cast_add

Hint: Omit it from the simp argument list.
  [apply] simp only [pow_succ, Nat.cast_one, zero_mul, mul_zero, zero_add, add_zero, one_mul, mul_one]

Note: This linter can be disabled with `set_option linter.unusedSimpArgs false`
warning: NLA/MF12/MatrixAlgebra.lean:246:39: This simp argument is unused:
  Nat.cast_one

Hint: Omit it from the simp argument list.
  [apply] simp only [pow_succ, Nat.cast_add, zero_mul, mul_zero, zero_add, add_zero, one_mul, mul_one]

Note: This linter can be disabled with `set_option linter.unusedSimpArgs false`
warning: NLA/MF12/MatrixAlgebra.lean:246:53: This simp argument is unused:
  zero_mul

Hint: Omit it from the simp argument list.
  [apply] simp only [pow_succ, Nat.cast_add, Nat.cast_one, mul_zero, zero_add, add_zero, one_mul, mul_one]

Note: This linter can be disabled with `set_option linter.unusedSimpArgs false`
warning: NLA/MF12/MatrixAlgebra.lean:247:6: This simp argument is unused:
  zero_add

Hint: Omit it from the simp argument list.
  [apply] simp only [pow_succ, Nat.cast_add, Nat.cast_one, zero_mul, mul_zero, add_zero, one_mul, mul_one]

Note: This linter can be disabled with `set_option linter.unusedSimpArgs false`
warning: NLA/MF12/MatrixAlgebra.lean:247:26: This simp argument is unused:
  one_mul

Hint: Omit it from the simp argument list.
  [apply] simp only [pow_succ, Nat.cast_add, Nat.cast_one, zero_mul, mul_zero, zero_add, add_zero, mul_one]

Note: This linter can be disabled with `set_option linter.unusedSimpArgs false`
warning: NLA/MF12/MatrixAlgebra.lean:249:15: This simp argument is unused:
  pow_succ

Hint: Omit it from the simp argument list.
  [apply] simp only [Nat.cast_add, Nat.cast_one, zero_mul, mul_zero, zero_add, add_zero, one_mul, mul_one]

Note: This linter can be disabled with `set_option linter.unusedSimpArgs false`
warning: NLA/MF12/MatrixAlgebra.lean:249:25: This simp argument is unused:
  Nat.cast_add

Hint: Omit it from the simp argument list.
  [apply] simp only [pow_succ, Nat.cast_one, zero_mul, mul_zero, zero_add, add_zero, one_mul, mul_one]

Note: This linter can be disabled with `set_option linter.unusedSimpArgs false`
warning: NLA/MF12/MatrixAlgebra.lean:249:39: This simp argument is unused:
  Nat.cast_one

Hint: Omit it from the simp argument list.
  [apply] simp only [pow_succ, Nat.cast_add, zero_mul, mul_zero, zero_add, add_zero, one_mul, mul_one]

Note: This linter can be disabled with `set_option linter.unusedSimpArgs false`
warning: NLA/MF12/MatrixAlgebra.lean:249:53: This simp argument is unused:
  zero_mul

Hint: Omit it from the simp argument list.
  [apply] simp only [pow_succ, Nat.cast_add, Nat.cast_one, mul_zero, zero_add, add_zero, one_mul, mul_one]

Note: This linter can be disabled with `set_option linter.unusedSimpArgs false`
warning: NLA/MF12/MatrixAlgebra.lean:250:6: This simp argument is unused:
  zero_add

Hint: Omit it from the simp argument list.
  [apply] simp only [pow_succ, Nat.cast_add, Nat.cast_one, zero_mul, mul_zero, add_zero, one_mul, mul_one]

Note: This linter can be disabled with `set_option linter.unusedSimpArgs false`
warning: NLA/MF12/MatrixAlgebra.lean:250:26: This simp argument is unused:
  one_mul

Hint: Omit it from the simp argument list.
  [apply] simp only [pow_succ, Nat.cast_add, Nat.cast_one, zero_mul, mul_zero, zero_add, add_zero, mul_one]

Note: This linter can be disabled with `set_option linter.unusedSimpArgs false`
warning: NLA/MF12/MatrixAlgebra.lean:252:15: This simp argument is unused:
  pow_succ

Hint: Omit it from the simp argument list.
  [apply] simp only [Nat.cast_add, Nat.cast_one, zero_mul, mul_zero, zero_add, add_zero, one_mul, mul_one]

Note: This linter can be disabled with `set_option linter.unusedSimpArgs false`
warning: NLA/MF12/MatrixAlgebra.lean:252:25: This simp argument is unused:
  Nat.cast_add

Hint: Omit it from the simp argument list.
  [apply] simp only [pow_succ, Nat.cast_one, zero_mul, mul_zero, zero_add, add_zero, one_mul, mul_one]

Note: This linter can be disabled with `set_option linter.unusedSimpArgs false`
warning: NLA/MF12/MatrixAlgebra.lean:252:39: This simp argument is unused:
  Nat.cast_one

Hint: Omit it from the simp argument list.
  [apply] simp only [pow_succ, Nat.cast_add, zero_mul, mul_zero, zero_add, add_zero, one_mul, mul_one]

Note: This linter can be disabled with `set_option linter.unusedSimpArgs false`
warning: NLA/MF12/MatrixAlgebra.lean:253:6: This simp argument is unused:
  zero_add

Hint: Omit it from the simp argument list.
  [apply] simp only [pow_succ, Nat.cast_add, Nat.cast_one, zero_mul, mul_zero, add_zero, one_mul, mul_one]

Note: This linter can be disabled with `set_option linter.unusedSimpArgs false`
warning: NLA/MF12/MatrixAlgebra.lean:253:26: This simp argument is unused:
  one_mul

Hint: Omit it from the simp argument list.
  [apply] simp only [pow_succ, Nat.cast_add, Nat.cast_one, zero_mul, mul_zero, zero_add, add_zero, mul_one]

Note: This linter can be disabled with `set_option linter.unusedSimpArgs false`
warning: NLA/MF12/MatrixAlgebra.lean:253:35: This simp argument is unused:
  mul_one

Hint: Omit it from the simp argument list.
  [apply] simp only [pow_succ, Nat.cast_add, Nat.cast_one, zero_mul, mul_zero, zero_add, add_zero, one_mul]

Note: This linter can be disabled with `set_option linter.unusedSimpArgs false`
warning: NLA/MF12/MatrixAlgebra.lean:255:15: This simp argument is unused:
  pow_succ

Hint: Omit it from the simp argument list.
  [apply] simp only [Nat.cast_add, Nat.cast_one, zero_mul, mul_zero, zero_add, add_zero, one_mul, mul_one]

Note: This linter can be disabled with `set_option linter.unusedSimpArgs false`
warning: NLA/MF12/MatrixAlgebra.lean:255:25: This simp argument is unused:
  Nat.cast_add

Hint: Omit it from the simp argument list.
  [apply] simp only [pow_succ, Nat.cast_one, zero_mul, mul_zero, zero_add, add_zero, one_mul, mul_one]

Note: This linter can be disabled with `set_option linter.unusedSimpArgs false`
warning: NLA/MF12/MatrixAlgebra.lean:255:39: This simp argument is unused:
  Nat.cast_one

Hint: Omit it from the simp argument list.
  [apply] simp only [pow_succ, Nat.cast_add, zero_mul, mul_zero, zero_add, add_zero, one_mul, mul_one]

Note: This linter can be disabled with `set_option linter.unusedSimpArgs false`
warning: NLA/MF12/MatrixAlgebra.lean:256:6: This simp argument is unused:
  zero_add

Hint: Omit it from the simp argument list.
  [apply] simp only [pow_succ, Nat.cast_add, Nat.cast_one, zero_mul, mul_zero, add_zero, one_mul, mul_one]

Note: This linter can be disabled with `set_option linter.unusedSimpArgs false`
warning: NLA/MF12/MatrixAlgebra.lean:256:26: This simp argument is unused:
  one_mul

Hint: Omit it from the simp argument list.
  [apply] simp only [pow_succ, Nat.cast_add, Nat.cast_one, zero_mul, mul_zero, zero_add, add_zero, mul_one]

Note: This linter can be disabled with `set_option linter.unusedSimpArgs false`
warning: NLA/MF12/MatrixAlgebra.lean:256:35: This simp argument is unused:
  mul_one

Hint: Omit it from the simp argument list.
  [apply] simp only [pow_succ, Nat.cast_add, Nat.cast_one, zero_mul, mul_zero, zero_add, add_zero, one_mul]

Note: This linter can be disabled with `set_option linter.unusedSimpArgs false`
warning: NLA/MF12/MatrixAlgebra.lean:258:15: This simp argument is unused:
  pow_succ

Hint: Omit it from the simp argument list.
  [apply] simp only [Nat.cast_add, Nat.cast_one, zero_mul, mul_zero, zero_add, add_zero, one_mul, mul_one]

Note: This linter can be disabled with `set_option linter.unusedSimpArgs false`
warning: NLA/MF12/MatrixAlgebra.lean:258:25: This simp argument is unused:
  Nat.cast_add

Hint: Omit it from the simp argument list.
  [apply] simp only [pow_succ, Nat.cast_one, zero_mul, mul_zero, zero_add, add_zero, one_mul, mul_one]

Note: This linter can be disabled with `set_option linter.unusedSimpArgs false`
warning: NLA/MF12/MatrixAlgebra.lean:258:39: This simp argument is unused:
  Nat.cast_one

Hint: Omit it from the simp argument list.
  [apply] simp only [pow_succ, Nat.cast_add, zero_mul, mul_zero, zero_add, add_zero, one_mul, mul_one]

Note: This linter can be disabled with `set_option linter.unusedSimpArgs false`
warning: NLA/MF12/MatrixAlgebra.lean:259:6: This simp argument is unused:
  zero_add

Hint: Omit it from the simp argument list.
  [apply] simp only [pow_succ, Nat.cast_add, Nat.cast_one, zero_mul, mul_zero, add_zero, one_mul, mul_one]

Note: This linter can be disabled with `set_option linter.unusedSimpArgs false`
warning: NLA/MF12/MatrixAlgebra.lean:259:26: This simp argument is unused:
  one_mul

Hint: Omit it from the simp argument list.
  [apply] simp only [pow_succ, Nat.cast_add, Nat.cast_one, zero_mul, mul_zero, zero_add, add_zero, mul_one]

Note: This linter can be disabled with `set_option linter.unusedSimpArgs false`
warning: NLA/MF12/MatrixAlgebra.lean:259:35: This simp argument is unused:
  mul_one

Hint: Omit it from the simp argument list.
  [apply] simp only [pow_succ, Nat.cast_add, Nat.cast_one, zero_mul, mul_zero, zero_add, add_zero, one_mul]

Note: This linter can be disabled with `set_option linter.unusedSimpArgs false`
warning: NLA/MF12/MatrixAlgebra.lean:261:15: This simp argument is unused:
  pow_succ

Hint: Omit it from the simp argument list.
  [apply] simp only [Nat.cast_add, Nat.cast_one, zero_mul, mul_zero, zero_add, add_zero, one_mul, mul_one]

Note: This linter can be disabled with `set_option linter.unusedSimpArgs false`
warning: NLA/MF12/MatrixAlgebra.lean:261:25: This simp argument is unused:
  Nat.cast_add

Hint: Omit it from the simp argument list.
  [apply] simp only [pow_succ, Nat.cast_one, zero_mul, mul_zero, zero_add, add_zero, one_mul, mul_one]

Note: This linter can be disabled with `set_option linter.unusedSimpArgs false`
warning: NLA/MF12/MatrixAlgebra.lean:261:39: This simp argument is unused:
  Nat.cast_one

Hint: Omit it from the simp argument list.
  [apply] simp only [pow_succ, Nat.cast_add, zero_mul, mul_zero, zero_add, add_zero, one_mul, mul_one]

Note: This linter can be disabled with `set_option linter.unusedSimpArgs false`
warning: NLA/MF12/MatrixAlgebra.lean:262:6: This simp argument is unused:
  zero_add

Hint: Omit it from the simp argument list.
  [apply] simp only [pow_succ, Nat.cast_add, Nat.cast_one, zero_mul, mul_zero, add_zero, one_mul, mul_one]

Note: This linter can be disabled with `set_option linter.unusedSimpArgs false`
warning: NLA/MF12/MatrixAlgebra.lean:262:26: This simp argument is unused:
  one_mul

Hint: Omit it from the simp argument list.
  [apply] simp only [pow_succ, Nat.cast_add, Nat.cast_one, zero_mul, mul_zero, zero_add, add_zero, mul_one]

Note: This linter can be disabled with `set_option linter.unusedSimpArgs false`
warning: NLA/MF12/MatrixAlgebra.lean:262:35: This simp argument is unused:
  mul_one

Hint: Omit it from the simp argument list.
  [apply] simp only [pow_succ, Nat.cast_add, Nat.cast_one, zero_mul, mul_zero, zero_add, add_zero, one_mul]

Note: This linter can be disabled with `set_option linter.unusedSimpArgs false`
warning: NLA/MF12/MatrixAlgebra.lean:264:15: This simp argument is unused:
  pow_succ

Hint: Omit it from the simp argument list.
  [apply] simp only [Nat.cast_add, Nat.cast_one, zero_mul, mul_zero, zero_add, add_zero, one_mul, mul_one]

Note: This linter can be disabled with `set_option linter.unusedSimpArgs false`
warning: NLA/MF12/MatrixAlgebra.lean:264:25: This simp argument is unused:
  Nat.cast_add

Hint: Omit it from the simp argument list.
  [apply] simp only [pow_succ, Nat.cast_one, zero_mul, mul_zero, zero_add, add_zero, one_mul, mul_one]

Note: This linter can be disabled with `set_option linter.unusedSimpArgs false`
warning: NLA/MF12/MatrixAlgebra.lean:264:39: This simp argument is unused:
  Nat.cast_one

Hint: Omit it from the simp argument list.
  [apply] simp only [pow_succ, Nat.cast_add, zero_mul, mul_zero, zero_add, add_zero, one_mul, mul_one]

Note: This linter can be disabled with `set_option linter.unusedSimpArgs false`
warning: NLA/MF12/MatrixAlgebra.lean:264:53: This simp argument is unused:
  zero_mul

Hint: Omit it from the simp argument list.
  [apply] simp only [pow_succ, Nat.cast_add, Nat.cast_one, mul_zero, zero_add, add_zero, one_mul, mul_one]

Note: This linter can be disabled with `set_option linter.unusedSimpArgs false`
warning: NLA/MF12/MatrixAlgebra.lean:265:26: This simp argument is unused:
  one_mul

Hint: Omit it from the simp argument list.
  [apply] simp only [pow_succ, Nat.cast_add, Nat.cast_one, zero_mul, mul_zero, zero_add, add_zero, mul_one]

Note: This linter can be disabled with `set_option linter.unusedSimpArgs false`
warning: NLA/MF12/MatrixAlgebra.lean:160:48: Unused tactic linter: `ring` does nothing

Note: This linter can be disabled with `set_option linter.unusedTactic false`
warning: NLA/MF12/MatrixAlgebra.lean:163:48: Unused tactic linter: `ring` does nothing

Note: This linter can be disabled with `set_option linter.unusedTactic false`
warning: NLA/MF12/MatrixAlgebra.lean:166:48: Unused tactic linter: `ring` does nothing

Note: This linter can be disabled with `set_option linter.unusedTactic false`
warning: NLA/MF12/MatrixAlgebra.lean:169:48: Unused tactic linter: `ring` does nothing

Note: This linter can be disabled with `set_option linter.unusedTactic false`
warning: NLA/MF12/MatrixAlgebra.lean:172:48: Unused tactic linter: `ring` does nothing

Note: This linter can be disabled with `set_option linter.unusedTactic false`
warning: NLA/MF12/MatrixAlgebra.lean:175:48: Unused tactic linter: `ring` does nothing

Note: This linter can be disabled with `set_option linter.unusedTactic false`
warning: NLA/MF12/MatrixAlgebra.lean:178:48: Unused tactic linter: `ring` does nothing

Note: This linter can be disabled with `set_option linter.unusedTactic false`
warning: NLA/MF12/MatrixAlgebra.lean:181:48: Unused tactic linter: `ring` does nothing

Note: This linter can be disabled with `set_option linter.unusedTactic false`
warning: NLA/MF12/MatrixAlgebra.lean:187:48: Unused tactic linter: `ring` does nothing

Note: This linter can be disabled with `set_option linter.unusedTactic false`
warning: NLA/MF12/MatrixAlgebra.lean:190:48: Unused tactic linter: `ring` does nothing

Note: This linter can be disabled with `set_option linter.unusedTactic false`
warning: NLA/MF12/MatrixAlgebra.lean:193:48: Unused tactic linter: `ring` does nothing

Note: This linter can be disabled with `set_option linter.unusedTactic false`
warning: NLA/MF12/MatrixAlgebra.lean:196:48: Unused tactic linter: `ring` does nothing

Note: This linter can be disabled with `set_option linter.unusedTactic false`
warning: NLA/MF12/MatrixAlgebra.lean:199:48: Unused tactic linter: `ring` does nothing

Note: This linter can be disabled with `set_option linter.unusedTactic false`
warning: NLA/MF12/MatrixAlgebra.lean:202:48: Unused tactic linter: `ring` does nothing

Note: This linter can be disabled with `set_option linter.unusedTactic false`
warning: NLA/MF12/MatrixAlgebra.lean:205:48: Unused tactic linter: `ring` does nothing

Note: This linter can be disabled with `set_option linter.unusedTactic false`
warning: NLA/MF12/MatrixAlgebra.lean:208:48: Unused tactic linter: `ring` does nothing

Note: This linter can be disabled with `set_option linter.unusedTactic false`
warning: NLA/MF12/MatrixAlgebra.lean:211:48: Unused tactic linter: `ring` does nothing

Note: This linter can be disabled with `set_option linter.unusedTactic false`
warning: NLA/MF12/MatrixAlgebra.lean:214:48: Unused tactic linter: `ring` does nothing

Note: This linter can be disabled with `set_option linter.unusedTactic false`
warning: NLA/MF12/MatrixAlgebra.lean:217:48: Unused tactic linter: `ring` does nothing

Note: This linter can be disabled with `set_option linter.unusedTactic false`
warning: NLA/MF12/MatrixAlgebra.lean:220:48: Unused tactic linter: `ring` does nothing

Note: This linter can be disabled with `set_option linter.unusedTactic false`
warning: NLA/MF12/MatrixAlgebra.lean:223:48: Unused tactic linter: `ring` does nothing

Note: This linter can be disabled with `set_option linter.unusedTactic false`
warning: NLA/MF12/MatrixAlgebra.lean:229:48: Unused tactic linter: `ring` does nothing

Note: This linter can be disabled with `set_option linter.unusedTactic false`
warning: NLA/MF12/MatrixAlgebra.lean:232:48: Unused tactic linter: `ring` does nothing

Note: This linter can be disabled with `set_option linter.unusedTactic false`
warning: NLA/MF12/MatrixAlgebra.lean:235:48: Unused tactic linter: `ring` does nothing

Note: This linter can be disabled with `set_option linter.unusedTactic false`
warning: NLA/MF12/MatrixAlgebra.lean:238:48: Unused tactic linter: `ring` does nothing

Note: This linter can be disabled with `set_option linter.unusedTactic false`
warning: NLA/MF12/MatrixAlgebra.lean:241:48: Unused tactic linter: `ring` does nothing

Note: This linter can be disabled with `set_option linter.unusedTactic false`
warning: NLA/MF12/MatrixAlgebra.lean:244:48: Unused tactic linter: `ring` does nothing

Note: This linter can be disabled with `set_option linter.unusedTactic false`
warning: NLA/MF12/MatrixAlgebra.lean:247:48: Unused tactic linter: `ring` does nothing

Note: This linter can be disabled with `set_option linter.unusedTactic false`
warning: NLA/MF12/MatrixAlgebra.lean:250:48: Unused tactic linter: `ring` does nothing

Note: This linter can be disabled with `set_option linter.unusedTactic false`
warning: NLA/MF12/MatrixAlgebra.lean:253:48: Unused tactic linter: `ring` does nothing

Note: This linter can be disabled with `set_option linter.unusedTactic false`
warning: NLA/MF12/MatrixAlgebra.lean:256:48: Unused tactic linter: `ring` does nothing

Note: This linter can be disabled with `set_option linter.unusedTactic false`
warning: NLA/MF12/MatrixAlgebra.lean:259:48: Unused tactic linter: `ring` does nothing

Note: This linter can be disabled with `set_option linter.unusedTactic false`
warning: NLA/MF12/MatrixAlgebra.lean:262:48: Unused tactic linter: `ring` does nothing

Note: This linter can be disabled with `set_option linter.unusedTactic false`
warning: NLA/MF12/MatrixAlgebra.lean:265:48: Unused tactic linter: `ring` does nothing

Note: This linter can be disabled with `set_option linter.unusedTactic false`
warning: NLA/MF12/MatrixAlgebra.lean:160:48: this tactic is never executed

Note: This linter can be disabled with `set_option linter.unreachableTactic false`
warning: NLA/MF12/MatrixAlgebra.lean:163:48: this tactic is never executed

Note: This linter can be disabled with `set_option linter.unreachableTactic false`
warning: NLA/MF12/MatrixAlgebra.lean:166:48: this tactic is never executed

Note: This linter can be disabled with `set_option linter.unreachableTactic false`
warning: NLA/MF12/MatrixAlgebra.lean:169:48: this tactic is never executed

Note: This linter can be disabled with `set_option linter.unreachableTactic false`
warning: NLA/MF12/MatrixAlgebra.lean:172:48: this tactic is never executed

Note: This linter can be disabled with `set_option linter.unreachableTactic false`
warning: NLA/MF12/MatrixAlgebra.lean:175:48: this tactic is never executed

Note: This linter can be disabled with `set_option linter.unreachableTactic false`
warning: NLA/MF12/MatrixAlgebra.lean:178:48: this tactic is never executed

Note: This linter can be disabled with `set_option linter.unreachableTactic false`
warning: NLA/MF12/MatrixAlgebra.lean:181:48: this tactic is never executed

Note: This linter can be disabled with `set_option linter.unreachableTactic false`
warning: NLA/MF12/MatrixAlgebra.lean:187:48: this tactic is never executed

Note: This linter can be disabled with `set_option linter.unreachableTactic false`
warning: NLA/MF12/MatrixAlgebra.lean:190:48: this tactic is never executed

Note: This linter can be disabled with `set_option linter.unreachableTactic false`
warning: NLA/MF12/MatrixAlgebra.lean:193:48: this tactic is never executed

Note: This linter can be disabled with `set_option linter.unreachableTactic false`
warning: NLA/MF12/MatrixAlgebra.lean:196:48: this tactic is never executed

Note: This linter can be disabled with `set_option linter.unreachableTactic false`
warning: NLA/MF12/MatrixAlgebra.lean:199:48: this tactic is never executed

Note: This linter can be disabled with `set_option linter.unreachableTactic false`
warning: NLA/MF12/MatrixAlgebra.lean:202:48: this tactic is never executed

Note: This linter can be disabled with `set_option linter.unreachableTactic false`
warning: NLA/MF12/MatrixAlgebra.lean:205:48: this tactic is never executed

Note: This linter can be disabled with `set_option linter.unreachableTactic false`
warning: NLA/MF12/MatrixAlgebra.lean:208:48: this tactic is never executed

Note: This linter can be disabled with `set_option linter.unreachableTactic false`
warning: NLA/MF12/MatrixAlgebra.lean:211:48: this tactic is never executed

Note: This linter can be disabled with `set_option linter.unreachableTactic false`
warning: NLA/MF12/MatrixAlgebra.lean:214:48: this tactic is never executed

Note: This linter can be disabled with `set_option linter.unreachableTactic false`
warning: NLA/MF12/MatrixAlgebra.lean:217:48: this tactic is never executed

Note: This linter can be disabled with `set_option linter.unreachableTactic false`
warning: NLA/MF12/MatrixAlgebra.lean:220:48: this tactic is never executed

Note: This linter can be disabled with `set_option linter.unreachableTactic false`
warning: NLA/MF12/MatrixAlgebra.lean:223:48: this tactic is never executed

Note: This linter can be disabled with `set_option linter.unreachableTactic false`
warning: NLA/MF12/MatrixAlgebra.lean:229:48: this tactic is never executed

Note: This linter can be disabled with `set_option linter.unreachableTactic false`
warning: NLA/MF12/MatrixAlgebra.lean:232:48: this tactic is never executed

Note: This linter can be disabled with `set_option linter.unreachableTactic false`
warning: NLA/MF12/MatrixAlgebra.lean:235:48: this tactic is never executed

Note: This linter can be disabled with `set_option linter.unreachableTactic false`
warning: NLA/MF12/MatrixAlgebra.lean:238:48: this tactic is never executed

Note: This linter can be disabled with `set_option linter.unreachableTactic false`
warning: NLA/MF12/MatrixAlgebra.lean:241:48: this tactic is never executed

Note: This linter can be disabled with `set_option linter.unreachableTactic false`
warning: NLA/MF12/MatrixAlgebra.lean:244:48: this tactic is never executed

Note: This linter can be disabled with `set_option linter.unreachableTactic false`
warning: NLA/MF12/MatrixAlgebra.lean:247:48: this tactic is never executed

Note: This linter can be disabled with `set_option linter.unreachableTactic false`
warning: NLA/MF12/MatrixAlgebra.lean:250:48: this tactic is never executed

Note: This linter can be disabled with `set_option linter.unreachableTactic false`
warning: NLA/MF12/MatrixAlgebra.lean:253:48: this tactic is never executed

Note: This linter can be disabled with `set_option linter.unreachableTactic false`
warning: NLA/MF12/MatrixAlgebra.lean:256:48: this tactic is never executed

Note: This linter can be disabled with `set_option linter.unreachableTactic false`
warning: NLA/MF12/MatrixAlgebra.lean:259:48: this tactic is never executed

Note: This linter can be disabled with `set_option linter.unreachableTactic false`
warning: NLA/MF12/MatrixAlgebra.lean:262:48: this tactic is never executed

Note: This linter can be disabled with `set_option linter.unreachableTactic false`
warning: NLA/MF12/MatrixAlgebra.lean:265:48: this tactic is never executed

Note: This linter can be disabled with `set_option linter.unreachableTactic false`
warning: NLA/MF12/MatrixAlgebra.lean:184:44: Used `tac1 <;> tac2` where `(tac1; tac2)` would suffice

Note: This linter can be disabled with `set_option linter.unnecessarySeqFocus false`
warning: NLA/MF12/MatrixAlgebra.lean:226:44: Used `tac1 <;> tac2` where `(tac1; tac2)` would suffice

Note: This linter can be disabled with `set_option linter.unnecessarySeqFocus false`
info: NLA/MF12/MatrixAlgebra.lean:325:0: 'NLA.MF12.fractional_projection' depends on axioms: [propext, Classical.choice, Quot.sound]
info: NLA/MF12/MatrixAlgebra.lean:326:0: 'NLA.MF12.jordan_two_power' depends on axioms: [propext, Classical.choice, Quot.sound]
info: NLA/MF12/MatrixAlgebra.lean:327:0: 'NLA.MF12.compressed_powers' depends on axioms: [propext, Classical.choice, Quot.sound]
ℹ [3104/3112] Built NLA.MF12.Words (2.9s)
info: NLA/MF12/Words.lean:140:0: 'NLA.MF12.family_growth_is_maximum' depends on axioms: [propext, Classical.choice, Quot.sound]
info: NLA/MF12/Words.lean:141:0: 'NLA.MF12.pair_word_norms' depends on axioms: [propext, Classical.choice, Quot.sound]
✖ [3105/3112] Building NLA.MF12.PowerBounds (3.1s)
trace: .> LEAN_PATH=/home/runner/work/OpenProblemsInNLA/OpenProblemsInNLA/.lean-development/.lake/packages/Cli/.lake/build/lib/lean:/home/runner/work/OpenProblemsInNLA/OpenProblemsInNLA/.lean-development/.lake/packages/batteries/.lake/build/lib/lean:/home/runner/work/OpenProblemsInNLA/OpenProblemsInNLA/.lean-development/.lake/packages/Qq/.lake/build/lib/lean:/home/runner/work/OpenProblemsInNLA/OpenProblemsInNLA/.lean-development/.lake/packages/aesop/.lake/build/lib/lean:/home/runner/work/OpenProblemsInNLA/OpenProblemsInNLA/.lean-development/.lake/packages/proofwidgets/.lake/build/lib/lean:/home/runner/work/OpenProblemsInNLA/OpenProblemsInNLA/.lean-development/.lake/packages/importGraph/.lake/build/lib/lean:/home/runner/work/OpenProblemsInNLA/OpenProblemsInNLA/.lean-development/.lake/packages/LeanSearchClient/.lake/build/lib/lean:/home/runner/work/OpenProblemsInNLA/OpenProblemsInNLA/.lean-development/.lake/packages/plausible/.lake/build/lib/lean:/home/runner/work/OpenProblemsInNLA/OpenProblemsInNLA/.lean-development/.lake/packages/mathlib/.lake/build/lib/lean:/home/runner/work/OpenProblemsInNLA/OpenProblemsInNLA/.lean-development/.lake/packages/leancert/.lake/build/lib/lean:/home/runner/work/OpenProblemsInNLA/OpenProblemsInNLA/.lean-development/.lake/build/lib/lean /home/runner/.elan/toolchains/leanprover--lean4---v4.33.1/bin/lean /home/runner/work/OpenProblemsInNLA/OpenProblemsInNLA/.lean-development/NLA/MF12/PowerBounds.lean -o /home/runner/work/OpenProblemsInNLA/OpenProblemsInNLA/.lean-development/.lake/build/lib/lean/NLA/MF12/PowerBounds.olean -i /home/runner/work/OpenProblemsInNLA/OpenProblemsInNLA/.lean-development/.lake/build/lib/lean/NLA/MF12/PowerBounds.ilean -c /home/runner/work/OpenProblemsInNLA/OpenProblemsInNLA/.lean-development/.lake/build/ir/NLA/MF12/PowerBounds.c --setup /home/runner/work/OpenProblemsInNLA/OpenProblemsInNLA/.lean-development/.lake/build/ir/NLA/MF12/PowerBounds.setup.json --json
error: NLA/MF12/PowerBounds.lean:35:63: unsolved goals
case h
α : ℝ
hα : 0 < α
hα1 : α < 1
q : ℕ
r s : Fin 6
hH : 1 ≤ fractionalPowerBound α
hzero : |0| ≤ fractionalPowerBound α
hone : |1| ≤ fractionalPowerBound α
⊢ ?m.65

α : ℝ
hα : 0 < α
hα1 : α < 1
q : ℕ
r s : Fin 6
hH : 1 ≤ fractionalPowerBound α
hzero : |0| ≤ fractionalPowerBound α
hone : |1| ≤ fractionalPowerBound α
h : ?m.65
⊢ |(fractionalMatrix α ^ q) r s| ≤ fractionalPowerBound α
error: NLA/MF12/PowerBounds.lean:41:8: unexpected token 'λ'; expected command
error: NLA/MF12/PowerBounds.lean:128:21: #assert_trust: 'NLA.MF12.fractional_powers_entry_bound' depends on sorry or unrecognized axioms
  foundational: propext, Classical.choice, Quot.sound
  sorryAx: sorryAx
info: NLA/MF12/PowerBounds.lean:129:0: 'NLA.MF12.fractional_powers_entry_bound' depends on axioms: [propext, sorryAx, Classical.choice, Quot.sound]
error: Lean exited with code 1
✖ [3106/3112] Building NLA.MF12.Gaps (3.0s)
trace: .> LEAN_PATH=/home/runner/work/OpenProblemsInNLA/OpenProblemsInNLA/.lean-development/.lake/packages/Cli/.lake/build/lib/lean:/home/runner/work/OpenProblemsInNLA/OpenProblemsInNLA/.lean-development/.lake/packages/batteries/.lake/build/lib/lean:/home/runner/work/OpenProblemsInNLA/OpenProblemsInNLA/.lean-development/.lake/packages/Qq/.lake/build/lib/lean:/home/runner/work/OpenProblemsInNLA/OpenProblemsInNLA/.lean-development/.lake/packages/aesop/.lake/build/lib/lean:/home/runner/work/OpenProblemsInNLA/OpenProblemsInNLA/.lean-development/.lake/packages/proofwidgets/.lake/build/lib/lean:/home/runner/work/OpenProblemsInNLA/OpenProblemsInNLA/.lean-development/.lake/packages/importGraph/.lake/build/lib/lean:/home/runner/work/OpenProblemsInNLA/OpenProblemsInNLA/.lean-development/.lake/packages/LeanSearchClient/.lake/build/lib/lean:/home/runner/work/OpenProblemsInNLA/OpenProblemsInNLA/.lean-development/.lake/packages/plausible/.lake/build/lib/lean:/home/runner/work/OpenProblemsInNLA/OpenProblemsInNLA/.lean-development/.lake/packages/mathlib/.lake/build/lib/lean:/home/runner/work/OpenProblemsInNLA/OpenProblemsInNLA/.lean-development/.lake/packages/leancert/.lake/build/lib/lean:/home/runner/work/OpenProblemsInNLA/OpenProblemsInNLA/.lean-development/.lake/build/lib/lean /home/runner/.elan/toolchains/leanprover--lean4---v4.33.1/bin/lean /home/runner/work/OpenProblemsInNLA/OpenProblemsInNLA/.lean-development/NLA/MF12/Gaps.lean -o /home/runner/work/OpenProblemsInNLA/OpenProblemsInNLA/.lean-development/.lake/build/lib/lean/NLA/MF12/Gaps.olean -i /home/runner/work/OpenProblemsInNLA/OpenProblemsInNLA/.lean-development/.lake/build/lib/lean/NLA/MF12/Gaps.ilean -c /home/runner/work/OpenProblemsInNLA/OpenProblemsInNLA/.lean-development/.lake/build/ir/NLA/MF12/Gaps.c --setup /home/runner/work/OpenProblemsInNLA/OpenProblemsInNLA/.lean-development/.lake/build/ir/NLA/MF12/Gaps.setup.json --json
error: NLA/MF12/Gaps.lean:105:6: Type mismatch: After simplification, term
  chosenRemainder_add_count n
 has type
  @Eq ℕ (chosenCount n * (1 + chosenGap n) + chosenRemainder n) n
but is expected to have type
  @Eq ℕ (↑(chosenCount n) * (1 + chosenGap n) + chosenRemainder n) n
error: NLA/MF12/Gaps.lean:115:21: #assert_trust: 'NLA.MF12.lower_word_exact' depends on sorry or unrecognized axioms
  foundational: propext, Classical.choice, Quot.sound
  sorryAx: sorryAx
info: NLA/MF12/Gaps.lean:116:0: 'NLA.MF12.gap_decomposition' depends on axioms: [propext, Quot.sound]
info: NLA/MF12/Gaps.lean:117:0: 'NLA.MF12.reset_product_factorization' depends on axioms: [propext, Classical.choice, Quot.sound]
info: NLA/MF12/Gaps.lean:118:0: 'NLA.MF12.lower_word_exact' depends on axioms: [propext, sorryAx, Classical.choice, Quot.sound]
error: Lean exited with code 1
ℹ [3108/3112] Built NLA.MF12.Budgets (3.4s)
info: NLA/MF12/Budgets.lean:108:0: 'NLA.MF12.telescoping_budget' depends on axioms: [propext, Classical.choice, Quot.sound]
info: NLA/MF12/Budgets.lean:109:0: 'NLA.MF12.compressed_product_formula' depends on axioms: [propext, Classical.choice, Quot.sound]
✖ [3109/3112] Building NLA.MF12.JordanEntries (3.9s)
trace: .> LEAN_PATH=/home/runner/work/OpenProblemsInNLA/OpenProblemsInNLA/.lean-development/.lake/packages/Cli/.lake/build/lib/lean:/home/runner/work/OpenProblemsInNLA/OpenProblemsInNLA/.lean-development/.lake/packages/batteries/.lake/build/lib/lean:/home/runner/work/OpenProblemsInNLA/OpenProblemsInNLA/.lean-development/.lake/packages/Qq/.lake/build/lib/lean:/home/runner/work/OpenProblemsInNLA/OpenProblemsInNLA/.lean-development/.lake/packages/aesop/.lake/build/lib/lean:/home/runner/work/OpenProblemsInNLA/OpenProblemsInNLA/.lean-development/.lake/packages/proofwidgets/.lake/build/lib/lean:/home/runner/work/OpenProblemsInNLA/OpenProblemsInNLA/.lean-development/.lake/packages/importGraph/.lake/build/lib/lean:/home/runner/work/OpenProblemsInNLA/OpenProblemsInNLA/.lean-development/.lake/packages/LeanSearchClient/.lake/build/lib/lean:/home/runner/work/OpenProblemsInNLA/OpenProblemsInNLA/.lean-development/.lake/packages/plausible/.lake/build/lib/lean:/home/runner/work/OpenProblemsInNLA/OpenProblemsInNLA/.lean-development/.lake/packages/mathlib/.lake/build/lib/lean:/home/runner/work/OpenProblemsInNLA/OpenProblemsInNLA/.lean-development/.lake/packages/leancert/.lake/build/lib/lean:/home/runner/work/OpenProblemsInNLA/OpenProblemsInNLA/.lean-development/.lake/build/lib/lean /home/runner/.elan/toolchains/leanprover--lean4---v4.33.1/bin/lean /home/runner/work/OpenProblemsInNLA/OpenProblemsInNLA/.lean-development/NLA/MF12/JordanEntries.lean -o /home/runner/work/OpenProblemsInNLA/OpenProblemsInNLA/.lean-development/.lake/build/lib/lean/NLA/MF12/JordanEntries.olean -i /home/runner/work/OpenProblemsInNLA/OpenProblemsInNLA/.lean-development/.lake/build/lib/lean/NLA/MF12/JordanEntries.ilean -c /home/runner/work/OpenProblemsInNLA/OpenProblemsInNLA/.lean-development/.lake/build/ir/NLA/MF12/JordanEntries.c --setup /home/runner/work/OpenProblemsInNLA/OpenProblemsInNLA/.lean-development/.lake/build/ir/NLA/MF12/JordanEntries.setup.json --json
error: NLA/MF12/JordanEntries.lean:83:10: unsolved goals
case pos
m n : ℕ
ih : ∀ (r s : Fin (m + 1)), (jordanMatrix m ^ n) r s = if ↑r ≤ ↑s then ↑(n.choose (↑s - ↑r)) else 0
r s : Fin (m + 1)
hs0 : ¬↑s = 0
hs : 0 < ↑s
j : Fin (m + 1) := ⟨↑s - 1, ⋯⟩
hmul : (jordanMatrix m ^ n * upperShift (m + 1)) r s = (jordanMatrix m ^ n) r j
hrs : ¬↑r < ↑s
heq : ↑r = ↑s
hrj : ¬↑r ≤ ↑j
⊢ s ≤ j → n.choose (↑j - ↑s) = 0
warning: NLA/MF12/JordanEntries.lean:84:23: This simp argument is unused:
  hrj

Hint: Omit it from the simp argument list.
  [apply] simp [heq]

Note: This linter can be disabled with `set_option linter.unusedSimpArgs false`
warning: NLA/MF12/JordanEntries.lean:95:2: Try `simp at he` instead of `simpa using he`

Note: This linter can be disabled with `set_option linter.unnecessarySimpa false`
warning: NLA/MF12/JordanEntries.lean:113:6: try 'simp' instead of 'simpa'

Note: This linter can be disabled with `set_option linter.unnecessarySimpa false`
warning: NLA/MF12/JordanEntries.lean:118:47: Variable name `hn` is not explicitly referenced.

Hint: The binding can be removed (if unused) or named `_` (if used implicitly). Alternatively, prefix the name with `_` to silence this warning:
  [apply] _hn

Note: This linter can be disabled with `set_option linter.unusedVariables false`
error: NLA/MF12/JordanEntries.lean:122:21: #assert_trust: 'NLA.MF12.jordan_entries' depends on sorry or unrecognized axioms
  foundational: propext, Classical.choice, Quot.sound
  sorryAx: sorryAx
info: NLA/MF12/JordanEntries.lean:124:0: 'NLA.MF12.jordan_entries' depends on axioms: [propext, sorryAx, Classical.choice, Quot.sound]
info: NLA/MF12/JordanEntries.lean:125:0: 'NLA.MF12.integer_family_growth' depends on axioms: [propext, Classical.choice, Quot.sound]
error: Lean exited with code 1
ℹ [3110/3112] Built NLA.MF12.Tensor (2.4s)
info: NLA/MF12/Tensor.lean:102:0: 'NLA.MF12.tensor_norm_comparison' depends on axioms: [propext, Classical.choice, Quot.sound]
info: NLA/MF12/Tensor.lean:103:0: 'NLA.MF12.tensor_word_identity' depends on axioms: [propext, Classical.choice, Quot.sound]
ℹ [3111/3112] Built NLA.MF12.HolderBound (2.2s)
info: NLA/MF12/HolderBound.lean:104:0: 'NLA.MF12.compressed_product_bound' depends on axioms: [propext, Classical.choice, Quot.sound]
Some required targets logged failures:
- NLA.MF12.RootLimit
- NLA.MF12.PowerBounds
- NLA.MF12.Gaps
- NLA.MF12.JordanEntries
error: build failed
