$ lake exe cache get
✔ [1/9] Built Cache.Cli (381ms)
✔ [5/26] Built Cache.Lean (504ms)
✔ [6/26] Built Cache.Cli:c.o (210ms)
✔ [7/26] Built Cache.Lean:c.o (230ms)
✔ [8/26] Built Cache.Infra (512ms)
✔ [9/26] Built Cache.Infra:c.o (237ms)
✔ [10/26] Built Batteries.Tactic.OpenPrivate (1.1s)
✔ [11/26] Built Batteries.Tactic.OpenPrivate:c.o (1.4s)
✔ [12/26] Built Cache.IO (1.6s)
✔ [13/26] Built Cache.Hashing (843ms)
✔ [14/26] Built Cache.Hashing:c.o (737ms)
✔ [15/26] Built Cache.IO:c.o (2.1s)
✔ [16/26] Built Cache.Requests (2.2s)
✔ [17/26] Built Cache.Marker (593ms)
✔ [18/26] Built Cache.Marker:c.o (192ms)
✔ [19/26] Built Cache.Query (815ms)
✔ [20/26] Built Cache.Query:c.o (551ms)
✔ [21/26] Built Cache.Warning (747ms)
✔ [22/26] Built Cache.Warning:c.o (437ms)
✔ [23/26] Built Cache.Requests:c.o (3.4s)
✔ [24/26] Built Cache.Main (1.4s)
✔ [25/26] Built Cache.Main:c.o (1.0s)
✔ [26/26] Built cache:exe (753ms)
Current branch: HEAD
Using cache from origin: (some leanprover-community/mathlib4)
Attempting to download 8690 file(s) from leanprover-community/mathlib4 cache at https://lakecache.blob.core.windows.net/mathlib4-master

Downloaded: 1 file(s) [attempted 1/8690 = 0%, 15 KB/s], Decompressed: 0
Downloaded: 90 file(s) [attempted 90/8690 = 1%, 1124 KB/s], Decompressed: 10
Downloaded: 186 file(s) [attempted 186/8690 = 2%, 1151 KB/s], Decompressed: 38
Downloaded: 278 file(s) [attempted 278/8690 = 3%, 1930 KB/s], Decompressed: 38
Downloaded: 399 file(s) [attempted 399/8690 = 4%, 216 KB/s], Decompressed: 38
Downloaded: 528 file(s) [attempted 528/8690 = 6%, 3892 KB/s], Decompressed: 122
Downloaded: 658 file(s) [attempted 658/8690 = 7%, 532 KB/s], Decompressed: 122
Downloaded: 787 file(s) [attempted 787/8690 = 9%, 845 KB/s], Decompressed: 122
Downloaded: 917 file(s) [attempted 917/8690 = 10%, 283 KB/s], Decompressed: 122
Downloaded: 1059 file(s) [attempted 1059/8690 = 12%, 648 KB/s], Decompressed: 122
Downloaded: 1177 file(s) [attempted 1177/8690 = 13%, 384 KB/s], Decompressed: 122
Downloaded: 1312 file(s) [attempted 1312/8690 = 15%, 3380 KB/s], Decompressed: 122
Downloaded: 1454 file(s) [attempted 1454/8690 = 16%, 363 KB/s], Decompressed: 122
Downloaded: 1578 file(s) [attempted 1578/8690 = 18%, 440 KB/s], Decompressed: 122
Downloaded: 1649 file(s) [attempted 1649/8690 = 18%, 2277 KB/s], Decompressed: 122
Downloaded: 1729 file(s) [attempted 1729/8690 = 19%, 490 KB/s], Decompressed: 122
Downloaded: 1868 file(s) [attempted 1868/8690 = 21%, 1993 KB/s], Decompressed: 450
Downloaded: 1998 file(s) [attempted 1998/8690 = 22%, 1946 KB/s], Decompressed: 450
Downloaded: 2131 file(s) [attempted 2131/8690 = 24%, 423 KB/s], Decompressed: 450
Downloaded: 2232 file(s) [attempted 2232/8690 = 25%, 2089 KB/s], Decompressed: 450
Downloaded: 2364 file(s) [attempted 2364/8690 = 27%, 937 KB/s], Decompressed: 450
Downloaded: 2481 file(s) [attempted 2481/8690 = 28%, 767 KB/s], Decompressed: 450
Downloaded: 2593 file(s) [attempted 2593/8690 = 29%, 2058 KB/s], Decompressed: 450
Downloaded: 2675 file(s) [attempted 2675/8690 = 30%, 1206 KB/s], Decompressed: 450
Downloaded: 2812 file(s) [attempted 2812/8690 = 32%, 275 KB/s], Decompressed: 450
Downloaded: 2943 file(s) [attempted 2943/8690 = 33%, 288 KB/s], Decompressed: 450
Downloaded: 3045 file(s) [attempted 3045/8690 = 35%, 496 KB/s], Decompressed: 450
Downloaded: 3176 file(s) [attempted 3176/8690 = 36%, 862 KB/s], Decompressed: 450
Downloaded: 3327 file(s) [attempted 3327/8690 = 38%, 161 KB/s], Decompressed: 450
Downloaded: 3441 file(s) [attempted 3441/8690 = 39%, 1162 KB/s], Decompressed: 450
Downloaded: 3556 file(s) [attempted 3556/8690 = 40%, 2438 KB/s], Decompressed: 450
Downloaded: 3661 file(s) [attempted 3661/8690 = 42%, 717 KB/s], Decompressed: 450
Downloaded: 3773 file(s) [attempted 3773/8690 = 43%, 649 KB/s], Decompressed: 450
Downloaded: 3869 file(s) [attempted 3869/8690 = 44%, 5471 KB/s], Decompressed: 450
Downloaded: 4002 file(s) [attempted 4002/8690 = 46%, 2395 KB/s], Decompressed: 450
Downloaded: 4118 file(s) [attempted 4118/8690 = 47%, 106 KB/s], Decompressed: 450
Downloaded: 4233 file(s) [attempted 4233/8690 = 48%, 2681 KB/s], Decompressed: 450
Downloaded: 4369 file(s) [attempted 4369/8690 = 50%, 240 KB/s], Decompressed: 450
Downloaded: 4479 file(s) [attempted 4479/8690 = 51%, 764 KB/s], Decompressed: 450
Downloaded: 4612 file(s) [attempted 4612/8690 = 53%, 221 KB/s], Decompressed: 450
Downloaded: 4745 file(s) [attempted 4745/8690 = 54%, 3779 KB/s], Decompressed: 450
Downloaded: 4855 file(s) [attempted 4855/8690 = 55%, 4464 KB/s], Decompressed: 450
Downloaded: 4989 file(s) [attempted 4989/8690 = 57%, 286 KB/s], Decompressed: 450
Downloaded: 5122 file(s) [attempted 5122/8690 = 58%, 797 KB/s], Decompressed: 450
Downloaded: 5248 file(s) [attempted 5248/8690 = 60%, 1511 KB/s], Decompressed: 450
Downloaded: 5371 file(s) [attempted 5371/8690 = 61%, 1646 KB/s], Decompressed: 450
Downloaded: 5490 file(s) [attempted 5490/8690 = 63%, 162 KB/s], Decompressed: 450
Downloaded: 5623 file(s) [attempted 5623/8690 = 64%, 298 KB/s], Decompressed: 450
Downloaded: 5762 file(s) [attempted 5762/8690 = 66%, 3638 KB/s], Decompressed: 450
Downloaded: 5890 file(s) [attempted 5890/8690 = 67%, 62 KB/s], Decompressed: 450
Downloaded: 6025 file(s) [attempted 6025/8690 = 69%, 331 KB/s], Decompressed: 450
Downloaded: 6164 file(s) [attempted 6164/8690 = 70%, 1054 KB/s], Decompressed: 450
Downloaded: 6281 file(s) [attempted 6281/8690 = 72%, 1313 KB/s], Decompressed: 450
Downloaded: 6403 file(s) [attempted 6403/8690 = 73%, 925 KB/s], Decompressed: 450
Downloaded: 6533 file(s) [attempted 6533/8690 = 75%, 5327 KB/s], Decompressed: 450
Downloaded: 6664 file(s) [attempted 6664/8690 = 76%, 2577 KB/s], Decompressed: 450
Downloaded: 6805 file(s) [attempted 6805/8690 = 78%, 430 KB/s], Decompressed: 450
Downloaded: 6942 file(s) [attempted 6942/8690 = 79%, 192 KB/s], Decompressed: 450
Downloaded: 7086 file(s) [attempted 7086/8690 = 81%, 3308 KB/s], Decompressed: 450
Downloaded: 7205 file(s) [attempted 7205/8690 = 82%, 1113 KB/s], Decompressed: 450
Downloaded: 7322 file(s) [attempted 7322/8690 = 84%, 459 KB/s], Decompressed: 450
Downloaded: 7449 file(s) [attempted 7449/8690 = 85%, 4278 KB/s], Decompressed: 450
Downloaded: 7567 file(s) [attempted 7567/8690 = 87%, 492 KB/s], Decompressed: 450
Downloaded: 7676 file(s) [attempted 7676/8690 = 88%, 373 KB/s], Decompressed: 450
Downloaded: 7740 file(s) [attempted 7740/8690 = 89%, 437 KB/s], Decompressed: 450
Downloaded: 7891 file(s) [attempted 7891/8690 = 90%, 683 KB/s], Decompressed: 1818
Downloaded: 8019 file(s) [attempted 8019/8690 = 92%, 2611 KB/s], Decompressed: 1818
Downloaded: 8150 file(s) [attempted 8150/8690 = 93%, 2331 KB/s], Decompressed: 1818
Downloaded: 8289 file(s) [attempted 8289/8690 = 95%, 2493 KB/s], Decompressed: 1818
Downloaded: 8420 file(s) [attempted 8420/8690 = 96%, 101 KB/s], Decompressed: 1818
Downloaded: 8509 file(s) [attempted 8509/8690 = 97%, 104 KB/s], Decompressed: 1818
Downloaded: 8648 file(s) [attempted 8648/8690 = 99%, 244 KB/s], Decompressed: 1818
Downloaded: 8690 file(s) [attempted 8690/8690 = 100%, 244 KB/s], Decompressed: 1818
Decompressed 8690 file(s)
Already decompressed 8690 file(s)

EXIT_STATUS=0
