'NLA.FR05.otherRowSpan_eq_span_subtype' depends on axioms: [propext, Classical.choice, Quot.sound]
'NLA.FR05.exists_unit_otherRowNormal' depends on axioms: [propext, Classical.choice, Quot.sound]
'NLA.FR05.rowNearSpan' depends on axioms: [propext, Classical.choice, Quot.sound]
'NLA.FR05.isOpen_rowNearSpan' depends on axioms: [propext, Classical.choice, Quot.sound]
'NLA.FR05.rowSpanDistanceBad_implies_rowNearSpan' depends on axioms: [propext, Classical.choice, Quot.sound]
'NLA.FR05.rowNearSpan_inner_lt' depends on axioms: [propext, Classical.choice, Quot.sound]
'NLA.FR05.rowSampleSplit' depends on axioms: [propext, Classical.choice, Quot.sound]
'NLA.FR05.measurePreserving_rowSampleSplit' depends on axioms: [propext, Classical.choice, Quot.sound]
'NLA.FR05.rowSampleSplit_symm_self' depends on axioms: [propext, Classical.choice, Quot.sound]
'NLA.FR05.rowSampleSplit_symm_other' depends on axioms: [propext, Classical.choice, Quot.sound]
'NLA.FR05.iid_rowNearSpan_le' depends on axioms: [propext, Classical.choice, Quot.sound]
'NLA.FR05.iid_rowNearSpan_reindex_le' depends on axioms: [propext, Classical.choice, Quot.sound]
'NLA.FR05.measurable_sourceJacobianRow' depends on axioms: [propext, Classical.choice, Quot.sound]
'NLA.FR05.sourceJacobianRow_inner' depends on axioms: [propext, Classical.choice, Quot.sound]
'NLA.FR05.iidSourceCoordinateLaw_rowNearSpan_le' depends on axioms: [propext, Classical.choice, Quot.sound]
'NLA.FR05.iidSourceCoordinateLaw_leastGain_failure_le' depends on axioms: [propext, Classical.choice, Quot.sound]
'NLA.FR05.source_smallBall_calibration' depends on axioms: [propext, Classical.choice, Quot.sound]
'NLA.FR05.source_row_threshold_le' depends on axioms: [propext, Classical.choice, Quot.sound]
'NLA.FR05.source_smallBall_bound_calibrated' depends on axioms: [propext, Classical.choice, Quot.sound]
'NLA.FR05.sourceJacobian_leastGain_failure_le' depends on axioms: [propext, Classical.choice, Quot.sound]
'NLA.FR05.SourceNewtonGood' depends on axioms: [propext, Classical.choice, Quot.sound]
'NLA.FR05.sourceNewtonGood_failure_le' depends on axioms: [propext, Classical.choice, Quot.sound]
'NLA.FR05.sourceNewtonGood_failure_order' depends on axioms: [propext, Classical.choice, Quot.sound]
'NLA.FR05.exists_zero_of_local_linear_control' depends on axioms: [propext, Classical.choice, Quot.sound]
'NLA.FR05.sourceFactorDecode' depends on axioms: [propext, Classical.choice, Quot.sound]
'NLA.FR05.sourceFactorDecode_direction_le' depends on axioms: [propext, Classical.choice, Quot.sound]
'NLA.FR05.abs_plantedEquationQuadratic_le' depends on axioms: [propext, Classical.choice, Quot.sound]
'NLA.FR05.sourceEquationEuclidean' depends on axioms: [propext, Classical.choice, Quot.sound]
'NLA.FR05.sourceEquation_difference_identity' depends on axioms: [propext, Classical.choice, Quot.sound]
'NLA.FR05.source_sqrt_card_le_two_mul' depends on axioms: [propext, Classical.choice, Quot.sound]
'NLA.FR05.sourceEquation_nonlinear_difference_le' depends on axioms: [propext, Classical.choice, Quot.sound]
'NLA.FR05.sourceJacobianPerturbationScale_le' depends on axioms: [propext, Classical.choice, Quot.sound]
'NLA.FR05.sourceEquation_frozen_difference_le' depends on axioms: [propext, Classical.choice, Quot.sound]
'NLA.FR05.sourceEquation_seed_le' depends on axioms: [propext, Classical.choice, Quot.sound]
'NLA.FR05.sourceNewtonRadius' depends on axioms: [propext, Classical.choice, Quot.sound]
'NLA.FR05.sourceNewton_calibration' depends on axioms: [propext, Classical.choice, Quot.sound]
'NLA.FR05.isClosed_globallyPhased' depends on axioms: [propext, Classical.choice, Quot.sound]
'NLA.FR05.measurableSet_phaseRetrievalInjective' depends on axioms: [propext, Classical.choice, Quot.sound]
'NLA.FR05.sourceNewtonGood_not_injective' depends on axioms: [propext, Classical.choice, Quot.sound]
'NLA.FR05.sourcePlantedFrameLaw_injective_le_bad' depends on axioms: [propext, Classical.choice, Quot.sound]
'NLA.FR05.proposition_3_1' depends on axioms: [propext, Classical.choice, Quot.sound]
'NLA.FR05.phaseRetrievalInjective_mul_unitary' depends on axioms: [propext, Classical.choice, Quot.sound]
'NLA.FR05.sourceHaarPlantedFrameLawAt' depends on axioms: [propext, Classical.choice, Quot.sound]
'NLA.FR05.sourceHaarPlantedFrameLaw_injective_eq' depends on axioms: [propext, Classical.choice, Quot.sound]
'NLA.FR05.proposition_3_1_haar' depends on axioms: [propext, Classical.choice, Quot.sound]
'NLA.FR05.proposition_3_2' depends on axioms: [propext, Classical.choice, Quot.sound]
