NLA/FR05/RankTwoSeed.lean 0
NLA/FR05/RankTwoChart.lean 0
NLA/FR05/SourceConditional.lean 0
NLA/FR05/SourceConditional.lean:28:2: warning: Try this:
  letI̵

The goal is a proposition, so `let` is preferred over `letI`.
The difference between `let` and `letI` is that `letI` inlines the value.
But this is not relevant for proofs because of proof irrelevance.

Note: This linter can be disabled with `set_option linter.style.haveILetI false`
NLA/FR05/SourceConditional.lean:30:2: warning: Try this:
  letI̵

The goal is a proposition, so `let` is preferred over `letI`.
The difference between `let` and `letI` is that `letI` inlines the value.
But this is not relevant for proofs because of proof irrelevance.

Note: This linter can be disabled with `set_option linter.style.haveILetI false`
NLA/FR05/IidRowSplit.lean 0
NLA/FR05/Assembly.lean 0
NLA/FR05/MainReduction.lean 0
NLA/FR05/Proof.lean 0
Solution.lean 0
'NLA.FR05.proposition_3_1' depends on axioms: [propext, Classical.choice, Quot.sound]
'NLA.FR05.proposition_3_1_haar' depends on axioms: [propext, Classical.choice, Quot.sound]
'NLA.FR05.proposition_3_2' depends on axioms: [propext, Classical.choice, Quot.sound]
'NLA.FR05.explicit_noninjective_frame' depends on axioms: [propext, Classical.choice, Quot.sound]
'NLA.FR05.source_planted_frame_law_representation' depends on axioms: [propext, Classical.choice, Quot.sound]
'NLA.FR05.source_planted_radial_tail' depends on axioms: [propext, Classical.choice, Quot.sound]
'NLA.FR05.likelihood_l2_bound_of_second_moment_estimates' depends on axioms: [propext, Classical.choice, Quot.sound]
'NLA.FR05.phaseRetrieval_injective_probability_le_inv_of_source_comparison' depends on axioms: [propext,
 Classical.choice,
 Quot.sound]
Public import closure: 169 modules; 8 new or stale modules checked.
Axiom audit: 46 declarations; exit 0
'NLA.FR05.otherRowSpan_eq_span_subtype' depends on axioms: [propext, Classical.choice, Quot.sound]
'NLA.FR05.exists_unit_otherRowNormal' depends on axioms: [propext, Classical.choice, Quot.sound]
'NLA.FR05.rowNearSpan' depends on axioms: [propext, Classical.choice, Quot.sound]
'NLA.FR05.isOpen_rowNearSpan' depends on axioms: [propext, Classical.choice, Quot.sound]
'NLA.FR05.rowSpanDistanceBad_implies_rowNearSpan' depends on axioms: [propext, Classical.choice, Quot.sound]
'NLA.FR05.rowNearSpan_inner_lt' depends on axioms: [propext, Classical.choice, Quot.sound]
'NLA.FR05.rowSampleSplit' depends on axioms: [propext, Classical.choice, Quot.sound]
'NLA.FR05.measurePreserving_rowSampleSplit' depends on axioms: [propext, Classical.choice, Quot.sound]
'NLA.FR05.rowSampleSplit_symm_self' depends on axioms: [propext, Classical.choice, Quot.sound]
'NLA.FR05.rowSampleSplit_symm_other' depends on axioms: [propext, Classical.choice, Quot.sound]
'NLA.FR05.iid_rowNearSpan_le' depends on axioms: [propext, Classical.choice, Quot.sound]
'NLA.FR05.iid_rowNearSpan_reindex_le' depends on axioms: [propext, Classical.choice, Quot.sound]
'NLA.FR05.measurable_sourceJacobianRow' depends on axioms: [propext, Classical.choice, Quot.sound]
'NLA.FR05.sourceJacobianRow_inner' depends on axioms: [propext, Classical.choice, Quot.sound]
'NLA.FR05.iidSourceCoordinateLaw_rowNearSpan_le' depends on axioms: [propext, Classical.choice, Quot.sound]
'NLA.FR05.iidSourceCoordinateLaw_leastGain_failure_le' depends on axioms: [propext, Classical.choice, Quot.sound]
'NLA.FR05.source_smallBall_calibration' depends on axioms: [propext, Classical.choice, Quot.sound]
'NLA.FR05.source_row_threshold_le' depends on axioms: [propext, Classical.choice, Quot.sound]
'NLA.FR05.source_smallBall_bound_calibrated' depends on axioms: [propext, Classical.choice, Quot.sound]
'NLA.FR05.sourceJacobian_leastGain_failure_le' depends on axioms: [propext, Classical.choice, Quot.sound]
'NLA.FR05.SourceNewtonGood' depends on axioms: [propext, Classical.choice, Quot.sound]
'NLA.FR05.sourceNewtonGood_failure_le' depends on axioms: [propext, Classical.choice, Quot.sound]
'NLA.FR05.sourceNewtonGood_failure_order' depends on axioms: [propext, Classical.choice, Quot.sound]
'NLA.FR05.exists_zero_of_local_linear_control' depends on axioms: [propext, Classical.choice, Quot.sound]
'NLA.FR05.sourceFactorDecode' depends on axioms: [propext, Classical.choice, Quot.sound]
'NLA.FR05.sourceFactorDecode_direction_le' depends on axioms: [propext, Classical.choice, Quot.sound]
'NLA.FR05.abs_plantedEquationQuadratic_le' depends on axioms: [propext, Classical.choice, Quot.sound]
'NLA.FR05.sourceEquationEuclidean' depends on axioms: [propext, Classical.choice, Quot.sound]
'NLA.FR05.sourceEquation_difference_identity' depends on axioms: [propext, Classical.choice, Quot.sound]
'NLA.FR05.source_sqrt_card_le_two_mul' depends on axioms: [propext, Classical.choice, Quot.sound]
'NLA.FR05.sourceEquation_nonlinear_difference_le' depends on axioms: [propext, Classical.choice, Quot.sound]
'NLA.FR05.sourceJacobianPerturbationScale_le' depends on axioms: [propext, Classical.choice, Quot.sound]
'NLA.FR05.sourceEquation_frozen_difference_le' depends on axioms: [propext, Classical.choice, Quot.sound]
'NLA.FR05.sourceEquation_seed_le' depends on axioms: [propext, Classical.choice, Quot.sound]
'NLA.FR05.sourceNewtonRadius' depends on axioms: [propext, Classical.choice, Quot.sound]
'NLA.FR05.sourceNewton_calibration' depends on axioms: [propext, Classical.choice, Quot.sound]
'NLA.FR05.isClosed_globallyPhased' depends on axioms: [propext, Classical.choice, Quot.sound]
'NLA.FR05.measurableSet_phaseRetrievalInjective' depends on axioms: [propext, Classical.choice, Quot.sound]
'NLA.FR05.sourceNewtonGood_not_injective' depends on axioms: [propext, Classical.choice, Quot.sound]
'NLA.FR05.sourcePlantedFrameLaw_injective_le_bad' depends on axioms: [propext, Classical.choice, Quot.sound]
'NLA.FR05.proposition_3_1' depends on axioms: [propext, Classical.choice, Quot.sound]
'NLA.FR05.phaseRetrievalInjective_mul_unitary' depends on axioms: [propext, Classical.choice, Quot.sound]
'NLA.FR05.sourceHaarPlantedFrameLawAt' depends on axioms: [propext, Classical.choice, Quot.sound]
'NLA.FR05.sourceHaarPlantedFrameLaw_injective_eq' depends on axioms: [propext, Classical.choice, Quot.sound]
'NLA.FR05.proposition_3_1_haar' depends on axioms: [propext, Classical.choice, Quot.sound]
'NLA.FR05.proposition_3_2' depends on axioms: [propext, Classical.choice, Quot.sound]
