✔ [2/26] Built Cache.Cli (381ms)
✔ [5/26] Built Cache.Lean (461ms)
✔ [6/26] Built Cache.Cli:c.o (216ms)
✔ [7/26] Built Cache.Lean:c.o (207ms)
✔ [8/26] Built Cache.Infra (489ms)
✔ [9/26] Built Cache.Infra:c.o (226ms)
✔ [10/26] Built Batteries.Tactic.OpenPrivate (981ms)
✔ [11/26] Built Batteries.Tactic.OpenPrivate:c.o (1.3s)
✔ [12/26] Built Cache.IO (1.5s)
✔ [13/26] Built Cache.Hashing (844ms)
✔ [14/26] Built Cache.Hashing:c.o (443ms)
✔ [15/26] Built Cache.IO:c.o (1.7s)
✔ [16/26] Built Cache.Requests (2.1s)
✔ [17/26] Built Cache.Marker (608ms)
✔ [18/26] Built Cache.Marker:c.o (137ms)
✔ [19/26] Built Cache.Query (798ms)
✔ [20/26] Built Cache.Query:c.o (421ms)
✔ [21/26] Built Cache.Warning (858ms)
✔ [22/26] Built Cache.Warning:c.o (275ms)
✔ [23/26] Built Cache.Requests:c.o (3.0s)
✔ [24/26] Built Cache.Main (1.3s)
✔ [25/26] Built Cache.Main:c.o (928ms)
✔ [26/26] Built cache:exe (748ms)
Current branch: HEAD
Using cache from origin: (some leanprover-community/mathlib4)
Attempting to download 8690 file(s) from leanprover-community/mathlib4 cache at https://lakecache.blob.core.windows.net/mathlib4-master

Downloaded: 1 file(s) [attempted 1/8690 = 0%, 18 KB/s], Decompressed: 0
Downloaded: 87 file(s) [attempted 87/8690 = 1%, 1578 KB/s], Decompressed: 9
Downloaded: 189 file(s) [attempted 189/8690 = 2%, 1139 KB/s], Decompressed: 41
Downloaded: 276 file(s) [attempted 276/8690 = 3%, 1088 KB/s], Decompressed: 41
Downloaded: 392 file(s) [attempted 392/8690 = 4%, 269 KB/s], Decompressed: 41
Downloaded: 504 file(s) [attempted 504/8690 = 5%, 1226 KB/s], Decompressed: 138
Downloaded: 618 file(s) [attempted 618/8690 = 7%, 2390 KB/s], Decompressed: 138
Downloaded: 737 file(s) [attempted 737/8690 = 8%, 101 KB/s], Decompressed: 138
Downloaded: 854 file(s) [attempted 854/8690 = 9%, 1113 KB/s], Decompressed: 138
Downloaded: 973 file(s) [attempted 973/8690 = 11%, 637 KB/s], Decompressed: 138
Downloaded: 1089 file(s) [attempted 1089/8690 = 12%, 256 KB/s], Decompressed: 138
Downloaded: 1164 file(s) [attempted 1164/8690 = 13%, 742 KB/s], Decompressed: 138
Downloaded: 1296 file(s) [attempted 1296/8690 = 14%, 1187 KB/s], Decompressed: 138
Downloaded: 1376 file(s) [attempted 1376/8690 = 15%, 1361 KB/s], Decompressed: 138
Downloaded: 1490 file(s) [attempted 1490/8690 = 17%, 882 KB/s], Decompressed: 138
Downloaded: 1597 file(s) [attempted 1597/8690 = 18%, 2158 KB/s], Decompressed: 138
Downloaded: 1722 file(s) [attempted 1722/8690 = 19%, 3307 KB/s], Decompressed: 138
Downloaded: 1853 file(s) [attempted 1853/8690 = 21%, 667 KB/s], Decompressed: 462
Downloaded: 1969 file(s) [attempted 1969/8690 = 22%, 492 KB/s], Decompressed: 462
Downloaded: 2079 file(s) [attempted 2079/8690 = 23%, 1143 KB/s], Decompressed: 462
Downloaded: 2197 file(s) [attempted 2197/8690 = 25%, 1377 KB/s], Decompressed: 462
Downloaded: 2327 file(s) [attempted 2327/8690 = 26%, 516 KB/s], Decompressed: 462
Downloaded: 2442 file(s) [attempted 2442/8690 = 28%, 3070 KB/s], Decompressed: 462
Downloaded: 2551 file(s) [attempted 2551/8690 = 29%, 2749 KB/s], Decompressed: 462
Downloaded: 2677 file(s) [attempted 2677/8690 = 30%, 102 KB/s], Decompressed: 462
Downloaded: 2794 file(s) [attempted 2794/8690 = 32%, 211 KB/s], Decompressed: 462
Downloaded: 2910 file(s) [attempted 2910/8690 = 33%, 688 KB/s], Decompressed: 462
Downloaded: 3033 file(s) [attempted 3033/8690 = 34%, 2284 KB/s], Decompressed: 462
Downloaded: 3148 file(s) [attempted 3148/8690 = 36%, 875 KB/s], Decompressed: 462
Downloaded: 3268 file(s) [attempted 3268/8690 = 37%, 771 KB/s], Decompressed: 462
Downloaded: 3387 file(s) [attempted 3387/8690 = 38%, 513 KB/s], Decompressed: 462
Downloaded: 3515 file(s) [attempted 3515/8690 = 40%, 389 KB/s], Decompressed: 462
Downloaded: 3643 file(s) [attempted 3643/8690 = 41%, 1499 KB/s], Decompressed: 462
Downloaded: 3755 file(s) [attempted 3755/8690 = 43%, 1274 KB/s], Decompressed: 462
Downloaded: 3872 file(s) [attempted 3872/8690 = 44%, 1872 KB/s], Decompressed: 462
Downloaded: 4011 file(s) [attempted 4011/8690 = 46%, 6617 KB/s], Decompressed: 462
Downloaded: 4125 file(s) [attempted 4125/8690 = 47%, 6322 KB/s], Decompressed: 462
Downloaded: 4239 file(s) [attempted 4239/8690 = 48%, 910 KB/s], Decompressed: 462
Downloaded: 4360 file(s) [attempted 4360/8690 = 50%, 972 KB/s], Decompressed: 462
Downloaded: 4454 file(s) [attempted 4454/8690 = 51%, 292 KB/s], Decompressed: 462
Downloaded: 4582 file(s) [attempted 4582/8690 = 52%, 286 KB/s], Decompressed: 462
Downloaded: 4696 file(s) [attempted 4696/8690 = 54%, 872 KB/s], Decompressed: 462
Downloaded: 4803 file(s) [attempted 4803/8690 = 55%, 3745 KB/s], Decompressed: 462
Downloaded: 4919 file(s) [attempted 4919/8690 = 56%, 2003 KB/s], Decompressed: 462
Downloaded: 5045 file(s) [attempted 5045/8690 = 58%, 2297 KB/s], Decompressed: 462
Downloaded: 5175 file(s) [attempted 5175/8690 = 59%, 1315 KB/s], Decompressed: 462
Downloaded: 5294 file(s) [attempted 5294/8690 = 60%, 632 KB/s], Decompressed: 462
Downloaded: 5404 file(s) [attempted 5404/8690 = 62%, 2164 KB/s], Decompressed: 462
Downloaded: 5529 file(s) [attempted 5529/8690 = 63%, 634 KB/s], Decompressed: 462
Downloaded: 5634 file(s) [attempted 5634/8690 = 64%, 172 KB/s], Decompressed: 462
Downloaded: 5758 file(s) [attempted 5758/8690 = 66%, 867 KB/s], Decompressed: 462
Downloaded: 5865 file(s) [attempted 5865/8690 = 67%, 1185 KB/s], Decompressed: 462
Downloaded: 5985 file(s) [attempted 5985/8690 = 68%, 352 KB/s], Decompressed: 462
Downloaded: 6116 file(s) [attempted 6116/8690 = 70%, 238 KB/s], Decompressed: 462
Downloaded: 6235 file(s) [attempted 6235/8690 = 71%, 633 KB/s], Decompressed: 462
Downloaded: 6349 file(s) [attempted 6349/8690 = 73%, 353 KB/s], Decompressed: 462
Downloaded: 6462 file(s) [attempted 6462/8690 = 74%, 2933 KB/s], Decompressed: 462
Downloaded: 6564 file(s) [attempted 6564/8690 = 75%, 1359 KB/s], Decompressed: 462
Downloaded: 6661 file(s) [attempted 6661/8690 = 76%, 111 KB/s], Decompressed: 462
Downloaded: 6780 file(s) [attempted 6780/8690 = 78%, 981 KB/s], Decompressed: 462
Downloaded: 6910 file(s) [attempted 6910/8690 = 79%, 171 KB/s], Decompressed: 462
Downloaded: 7036 file(s) [attempted 7036/8690 = 80%, 956 KB/s], Decompressed: 1736
Downloaded: 7159 file(s) [attempted 7159/8690 = 82%, 2155 KB/s], Decompressed: 1736
Downloaded: 7275 file(s) [attempted 7275/8690 = 83%, 3183 KB/s], Decompressed: 1736
Downloaded: 7384 file(s) [attempted 7384/8690 = 84%, 789 KB/s], Decompressed: 1736
Downloaded: 7506 file(s) [attempted 7506/8690 = 86%, 768 KB/s], Decompressed: 1736
Downloaded: 7627 file(s) [attempted 7627/8690 = 87%, 420 KB/s], Decompressed: 1736
Downloaded: 7744 file(s) [attempted 7744/8690 = 89%, 347 KB/s], Decompressed: 1736
Downloaded: 7858 file(s) [attempted 7858/8690 = 90%, 202 KB/s], Decompressed: 1736
Downloaded: 7972 file(s) [attempted 7972/8690 = 91%, 521 KB/s], Decompressed: 1736
Downloaded: 8023 file(s) [attempted 8023/8690 = 92%, 834 KB/s], Decompressed: 1736
Downloaded: 8144 file(s) [attempted 8144/8690 = 93%, 1044 KB/s], Decompressed: 1736
Downloaded: 8249 file(s) [attempted 8249/8690 = 94%, 1349 KB/s], Decompressed: 1736
Downloaded: 8319 file(s) [attempted 8319/8690 = 95%, 562 KB/s], Decompressed: 1736
Downloaded: 8430 file(s) [attempted 8430/8690 = 97%, 1193 KB/s], Decompressed: 1736
Downloaded: 8493 file(s) [attempted 8493/8690 = 97%, 2582 KB/s], Decompressed: 1736
Downloaded: 8565 file(s) [attempted 8565/8690 = 98%, 255 KB/s], Decompressed: 1736
Downloaded: 8673 file(s) [attempted 8673/8690 = 99%, 1256 KB/s], Decompressed: 1736
Downloaded: 8690 file(s) [attempted 8690/8690 = 100%, 1256 KB/s], Decompressed: 1736
Decompressed 8690 file(s)
Already decompressed 8690 file(s)
