Fresh IE22 Gaussian variance author rebuild; cached unchanged verified IE21 modules and pinned third-party dependencies; not full Linux verification.
COMMAND ["/private/tmp/nla-campaign-toolchain/lean-4.33.1-darwin_aarch64/bin/lean", "-o", "/private/tmp/nla-ie22-gaussian-variance-final-nztz9ouf/NLA/IE22/Definitions.olean", "NLA/IE22/Definitions.lean"]
EXIT 0
COMMAND ["/private/tmp/nla-campaign-toolchain/lean-4.33.1-darwin_aarch64/bin/lean", "-o", "/private/tmp/nla-ie22-gaussian-variance-final-nztz9ouf/NLA/IE22/VarianceTensorization.olean", "NLA/IE22/VarianceTensorization.lean"]
EXIT 0
COMMAND ["/private/tmp/nla-campaign-toolchain/lean-4.33.1-darwin_aarch64/bin/lean", "-o", "/private/tmp/nla-ie22-gaussian-variance-final-nztz9ouf/NLA/IE22/GaussianPoincare.olean", "NLA/IE22/GaussianPoincare.lean"]
EXIT 0
COMMAND ["/private/tmp/nla-campaign-toolchain/lean-4.33.1-darwin_aarch64/bin/lean", "-o", "/private/tmp/nla-ie22-gaussian-variance-final-nztz9ouf/NLA/IE22/GaussianPoincareHinge.olean", "NLA/IE22/GaussianPoincareHinge.lean"]
EXIT 0
COMMAND ["/private/tmp/nla-campaign-toolchain/lean-4.33.1-darwin_aarch64/bin/lean", "-o", "/private/tmp/nla-ie22-gaussian-variance-final-nztz9ouf/NLA/IE22/GaussianVariance.olean", "NLA/IE22/GaussianVariance.lean"]
EXIT 0
COMMAND ["/private/tmp/nla-campaign-toolchain/lean-4.33.1-darwin_aarch64/bin/lean", "-o", "/private/tmp/nla-ie22-gaussian-variance-final-nztz9ouf/reviews/gaussian-poincare-author-evidence/FinalAxioms.olean", "reviews/gaussian-poincare-author-evidence/FinalAxioms.lean"]
'NLA.IE22.variance_eq_half_pair_energy' depends on axioms: [propext, Classical.choice, Quot.sound]
'NLA.IE22.gaussian_density_hasDerivAt' depends on axioms: [propext, Classical.choice, Quot.sound]
'NLA.IE22.gaussian_density_tendsto_atTop' depends on axioms: [propext, Classical.choice, Quot.sound]
'NLA.IE22.gaussian_density_tendsto_atBot' depends on axioms: [propext, Classical.choice, Quot.sound]
'NLA.IE22.gaussian_density_first_moment_integrable' depends on axioms: [propext, Classical.choice, Quot.sound]
'NLA.IE22.gaussian_density_right_first_moment' depends on axioms: [propext, Classical.choice, Quot.sound]
'NLA.IE22.gaussian_density_left_first_moment' depends on axioms: [propext, Classical.choice, Quot.sound]
'NLA.IE22.gaussian_setIntegral_density' depends on axioms: [propext, Classical.choice, Quot.sound]
'NLA.IE22.gaussian_right_first_moment' depends on axioms: [propext, Classical.choice, Quot.sound]
'NLA.IE22.gaussian_left_first_moment' depends on axioms: [propext, Classical.choice, Quot.sound]
'NLA.IE22.gaussian_crossing_kernel' depends on axioms: [propext, Classical.choice, Quot.sound]
'NLA.IE22.gaussian_crossing_weight_measurable' depends on axioms: [propext, Classical.choice, Quot.sound]
'NLA.IE22.measurable_gaussianCrossingWeight' depends on axioms: [propext, Classical.choice, Quot.sound]
'NLA.IE22.gaussian_crossing_kernel_lintegral' depends on axioms: [propext, Classical.choice, Quot.sound]
'NLA.IE22.gaussian_crossing_energy' depends on axioms: [propext, Classical.choice, Quot.sound]
'NLA.IE22.gaussian_pair_energy_lintegral' depends on axioms: [propext, Classical.choice, Quot.sound]
'NLA.IE22.gaussian_variance_le_of_crossing_bound' depends on axioms: [propext, Classical.choice, Quot.sound]
'NLA.IE22.gaussian_crossing_square_energy' depends on axioms: [propext, Classical.choice, Quot.sound]
'NLA.IE22.gaussian_poincare_of_interval_energy' depends on axioms: [propext, Classical.choice, Quot.sound]
'NLA.IE22.integral_square_le_mass' depends on axioms: [propext, Classical.choice, Quot.sound]
'NLA.IE22.interval_energy_of_absolutelyContinuous' depends on axioms: [propext, Classical.choice, Quot.sound]
'NLA.IE22.affineHinge_continuous' depends on axioms: [propext, Classical.choice, Quot.sound]
'NLA.IE22.affineHingeDerivative_measurable' depends on axioms: [propext, Classical.choice, Quot.sound]
'NLA.IE22.affineHinge_absolutelyContinuous' depends on axioms: [propext, Classical.choice, Quot.sound]
'NLA.IE22.affineHinge_hasDerivAt_of_ne' depends on axioms: [propext, Classical.choice, Quot.sound]
'NLA.IE22.affineHinge_ae_hasDerivAt' depends on axioms: [propext, Classical.choice, Quot.sound]
'NLA.IE22.affineHingeDerivative_bound' depends on axioms: [propext, Classical.choice, Quot.sound]
'NLA.IE22.affineHingeSum_continuous' depends on axioms: [propext, Classical.choice, Quot.sound]
'NLA.IE22.affineHingeSumDerivative_measurable' depends on axioms: [propext, Classical.choice, Quot.sound]
'NLA.IE22.affineHinge_norm_le' depends on axioms: [propext, Classical.choice, Quot.sound]
'NLA.IE22.affineHingeSum_norm_le' depends on axioms: [propext, Classical.choice, Quot.sound]
'NLA.IE22.affineHingeSum_memLp' depends on axioms: [propext, Classical.choice, Quot.sound]
'NLA.IE22.affineHingeSumDerivative_bound' depends on axioms: [propext, Classical.choice, Quot.sound]
'NLA.IE22.affineHingeSum_absolutelyContinuous' depends on axioms: [propext, Classical.choice, Quot.sound]
'NLA.IE22.affineHingeSum_ae_hasDerivAt' depends on axioms: [propext, Classical.choice, Quot.sound]
'NLA.IE22.affineHingeSum_gaussian_variance' depends on axioms: [propext, Classical.choice, Quot.sound]
'NLA.IE22.matrix_adjoint_coordinate' depends on axioms: [propext, Classical.choice, Quot.sound]
'NLA.IE22.activeRowVector_norm_sq_le' depends on axioms: [propext, Classical.choice, Quot.sound]
'NLA.IE22.objectivePartial_square_sum_le' depends on axioms: [propext, Classical.choice, Quot.sound]
'NLA.IE22.projectedObjective_continuous' depends on axioms: [propext, Classical.choice, Quot.sound]
'NLA.IE22.projectedObjective_norm_le' depends on axioms: [propext, Classical.choice, Quot.sound]
'NLA.IE22.projectedObjective_memLp' depends on axioms: [propext, Classical.choice, Quot.sound]
'NLA.IE22.activeRowVector_measurable' depends on axioms: [propext, Classical.choice, Quot.sound]
'NLA.IE22.objectivePartial_measurable' depends on axioms: [propext, Classical.choice, Quot.sound]
'NLA.IE22.activeRowVector_abs_le' depends on axioms: [propext, Classical.choice, Quot.sound]
'NLA.IE22.objectivePartial_norm_le' depends on axioms: [propext, Classical.choice, Quot.sound]
'NLA.IE22.matrixMap_update' depends on axioms: [propext, Classical.choice, Quot.sound]
'NLA.IE22.objective_fiber_eq_hingeSum' depends on axioms: [propext, Classical.choice, Quot.sound]
'NLA.IE22.objective_partial_fiber_eq' depends on axioms: [propext, Classical.choice, Quot.sound]
'NLA.IE22.objective_fiber_variance_le' depends on axioms: [propext, Classical.choice, Quot.sound]
'NLA.IE22.objectivePartial_square_norm_le' depends on axioms: [propext, Classical.choice, Quot.sound]
'NLA.IE22.gaussian_objective_variance' depends on axioms: [propext, Classical.choice, Quot.sound]
EXIT 0
