IE22 Gaussian foundation author development build; cached pinned dependencies and unchanged verified IE21 cache, no full problem verification claim.
COMMAND ["/private/tmp/nla-campaign-toolchain/lean-4.33.1-darwin_aarch64/bin/lean", "-o", "/private/tmp/nla-ie22-gaussian-poincare-author-build/NLA/IE22/VarianceTensorization.olean", "NLA/IE22/VarianceTensorization.lean"]
EXIT 0
COMMAND ["/private/tmp/nla-campaign-toolchain/lean-4.33.1-darwin_aarch64/bin/lean", "-o", "/private/tmp/nla-ie22-gaussian-poincare-author-build/NLA/IE22/GaussianVariance.olean", "NLA/IE22/GaussianVariance.lean"]
NLA/IE22/GaussianVariance.lean:28:93: error: unsolved goals
m d : ℕ
B : Mat m d
u : Space m
j : Fin d
⊢ ((ContinuousLinearMap.adjoint (matrixMap B)) u).ofLp j =
    ⟪EuclideanSpace.single j 1, (ContinuousLinearMap.adjoint (matrixMap B)) u⟫
NLA/IE22/GaussianVariance.lean:56:4: error: Type mismatch: After simplification, term
  ContinuousLinearMap.le_opNorm (ContinuousLinearMap.adjoint (matrixMap B)) (activeRowVector B t g)
 has type
  @LE.le ℝ Real.instLE ‖(ContinuousLinearMap.adjoint (matrixMap B)) (activeRowVector B t g)‖
    (‖matrixMap B‖ * ‖activeRowVector B t g‖)
but is expected to have type
  @LE.le ℝ Real.instLE ‖(ContinuousLinearMap.adjoint (matrixMap B)) (activeRowVector B t g)‖
    (operatorNorm B * ‖activeRowVector B t g‖)
EXIT 1
