'NLA.IE06.KyFan.frobeniusNorm' depends on axioms: [propext, Classical.choice, Quot.sound]
'NLA.IE06.KyFan.frobeniusNorm_eq_sqrt_sq' depends on axioms: [propext, Classical.choice, Quot.sound]
'NLA.IE06.KyFan.frobeniusNorm_eq_norm' depends on axioms: [propext, Classical.choice, Quot.sound]
'NLA.IE06.KyFan.frobeniusNorm_nonneg' depends on axioms: [propext, Classical.choice, Quot.sound]
'NLA.IE06.KyFan.frobeniusNorm_sq' depends on axioms: [propext, Classical.choice, Quot.sound]
'NLA.IE06.KyFan.entries' depends on axioms: [propext, Classical.choice, Quot.sound]
'NLA.IE06.KyFan.norm_entries' depends on axioms: [propext, Classical.choice, Quot.sound]
'NLA.IE06.KyFan.frobeniusNorm_conjTranspose' depends on axioms: [propext, Classical.choice, Quot.sound]
'NLA.IE06.KyFan.opNorm_conjTranspose' depends on axioms: [propext, Classical.choice, Quot.sound]
'NLA.IE06.KyFan.frobeniusNorm_sq_columns' depends on axioms: [propext, Classical.choice, Quot.sound]
'NLA.IE06.KyFan.frobeniusNorm_mul_left' depends on axioms: [propext, Classical.choice, Quot.sound]
'NLA.IE06.KyFan.frobeniusNorm_mul_right' depends on axioms: [propext, Classical.choice, Quot.sound]
'NLA.IE06.KyFan.frobeniusNorm_one' depends on axioms: [propext, Classical.choice, Quot.sound]
'NLA.IE06.KyFan.frobeniusNorm_le_sqrt_rows_opNorm' depends on axioms: [propext, Classical.choice, Quot.sound]
'NLA.IE06.KyFan.contractionValues' depends on axioms: [propext, Classical.choice, Quot.sound]
'NLA.IE06.KyFan.kyFan' depends on axioms: [propext, Classical.choice, Quot.sound]
'NLA.IE06.KyFan.contractionValues_nonempty' depends on axioms: [propext, Classical.choice, Quot.sound]
'NLA.IE06.KyFan.contraction_frobenius_le' depends on axioms: [propext, Classical.choice, Quot.sound]
'NLA.IE06.KyFan.contractionValues_bddAbove' depends on axioms: [propext, Classical.choice, Quot.sound]
'NLA.IE06.KyFan.contraction_le_kyFan' depends on axioms: [propext, Classical.choice, Quot.sound]
'NLA.IE06.KyFan.kyFan_le_sqrt_mul_opNorm' depends on axioms: [propext, Classical.choice, Quot.sound]
'NLA.IE06.KyFan.kyFan_nonneg' depends on axioms: [propext, Classical.choice, Quot.sound]
'NLA.IE06.KyFan.kyFan_zero' depends on axioms: [propext, Classical.choice, Quot.sound]
'NLA.IE06.KyFan.kyFan_le_add' depends on axioms: [propext, Classical.choice, Quot.sound]
'NLA.IE06.KyFan.kyFan_abs_sub_le' depends on axioms: [propext, Classical.choice, Quot.sound]
'NLA.IE06.KyFan.kyFan_mul_abs_sub_le' depends on axioms: [propext, Classical.choice, Quot.sound]
'NLA.IE06.KyFan.rowMatrix' depends on axioms: [propext, Classical.choice, Quot.sound]
'NLA.IE06.KyFan.rowMatrix_apply' depends on axioms: [propext, Classical.choice, Quot.sound]
'NLA.IE06.KyFan.rowMatrix_contraction' depends on axioms: [propext, Classical.choice, Quot.sound]
'NLA.IE06.KyFan.rowMatrix_mul_row' depends on axioms: [propext, Classical.choice, Quot.sound]
'NLA.IE06.KyFan.frobeniusNorm_sq_rowMatrix_mul' depends on axioms: [propext, Classical.choice, Quot.sound]
'NLA.IE06.KyFan.adjoint_leftSingularVector' depends on axioms: [propext, Classical.choice, Quot.sound]
'NLA.IE06.KyFan.sqrt_mul_singularValue_le_kyFan' depends on axioms: [propext, Classical.choice, Quot.sound]
'NLA.IE06.KyFan.matrixOfEntries' depends on axioms: [propext, Classical.choice, Quot.sound]
'NLA.IE06.KyFan.frobeniusNorm_matrixOfEntries_sub' depends on axioms: [propext, Classical.choice, Quot.sound]
'NLA.IE06.KyFan.kyFan_lipschitz' depends on axioms: [propext, Classical.choice, Quot.sound]
'NLA.IE06.KyFan.kyFan_mul_lipschitz' depends on axioms: [propext, Classical.choice, Quot.sound]
'NLA.IE06.KyFan.opNorm_le_frobeniusNorm' depends on axioms: [propext, Classical.choice, Quot.sound]
'NLA.IE06.KyFan.opNorm_abs_sub_le_frobeniusNorm' depends on axioms: [propext, Classical.choice, Quot.sound]
'NLA.IE06.KyFan.opNorm_mul_lipschitz' depends on axioms: [propext, Classical.choice, Quot.sound]
