IE22 Gaussian foundation author development build; cached pinned dependencies and unchanged verified IE21 cache, no full problem verification claim.
COMMAND ["/private/tmp/nla-campaign-toolchain/lean-4.33.1-darwin_aarch64/bin/lean", "-o", "/private/tmp/nla-ie22-gaussian-poincare-author-build/NLA/IE22/GaussianPoincareHinge.olean", "NLA/IE22/GaussianPoincareHinge.lean"]
Try this:
  [apply] ring_nf
  
  The `ring` tactic failed to close the goal. Use `ring_nf` to obtain a normal form.
    
  Note that `ring` works primarily in *commutative* rings. If you have a noncommutative ring, abelian group or module, consider using `noncomm_ring`, `abel` or `module` instead.
NLA/IE22/GaussianPoincareHinge.lean:105:36: error: unsolved goals
case e'_9
t a b s : ℝ
hne : (a * s + b) ^ 2 ≠ t
hc : Continuous fun u => (a * u + b) ^ 2
hlt : (a * s + b) ^ 2 < t
⊢ -(a * b * 2) - a ^ 2 * s * 2 = -(a * b * 2) - a ^ 2 * id s * 2
NLA/IE22/GaussianPoincareHinge.lean:124:6: error: Type mismatch: After simplification, term
  hasDerivAt_const s (max (t - b ^ 2) 0)
 has type
  HasDerivAt (fun x => max (t - b ^ 2) 0) 0 s
but is expected to have type
  HasDerivAt (affineHinge t 0 b) 0 s
NLA/IE22/GaussianPoincareHinge.lean:146:51: error(lean.unknownIdentifier): Unknown identifier `abs_ofNat`
NLA/IE22/GaussianPoincareHinge.lean:143:2: error: unsolved goals
case hbc
t : ℝ
ht : 0 ≤ t
a b s : ℝ
h : (a * s + b) ^ 2 < t
hu : |a * s + b| ≤ √t
⊢ |2| ≤ 2
EXIT 1
