2026-09-22T21:28:09.1330930Z Current runner version: '2.337.0'
2026-09-22T21:28:09.1351245Z ##[group]Runner Image Provisioner
2026-09-22T21:28:09.1351968Z Hosted Compute Agent
2026-09-22T21:28:09.1352508Z Version: 20260828.587
2026-09-22T21:28:09.1353095Z Commit: abac92662cab4cc7352de4f9f9d2e2419aad9c29
2026-09-22T21:28:09.1353734Z Build Date: 2026-08-28T16:44:25Z
2026-09-22T21:28:09.1354363Z Worker ID: {5c250e1f-47da-4fb0-850c-b6e48d7963e7}
2026-09-22T21:28:09.1354967Z Azure Region: westus3
2026-09-22T21:28:09.1355482Z ##[endgroup]
2026-09-22T21:28:09.1356615Z ##[group]Operating System
2026-09-22T21:28:09.1357135Z Ubuntu
2026-09-22T21:28:09.1357554Z 24.04.5
2026-09-22T21:28:09.1358043Z LTS
2026-09-22T21:28:09.1358536Z ##[endgroup]
2026-09-22T21:28:09.1359016Z ##[group]Runner Image
2026-09-22T21:28:09.1359674Z Image: ubuntu-24.04
2026-09-22T21:28:09.1360174Z Version: 20260907.300.1
2026-09-22T21:28:09.1361229Z Included Software: https://github.com/actions/runner-images/blob/ubuntu24/20260907.300/images/ubuntu/Ubuntu2404-Readme.md
2026-09-22T21:28:09.1362518Z Image Release: https://github.com/actions/runner-images/releases/tag/ubuntu24%2F20260907.300
2026-09-22T21:28:09.1363336Z ##[endgroup]
2026-09-22T21:28:09.1364275Z ##[group]GITHUB_TOKEN Permissions
2026-09-22T21:28:09.1365844Z Contents: read
2026-09-22T21:28:09.1366338Z Metadata: read
2026-09-22T21:28:09.1366891Z ##[endgroup]
2026-09-22T21:28:09.1368532Z Secret source: Actions
2026-09-22T21:28:09.1369514Z Cache mode: write
2026-09-22T21:28:09.1370172Z Prepare workflow directory
2026-09-22T21:28:09.1638088Z Prepare all required actions
2026-09-22T21:28:09.1676540Z Getting action download info
2026-09-22T21:28:09.4694436Z Download action repository 'actions/checkout@11d5960a326750d5838078e36cf38b85af677262' (SHA:11d5960a326750d5838078e36cf38b85af677262)
2026-09-22T21:28:09.5553586Z Download action repository 'actions/setup-go@924ae3a1cded613372ab5595356fb5720e22ba16' (SHA:924ae3a1cded613372ab5595356fb5720e22ba16)
2026-09-22T21:28:10.3294269Z Download action repository 'leanprover/lean-action@96e06131c0e9943c780388fd166f55d1e2fa0433' (SHA:96e06131c0e9943c780388fd166f55d1e2fa0433)
2026-09-22T21:28:10.6300970Z Download action repository 'actions/upload-artifact@ea165f8d65b6e75b540449e92b4886f43607fa02' (SHA:ea165f8d65b6e75b540449e92b4886f43607fa02)
2026-09-22T21:28:10.8920807Z Getting action download info
2026-09-22T21:28:11.0099721Z Download action repository 'actions/cache@v5' (SHA:caa296126883cff596d87d8935842f9db880ef25)
2026-09-22T21:28:11.2171879Z Complete job name: verify (IE-21, linear-systems-and-elimination/IE-21/lean)
2026-09-22T21:28:11.2897210Z Node 20 is being deprecated. This workflow is running with Node 24 by default. If you need to temporarily use Node 20, you can set the ACTIONS_ALLOW_USE_UNSECURE_NODE_VERSION=true environment variable. For more information see: https://github.blog/changelog/2025-09-19-deprecation-of-node-20-on-github-actions-runners/
2026-09-22T21:28:11.2906302Z ##[group]Run actions/checkout@11d5960a326750d5838078e36cf38b85af677262
2026-09-22T21:28:11.2907562Z with:
2026-09-22T21:28:11.2908252Z   persist-credentials: false
2026-09-22T21:28:11.2909262Z   repository: ajt60gaibb/OpenProblemsInNLA
2026-09-22T21:28:11.2915479Z   token: ***
2026-09-22T21:28:11.2916167Z   ssh-strict: true
2026-09-22T21:28:11.2916871Z   ssh-user: git
2026-09-22T21:28:11.2917585Z   clean: true
2026-09-22T21:28:11.2918313Z   sparse-checkout-cone-mode: true
2026-09-22T21:28:11.2919217Z   fetch-depth: 1
2026-09-22T21:28:11.2919899Z   fetch-tags: false
2026-09-22T21:28:11.2920613Z   show-progress: true
2026-09-22T21:28:11.2921410Z   lfs: false
2026-09-22T21:28:11.2922072Z   submodules: false
2026-09-22T21:28:11.2922782Z   set-safe-directory: true
2026-09-22T21:28:11.2923573Z   allow-unsafe-pr-checkout: false
2026-09-22T21:28:11.2924563Z ##[endgroup]
2026-09-22T21:28:11.3754897Z Syncing repository: ajt60gaibb/OpenProblemsInNLA
2026-09-22T21:28:11.3757986Z ##[group]Getting Git version info
2026-09-22T21:28:11.3759987Z Working directory is '/home/runner/work/OpenProblemsInNLA/OpenProblemsInNLA'
2026-09-22T21:28:11.3762996Z [command]/usr/bin/git version
2026-09-22T21:28:11.3773185Z git version 2.55.0
2026-09-22T21:28:11.3789378Z ##[endgroup]
2026-09-22T21:28:11.3800717Z Temporarily overriding HOME='/home/runner/work/_temp/d8d3dcdd-9803-4354-a0fd-272f1e5b7732' before making global git config changes
2026-09-22T21:28:11.3804004Z Adding repository directory to the temporary git global config as a safe directory
2026-09-22T21:28:11.3811762Z [command]/usr/bin/git config --global --add safe.directory /home/runner/work/OpenProblemsInNLA/OpenProblemsInNLA
2026-09-22T21:28:11.3843513Z Deleting the contents of '/home/runner/work/OpenProblemsInNLA/OpenProblemsInNLA'
2026-09-22T21:28:11.3849091Z ##[group]Initializing the repository
2026-09-22T21:28:11.3852922Z [command]/usr/bin/git init /home/runner/work/OpenProblemsInNLA/OpenProblemsInNLA
2026-09-22T21:28:11.3925899Z hint: Using 'master' as the name for the initial branch. This default branch name
2026-09-22T21:28:11.3927403Z hint: will change to "main" in Git 3.0. To configure the initial branch name
2026-09-22T21:28:11.3928844Z hint: to use in all of your new repositories, which will suppress this warning,
2026-09-22T21:28:11.3930140Z hint: call:
2026-09-22T21:28:11.3930775Z hint:
2026-09-22T21:28:11.3931572Z hint: 	git config --global init.defaultBranch <name>
2026-09-22T21:28:11.3932515Z hint:
2026-09-22T21:28:11.3933399Z hint: Names commonly chosen instead of 'master' are 'main', 'trunk' and
2026-09-22T21:28:11.3934800Z hint: 'development'. The just-created branch can be renamed via this command:
2026-09-22T21:28:11.3935908Z hint:
2026-09-22T21:28:11.3936552Z hint: 	git branch -m <name>
2026-09-22T21:28:11.3937274Z hint:
2026-09-22T21:28:11.3938218Z hint: Disable this message with "git config set advice.defaultBranchName false"
2026-09-22T21:28:11.3943765Z Initialized empty Git repository in /home/runner/work/OpenProblemsInNLA/OpenProblemsInNLA/.git/
2026-09-22T21:28:11.3955578Z [command]/usr/bin/git remote add origin https://github.com/ajt60gaibb/OpenProblemsInNLA
2026-09-22T21:28:11.3995918Z ##[endgroup]
2026-09-22T21:28:11.3997693Z ##[group]Disabling automatic garbage collection
2026-09-22T21:28:11.3999031Z [command]/usr/bin/git config --local gc.auto 0
2026-09-22T21:28:11.4027138Z ##[endgroup]
2026-09-22T21:28:11.4029097Z ##[group]Setting up auth
2026-09-22T21:28:11.4032230Z [command]/usr/bin/git config --local --name-only --get-regexp core\.sshCommand
2026-09-22T21:28:11.4061456Z [command]/usr/bin/git submodule foreach --recursive sh -c "git config --local --name-only --get-regexp 'core\.sshCommand' && git config --local --unset-all 'core.sshCommand' || :"
2026-09-22T21:28:11.4420291Z [command]/usr/bin/git config --local --name-only --get-regexp http\.https\:\/\/github\.com\/\.extraheader
2026-09-22T21:28:11.4451668Z [command]/usr/bin/git submodule foreach --recursive sh -c "git config --local --name-only --get-regexp 'http\.https\:\/\/github\.com\/\.extraheader' && git config --local --unset-all 'http.https://github.com/.extraheader' || :"
2026-09-22T21:28:11.4645583Z [command]/usr/bin/git config --local --name-only --get-regexp ^includeIf\.gitdir:
2026-09-22T21:28:11.4674923Z [command]/usr/bin/git submodule foreach --recursive git config --local --show-origin --name-only --get-regexp remote.origin.url
2026-09-22T21:28:11.4861450Z [command]/usr/bin/git config --local http.https://github.com/.extraheader AUTHORIZATION: basic ***
2026-09-22T21:28:11.4893103Z ##[endgroup]
2026-09-22T21:28:11.4894768Z ##[group]Fetching the repository
2026-09-22T21:28:11.4901175Z [command]/usr/bin/git -c protocol.version=2 fetch --no-tags --prune --no-recurse-submodules --depth=1 origin +32657a5138dbb445ce1845f72e7ffd87abc7bb37:refs/remotes/pull/314/merge
2026-09-22T21:28:24.4917893Z From https://github.com/ajt60gaibb/OpenProblemsInNLA
2026-09-22T21:28:24.4918695Z  * [new ref]           32657a5138dbb445ce1845f72e7ffd87abc7bb37 -> pull/314/merge
2026-09-22T21:28:24.4932016Z ##[endgroup]
2026-09-22T21:28:24.4932706Z ##[group]Determining the checkout info
2026-09-22T21:28:24.4933320Z ##[endgroup]
2026-09-22T21:28:24.4934060Z [command]/usr/bin/git sparse-checkout disable
2026-09-22T21:28:24.4979001Z [command]/usr/bin/git config --local --unset-all extensions.worktreeConfig
2026-09-22T21:28:24.5009840Z ##[group]Checking out the ref
2026-09-22T21:28:24.5013273Z [command]/usr/bin/git checkout --progress --force refs/remotes/pull/314/merge
2026-09-22T21:28:25.5669918Z Updating files:  35% (15482/43366)
2026-09-22T21:28:25.5887626Z Updating files:  36% (15612/43366)
2026-09-22T21:28:25.6112738Z Updating files:  37% (16046/43366)
2026-09-22T21:28:25.6308833Z Updating files:  38% (16480/43366)
2026-09-22T21:28:25.6496328Z Updating files:  39% (16913/43366)
2026-09-22T21:28:25.6707293Z Updating files:  40% (17347/43366)
2026-09-22T21:28:25.7216664Z Updating files:  41% (17781/43366)
2026-09-22T21:28:25.7525863Z Updating files:  42% (18214/43366)
2026-09-22T21:28:25.7821180Z Updating files:  43% (18648/43366)
2026-09-22T21:28:25.8068718Z Updating files:  44% (19082/43366)
2026-09-22T21:28:25.9537059Z Updating files:  45% (19515/43366)
2026-09-22T21:28:25.9776820Z Updating files:  46% (19949/43366)
2026-09-22T21:28:25.9983332Z Updating files:  47% (20383/43366)
2026-09-22T21:28:26.0232848Z Updating files:  48% (20816/43366)
2026-09-22T21:28:26.0474330Z Updating files:  49% (21250/43366)
2026-09-22T21:28:26.0680144Z Updating files:  50% (21683/43366)
2026-09-22T21:28:26.0816059Z Updating files:  51% (22117/43366)
2026-09-22T21:28:26.0930058Z Updating files:  52% (22551/43366)
2026-09-22T21:28:26.1131042Z Updating files:  53% (22984/43366)
2026-09-22T21:28:26.1432628Z Updating files:  54% (23418/43366)
2026-09-22T21:28:26.1676836Z Updating files:  55% (23852/43366)
2026-09-22T21:28:26.1923454Z Updating files:  56% (24285/43366)
2026-09-22T21:28:26.2179768Z Updating files:  57% (24719/43366)
2026-09-22T21:28:26.2400930Z Updating files:  58% (25153/43366)
2026-09-22T21:28:26.2613540Z Updating files:  59% (25586/43366)
2026-09-22T21:28:26.2881913Z Updating files:  60% (26020/43366)
2026-09-22T21:28:26.3167047Z Updating files:  61% (26454/43366)
2026-09-22T21:28:26.3468343Z Updating files:  62% (26887/43366)
2026-09-22T21:28:26.3712868Z Updating files:  63% (27321/43366)
2026-09-22T21:28:26.3908195Z Updating files:  64% (27755/43366)
2026-09-22T21:28:26.4090896Z Updating files:  65% (28188/43366)
2026-09-22T21:28:26.4290786Z Updating files:  66% (28622/43366)
2026-09-22T21:28:26.4479522Z Updating files:  67% (29056/43366)
2026-09-22T21:28:26.4708262Z Updating files:  68% (29489/43366)
2026-09-22T21:28:26.5007583Z Updating files:  69% (29923/43366)
2026-09-22T21:28:26.5247262Z Updating files:  70% (30357/43366)
2026-09-22T21:28:26.5402530Z Updating files:  71% (30790/43366)
2026-09-22T21:28:26.5492094Z Updating files:  71% (31085/43366)
2026-09-22T21:28:26.5721719Z Updating files:  72% (31224/43366)
2026-09-22T21:28:26.5971002Z Updating files:  73% (31658/43366)
2026-09-22T21:28:26.6149711Z Updating files:  74% (32091/43366)
2026-09-22T21:28:26.6365619Z Updating files:  75% (32525/43366)
2026-09-22T21:28:26.6561773Z Updating files:  76% (32959/43366)
2026-09-22T21:28:26.6718518Z Updating files:  77% (33392/43366)
2026-09-22T21:28:26.6937011Z Updating files:  78% (33826/43366)
2026-09-22T21:28:26.7167270Z Updating files:  79% (34260/43366)
2026-09-22T21:28:26.7342881Z Updating files:  80% (34693/43366)
2026-09-22T21:28:26.7582325Z Updating files:  81% (35127/43366)
2026-09-22T21:28:26.7759591Z Updating files:  82% (35561/43366)
2026-09-22T21:28:26.7949079Z Updating files:  83% (35994/43366)
2026-09-22T21:28:26.8317789Z Updating files:  84% (36428/43366)
2026-09-22T21:28:26.8622444Z Updating files:  85% (36862/43366)
2026-09-22T21:28:27.0040418Z Updating files:  86% (37295/43366)
2026-09-22T21:28:27.0463409Z Updating files:  87% (37729/43366)
2026-09-22T21:28:27.0948470Z Updating files:  88% (38163/43366)
2026-09-22T21:28:27.3320211Z Updating files:  89% (38596/43366)
2026-09-22T21:28:27.3726406Z Updating files:  90% (39030/43366)
2026-09-22T21:28:27.4485720Z Updating files:  91% (39464/43366)
2026-09-22T21:28:27.5417084Z Updating files:  92% (39897/43366)
2026-09-22T21:28:27.5440526Z Updating files:  92% (40320/43366)
2026-09-22T21:28:27.5769366Z Updating files:  93% (40331/43366)
2026-09-22T21:28:27.5990378Z Updating files:  94% (40765/43366)
2026-09-22T21:28:27.6316583Z Updating files:  95% (41198/43366)
2026-09-22T21:28:27.6561814Z Updating files:  96% (41632/43366)
2026-09-22T21:28:27.6748872Z Updating files:  97% (42066/43366)
2026-09-22T21:28:27.6946600Z Updating files:  98% (42499/43366)
2026-09-22T21:28:27.7165107Z Updating files:  99% (42933/43366)
2026-09-22T21:28:27.7165563Z Updating files: 100% (43366/43366)
2026-09-22T21:28:27.7165930Z Updating files: 100% (43366/43366), done.
2026-09-22T21:28:27.7591405Z Note: switching to 'refs/remotes/pull/314/merge'.
2026-09-22T21:28:27.7591731Z 
2026-09-22T21:28:27.7591999Z You are in 'detached HEAD' state. You can look around, make experimental
2026-09-22T21:28:27.7592559Z changes and commit them, and you can discard any commits you make in this
2026-09-22T21:28:27.7593142Z state without impacting any branches by switching back to a branch.
2026-09-22T21:28:27.7593456Z 
2026-09-22T21:28:27.7593680Z If you want to create a new branch to retain commits you create, you may
2026-09-22T21:28:27.7594194Z do so (now or later) by using -c with the switch command. Example:
2026-09-22T21:28:27.7594496Z 
2026-09-22T21:28:27.7594617Z   git switch -c <new-branch-name>
2026-09-22T21:28:27.7594804Z 
2026-09-22T21:28:27.7594907Z Or undo this operation with:
2026-09-22T21:28:27.7595081Z 
2026-09-22T21:28:27.7595200Z   git switch -
2026-09-22T21:28:27.7595347Z 
2026-09-22T21:28:27.7595597Z Turn off this advice by setting config variable advice.detachedHead to false
2026-09-22T21:28:27.7595956Z 
2026-09-22T21:28:27.7596361Z HEAD is now at 32657a51 Merge cc3028f38f048b0e8afbdb64fc63cdb58ffbcbef into 28efcc2eed621b1b7662f71deac670f96b8ed298
2026-09-22T21:28:27.7717090Z ##[endgroup]
2026-09-22T21:28:27.7759382Z [command]/usr/bin/git log -1 --format=%H
2026-09-22T21:28:27.7783749Z 32657a5138dbb445ce1845f72e7ffd87abc7bb37
2026-09-22T21:28:27.7794728Z ##[group]Removing auth
2026-09-22T21:28:27.7796086Z [command]/usr/bin/git config --local --name-only --get-regexp core\.sshCommand
2026-09-22T21:28:27.7823720Z [command]/usr/bin/git submodule foreach --recursive sh -c "git config --local --name-only --get-regexp 'core\.sshCommand' && git config --local --unset-all 'core.sshCommand' || :"
2026-09-22T21:28:27.8050710Z [command]/usr/bin/git config --local --name-only --get-regexp http\.https\:\/\/github\.com\/\.extraheader
2026-09-22T21:28:27.8076079Z http.https://github.com/.extraheader
2026-09-22T21:28:27.8082841Z [command]/usr/bin/git config --local --unset-all http.https://github.com/.extraheader
2026-09-22T21:28:27.8111014Z [command]/usr/bin/git submodule foreach --recursive sh -c "git config --local --name-only --get-regexp 'http\.https\:\/\/github\.com\/\.extraheader' && git config --local --unset-all 'http.https://github.com/.extraheader' || :"
2026-09-22T21:28:27.8336281Z [command]/usr/bin/git config --local --name-only --get-regexp ^includeIf\.gitdir:
2026-09-22T21:28:27.8364360Z [command]/usr/bin/git submodule foreach --recursive git config --local --show-origin --name-only --get-regexp remote.origin.url
2026-09-22T21:28:27.8585399Z ##[endgroup]
2026-09-22T21:28:27.8768070Z ##[group]Run python3 -m pip install -r tools/lean/requirements.txt
2026-09-22T21:28:27.8768514Z [36;1mpython3 -m pip install -r tools/lean/requirements.txt[0m
2026-09-22T21:28:27.8768880Z [36;1mpython3 tools/lean/validate_manifest.py "$LEAN_PROJECT"[0m
2026-09-22T21:28:27.8803817Z shell: /usr/bin/bash -e {0}
2026-09-22T21:28:27.8804029Z env:
2026-09-22T21:28:27.8804253Z   LEAN_PROJECT: linear-systems-and-elimination/IE-21/lean
2026-09-22T21:28:27.8804520Z ##[endgroup]
2026-09-22T21:28:28.4616642Z Defaulting to user installation because normal site-packages is not writeable
2026-09-22T21:28:29.4170539Z Collecting PyYAML==6.0.3 (from -r tools/lean/requirements.txt (line 1))
2026-09-22T21:28:29.4623348Z   Downloading pyyaml-6.0.3-cp312-cp312-manylinux2014_x86_64.manylinux_2_17_x86_64.manylinux_2_28_x86_64.whl.metadata (2.4 kB)
2026-09-22T21:28:29.4948318Z Collecting jsonschema==4.26.0 (from -r tools/lean/requirements.txt (line 2))
2026-09-22T21:28:29.5048416Z   Downloading jsonschema-4.26.0-py3-none-any.whl.metadata (7.6 kB)
2026-09-22T21:28:29.5186779Z Requirement already satisfied: attrs>=22.2.0 in /usr/lib/python3/dist-packages (from jsonschema==4.26.0->-r tools/lean/requirements.txt (line 2)) (23.2.0)
2026-09-22T21:28:29.5384126Z Collecting jsonschema-specifications>=2023.03.6 (from jsonschema==4.26.0->-r tools/lean/requirements.txt (line 2))
2026-09-22T21:28:29.5513674Z   Downloading jsonschema_specifications-2025.9.1-py3-none-any.whl.metadata (2.9 kB)
2026-09-22T21:28:29.5945868Z Collecting referencing>=0.28.4 (from jsonschema==4.26.0->-r tools/lean/requirements.txt (line 2))
2026-09-22T21:28:29.6045981Z   Downloading referencing-0.37.0-py3-none-any.whl.metadata (2.8 kB)
2026-09-22T21:28:29.8468557Z Collecting rpds-py>=0.25.0 (from jsonschema==4.26.0->-r tools/lean/requirements.txt (line 2))
2026-09-22T21:28:29.8571154Z   Downloading rpds_py-2026.6.3-cp312-cp312-manylinux_2_17_x86_64.manylinux2014_x86_64.whl.metadata (4.1 kB)
2026-09-22T21:28:29.8812982Z Requirement already satisfied: typing-extensions>=4.4.0 in /usr/lib/python3/dist-packages (from referencing>=0.28.4->jsonschema==4.26.0->-r tools/lean/requirements.txt (line 2)) (4.10.0)
2026-09-22T21:28:29.8934696Z Downloading pyyaml-6.0.3-cp312-cp312-manylinux2014_x86_64.manylinux_2_17_x86_64.manylinux_2_28_x86_64.whl (807 kB)
2026-09-22T21:28:29.9474856Z    ━━━━━━━━━━━━━━━━━━━━━━━━━━━━━━━━━━━━━━━━ 807.9/807.9 kB 15.5 MB/s eta 0:00:00
2026-09-22T21:28:29.9576194Z Downloading jsonschema-4.26.0-py3-none-any.whl (90 kB)
2026-09-22T21:28:29.9609011Z    ━━━━━━━━━━━━━━━━━━━━━━━━━━━━━━━━━━━━━━━━ 90.6/90.6 kB 42.0 MB/s eta 0:00:00
2026-09-22T21:28:29.9708322Z Downloading jsonschema_specifications-2025.9.1-py3-none-any.whl (18 kB)
2026-09-22T21:28:29.9824135Z Downloading referencing-0.37.0-py3-none-any.whl (26 kB)
2026-09-22T21:28:29.9943847Z Downloading rpds_py-2026.6.3-cp312-cp312-manylinux_2_17_x86_64.manylinux2014_x86_64.whl (366 kB)
2026-09-22T21:28:30.0008784Z    ━━━━━━━━━━━━━━━━━━━━━━━━━━━━━━━━━━━━━━━━ 366.2/366.2 kB 70.4 MB/s eta 0:00:00
2026-09-22T21:28:30.2115645Z Installing collected packages: rpds-py, PyYAML, referencing, jsonschema-specifications, jsonschema
2026-09-22T21:28:30.3597443Z Successfully installed PyYAML-6.0.3 jsonschema-4.26.0 jsonschema-specifications-2025.9.1 referencing-0.37.0 rpds-py-2026.6.3
2026-09-22T21:28:30.5512841Z Manifest schema and comparator coverage: PASS (23 declarations)
2026-09-22T21:28:30.5700986Z ##[group]Run actions/setup-go@924ae3a1cded613372ab5595356fb5720e22ba16
2026-09-22T21:28:30.5701331Z with:
2026-09-22T21:28:30.5701508Z   go-version: 1.27.1
2026-09-22T21:28:30.5701713Z   cache: false
2026-09-22T21:28:30.5701901Z   check-latest: false
2026-09-22T21:28:30.5704033Z   token: ***
2026-09-22T21:28:30.5704213Z ##[endgroup]
2026-09-22T21:28:30.6655449Z Setup go version spec 1.27.1
2026-09-22T21:28:30.6665271Z Attempting to download 1.27.1...
2026-09-22T21:28:31.5731631Z matching 1.27.1...
2026-09-22T21:28:31.5752097Z Acquiring 1.27.1 from https://github.com/actions/go-versions/releases/download/1.27.1-33583469715/go-1.27.1-linux-x64.tar.gz
2026-09-22T21:28:32.0084359Z Extracting Go...
2026-09-22T21:28:32.0165490Z [command]/usr/bin/tar xz --warning=no-unknown-keyword --overwrite -C /home/runner/work/_temp/e1ee7d6a-b822-447f-8082-1f91718d6abc -f /home/runner/work/_temp/46d2538c-4b5c-4b7a-a7c2-ccaa3783a294
2026-09-22T21:28:33.4302568Z Successfully extracted go to /home/runner/work/_temp/e1ee7d6a-b822-447f-8082-1f91718d6abc
2026-09-22T21:28:33.4302965Z Adding to the cache ...
2026-09-22T21:28:39.8452228Z Successfully cached go to /opt/hostedtoolcache/go/1.27.1/x64
2026-09-22T21:28:39.8454159Z Added go to the path
2026-09-22T21:28:39.8456348Z Successfully set up Go version 1.27.1
2026-09-22T21:28:39.8630609Z go version go1.27.1 linux/amd64
2026-09-22T21:28:39.8631016Z 
2026-09-22T21:28:39.8631325Z ##[group]go env
2026-09-22T21:28:39.9718353Z AR='ar'
2026-09-22T21:28:39.9718650Z CC='gcc'
2026-09-22T21:28:39.9718888Z CGO_CFLAGS='-O2 -g'
2026-09-22T21:28:39.9719338Z CGO_CPPFLAGS=''
2026-09-22T21:28:39.9719583Z CGO_CXXFLAGS='-O2 -g'
2026-09-22T21:28:39.9719840Z CGO_ENABLED='1'
2026-09-22T21:28:39.9720076Z CGO_FFLAGS='-O2 -g'
2026-09-22T21:28:39.9720312Z CGO_LDFLAGS='-O2 -g'
2026-09-22T21:28:39.9720539Z CXX='g++'
2026-09-22T21:28:39.9720758Z GCCGO='gccgo'
2026-09-22T21:28:39.9720979Z GO111MODULE=''
2026-09-22T21:28:39.9721206Z GOAMD64='v1'
2026-09-22T21:28:39.9721425Z GOARCH='amd64'
2026-09-22T21:28:39.9721681Z GOAUTH='netrc'
2026-09-22T21:28:39.9721917Z GOBIN='/home/runner/go/bin'
2026-09-22T21:28:39.9722223Z GOCACHE='/home/runner/.cache/go-build'
2026-09-22T21:28:39.9722518Z GOCACHEPROG=''
2026-09-22T21:28:39.9722736Z GODEBUG=''
2026-09-22T21:28:39.9722977Z GOENV='/home/runner/.config/go/env'
2026-09-22T21:28:39.9723266Z GOEXE=''
2026-09-22T21:28:39.9723482Z GOEXPERIMENT=''
2026-09-22T21:28:39.9723732Z GOFIPS140='off'
2026-09-22T21:28:39.9723999Z GOFLAGS=''
2026-09-22T21:28:39.9724783Z GOGCCFLAGS='-fPIC -m64 -pthread -Wl,--no-gc-sections -fmessage-length=0 -ffile-prefix-map=/tmp/go-build1464233691=/tmp/go-build -gno-record-gcc-switches'
2026-09-22T21:28:39.9725583Z GOHOSTARCH='amd64'
2026-09-22T21:28:39.9725838Z GOHOSTOS='linux'
2026-09-22T21:28:39.9726068Z GOINSECURE=''
2026-09-22T21:28:39.9726292Z GOMOD='/dev/null'
2026-09-22T21:28:39.9726556Z GOMODCACHE='/home/runner/go/pkg/mod'
2026-09-22T21:28:39.9726859Z GONOPROXY=''
2026-09-22T21:28:39.9727082Z GONOSUMDB=''
2026-09-22T21:28:39.9727306Z GOOS='linux'
2026-09-22T21:28:39.9727540Z GOPACKAGESDRIVER=''
2026-09-22T21:28:39.9727799Z GOPATH='/home/runner/go'
2026-09-22T21:28:39.9728068Z GOPRIVATE=''
2026-09-22T21:28:39.9728366Z GOPROXY='https://proxy.golang.org,direct'
2026-09-22T21:28:39.9728753Z GOROOT='/opt/hostedtoolcache/go/1.27.1/x64'
2026-09-22T21:28:39.9729252Z GOSUMDB='sum.golang.org'
2026-09-22T21:28:39.9729530Z GOTELEMETRY='local'
2026-09-22T21:28:39.9729858Z GOTELEMETRYDIR='/home/runner/.config/go/telemetry'
2026-09-22T21:28:39.9730224Z GOTMPDIR=''
2026-09-22T21:28:39.9730460Z GOTOOLCHAIN='local'
2026-09-22T21:28:39.9730835Z GOTOOLDIR='/opt/hostedtoolcache/go/1.27.1/x64/pkg/tool/linux_amd64'
2026-09-22T21:28:39.9731267Z GOVCS=''
2026-09-22T21:28:39.9731513Z GOVERSION='go1.27.1'
2026-09-22T21:28:39.9731768Z GOWORK=''
2026-09-22T21:28:39.9732016Z PKG_CONFIG='pkg-config'
2026-09-22T21:28:39.9732195Z 
2026-09-22T21:28:39.9732671Z ##[endgroup]
2026-09-22T21:28:40.0042470Z ##[group]Run leanprover/lean-action@96e06131c0e9943c780388fd166f55d1e2fa0433
2026-09-22T21:28:40.0042793Z with:
2026-09-22T21:28:40.0043042Z   lake-package-directory: linear-systems-and-elimination/IE-21/lean
2026-09-22T21:28:40.0043333Z   auto-config: false
2026-09-22T21:28:40.0043515Z   build: false
2026-09-22T21:28:40.0043674Z   test: false
2026-09-22T21:28:40.0043821Z   lint: false
2026-09-22T21:28:40.0043982Z   use-mathlib-cache: false
2026-09-22T21:28:40.0044194Z   use-github-cache: false
2026-09-22T21:28:40.0044389Z   mk_all-check: false
2026-09-22T21:28:40.0044579Z   check-reservoir-eligibility: false
2026-09-22T21:28:40.0044792Z   leanchecker: false
2026-09-22T21:28:40.0044967Z   lean4checker: false
2026-09-22T21:28:40.0045134Z   nanoda: false
2026-09-22T21:28:40.0045299Z   nanoda-allow-sorry: true
2026-09-22T21:28:40.0045481Z   axiom-audit: false
2026-09-22T21:28:40.0045709Z   axiom-audit-allow: propext,Classical.choice,Quot.sound
2026-09-22T21:28:40.0046081Z   reinstall-transient-toolchain: false
2026-09-22T21:28:40.0046314Z env:
2026-09-22T21:28:40.0046470Z   GOTOOLCHAIN: local
2026-09-22T21:28:40.0046641Z ##[endgroup]
2026-09-22T21:28:40.0097527Z ##[start-action display=install elan;id=__leanprover_lean-action.__run]
2026-09-22T21:28:40.0116871Z ##[group]Run : Install Elan
2026-09-22T21:28:40.0117101Z [36;1m: Install Elan[0m
2026-09-22T21:28:40.0117329Z [36;1m${GITHUB_ACTION_PATH}/scripts/install_elan.sh[0m
2026-09-22T21:28:40.0152500Z shell: /usr/bin/bash --noprofile --norc -e -o pipefail {0}
2026-09-22T21:28:40.0152920Z env:
2026-09-22T21:28:40.0153086Z   GOTOOLCHAIN: local
2026-09-22T21:28:40.0153261Z ##[endgroup]
2026-09-22T21:28:40.0227458Z ##[group]Elan Installation Output
2026-09-22T21:28:40.0865692Z info: downloading installer
2026-09-22T21:28:41.1893836Z info: downloading https://releases.lean-lang.org/lean4/v4.33.1/lean-4.33.1-linux.tar.zst
2026-09-22T21:28:46.6902988Z info: installing /home/runner/.elan/toolchains/leanprover--lean4---v4.33.1
2026-09-22T21:28:58.0146225Z Lean (version 4.33.1, x86_64-unknown-linux-gnu, commit 819816b2e0a3bf405af45ae5c7af2491d8f5bee6, Release)
2026-09-22T21:28:58.0489955Z Lake version 5.0.0-src+819816b (Lean version 4.33.1)
2026-09-22T21:28:58.0491357Z ##[endgroup]
2026-09-22T21:28:58.0491651Z 
2026-09-22T21:28:58.0503381Z ##[end-action id=__leanprover_lean-action.__run;outcome=success;conclusion=success;duration_ms=18040]
2026-09-22T21:28:58.0507298Z ##[start-action display=configure `lean-action`;id=__leanprover_lean-action.config]
2026-09-22T21:28:58.0534781Z ##[group]Run : Configure Lean Action
2026-09-22T21:28:58.0535048Z [36;1m: Configure Lean Action[0m
2026-09-22T21:28:58.0535281Z [36;1m${GITHUB_ACTION_PATH}/scripts/config.sh[0m
2026-09-22T21:28:58.0568471Z shell: /usr/bin/bash --noprofile --norc -e -o pipefail {0}
2026-09-22T21:28:58.0568746Z env:
2026-09-22T21:28:58.0568908Z   GOTOOLCHAIN: local
2026-09-22T21:28:58.0569088Z   AUTO_CONFIG: false
2026-09-22T21:28:58.0569431Z   BUILD: false
2026-09-22T21:28:58.0569604Z   TEST: false
2026-09-22T21:28:58.0569762Z   LINT: false
2026-09-22T21:28:58.0569912Z ##[endgroup]
2026-09-22T21:28:58.1016939Z ##[group]Configure lean-action
2026-09-22T21:28:58.1060480Z ##[end-action id=__leanprover_lean-action.config;outcome=success;conclusion=success;duration_ms=55]
2026-09-22T21:28:58.1064296Z ##[start-action display=reinstall transient toolchain;id=__leanprover_lean-action.__run_2]
2026-09-22T21:28:58.1069033Z ##[end-action id=__leanprover_lean-action.__run_2;outcome=skipped;conclusion=skipped;duration_ms=0]
2026-09-22T21:28:58.1071445Z ##[start-action display=ensure all files are imported;id=__leanprover_lean-action.mk_all]
2026-09-22T21:28:58.1074186Z ##[end-action id=__leanprover_lean-action.mk_all;outcome=skipped;conclusion=skipped;duration_ms=0]
2026-09-22T21:28:58.1075627Z ##[start-action display=Run actions/cache/restore@v5;id=__leanprover_lean-action.__actions_cache]
2026-09-22T21:28:58.1078408Z ##[end-action id=__leanprover_lean-action.__actions_cache;outcome=skipped;conclusion=skipped;duration_ms=0]
2026-09-22T21:28:58.1080030Z ##[start-action display=detect mathlib;id=__leanprover_lean-action.detect-mathlib]
2026-09-22T21:28:58.1082696Z ##[end-action id=__leanprover_lean-action.detect-mathlib;outcome=skipped;conclusion=skipped;duration_ms=0]
2026-09-22T21:28:58.1084056Z ##[start-action display=get mathlib cache;id=__leanprover_lean-action.__run_3]
2026-09-22T21:28:58.1096875Z ##[end-action id=__leanprover_lean-action.__run_3;outcome=skipped;conclusion=skipped;duration_ms=0]
2026-09-22T21:28:58.1117646Z ##[start-action display=build ajt60gaibb/OpenProblemsInNLA;id=__leanprover_lean-action.build]
2026-09-22T21:28:58.1122012Z ##[end-action id=__leanprover_lean-action.build;outcome=skipped;conclusion=skipped;duration_ms=0]
2026-09-22T21:28:58.1123644Z ##[start-action display=Run actions/cache/save@v5;id=__leanprover_lean-action.__actions_cache_2]
2026-09-22T21:28:58.1126342Z ##[end-action id=__leanprover_lean-action.__actions_cache_2;outcome=skipped;conclusion=skipped;duration_ms=0]
2026-09-22T21:28:58.1128705Z ##[start-action display=test ajt60gaibb/OpenProblemsInNLA;id=__leanprover_lean-action.test]
2026-09-22T21:28:58.1132766Z ##[end-action id=__leanprover_lean-action.test;outcome=skipped;conclusion=skipped;duration_ms=0]
2026-09-22T21:28:58.1134775Z ##[start-action display=lint ajt60gaibb/OpenProblemsInNLA;id=__leanprover_lean-action.lint]
2026-09-22T21:28:58.1137961Z ##[end-action id=__leanprover_lean-action.lint;outcome=skipped;conclusion=skipped;duration_ms=0]
2026-09-22T21:28:58.1139701Z ##[start-action display=check reservoir eligibility;id=__leanprover_lean-action.__run_4]
2026-09-22T21:28:58.1142290Z ##[end-action id=__leanprover_lean-action.__run_4;outcome=skipped;conclusion=skipped;duration_ms=0]
2026-09-22T21:28:58.1144165Z ##[start-action display=check environment with leanchecker;id=__leanprover_lean-action.__run_5]
2026-09-22T21:28:58.1147746Z ##[end-action id=__leanprover_lean-action.__run_5;outcome=skipped;conclusion=skipped;duration_ms=0]
2026-09-22T21:28:58.1149596Z ##[start-action display=check environment with nanoda;id=__leanprover_lean-action.nanoda]
2026-09-22T21:28:58.1152161Z ##[end-action id=__leanprover_lean-action.nanoda;outcome=skipped;conclusion=skipped;duration_ms=0]
2026-09-22T21:28:58.1154024Z ##[start-action display=audit axioms with axiom-audit;id=__leanprover_lean-action.axiom-audit]
2026-09-22T21:28:58.1156513Z ##[end-action id=__leanprover_lean-action.axiom-audit;outcome=skipped;conclusion=skipped;duration_ms=0]
2026-09-22T21:28:58.1198831Z ##[group]Run sudo apt-get update
2026-09-22T21:28:58.1199078Z [36;1msudo apt-get update[0m
2026-09-22T21:28:58.1199568Z [36;1msudo apt-get install -y bubblewrap dbus-user-session[0m
2026-09-22T21:28:58.1199921Z [36;1msudo sysctl -w kernel.apparmor_restrict_unprivileged_userns=0[0m
2026-09-22T21:28:58.1200225Z [36;1msudo loginctl enable-linger "$(id -un)"[0m
2026-09-22T21:28:58.1200488Z [36;1msudo systemctl start "user@$(id -u).service"[0m
2026-09-22T21:28:58.1200782Z [36;1mecho "XDG_RUNTIME_DIR=/run/user/$(id -u)" >> "$GITHUB_ENV"[0m
2026-09-22T21:28:58.1201166Z [36;1mecho "DBUS_SESSION_BUS_ADDRESS=unix:path=/run/user/$(id -u)/bus" >> "$GITHUB_ENV"[0m
2026-09-22T21:28:58.1232200Z shell: /usr/bin/bash -e {0}
2026-09-22T21:28:58.1232404Z env:
2026-09-22T21:28:58.1232574Z   GOTOOLCHAIN: local
2026-09-22T21:28:58.1232751Z ##[endgroup]
2026-09-22T21:28:58.4486212Z Get:1 https://dl.google.com/linux/chrome-stable/deb stable InRelease [2548 B]
2026-09-22T21:28:58.4487215Z Get:2 https://packages.microsoft.com/ubuntu/24.04/prod noble InRelease [3600 B]
2026-09-22T21:28:58.4491680Z Get:3 file:/etc/apt/apt-mirrors.txt Mirrorlist [144 B]
2026-09-22T21:28:58.4692757Z Hit:4 http://azure.archive.ubuntu.com/ubuntu noble InRelease
2026-09-22T21:28:58.4704131Z Get:5 http://azure.archive.ubuntu.com/ubuntu noble-updates InRelease [126 kB]
2026-09-22T21:28:58.5085244Z Get:6 http://azure.archive.ubuntu.com/ubuntu noble-backports InRelease [126 kB]
2026-09-22T21:28:58.5108039Z Get:7 http://azure.archive.ubuntu.com/ubuntu noble-security InRelease [126 kB]
2026-09-22T21:28:58.5937258Z Get:8 https://packages.microsoft.com/ubuntu/24.04/prod noble/main amd64 Packages [482 kB]
2026-09-22T21:28:58.6190150Z Get:9 https://packages.microsoft.com/ubuntu/24.04/prod noble/main arm64 Packages [431 kB]
2026-09-22T21:28:58.6202050Z Get:10 https://dl.google.com/linux/chrome-stable/deb stable/main amd64 Packages [1412 B]
2026-09-22T21:28:58.6353170Z Get:11 http://azure.archive.ubuntu.com/ubuntu noble-updates/main amd64 Packages [1284 kB]
2026-09-22T21:28:58.6540408Z Get:12 http://azure.archive.ubuntu.com/ubuntu noble-updates/main Translation-en [295 kB]
2026-09-22T21:28:58.7038976Z Get:13 http://azure.archive.ubuntu.com/ubuntu noble-updates/main amd64 Components [181 kB]
2026-09-22T21:28:58.7280686Z Get:14 http://azure.archive.ubuntu.com/ubuntu noble-updates/universe amd64 Packages [1697 kB]
2026-09-22T21:28:58.8167825Z Get:15 http://azure.archive.ubuntu.com/ubuntu noble-updates/universe Translation-en [340 kB]
2026-09-22T21:28:58.8321160Z Get:16 http://azure.archive.ubuntu.com/ubuntu noble-updates/universe amd64 Components [388 kB]
2026-09-22T21:28:58.9528897Z Get:17 http://azure.archive.ubuntu.com/ubuntu noble-updates/restricted amd64 Packages [1596 kB]
2026-09-22T21:28:58.9747699Z Get:18 http://azure.archive.ubuntu.com/ubuntu noble-updates/restricted Translation-en [362 kB]
2026-09-22T21:28:58.9786582Z Get:19 http://azure.archive.ubuntu.com/ubuntu noble-updates/multiverse amd64 Packages [45.7 kB]
2026-09-22T21:28:58.9824473Z Get:20 http://azure.archive.ubuntu.com/ubuntu noble-updates/multiverse Translation-en [13.1 kB]
2026-09-22T21:28:59.0275238Z Get:21 http://azure.archive.ubuntu.com/ubuntu noble-updates/multiverse amd64 Components [940 B]
2026-09-22T21:28:59.0401716Z Get:22 http://azure.archive.ubuntu.com/ubuntu noble-backports/main amd64 Packages [40.6 kB]
2026-09-22T21:28:59.0837107Z Get:23 http://azure.archive.ubuntu.com/ubuntu noble-backports/main amd64 Components [5748 B]
2026-09-22T21:28:59.0887116Z Get:24 http://azure.archive.ubuntu.com/ubuntu noble-backports/universe amd64 Packages [31.0 kB]
2026-09-22T21:28:59.0950883Z Get:25 http://azure.archive.ubuntu.com/ubuntu noble-backports/universe Translation-en [18.6 kB]
2026-09-22T21:28:59.1026016Z Get:26 http://azure.archive.ubuntu.com/ubuntu noble-backports/universe amd64 Components [12.6 kB]
2026-09-22T21:28:59.1086849Z Get:27 http://azure.archive.ubuntu.com/ubuntu noble-security/main amd64 Packages [1028 kB]
2026-09-22T21:28:59.1145615Z Get:28 http://azure.archive.ubuntu.com/ubuntu noble-security/main Translation-en [216 kB]
2026-09-22T21:28:59.1244731Z Get:29 http://azure.archive.ubuntu.com/ubuntu noble-security/main amd64 Components [46.3 kB]
2026-09-22T21:28:59.1284824Z Get:30 http://azure.archive.ubuntu.com/ubuntu noble-security/universe amd64 Packages [1217 kB]
2026-09-22T21:28:59.1365504Z Get:31 http://azure.archive.ubuntu.com/ubuntu noble-security/universe Translation-en [244 kB]
2026-09-22T21:28:59.1439594Z Get:32 http://azure.archive.ubuntu.com/ubuntu noble-security/universe amd64 Components [76.2 kB]
2026-09-22T21:28:59.1524880Z Get:33 http://azure.archive.ubuntu.com/ubuntu noble-security/restricted amd64 Packages [1496 kB]
2026-09-22T21:28:59.1631784Z Get:34 http://azure.archive.ubuntu.com/ubuntu noble-security/restricted Translation-en [343 kB]
2026-09-22T21:28:59.2236134Z Get:35 http://azure.archive.ubuntu.com/ubuntu noble-security/multiverse Translation-en [11.3 kB]
2026-09-22T21:29:04.7091129Z Fetched 12.3 MB in 1s (9413 kB/s)
2026-09-22T21:29:05.3474404Z Reading package lists...
2026-09-22T21:29:05.3738642Z Reading package lists...
2026-09-22T21:29:05.5364887Z Building dependency tree...
2026-09-22T21:29:05.5371026Z Reading state information...
2026-09-22T21:29:05.6751426Z dbus-user-session is already the newest version (1.14.10-4ubuntu4.1).
2026-09-22T21:29:05.6751824Z dbus-user-session set to manually installed.
2026-09-22T21:29:05.6752114Z The following NEW packages will be installed:
2026-09-22T21:29:05.6755778Z   bubblewrap
2026-09-22T21:29:05.6898887Z 0 upgraded, 1 newly installed, 0 to remove and 88 not upgraded.
2026-09-22T21:29:05.6899427Z Need to get 50.4 kB of archives.
2026-09-22T21:29:05.6899802Z After this operation, 133 kB of additional disk space will be used.
2026-09-22T21:29:05.6900241Z Get:1 file:/etc/apt/apt-mirrors.txt Mirrorlist [144 B]
2026-09-22T21:29:05.7486217Z Get:2 http://azure.archive.ubuntu.com/ubuntu noble-updates/main amd64 bubblewrap amd64 0.9.0-1ubuntu0.3 [50.4 kB]
2026-09-22T21:29:06.0068710Z Fetched 50.4 kB in 0s (569 kB/s)
2026-09-22T21:29:06.2323871Z Selecting previously unselected package bubblewrap.
2026-09-22T21:29:06.2588234Z (Reading database ... 
2026-09-22T21:29:06.2590782Z (Reading database ... 5%
2026-09-22T21:29:06.2591385Z (Reading database ... 10%
2026-09-22T21:29:06.2591692Z (Reading database ... 15%
2026-09-22T21:29:06.2591974Z (Reading database ... 20%
2026-09-22T21:29:06.2592243Z (Reading database ... 25%
2026-09-22T21:29:06.2592530Z (Reading database ... 30%
2026-09-22T21:29:06.2592797Z (Reading database ... 35%
2026-09-22T21:29:06.2593065Z (Reading database ... 40%
2026-09-22T21:29:06.2593349Z (Reading database ... 45%
2026-09-22T21:29:06.2593620Z (Reading database ... 50%
2026-09-22T21:29:06.2633415Z (Reading database ... 55%
2026-09-22T21:29:06.3891114Z (Reading database ... 60%
2026-09-22T21:29:06.5548155Z (Reading database ... 65%
2026-09-22T21:29:06.7046050Z (Reading database ... 70%
2026-09-22T21:29:06.8320677Z (Reading database ... 75%
2026-09-22T21:29:07.0794119Z (Reading database ... 80%
2026-09-22T21:29:07.1992432Z (Reading database ... 85%
2026-09-22T21:29:07.3073218Z (Reading database ... 90%
2026-09-22T21:29:07.6130084Z (Reading database ... 95%
2026-09-22T21:29:07.6130381Z (Reading database ... 100%
2026-09-22T21:29:07.6130686Z (Reading database ... 201818 files and directories currently installed.)
2026-09-22T21:29:07.6170844Z Preparing to unpack .../bubblewrap_0.9.0-1ubuntu0.3_amd64.deb ...
2026-09-22T21:29:07.6859092Z Unpacking bubblewrap (0.9.0-1ubuntu0.3) ...
2026-09-22T21:29:07.9053949Z Setting up bubblewrap (0.9.0-1ubuntu0.3) ...
2026-09-22T21:29:07.9834881Z Processing triggers for man-db (2.12.0-4build2) ...
2026-09-22T21:29:07.9852657Z Not building database; man-db/auto-update is not 'true'.
2026-09-22T21:29:08.5764411Z 
2026-09-22T21:29:08.5764952Z Running kernel seems to be up-to-date.
2026-09-22T21:29:08.5765163Z 
2026-09-22T21:29:08.5765275Z No services need to be restarted.
2026-09-22T21:29:08.5765424Z 
2026-09-22T21:29:08.5765513Z No containers need to be restarted.
2026-09-22T21:29:08.5765945Z 
2026-09-22T21:29:08.5766060Z No user sessions are running outdated binaries.
2026-09-22T21:29:08.5766230Z 
2026-09-22T21:29:08.5766394Z No VM guests are running outdated hypervisor (qemu) binaries on this host.
2026-09-22T21:29:09.3692913Z kernel.apparmor_restrict_unprivileged_userns = 0
2026-09-22T21:29:09.3954448Z ##[group]Run ulimit -n 65536
2026-09-22T21:29:09.3954691Z [36;1mulimit -n 65536[0m
2026-09-22T21:29:09.3954943Z [36;1mtools/lean/bootstrap.sh "$RUNNER_TEMP/nla-lean-tools"[0m
2026-09-22T21:29:09.3955301Z [36;1mtools/lean/verify.sh "$LEAN_PROJECT" "$RUNNER_TEMP/nla-lean-tools"[0m
2026-09-22T21:29:09.3987693Z shell: /usr/bin/bash -e {0}
2026-09-22T21:29:09.3987906Z env:
2026-09-22T21:29:09.3988068Z   GOTOOLCHAIN: local
2026-09-22T21:29:09.3988259Z   XDG_RUNTIME_DIR: /run/user/1001
2026-09-22T21:29:09.3988510Z   DBUS_SESSION_BUS_ADDRESS: unix:path=/run/user/1001/bus
2026-09-22T21:29:09.3988825Z   LEAN_PROJECT: linear-systems-and-elimination/IE-21/lean
2026-09-22T21:29:09.3989077Z ##[endgroup]
2026-09-22T21:29:10.3388656Z Running elan toolchain install leanprover/lean4:v4.33.1
2026-09-22T21:29:10.3389436Z Log: /home/runner/work/_temp/nla-lean-tools/logs/bootstrap/elan.log
2026-09-22T21:29:10.3407523Z info: toolchain 'leanprover/lean4:v4.33.1' is already installed
2026-09-22T21:29:10.4071593Z Running go build -mod=readonly -buildvcs=false -o /home/runner/work/_temp/nla-lean-tools/.tools/bin/landrun ./cmd/landrun
2026-09-22T21:29:10.4072402Z Log: /home/runner/work/_temp/nla-lean-tools/logs/bootstrap/landrun-build.log
2026-09-22T21:29:10.4108735Z go: downloading github.com/urfave/cli/v3 v3.6.2
2026-09-22T21:29:10.4256157Z go: downloading github.com/landlock-lsm/go-landlock v0.9.0
2026-09-22T21:29:10.7080955Z go: downloading golang.org/x/sys v0.40.0
2026-09-22T21:29:10.7081900Z go: downloading kernel.org/pub/linux/libs/security/libcap/psx v1.2.77
2026-09-22T21:29:17.9226437Z Running lake build lean4export comparator
2026-09-22T21:29:17.9227053Z Log: /home/runner/work/_temp/nla-lean-tools/logs/bootstrap/comparator-build.log
2026-09-22T21:29:18.3567716Z ✔ [3/20] Built Comparator.Util (343ms)
2026-09-22T21:29:18.5566743Z ✔ [4/20] Built Comparator.Util:c.o (159ms)
2026-09-22T21:29:19.4612571Z ✔ [5/20] Built Export.Parse (1.5s)
2026-09-22T21:29:19.8630728Z ✔ [6/20] Built Comparator.Axioms (400ms)
2026-09-22T21:29:20.1653805Z ✔ [7/20] Built Comparator.Axioms:c.o (339ms)
2026-09-22T21:29:20.3683412Z ✔ [8/20] Built Export (2.4s)
2026-09-22T21:29:20.4690312Z ✔ [9/20] Built Comparator.Compare (618ms)
2026-09-22T21:29:20.9690117Z ✔ [10/20] Built Comparator.Compare:c.o (520ms)
2026-09-22T21:29:21.3693912Z ✔ [11/20] Built Comparator (391ms)
2026-09-22T21:29:21.4700401Z ✔ [12/20] Built Comparator:c.o (60ms)
2026-09-22T21:29:21.6697466Z ✔ [13/20] Built Main (1.2s)
2026-09-22T21:29:21.8699776Z ✔ [14/20] Built Main:c.o (217ms)
2026-09-22T21:29:22.9715157Z ✔ [15/20] Built Main (1.5s)
2026-09-22T21:29:23.3723076Z ✔ [16/20] Built Export:c.o (2.9s)
2026-09-22T21:29:23.3723723Z ✔ [17/20] Built Export.Parse:c.o (3.9s)
2026-09-22T21:29:23.8730583Z ✔ [18/20] Built Main:c.o (981ms)
2026-09-22T21:29:24.2794468Z ✔ [19/20] Built lean4export:exe (901ms)
2026-09-22T21:29:24.5796882Z ✔ [20/20] Built comparator:exe (700ms)
2026-09-22T21:29:24.5800414Z Build completed successfully (20 jobs).
2026-09-22T21:29:24.8272284Z Tools built; isolation and checker controls run during verify. Receipt: /home/runner/work/_temp/nla-lean-tools/bootstrap.json
2026-09-22T21:29:25.1671836Z Running /usr/bin/timeout --kill-after=5s 45s systemd-run -p RuntimeMaxSec=40 --user --quiet --wait --pipe --collect -p 'RestrictAddressFamilies=~AF_UNIX' --working-directory /home/runner/work/_temp/nla-lean-tools /usr/bin/env -i PATH=/home/runner/.elan/toolchains/leanprover--lean4---v4.33.1/bin:/home/runner/.elan/bin:/home/runner/go/bin:/opt/hostedtoolcache/go/1.27.1/x64/bin:/snap/bin:/home/runner/.local/bin:/opt/pipx_bin:/home/runner/.cargo/bin:/home/runner/.config/composer/vendor/bin:/usr/local/.ghcup/bin:/home/runner/.dotnet/tools:/usr/local/sbin:/usr/local/bin:/usr/sbin:/usr/bin:/sbin:/bin:/usr/games:/usr/local/games:/snap/bin HOME=/home/runner LANG=C.UTF-8 XDG_RUNTIME_DIR=/run/user/1001 DBUS_SESSION_BUS_ADDRESS=unix:path=/run/user/1001/bus GIT_TERMINAL_PROMPT=0 GIT_CONFIG_NOSYSTEM=1 GIT_CONFIG_GLOBAL=/dev/null COMPARATOR_BIN=/home/runner/work/_temp/nla-lean-tools/.tools/comparator/.lake/build/bin/comparator COMPARATOR_LEAN4EXPORT=/home/runner/work/_temp/nla-lean-tools/.tools/lean4export/.lake/build/bin/lean4export COMPARATOR_LANDRUN=/home/runner/work/_temp/nla-lean-tools/scripts/strict_landrun.py XDG_CACHE_HOME=/home/runner/work/_temp/nla-lean-tools/.tools/cache TMPDIR=/home/runner/work/_temp/nla-lean-tools/.verification-tmp /usr/bin/true
2026-09-22T21:29:25.1675506Z Log: /home/runner/work/_temp/nla-lean-tools/logs/verify-20260922T212925Z-3935/user-service.log
2026-09-22T21:29:25.1931171Z Running python3 /home/runner/work/_temp/nla-lean-tools/reproduction/checks/sandbox_probe_ci.py
2026-09-22T21:29:25.1931728Z Log: /home/runner/work/_temp/nla-lean-tools/logs/verify-20260922T212925Z-3935/sandbox.log
2026-09-22T21:29:25.2200303Z START sandbox mode: build
2026-09-22T21:29:25.3020315Z START sandbox mode: export
2026-09-22T21:29:25.3711010Z START sandbox negative case: unknown option
2026-09-22T21:29:25.4050068Z START sandbox negative case: unexpected --rw
2026-09-22T21:29:25.4449391Z START sandbox negative case: unexpected --rwx
2026-09-22T21:29:25.4809908Z START sandbox negative case: relative --rwx
2026-09-22T21:29:25.5163062Z MODE build: exit=0
2026-09-22T21:29:25.5163569Z Running as unit: run-u2.service; invocation ID: 63443338c07f49ab9cb123293c984374
2026-09-22T21:29:25.5164114Z PASS outside .lake write-open: denied errno=30
2026-09-22T21:29:25.5164485Z PASS outside .lake truncate: denied errno=30
2026-09-22T21:29:25.5164908Z PASS outside .lake read-only truncate-open: denied errno=30
2026-09-22T21:29:25.5165368Z PASS symlink from .lake to outside write: denied errno=30
2026-09-22T21:29:25.5165777Z PASS outside .lake creation: denied errno=30
2026-09-22T21:29:25.5166148Z PASS build .lake write: allowed
2026-09-22T21:29:25.5166441Z PASS user namespace: private
2026-09-22T21:29:25.5166730Z PASS pid namespace: private
2026-09-22T21:29:25.5167009Z PASS mnt namespace: private
2026-09-22T21:29:25.5167270Z PASS net namespace: private
2026-09-22T21:29:25.5167561Z PASS ipc namespace: private
2026-09-22T21:29:25.5167820Z PASS uts namespace: private
2026-09-22T21:29:25.5168118Z PASS host parent: absent from private /proc
2026-09-22T21:29:25.5168483Z PASS host parent signal lookup: denied errno=3
2026-09-22T21:29:25.5169298Z PASS host loopback listener: unreachable errno=13
2026-09-22T21:29:25.5169807Z PASS AF_UNIX socket creation: denied errno=97
2026-09-22T21:29:25.5170437Z PASS effective capabilities: none
2026-09-22T21:29:25.5171011Z PASS no_new_privs: set
2026-09-22T21:29:25.5171377Z Sandbox UID: 1001
2026-09-22T21:29:25.5171861Z PASS nested namespace write attempt: rejected exit=1
2026-09-22T21:29:25.5172363Z bwrap: setting up uid map: Permission denied
2026-09-22T21:29:25.5173072Z Finished with result: success
2026-09-22T21:29:25.5173588Z Main processes terminated with: code=exited/status=0
2026-09-22T21:29:25.5174097Z Service runtime: 58ms
2026-09-22T21:29:25.5174471Z CPU time consumed: 58ms
2026-09-22T21:29:25.5174939Z Memory peak: 256.0K
2026-09-22T21:29:25.5175363Z Memory swap peak: 0B
2026-09-22T21:29:25.5175592Z 
2026-09-22T21:29:25.5175857Z MODE export: exit=0
2026-09-22T21:29:25.5176415Z Running as unit: run-u3.service; invocation ID: b2414ccb55d04062bb46db9bb1e222a4
2026-09-22T21:29:25.5177060Z PASS outside .lake write-open: denied errno=30
2026-09-22T21:29:25.5177652Z PASS outside .lake truncate: denied errno=30
2026-09-22T21:29:25.5193590Z PASS outside .lake read-only truncate-open: denied errno=30
2026-09-22T21:29:25.5194279Z PASS symlink from .lake to outside write: denied errno=30
2026-09-22T21:29:25.5194738Z PASS outside .lake creation: denied errno=30
2026-09-22T21:29:25.5195157Z PASS export .lake write-open: denied errno=30
2026-09-22T21:29:25.5195553Z PASS export .lake truncate: denied errno=30
2026-09-22T21:29:25.5195935Z PASS user namespace: private
2026-09-22T21:29:25.5196275Z PASS pid namespace: private
2026-09-22T21:29:25.5196587Z PASS mnt namespace: private
2026-09-22T21:29:25.5196892Z PASS net namespace: private
2026-09-22T21:29:25.5197521Z PASS ipc namespace: private
2026-09-22T21:29:25.5197875Z PASS uts namespace: private
2026-09-22T21:29:25.5198199Z PASS host parent: absent from private /proc
2026-09-22T21:29:25.5198602Z PASS host parent signal lookup: denied errno=3
2026-09-22T21:29:25.5199044Z PASS host loopback listener: unreachable errno=13
2026-09-22T21:29:25.5199702Z PASS AF_UNIX socket creation: denied errno=97
2026-09-22T21:29:25.5200066Z PASS effective capabilities: none
2026-09-22T21:29:25.5200379Z PASS no_new_privs: set
2026-09-22T21:29:25.5200651Z Sandbox UID: 1001
2026-09-22T21:29:25.5200978Z PASS nested namespace write attempt: rejected exit=1
2026-09-22T21:29:25.5201428Z bwrap: setting up uid map: Permission denied
2026-09-22T21:29:25.5201832Z Finished with result: success
2026-09-22T21:29:25.5202233Z Main processes terminated with: code=exited/status=0
2026-09-22T21:29:25.5202647Z Service runtime: 56ms
2026-09-22T21:29:25.5202951Z CPU time consumed: 57ms
2026-09-22T21:29:25.5203264Z Memory peak: 512.0K
2026-09-22T21:29:25.5203551Z Memory swap peak: 0B
2026-09-22T21:29:25.5203712Z 
2026-09-22T21:29:25.5203858Z NEGATIVE unknown option: exit=2
2026-09-22T21:29:25.5204345Z Running as unit: run-u4.service; invocation ID: 37d1a1857c4040ab8a353ad20e05942b
2026-09-22T21:29:25.5205097Z strict Comparator sandbox: unsupported Comparator Landrun option: --unrestricted-filesystem
2026-09-22T21:29:25.5205685Z Finished with result: exit-code
2026-09-22T21:29:25.5206130Z Main processes terminated with: code=exited/status=2
2026-09-22T21:29:25.5206562Z Service runtime: 21ms
2026-09-22T21:29:25.5206853Z CPU time consumed: 21ms
2026-09-22T21:29:25.5207185Z Memory peak: 256.0K
2026-09-22T21:29:25.5207605Z Memory swap peak: 0B
2026-09-22T21:29:25.5207855Z 
2026-09-22T21:29:25.5211653Z NEGATIVE unexpected --rw: exit=2
2026-09-22T21:29:25.5212200Z Running as unit: run-u5.service; invocation ID: fcfff03813dc428c9b39c91ba4028c2e
2026-09-22T21:29:25.5212832Z strict Comparator sandbox: only private /dev may be passed with --rw
2026-09-22T21:29:25.5213306Z Finished with result: exit-code
2026-09-22T21:29:25.5213687Z Main processes terminated with: code=exited/status=2
2026-09-22T21:29:25.5214075Z Service runtime: 21ms
2026-09-22T21:29:25.5235153Z CPU time consumed: 20ms
2026-09-22T21:29:25.5235499Z Memory peak: 256.0K
2026-09-22T21:29:25.5235759Z Memory swap peak: 0B
2026-09-22T21:29:25.5235912Z 
2026-09-22T21:29:25.5236049Z NEGATIVE unexpected --rwx: exit=2
2026-09-22T21:29:25.5236375Z Running as unit: run-u6.service
2026-09-22T21:29:25.5236834Z strict Comparator sandbox: only this project's existing .lake may be writable
2026-09-22T21:29:25.5237312Z Finished with result: exit-code
2026-09-22T21:29:25.5237667Z Main processes terminated with: code=exited/status=2
2026-09-22T21:29:25.5238217Z Service runtime: 21ms
2026-09-22T21:29:25.5238476Z CPU time consumed: 21ms
2026-09-22T21:29:25.5238730Z Memory peak: 2.7M
2026-09-22T21:29:25.5238970Z Memory swap peak: 0B
2026-09-22T21:29:25.5239257Z 
2026-09-22T21:29:25.5239379Z NEGATIVE relative --rwx: exit=2
2026-09-22T21:29:25.5239828Z Running as unit: run-u7.service; invocation ID: 385fcae38ea640aa9d11898427d8275b
2026-09-22T21:29:25.5240449Z strict Comparator sandbox: only this project's existing .lake may be writable
2026-09-22T21:29:25.5240924Z Finished with result: exit-code
2026-09-22T21:29:25.5241257Z Main processes terminated with: code=exited/status=2
2026-09-22T21:29:25.5241586Z Service runtime: 21ms
2026-09-22T21:29:25.5241842Z CPU time consumed: 20ms
2026-09-22T21:29:25.5242106Z Memory peak: 256.0K
2026-09-22T21:29:25.5242356Z Memory swap peak: 0B
2026-09-22T21:29:25.5242509Z 
2026-09-22T21:29:25.5242814Z Outer and export fixture contents unchanged; only designated build fixture written.
2026-09-22T21:29:25.5243423Z Running bash /home/runner/work/_temp/nla-lean-tools/reproduction/checks/run_replay.sh
2026-09-22T21:29:25.5243912Z Log: /home/runner/work/_temp/nla-lean-tools/logs/verify-20260922T212925Z-3935/kernel-controls.log
2026-09-22T21:29:25.5742538Z Replay probe: RestrictAddressFamilies=~AF_UNIX (deny AF_UNIX sockets).
2026-09-22T21:29:25.6153996Z Lean (version 4.33.1, x86_64-unknown-linux-gnu, Release)
2026-09-22T21:29:25.6442962Z /home/runner/.elan/toolchains/leanprover--lean4---v4.33.1/lib/lean/Init.olean
2026-09-22T21:29:25.6443457Z /home/runner/.elan/toolchains/leanprover--lean4---v4.33.1/lib/lean/Init.olean
2026-09-22T21:29:25.6443905Z /home/runner/work/_temp/nla-lean-tools/.tools/comparator/.lake/build/lib/lean/Main.olean
2026-09-22T21:29:26.7110954Z Trusted base fixture: 11 constants
2026-09-22T21:29:26.7111313Z BEGIN honest_with_inductives_and_quotients
2026-09-22T21:29:26.7111591Z Running Lean default kernel on solution.
2026-09-22T21:29:26.7111829Z Lean default kernel accepts the solution
2026-09-22T21:29:26.7112121Z RETURN honest_with_inductives_and_quotients: accepted
2026-09-22T21:29:26.7112389Z BEGIN invalid_raw_proof
2026-09-22T21:29:26.7112592Z Running Lean default kernel on solution.
2026-09-22T21:29:26.7112827Z Lean default kernel rejects the solution
2026-09-22T21:29:26.7113221Z RETURN invalid_raw_proof: rejected: while replaying declaration 'PinnedReplayProbe.invalid':
2026-09-22T21:29:26.7113697Z (kernel) declaration type mismatch, 'PinnedReplayProbe.invalid' has type
2026-09-22T21:29:26.7114012Z   True
2026-09-22T21:29:26.7114184Z but it is expected to have type
2026-09-22T21:29:26.7114394Z   False
2026-09-22T21:29:26.7114566Z BEGIN quotient_postcheck_mismatch
2026-09-22T21:29:26.7114791Z Running Lean default kernel on solution.
2026-09-22T21:29:26.7115030Z Lean default kernel accepts the solution
2026-09-22T21:29:26.7115256Z Quotient post-check rejects the solution
2026-09-22T21:29:26.7115594Z RETURN quotient_postcheck_mismatch: rejected: Quotient constant mismatch on: Quot.lift
2026-09-22T21:29:26.7116044Z PASS: all three actual Comparator.runBuiltinKernel cases behaved as required
2026-09-22T21:29:26.7913908Z Running python3 /home/runner/work/_temp/nla-lean-tools/reproduction/checks/comparator_regressions.py
2026-09-22T21:29:26.7914579Z Log: /home/runner/work/_temp/nla-lean-tools/logs/verify-20260922T212925Z-3935/comparator-controls.log
2026-09-22T21:29:26.8165196Z Comparator regressions: RestrictAddressFamilies=~AF_UNIX; .tools/env.sh selects the real strict sandbox.
2026-09-22T21:29:26.8172397Z 
2026-09-22T21:29:26.8172521Z CASE simple_match
2026-09-22T21:29:28.3904437Z info: ComparatorRegression: no previous manifest, creating one from scratch
2026-09-22T21:29:28.3904867Z info: toolchain not updated; already up-to-date
2026-09-22T21:29:28.3905130Z Building Challenge
2026-09-22T21:29:28.3905680Z ⚠ [2/3] Built Challenge (198ms)
2026-09-22T21:29:28.3905988Z warning: Challenge.lean:1:8: declaration uses `sorry`
2026-09-22T21:29:28.3906303Z Build completed successfully (3 jobs).
2026-09-22T21:29:28.3907389Z Exporting #[Quot, Quot.mk, Quot.lift, Quot.ind, comm, propext, Quot.sound, Classical.choice, Nat.add, Nat.sub, Nat.mul, Nat.pow, Nat.gcd, Nat.div, Nat.mod, Nat.beq, Nat.ble, Nat.land, Nat.lor, Nat.xor, Nat.shiftLeft, Nat.shiftRight, String.ofList, Char.ofNat, List, eagerReduce, Nat, String, String.mk, Char, optParam, autoParam, semiOutParam, outParam] from Challenge
2026-09-22T21:29:28.3908621Z Building Solution
2026-09-22T21:29:28.3908846Z ✔ [2/3] Built Solution (193ms)
2026-09-22T21:29:28.3909271Z Build completed successfully (3 jobs).
2026-09-22T21:29:28.3910741Z Exporting #[Quot, Quot.mk, Quot.lift, Quot.ind, comm, propext, Quot.sound, Classical.choice, Nat.add, Nat.sub, Nat.mul, Nat.pow, Nat.gcd, Nat.div, Nat.mod, Nat.beq, Nat.ble, Nat.land, Nat.lor, Nat.xor, Nat.shiftLeft, Nat.shiftRight, String.ofList, Char.ofNat, List, eagerReduce, Nat, String, String.mk, Char, optParam, autoParam, semiOutParam, outParam] from Solution
2026-09-22T21:29:28.3912197Z Running Lean default kernel on solution.
2026-09-22T21:29:28.3912559Z Lean default kernel accepts the solution
2026-09-22T21:29:28.3912869Z Your solution is okay!
2026-09-22T21:29:28.3913271Z PASS simple_match: exit 0, expected 0; required phase: Your solution is okay!
2026-09-22T21:29:28.3913605Z 
2026-09-22T21:29:28.3913714Z CASE simple_mismatch
2026-09-22T21:29:29.8305610Z info: ComparatorRegression: no previous manifest, creating one from scratch
2026-09-22T21:29:29.8306030Z info: toolchain not updated; already up-to-date
2026-09-22T21:29:29.8306276Z Building Challenge
2026-09-22T21:29:29.8306712Z ⚠ [2/3] Built Challenge (194ms)
2026-09-22T21:29:29.8306968Z warning: Challenge.lean:1:8: declaration uses `sorry`
2026-09-22T21:29:29.8307239Z Build completed successfully (3 jobs).
2026-09-22T21:29:29.8308273Z Exporting #[Quot, Quot.mk, Quot.lift, Quot.ind, comm, propext, Quot.sound, Classical.choice, Nat.add, Nat.sub, Nat.mul, Nat.pow, Nat.gcd, Nat.div, Nat.mod, Nat.beq, Nat.ble, Nat.land, Nat.lor, Nat.xor, Nat.shiftLeft, Nat.shiftRight, String.ofList, Char.ofNat, List, eagerReduce, Nat, String, String.mk, Char, optParam, autoParam, semiOutParam, outParam] from Challenge
2026-09-22T21:29:29.8309572Z Building Solution
2026-09-22T21:29:29.8309793Z ✔ [2/3] Built Solution (193ms)
2026-09-22T21:29:29.8310017Z Build completed successfully (3 jobs).
2026-09-22T21:29:29.8311049Z Exporting #[Quot, Quot.mk, Quot.lift, Quot.ind, comm, propext, Quot.sound, Classical.choice, Nat.add, Nat.sub, Nat.mul, Nat.pow, Nat.gcd, Nat.div, Nat.mod, Nat.beq, Nat.ble, Nat.land, Nat.lor, Nat.xor, Nat.shiftLeft, Nat.shiftRight, String.ofList, Char.ofNat, List, eagerReduce, Nat, String, String.mk, Char, optParam, autoParam, semiOutParam, outParam] from Solution
2026-09-22T21:29:29.8312114Z uncaught exception: Challenge and solution constant kind don't match: 'comm'
2026-09-22T21:29:29.8312931Z PASS simple_mismatch: exit 1, expected 1; required phase: Challenge and solution constant kind don't match: 'comm'
2026-09-22T21:29:29.8313334Z 
2026-09-22T21:29:29.8313592Z CASE simple_axiom_issue
2026-09-22T21:29:31.2546745Z info: ComparatorRegression: no previous manifest, creating one from scratch
2026-09-22T21:29:31.2547321Z info: toolchain not updated; already up-to-date
2026-09-22T21:29:31.2547675Z Building Challenge
2026-09-22T21:29:31.2548232Z ⚠ [2/3] Built Challenge (197ms)
2026-09-22T21:29:31.2548647Z warning: Challenge.lean:1:8: declaration uses `sorry`
2026-09-22T21:29:31.2549062Z Build completed successfully (3 jobs).
2026-09-22T21:29:31.2550873Z Exporting #[Quot, Quot.mk, Quot.lift, Quot.ind, comm, propext, Quot.sound, Classical.choice, Nat.add, Nat.sub, Nat.mul, Nat.pow, Nat.gcd, Nat.div, Nat.mod, Nat.beq, Nat.ble, Nat.land, Nat.lor, Nat.xor, Nat.shiftLeft, Nat.shiftRight, String.ofList, Char.ofNat, List, eagerReduce, Nat, String, String.mk, Char, optParam, autoParam, semiOutParam, outParam] from Challenge
2026-09-22T21:29:31.2552390Z Building Solution
2026-09-22T21:29:31.2552779Z ✔ [2/3] Built Solution (194ms)
2026-09-22T21:29:31.2553113Z Build completed successfully (3 jobs).
2026-09-22T21:29:31.2554957Z Exporting #[Quot, Quot.mk, Quot.lift, Quot.ind, comm, propext, Quot.sound, Classical.choice, Nat.add, Nat.sub, Nat.mul, Nat.pow, Nat.gcd, Nat.div, Nat.mod, Nat.beq, Nat.ble, Nat.land, Nat.lor, Nat.xor, Nat.shiftLeft, Nat.shiftRight, String.ofList, Char.ofNat, List, eagerReduce, Nat, String, String.mk, Char, optParam, autoParam, semiOutParam, outParam] from Solution
2026-09-22T21:29:31.2556439Z uncaught exception: Illegal axiom detected: 'helper'
2026-09-22T21:29:31.2556854Z PASS simple_axiom_issue: exit 1, expected 1; required phase: Illegal axiom detected: 'helper'
2026-09-22T21:29:31.2557219Z 
2026-09-22T21:29:31.2557335Z CASE simple_kind_mismatch
2026-09-22T21:29:32.6982750Z info: ComparatorRegression: no previous manifest, creating one from scratch
2026-09-22T21:29:32.6983169Z info: toolchain not updated; already up-to-date
2026-09-22T21:29:32.6983420Z Building Challenge
2026-09-22T21:29:32.6983846Z ⚠ [2/3] Built Challenge (192ms)
2026-09-22T21:29:32.6984104Z warning: Challenge.lean:1:8: declaration uses `sorry`
2026-09-22T21:29:32.6984408Z Build completed successfully (3 jobs).
2026-09-22T21:29:32.6985669Z Exporting #[Quot, Quot.mk, Quot.lift, Quot.ind, comm, propext, Quot.sound, Classical.choice, Nat.add, Nat.sub, Nat.mul, Nat.pow, Nat.gcd, Nat.div, Nat.mod, Nat.beq, Nat.ble, Nat.land, Nat.lor, Nat.xor, Nat.shiftLeft, Nat.shiftRight, String.ofList, Char.ofNat, List, eagerReduce, Nat, String, String.mk, Char, optParam, autoParam, semiOutParam, outParam] from Challenge
2026-09-22T21:29:32.6986637Z Building Solution
2026-09-22T21:29:32.6986862Z ✔ [2/3] Built Solution (190ms)
2026-09-22T21:29:32.6987084Z Build completed successfully (3 jobs).
2026-09-22T21:29:32.6988261Z Exporting #[Quot, Quot.mk, Quot.lift, Quot.ind, comm, propext, Quot.sound, Classical.choice, Nat.add, Nat.sub, Nat.mul, Nat.pow, Nat.gcd, Nat.div, Nat.mod, Nat.beq, Nat.ble, Nat.land, Nat.lor, Nat.xor, Nat.shiftLeft, Nat.shiftRight, String.ofList, Char.ofNat, List, eagerReduce, Nat, String, String.mk, Char, optParam, autoParam, semiOutParam, outParam] from Solution
2026-09-22T21:29:32.6989664Z uncaught exception: Illegal axiom detected: 'helper'
2026-09-22T21:29:32.6990079Z PASS simple_kind_mismatch: exit 1, expected 1; required phase: Illegal axiom detected: 'helper'
2026-09-22T21:29:32.6990354Z 
2026-09-22T21:29:32.6990448Z CASE type_mismatch
2026-09-22T21:29:34.1227594Z info: ComparatorRegression: no previous manifest, creating one from scratch
2026-09-22T21:29:34.1228012Z info: toolchain not updated; already up-to-date
2026-09-22T21:29:34.1228276Z Building Challenge
2026-09-22T21:29:34.1228702Z ✔ [2/3] Built Challenge (191ms)
2026-09-22T21:29:34.1228929Z Build completed successfully (3 jobs).
2026-09-22T21:29:34.1231016Z Exporting #[Quot, Quot.mk, Quot.lift, Quot.ind, checked, propext, Quot.sound, Classical.choice, Nat.add, Nat.sub, Nat.mul, Nat.pow, Nat.gcd, Nat.div, Nat.mod, Nat.beq, Nat.ble, Nat.land, Nat.lor, Nat.xor, Nat.shiftLeft, Nat.shiftRight, String.ofList, Char.ofNat, List, eagerReduce, Nat, String, String.mk, Char, optParam, autoParam, semiOutParam, outParam] from Challenge
2026-09-22T21:29:34.1232617Z Building Solution
2026-09-22T21:29:34.1232951Z ✔ [2/3] Built Solution (189ms)
2026-09-22T21:29:34.1233222Z Build completed successfully (3 jobs).
2026-09-22T21:29:34.1234237Z Exporting #[Quot, Quot.mk, Quot.lift, Quot.ind, checked, propext, Quot.sound, Classical.choice, Nat.add, Nat.sub, Nat.mul, Nat.pow, Nat.gcd, Nat.div, Nat.mod, Nat.beq, Nat.ble, Nat.land, Nat.lor, Nat.xor, Nat.shiftLeft, Nat.shiftRight, String.ofList, Char.ofNat, List, eagerReduce, Nat, String, String.mk, Char, optParam, autoParam, semiOutParam, outParam] from Solution
2026-09-22T21:29:34.1235290Z uncaught exception: Challenge and solution theorem statement do not match: 'checked'
2026-09-22T21:29:34.1235824Z PASS type_mismatch: exit 1, expected 1; required phase: Challenge and solution theorem statement do not match: 'checked'
2026-09-22T21:29:34.1255652Z PASS: all five Comparator regressions
2026-09-22T21:29:34.1315553Z Running systemd-run --user --quiet --wait --pipe --collect -p 'RestrictAddressFamilies=~AF_UNIX' --working-directory /home/runner/work/_temp/nla-lean-tools/.verification-tmp/nla-axiom-lty56fpy /usr/bin/env -i PATH=/home/runner/.elan/toolchains/leanprover--lean4---v4.33.1/bin:/home/runner/.elan/bin:/home/runner/go/bin:/opt/hostedtoolcache/go/1.27.1/x64/bin:/snap/bin:/home/runner/.local/bin:/opt/pipx_bin:/home/runner/.cargo/bin:/home/runner/.config/composer/vendor/bin:/usr/local/.ghcup/bin:/home/runner/.dotnet/tools:/usr/local/sbin:/usr/local/bin:/usr/sbin:/usr/bin:/sbin:/bin:/usr/games:/usr/local/games:/snap/bin HOME=/home/runner LANG=C.UTF-8 XDG_RUNTIME_DIR=/run/user/1001 DBUS_SESSION_BUS_ADDRESS=unix:path=/run/user/1001/bus GIT_TERMINAL_PROMPT=0 GIT_CONFIG_NOSYSTEM=1 GIT_CONFIG_GLOBAL=/dev/null COMPARATOR_BIN=/home/runner/work/_temp/nla-lean-tools/.tools/comparator/.lake/build/bin/comparator COMPARATOR_LEAN4EXPORT=/home/runner/work/_temp/nla-lean-tools/.tools/lean4export/.lake/build/bin/lean4export COMPARATOR_LANDRUN=/home/runner/work/_temp/nla-lean-tools/scripts/strict_landrun.py XDG_CACHE_HOME=/home/runner/work/_temp/nla-lean-tools/.tools/cache TMPDIR=/home/runner/work/_temp/nla-lean-tools/.verification-tmp lake env /home/runner/work/_temp/nla-lean-tools/.tools/comparator/.lake/build/bin/comparator comparator.json
2026-09-22T21:29:34.1321188Z Log: /home/runner/work/_temp/nla-lean-tools/logs/verify-20260922T212925Z-3935/negative-sorry.log
2026-09-22T21:29:34.1774665Z info: NlaAxiomFixture: no previous manifest, creating one from scratch
2026-09-22T21:29:34.1775172Z info: toolchain not updated; already up-to-date
2026-09-22T21:29:34.2365704Z Building Challenge
2026-09-22T21:29:35.1183426Z ✔ [2/3] Built Challenge (716ms)
2026-09-22T21:29:35.1189871Z Build completed successfully (3 jobs).
2026-09-22T21:29:35.9318087Z Exporting #[Quot, Quot.mk, Quot.lift, Quot.ind, checked, Classical.choice, Quot.sound, propext, Nat.add, Nat.sub, Nat.mul, Nat.pow, Nat.gcd, Nat.div, Nat.mod, Nat.beq, Nat.ble, Nat.land, Nat.lor, Nat.xor, Nat.shiftLeft, Nat.shiftRight, String.ofList, Char.ofNat, List, eagerReduce, Nat, String, String.mk, Char, optParam, autoParam, semiOutParam, outParam] from Challenge
2026-09-22T21:29:35.9319373Z Building Solution
2026-09-22T21:29:36.8094829Z ⚠ [2/3] Built Solution (709ms)
2026-09-22T21:29:36.8095351Z warning: Solution.lean:2:8: declaration uses `sorry`
2026-09-22T21:29:36.8097803Z Build completed successfully (3 jobs).
2026-09-22T21:29:37.6838144Z Exporting #[Quot, Quot.mk, Quot.lift, Quot.ind, checked, Classical.choice, Quot.sound, propext, Nat.add, Nat.sub, Nat.mul, Nat.pow, Nat.gcd, Nat.div, Nat.mod, Nat.beq, Nat.ble, Nat.land, Nat.lor, Nat.xor, Nat.shiftLeft, Nat.shiftRight, String.ofList, Char.ofNat, List, eagerReduce, Nat, String, String.mk, Char, optParam, autoParam, semiOutParam, outParam] from Solution
2026-09-22T21:29:37.6839435Z uncaught exception: Illegal axiom detected: 'sorryAx'
2026-09-22T21:29:37.6930829Z Running systemd-run --user --quiet --wait --pipe --collect -p 'RestrictAddressFamilies=~AF_UNIX' --working-directory /home/runner/work/_temp/nla-lean-tools/.verification-tmp/nla-axiom-8ugc0eb7 /usr/bin/env -i PATH=/home/runner/.elan/toolchains/leanprover--lean4---v4.33.1/bin:/home/runner/.elan/bin:/home/runner/go/bin:/opt/hostedtoolcache/go/1.27.1/x64/bin:/snap/bin:/home/runner/.local/bin:/opt/pipx_bin:/home/runner/.cargo/bin:/home/runner/.config/composer/vendor/bin:/usr/local/.ghcup/bin:/home/runner/.dotnet/tools:/usr/local/sbin:/usr/local/bin:/usr/sbin:/usr/bin:/sbin:/bin:/usr/games:/usr/local/games:/snap/bin HOME=/home/runner LANG=C.UTF-8 XDG_RUNTIME_DIR=/run/user/1001 DBUS_SESSION_BUS_ADDRESS=unix:path=/run/user/1001/bus GIT_TERMINAL_PROMPT=0 GIT_CONFIG_NOSYSTEM=1 GIT_CONFIG_GLOBAL=/dev/null COMPARATOR_BIN=/home/runner/work/_temp/nla-lean-tools/.tools/comparator/.lake/build/bin/comparator COMPARATOR_LEAN4EXPORT=/home/runner/work/_temp/nla-lean-tools/.tools/lean4export/.lake/build/bin/lean4export COMPARATOR_LANDRUN=/home/runner/work/_temp/nla-lean-tools/scripts/strict_landrun.py XDG_CACHE_HOME=/home/runner/work/_temp/nla-lean-tools/.tools/cache TMPDIR=/home/runner/work/_temp/nla-lean-tools/.verification-tmp lake env /home/runner/work/_temp/nla-lean-tools/.tools/comparator/.lake/build/bin/comparator comparator.json
2026-09-22T21:29:37.6934942Z Log: /home/runner/work/_temp/nla-lean-tools/logs/verify-20260922T212925Z-3935/negative-native.log
2026-09-22T21:29:37.7395949Z info: NlaAxiomFixture: no previous manifest, creating one from scratch
2026-09-22T21:29:37.7396505Z info: toolchain not updated; already up-to-date
2026-09-22T21:29:37.7979301Z Building Challenge
2026-09-22T21:29:38.6731835Z ✔ [2/3] Built Challenge (725ms)
2026-09-22T21:29:38.6734768Z Build completed successfully (3 jobs).
2026-09-22T21:29:39.5128065Z Exporting #[Quot, Quot.mk, Quot.lift, Quot.ind, checked, Classical.choice, Quot.sound, propext, Nat.add, Nat.sub, Nat.mul, Nat.pow, Nat.gcd, Nat.div, Nat.mod, Nat.beq, Nat.ble, Nat.land, Nat.lor, Nat.xor, Nat.shiftLeft, Nat.shiftRight, String.ofList, Char.ofNat, List, eagerReduce, Nat, String, String.mk, Char, optParam, autoParam, semiOutParam, outParam] from Challenge
2026-09-22T21:29:39.5129442Z Building Solution
2026-09-22T21:29:40.3854235Z ✔ [2/3] Built Solution (725ms)
2026-09-22T21:29:40.3857790Z Build completed successfully (3 jobs).
2026-09-22T21:29:41.2542824Z Exporting #[Quot, Quot.mk, Quot.lift, Quot.ind, checked, Classical.choice, Quot.sound, propext, Nat.add, Nat.sub, Nat.mul, Nat.pow, Nat.gcd, Nat.div, Nat.mod, Nat.beq, Nat.ble, Nat.land, Nat.lor, Nat.xor, Nat.shiftLeft, Nat.shiftRight, String.ofList, Char.ofNat, List, eagerReduce, Nat, String, String.mk, Char, optParam, autoParam, semiOutParam, outParam] from Solution
2026-09-22T21:29:41.2544579Z uncaught exception: Illegal axiom detected: 'checked._native.native_decide.ax_1_1'
2026-09-22T21:29:42.2417078Z Running lake env true
2026-09-22T21:29:42.2417520Z Log: /home/runner/work/_temp/nla-lean-tools/logs/verify-20260922T212925Z-3935/dependencies.log
2026-09-22T21:29:42.2770307Z info: leancert: cloning https://github.com/alerad/leancert
2026-09-22T21:29:43.8477403Z info: leancert: checking out revision '621a43d7cf21f87872392a01e874f2f1dbddc926'
2026-09-22T21:29:43.8857198Z info: mathlib: cloning https://github.com/leanprover-community/mathlib4.git
2026-09-22T21:30:13.1113628Z info: mathlib: checking out revision '0df444a360eaa60ab8c11dca51a86af692955474'
2026-09-22T21:30:14.5966845Z info: plausible: cloning https://github.com/leanprover-community/plausible
2026-09-22T21:30:15.2033615Z info: plausible: checking out revision 'b7eb3304aeae834b12dda98993a37f6a41f6f0bb'
2026-09-22T21:30:15.2150068Z info: LeanSearchClient: cloning https://github.com/leanprover-community/LeanSearchClient
2026-09-22T21:30:15.7911769Z info: LeanSearchClient: checking out revision '5f4d51b81cbd3f6b32b156bfad9056621a040404'
2026-09-22T21:30:15.8016578Z info: importGraph: cloning https://github.com/leanprover-community/import-graph
2026-09-22T21:30:16.5757306Z info: importGraph: checking out revision '16f02aa7642864af59f1ff0e384a015994db9118'
2026-09-22T21:30:16.5891957Z info: proofwidgets: cloning https://github.com/leanprover-community/ProofWidgets4
2026-09-22T21:30:17.7924060Z info: proofwidgets: checking out revision '4be2e3d5087eeb272cf5a8853b8f9dd025ef5957'
2026-09-22T21:30:18.2718632Z info: aesop: cloning https://github.com/leanprover-community/aesop
2026-09-22T21:30:19.5636943Z info: aesop: checking out revision '3448c0bcc5ce01b2d1546e483ec3620e32df3d0e'
2026-09-22T21:30:19.5793354Z info: Qq: cloning https://github.com/leanprover-community/quote4
2026-09-22T21:30:20.2849371Z info: Qq: checking out revision '92c15be17b7caf78c2ad767ec40f89052d908d81'
2026-09-22T21:30:20.2967611Z info: batteries: cloning https://github.com/leanprover-community/batteries
2026-09-22T21:30:31.8222927Z info: batteries: checking out revision '4488d40d070b9700d4d5a6aa342f0d40c31b2a2d'
2026-09-22T21:30:31.8458668Z info: Cli: cloning https://github.com/leanprover/lean4-cli
2026-09-22T21:30:32.4778152Z info: Cli: checking out revision '6130a47896ce867c6a4a55373441e59e565bad0f'
2026-09-22T21:30:32.6307538Z Running lake exe cache get
2026-09-22T21:30:32.6308273Z Log: /home/runner/work/_temp/nla-lean-tools/logs/verify-20260922T212925Z-3935/mathlib-cache.log
2026-09-22T21:30:33.6583260Z ✔ [1/5] Built Cache.Cli (269ms)
2026-09-22T21:30:33.7584584Z ✔ [2/5] Built Cache.Lean (354ms)
2026-09-22T21:30:34.4600837Z ✔ [6/26] Built Cache.Cli:c.o (139ms)
2026-09-22T21:30:34.4601450Z ✔ [7/26] Built Cache.Lean:c.o (178ms)
2026-09-22T21:30:34.7599880Z ✔ [8/26] Built Cache.Infra (404ms)
2026-09-22T21:30:34.8599260Z ✔ [9/26] Built Cache.Infra:c.o (168ms)
2026-09-22T21:30:35.0615835Z ✔ [10/26] Built Batteries.Tactic.OpenPrivate (796ms)
2026-09-22T21:30:36.1627909Z ✔ [11/26] Built Batteries.Tactic.OpenPrivate:c.o (1.1s)
2026-09-22T21:30:36.2629100Z ✔ [12/26] Built Cache.IO (1.2s)
2026-09-22T21:30:36.9640676Z ✔ [13/26] Built Cache.Hashing (651ms)
2026-09-22T21:30:37.3642633Z ✔ [14/26] Built Cache.Hashing:c.o (441ms)
2026-09-22T21:30:37.4632733Z ✔ [15/26] Built Cache.IO:c.o (1.2s)
2026-09-22T21:30:38.5670598Z ✔ [16/26] Built Cache.Requests (1.7s)
2026-09-22T21:30:39.1663521Z ✔ [17/26] Built Cache.Marker (540ms)
2026-09-22T21:30:39.2664323Z ✔ [18/26] Built Cache.Marker:c.o (107ms)
2026-09-22T21:30:39.7710081Z ✔ [19/26] Built Cache.Query (626ms)
2026-09-22T21:30:39.9684617Z ✔ [20/26] Built Cache.Query:c.o (241ms)
2026-09-22T21:30:40.4703128Z ✔ [21/26] Built Cache.Warning (666ms)
2026-09-22T21:30:40.6705082Z ✔ [22/26] Built Cache.Warning:c.o (278ms)
2026-09-22T21:30:40.9707564Z ✔ [23/26] Built Cache.Requests:c.o (2.3s)
2026-09-22T21:30:41.4713559Z ✔ [24/26] Built Cache.Main (1.0s)
2026-09-22T21:30:42.1720868Z ✔ [25/26] Built Cache.Main:c.o (704ms)
2026-09-22T21:30:42.7753585Z ✔ [26/26] Built cache:exe (635ms)
2026-09-22T21:30:45.3134817Z Current branch: HEAD
2026-09-22T21:30:45.3135330Z Using cache from origin: (some leanprover-community/mathlib4)
2026-09-22T21:30:45.3136498Z Attempting to download 8690 file(s) from leanprover-community/mathlib4 cache at https://lakecache.blob.core.windows.net/mathlib4-master
2026-09-22T21:30:46.3143430Z 
2026-09-22T21:30:46.4144070Z Downloaded: 1 file(s) [attempted 1/8690 = 0%, 27 KB/s], Decompressed: 0
2026-09-22T21:30:46.5192044Z Downloaded: 68 file(s) [attempted 68/8690 = 0%, 596 KB/s], Decompressed: 19
2026-09-22T21:30:46.6281028Z Downloaded: 149 file(s) [attempted 149/8690 = 1%, 620 KB/s], Decompressed: 72
2026-09-22T21:30:46.7291048Z Downloaded: 238 file(s) [attempted 238/8690 = 2%, 247 KB/s], Decompressed: 72
2026-09-22T21:30:46.8291291Z Downloaded: 334 file(s) [attempted 334/8690 = 3%, 435 KB/s], Decompressed: 72
2026-09-22T21:30:46.9301259Z Downloaded: 433 file(s) [attempted 433/8690 = 4%, 839 KB/s], Decompressed: 149
2026-09-22T21:30:47.0321056Z Downloaded: 534 file(s) [attempted 534/8690 = 6%, 2464 KB/s], Decompressed: 149
2026-09-22T21:30:47.1320466Z Downloaded: 641 file(s) [attempted 641/8690 = 7%, 1001 KB/s], Decompressed: 149
2026-09-22T21:30:47.2311955Z Downloaded: 745 file(s) [attempted 745/8690 = 8%, 449 KB/s], Decompressed: 149
2026-09-22T21:30:47.3399500Z Downloaded: 849 file(s) [attempted 849/8690 = 9%, 1691 KB/s], Decompressed: 149
2026-09-22T21:30:47.4420379Z Downloaded: 944 file(s) [attempted 944/8690 = 10%, 3387 KB/s], Decompressed: 149
2026-09-22T21:30:47.5459790Z Downloaded: 1035 file(s) [attempted 1035/8690 = 11%, 77 KB/s], Decompressed: 149
2026-09-22T21:30:47.6525339Z Downloaded: 1134 file(s) [attempted 1134/8690 = 13%, 2114 KB/s], Decompressed: 373
2026-09-22T21:30:47.7530469Z Downloaded: 1232 file(s) [attempted 1232/8690 = 14%, 2525 KB/s], Decompressed: 373
2026-09-22T21:30:47.8513819Z Downloaded: 1342 file(s) [attempted 1342/8690 = 15%, 2279 KB/s], Decompressed: 373
2026-09-22T21:30:47.9540388Z Downloaded: 1451 file(s) [attempted 1451/8690 = 16%, 3828 KB/s], Decompressed: 373
2026-09-22T21:30:48.0550579Z Downloaded: 1564 file(s) [attempted 1564/8690 = 17%, 1043 KB/s], Decompressed: 373
2026-09-22T21:30:48.1570212Z Downloaded: 1676 file(s) [attempted 1676/8690 = 19%, 710 KB/s], Decompressed: 373
2026-09-22T21:30:48.2590455Z Downloaded: 1779 file(s) [attempted 1779/8690 = 20%, 777 KB/s], Decompressed: 373
2026-09-22T21:30:48.3604242Z Downloaded: 1884 file(s) [attempted 1884/8690 = 21%, 1826 KB/s], Decompressed: 373
2026-09-22T21:30:48.4711626Z Downloaded: 1985 file(s) [attempted 1985/8690 = 22%, 263 KB/s], Decompressed: 373
2026-09-22T21:30:48.5739686Z Downloaded: 2088 file(s) [attempted 2088/8690 = 24%, 531 KB/s], Decompressed: 373
2026-09-22T21:30:48.6771515Z Downloaded: 2191 file(s) [attempted 2191/8690 = 25%, 307 KB/s], Decompressed: 373
2026-09-22T21:30:48.7834861Z Downloaded: 2296 file(s) [attempted 2296/8690 = 26%, 326 KB/s], Decompressed: 373
2026-09-22T21:30:48.8853178Z Downloaded: 2401 file(s) [attempted 2401/8690 = 27%, 1563 KB/s], Decompressed: 373
2026-09-22T21:30:48.9867141Z Downloaded: 2504 file(s) [attempted 2504/8690 = 28%, 520 KB/s], Decompressed: 373
2026-09-22T21:30:49.0922013Z Downloaded: 2612 file(s) [attempted 2612/8690 = 30%, 991 KB/s], Decompressed: 373
2026-09-22T21:30:49.1932548Z Downloaded: 2717 file(s) [attempted 2717/8690 = 31%, 89 KB/s], Decompressed: 373
2026-09-22T21:30:49.2963852Z Downloaded: 2832 file(s) [attempted 2832/8690 = 32%, 415 KB/s], Decompressed: 373
2026-09-22T21:30:49.3961354Z Downloaded: 2946 file(s) [attempted 2946/8690 = 33%, 69 KB/s], Decompressed: 1083
2026-09-22T21:30:49.4980877Z Downloaded: 3054 file(s) [attempted 3054/8690 = 35%, 100 KB/s], Decompressed: 1083
2026-09-22T21:30:49.5977398Z Downloaded: 3157 file(s) [attempted 3157/8690 = 36%, 2308 KB/s], Decompressed: 1083
2026-09-22T21:30:49.6973523Z Downloaded: 3269 file(s) [attempted 3269/8690 = 37%, 671 KB/s], Decompressed: 1083
2026-09-22T21:30:49.7991905Z Downloaded: 3372 file(s) [attempted 3372/8690 = 38%, 631 KB/s], Decompressed: 1083
2026-09-22T21:30:49.9011216Z Downloaded: 3477 file(s) [attempted 3477/8690 = 40%, 2238 KB/s], Decompressed: 1083
2026-09-22T21:30:50.0016931Z Downloaded: 3582 file(s) [attempted 3582/8690 = 41%, 4128 KB/s], Decompressed: 1083
2026-09-22T21:30:50.1228591Z Downloaded: 3694 file(s) [attempted 3694/8690 = 42%, 1267 KB/s], Decompressed: 1083
2026-09-22T21:30:50.2291860Z Downloaded: 3767 file(s) [attempted 3767/8690 = 43%, 241 KB/s], Decompressed: 1083
2026-09-22T21:30:50.3290257Z Downloaded: 3873 file(s) [attempted 3873/8690 = 44%, 1457 KB/s], Decompressed: 1083
2026-09-22T21:30:50.4359383Z Downloaded: 3979 file(s) [attempted 3979/8690 = 45%, 276 KB/s], Decompressed: 1083
2026-09-22T21:30:50.5408079Z Downloaded: 4085 file(s) [attempted 4085/8690 = 47%, 1033 KB/s], Decompressed: 1083
2026-09-22T21:30:50.6652584Z Downloaded: 4188 file(s) [attempted 4188/8690 = 48%, 344 KB/s], Decompressed: 1083
2026-09-22T21:30:50.7656726Z Downloaded: 4291 file(s) [attempted 4291/8690 = 49%, 848 KB/s], Decompressed: 1083
2026-09-22T21:30:50.8657406Z Downloaded: 4394 file(s) [attempted 4394/8690 = 50%, 670 KB/s], Decompressed: 1083
2026-09-22T21:30:50.9834910Z Downloaded: 4500 file(s) [attempted 4500/8690 = 51%, 2068 KB/s], Decompressed: 1083
2026-09-22T21:30:51.0998044Z Downloaded: 4605 file(s) [attempted 4605/8690 = 52%, 1812 KB/s], Decompressed: 1083
2026-09-22T21:30:51.2250382Z Downloaded: 4706 file(s) [attempted 4706/8690 = 54%, 1580 KB/s], Decompressed: 1083
2026-09-22T21:30:51.3481367Z Downloaded: 4813 file(s) [attempted 4813/8690 = 55%, 194 KB/s], Decompressed: 1083
2026-09-22T21:30:51.4518980Z Downloaded: 4914 file(s) [attempted 4914/8690 = 56%, 1672 KB/s], Decompressed: 1083
2026-09-22T21:30:51.5723238Z Downloaded: 5024 file(s) [attempted 5024/8690 = 57%, 477 KB/s], Decompressed: 1083
2026-09-22T21:30:51.6776386Z Downloaded: 5074 file(s) [attempted 5074/8690 = 58%, 733 KB/s], Decompressed: 1083
2026-09-22T21:30:51.7851090Z Downloaded: 5175 file(s) [attempted 5175/8690 = 59%, 174 KB/s], Decompressed: 1083
2026-09-22T21:30:51.8842665Z Downloaded: 5275 file(s) [attempted 5275/8690 = 60%, 231 KB/s], Decompressed: 1083
2026-09-22T21:30:52.0011581Z Downloaded: 5376 file(s) [attempted 5376/8690 = 61%, 182 KB/s], Decompressed: 1083
2026-09-22T21:30:52.1034206Z Downloaded: 5436 file(s) [attempted 5436/8690 = 62%, 147 KB/s], Decompressed: 1083
2026-09-22T21:30:52.2045224Z Downloaded: 5536 file(s) [attempted 5536/8690 = 63%, 401 KB/s], Decompressed: 1083
2026-09-22T21:30:52.3160234Z Downloaded: 5641 file(s) [attempted 5641/8690 = 64%, 575 KB/s], Decompressed: 1083
2026-09-22T21:30:52.4474665Z Downloaded: 5744 file(s) [attempted 5744/8690 = 66%, 125 KB/s], Decompressed: 1083
2026-09-22T21:30:52.5462755Z Downloaded: 5806 file(s) [attempted 5806/8690 = 66%, 488 KB/s], Decompressed: 1083
2026-09-22T21:30:52.6465897Z Downloaded: 5908 file(s) [attempted 5908/8690 = 67%, 121 KB/s], Decompressed: 1083
2026-09-22T21:30:52.7484540Z Downloaded: 5993 file(s) [attempted 5993/8690 = 68%, 612 KB/s], Decompressed: 1083
2026-09-22T21:30:52.8493515Z Downloaded: 6095 file(s) [attempted 6095/8690 = 70%, 373 KB/s], Decompressed: 1083
2026-09-22T21:30:52.9492198Z Downloaded: 6200 file(s) [attempted 6200/8690 = 71%, 687 KB/s], Decompressed: 1083
2026-09-22T21:30:53.0504563Z Downloaded: 6300 file(s) [attempted 6300/8690 = 72%, 2651 KB/s], Decompressed: 1083
2026-09-22T21:30:53.1628844Z Downloaded: 6405 file(s) [attempted 6405/8690 = 73%, 1912 KB/s], Decompressed: 1083
2026-09-22T21:30:53.2630026Z Downloaded: 6516 file(s) [attempted 6516/8690 = 74%, 1309 KB/s], Decompressed: 1083
2026-09-22T21:30:53.3646924Z Downloaded: 6619 file(s) [attempted 6619/8690 = 76%, 3457 KB/s], Decompressed: 1083
2026-09-22T21:30:53.4668811Z Downloaded: 6731 file(s) [attempted 6731/8690 = 77%, 939 KB/s], Decompressed: 1083
2026-09-22T21:30:53.5735231Z Downloaded: 6838 file(s) [attempted 6838/8690 = 78%, 149 KB/s], Decompressed: 1083
2026-09-22T21:30:53.6740119Z Downloaded: 6943 file(s) [attempted 6943/8690 = 79%, 3272 KB/s], Decompressed: 1083
2026-09-22T21:30:53.7733725Z Downloaded: 7051 file(s) [attempted 7051/8690 = 81%, 322 KB/s], Decompressed: 1083
2026-09-22T21:30:53.8763571Z Downloaded: 7160 file(s) [attempted 7160/8690 = 82%, 411 KB/s], Decompressed: 1083
2026-09-22T21:30:53.9850349Z Downloaded: 7257 file(s) [attempted 7257/8690 = 83%, 254 KB/s], Decompressed: 2854
2026-09-22T21:30:54.0881765Z Downloaded: 7362 file(s) [attempted 7362/8690 = 84%, 266 KB/s], Decompressed: 2854
2026-09-22T21:30:54.1853858Z Downloaded: 7375 file(s) [attempted 7375/8690 = 84%, 315 KB/s], Decompressed: 2854
2026-09-22T21:30:54.2853041Z Downloaded: 7474 file(s) [attempted 7474/8690 = 86%, 2824 KB/s], Decompressed: 2854
2026-09-22T21:30:54.3984299Z Downloaded: 7572 file(s) [attempted 7572/8690 = 87%, 220 KB/s], Decompressed: 2854
2026-09-22T21:30:54.5044257Z Downloaded: 7625 file(s) [attempted 7625/8690 = 87%, 70 KB/s], Decompressed: 2854
2026-09-22T21:30:54.6036422Z Downloaded: 7726 file(s) [attempted 7726/8690 = 88%, 191 KB/s], Decompressed: 2854
2026-09-22T21:30:54.7044570Z Downloaded: 7824 file(s) [attempted 7824/8690 = 90%, 494 KB/s], Decompressed: 2854
2026-09-22T21:30:54.8288975Z Downloaded: 7941 file(s) [attempted 7941/8690 = 91%, 361 KB/s], Decompressed: 2854
2026-09-22T21:30:54.9340221Z Downloaded: 8030 file(s) [attempted 8030/8690 = 92%, 272 KB/s], Decompressed: 2854
2026-09-22T21:30:55.0377569Z Downloaded: 8133 file(s) [attempted 8133/8690 = 93%, 301 KB/s], Decompressed: 2854
2026-09-22T21:30:55.1370861Z Downloaded: 8234 file(s) [attempted 8234/8690 = 94%, 1853 KB/s], Decompressed: 2854
2026-09-22T21:30:55.2363222Z Downloaded: 8339 file(s) [attempted 8339/8690 = 95%, 1875 KB/s], Decompressed: 2854
2026-09-22T21:30:55.3445459Z Downloaded: 8442 file(s) [attempted 8442/8690 = 97%, 2034 KB/s], Decompressed: 2854
2026-09-22T21:30:55.4484617Z Downloaded: 8547 file(s) [attempted 8547/8690 = 98%, 832 KB/s], Decompressed: 2854
2026-09-22T21:30:55.6818939Z Downloaded: 8653 file(s) [attempted 8653/8690 = 99%, 1272 KB/s], Decompressed: 2854
2026-09-22T21:30:55.6850451Z Downloaded: 8689 file(s) [attempted 8689/8690 = 99%, 424 KB/s], Decompressed: 2854
2026-09-22T21:30:55.6851208Z Downloaded: 8690 file(s) [attempted 8690/8690 = 100%, 424 KB/s], Decompressed: 2854
2026-09-22T21:31:21.7118532Z Decompressed 8690 file(s)
2026-09-22T21:31:21.7118825Z Already decompressed 8690 file(s)
2026-09-22T21:31:21.8329385Z Running systemd-run --user --quiet --wait --pipe --collect -p 'RestrictAddressFamilies=~AF_UNIX' --working-directory /home/runner/work/_temp/nla-lean-tools/.verification-tmp/nla-fresh-proof-v1_k55v_/project /usr/bin/env -i PATH=/home/runner/.elan/toolchains/leanprover--lean4---v4.33.1/bin:/home/runner/.elan/bin:/home/runner/go/bin:/opt/hostedtoolcache/go/1.27.1/x64/bin:/snap/bin:/home/runner/.local/bin:/opt/pipx_bin:/home/runner/.cargo/bin:/home/runner/.config/composer/vendor/bin:/usr/local/.ghcup/bin:/home/runner/.dotnet/tools:/usr/local/sbin:/usr/local/bin:/usr/sbin:/usr/bin:/sbin:/bin:/usr/games:/usr/local/games:/snap/bin HOME=/home/runner LANG=C.UTF-8 XDG_RUNTIME_DIR=/run/user/1001 DBUS_SESSION_BUS_ADDRESS=unix:path=/run/user/1001/bus GIT_TERMINAL_PROMPT=0 GIT_CONFIG_NOSYSTEM=1 GIT_CONFIG_GLOBAL=/dev/null COMPARATOR_BIN=/home/runner/work/_temp/nla-lean-tools/.tools/comparator/.lake/build/bin/comparator COMPARATOR_LEAN4EXPORT=/home/runner/work/_temp/nla-lean-tools/.tools/lean4export/.lake/build/bin/lean4export COMPARATOR_LANDRUN=/home/runner/work/_temp/nla-lean-tools/scripts/strict_landrun.py XDG_CACHE_HOME=/home/runner/work/_temp/nla-lean-tools/.tools/cache TMPDIR=/home/runner/work/_temp/nla-lean-tools/.verification-tmp lake env /home/runner/work/_temp/nla-lean-tools/.tools/comparator/.lake/build/bin/comparator comparator.json
2026-09-22T21:31:21.8333525Z Log: /home/runner/work/_temp/nla-lean-tools/logs/verify-20260922T212925Z-3935/comparator.log
2026-09-22T21:31:22.6731971Z Building Challenge
2026-09-22T21:31:27.6171325Z ✔ [3176/3178] Built NLA.IE21.Definitions (2.9s)
2026-09-22T21:31:29.9192796Z ⚠ [3177/3178] Built Challenge (2.3s)
2026-09-22T21:31:29.9193158Z warning: Challenge.lean:15:8: declaration uses `sorry`
2026-09-22T21:31:29.9193457Z warning: Challenge.lean:20:8: declaration uses `sorry`
2026-09-22T21:31:29.9193736Z warning: Challenge.lean:27:8: declaration uses `sorry`
2026-09-22T21:31:29.9194009Z warning: Challenge.lean:32:8: declaration uses `sorry`
2026-09-22T21:31:29.9194295Z warning: Challenge.lean:36:8: declaration uses `sorry`
2026-09-22T21:31:29.9194565Z warning: Challenge.lean:43:8: declaration uses `sorry`
2026-09-22T21:31:29.9194874Z warning: Challenge.lean:53:8: declaration uses `sorry`
2026-09-22T21:31:29.9195138Z warning: Challenge.lean:60:8: declaration uses `sorry`
2026-09-22T21:31:29.9195418Z warning: Challenge.lean:67:8: declaration uses `sorry`
2026-09-22T21:31:29.9195684Z warning: Challenge.lean:72:8: declaration uses `sorry`
2026-09-22T21:31:29.9195961Z warning: Challenge.lean:79:8: declaration uses `sorry`
2026-09-22T21:31:29.9196236Z warning: Challenge.lean:87:8: declaration uses `sorry`
2026-09-22T21:31:29.9196502Z warning: Challenge.lean:96:8: declaration uses `sorry`
2026-09-22T21:31:29.9196776Z warning: Challenge.lean:102:8: declaration uses `sorry`
2026-09-22T21:31:29.9197258Z warning: Challenge.lean:107:8: declaration uses `sorry`
2026-09-22T21:31:29.9197594Z warning: Challenge.lean:115:8: declaration uses `sorry`
2026-09-22T21:31:29.9197895Z warning: Challenge.lean:120:8: declaration uses `sorry`
2026-09-22T21:31:29.9198162Z warning: Challenge.lean:125:8: declaration uses `sorry`
2026-09-22T21:31:29.9198464Z warning: Challenge.lean:131:8: declaration uses `sorry`
2026-09-22T21:31:29.9198772Z warning: Challenge.lean:142:8: declaration uses `sorry`
2026-09-22T21:31:29.9199041Z warning: Challenge.lean:152:8: declaration uses `sorry`
2026-09-22T21:31:29.9199609Z warning: Challenge.lean:167:8: declaration uses `sorry`
2026-09-22T21:31:29.9200035Z warning: Challenge.lean:177:8: declaration uses `sorry`
2026-09-22T21:31:29.9361206Z Build completed successfully (3178 jobs).
2026-09-22T21:31:39.4056336Z Exporting #[Quot, Quot.mk, Quot.lift, Quot.ind, NLA.IE21.surface_probability, NLA.IE21.gaussian_surface_correspondence, NLA.IE21.product_row_semantics, NLA.IE21.independent_row_transport, NLA.IE21.matrix_semantics, NLA.IE21.deletion_minimum, NLA.IE21.deletion_zero_cases, NLA.IE21.finite_trimming_semantics, NLA.IE21.directional_minimum, NLA.IE21.statistics_measurable, NLA.IE21.gaussian_constant, NLA.IE21.spherical_moments, NLA.IE21.spherical_quadratic_mgf, NLA.IE21.spherical_gaussian_trimming, NLA.IE21.pointwise_trim_concentration, NLA.IE21.sphere_net, NLA.IE21.covariance_concentration, NLA.IE21.uniform_trim_concentration, NLA.IE21.finite_size_bound, NLA.IE21.finite_size_independent_rows, NLA.IE21.aspect_schedule, NLA.IE21.spherical_ratio_limit, NLA.IE21.original_random_row_limit, propext, Classical.choice, Quot.sound, Nat.add, Nat.sub, Nat.mul, Nat.pow, Nat.gcd, Nat.div, Nat.mod, Nat.beq, Nat.ble, Nat.land, Nat.lor, Nat.xor, Nat.shiftLeft, Nat.shiftRight, String.ofList, Char.ofNat, List, eagerReduce, Nat, String, String.mk, Char, optParam, autoParam, semiOutParam, outParam] from Challenge
2026-09-22T21:31:39.4059896Z Building Solution
2026-09-22T21:31:46.1702483Z ✔ [3707/3725] Built NLA.IE21.SphericalLaw (4.6s)
2026-09-22T21:31:46.8720964Z ✔ [3708/3727] Built NLA.IE21.MatrixSemantics (5.5s)
2026-09-22T21:31:47.1722379Z ℹ [3709/3729] Built NLA.IE21.SphereNet (5.6s)
2026-09-22T21:31:47.1723919Z info: NLA/IE21/SphereNet.lean:106:0: 'NLA.IE21.sphere_net' depends on axioms: [propext, Classical.choice, Quot.sound]
2026-09-22T21:31:47.2731149Z ✔ [3710/3732] Built NLA.IE21.GaussianTrimming (5.6s)
2026-09-22T21:31:50.3832377Z ✔ [3711/3732] Built NLA.IE21.RowLaw (3.5s)
2026-09-22T21:31:51.2841771Z ✔ [3712/3734] Built NLA.IE21.GaussianPolar (5.1s)
2026-09-22T21:31:52.1846044Z ✔ [3713/3734] Built NLA.IE21.BoundedConcentration (4.9s)
2026-09-22T21:31:52.9858106Z ✔ [3714/3738] Built NLA.IE21.FiniteTrimming (5.8s)
2026-09-22T21:31:56.6023647Z ✔ [3715/3738] Built NLA.IE21.Chernoff (5.4s)
2026-09-22T21:31:57.2031691Z ✔ [3716/3738] Built NLA.IE21.GaussianMoments (5.1s)
2026-09-22T21:31:57.5074701Z ✔ [3718/3741] Built NLA.IE21.RatioAlgebra (4.5s)
2026-09-22T21:32:02.5393865Z ✔ [3720/3741] Built NLA.IE21.SphericalMoments (5.0s)
2026-09-22T21:32:03.0405135Z ✔ [3721/3741] Built NLA.IE21.QuadraticNet (6.4s)
2026-09-22T21:32:04.0419665Z ℹ [3722/3741] Built NLA.IE21.AspectSchedule (6.9s)
2026-09-22T21:32:04.0421595Z info: NLA/IE21/AspectSchedule.lean:176:0: 'NLA.IE21.aspect_schedule' depends on axioms: [propext, Classical.choice, Quot.sound]
2026-09-22T21:32:05.9418285Z ✔ [3723/3741] Built LeanCert.Tactic.Verification (3.4s)
2026-09-22T21:32:08.5462525Z ✔ [3724/3741] Built NLA.IE21.SphericalMGF (5.5s)
2026-09-22T21:32:08.8472589Z ✔ [3725/3741] Built NLA.IE21.CovarianceConcentration (4.7s)
2026-09-22T21:32:08.9481275Z ✔ [3726/3741] Built NLA.IE21.PopulationTrimming (18s)
2026-09-22T21:32:09.7486346Z ✔ [3727/3741] Built NLA.IE21.PointwiseTrimmingSemantics (3.8s)
2026-09-22T21:32:12.1512582Z ✔ [3728/3741] Built NLA.IE21.Covariance (3.2s)
2026-09-22T21:32:12.1518110Z ✔ [3729/3741] Built NLA.IE21.AsymptoticTail (3.3s)
2026-09-22T21:32:14.5537234Z ✔ [3730/3741] Built NLA.IE21.UniformTrimmingGeometry (5.9s)
2026-09-22T21:32:15.5562834Z ✔ [3731/3741] Built NLA.IE21.QuantileTrimming (5.8s)
2026-09-22T21:32:17.3582014Z ✔ [3732/3741] Built NLA.IE21.SphericalTrimming (5.3s)
2026-09-22T21:32:17.9582263Z ✔ [3733/3741] Built NLA.IE21.UniformTrimmingBound (3.4s)
2026-09-22T21:32:18.1574552Z ✔ [3734/3741] Built NLA.IE21.FiniteSizeGeometry (3.6s)
2026-09-22T21:32:19.1604480Z ✔ [3735/3741] Built NLA.IE21.EmpiricalTrimming (3.6s)
2026-09-22T21:32:24.4668300Z ✔ [3736/3741] Built NLA.IE21.TrimmingConcentration (5.3s)
2026-09-22T21:32:26.7693465Z ✔ [3737/3741] Built NLA.IE21.PointwiseTrimming (2.3s)
2026-09-22T21:32:28.9719803Z ✔ [3738/3741] Built NLA.IE21.UniformTrimming (2.2s)
2026-09-22T21:32:31.1741779Z ✔ [3739/3741] Built NLA.IE21.FiniteSize (2.2s)
2026-09-22T21:32:33.4767417Z ℹ [3740/3741] Built Solution (2.3s)
2026-09-22T21:32:33.4768168Z info: Solution.lean:14:0: 'NLA.IE21.surface_probability' depends on axioms: [propext, Classical.choice, Quot.sound]
2026-09-22T21:32:33.4768880Z info: Solution.lean:16:0: 'NLA.IE21.gaussian_surface_correspondence' depends on axioms: [propext, Classical.choice, Quot.sound]
2026-09-22T21:32:33.4769700Z info: Solution.lean:18:0: 'NLA.IE21.product_row_semantics' depends on axioms: [propext, Classical.choice, Quot.sound]
2026-09-22T21:32:33.4770338Z info: Solution.lean:20:0: 'NLA.IE21.independent_row_transport' depends on axioms: [propext, Classical.choice, Quot.sound]
2026-09-22T21:32:33.4771206Z info: Solution.lean:22:0: 'NLA.IE21.matrix_semantics' depends on axioms: [propext, Classical.choice, Quot.sound]
2026-09-22T21:32:33.4771761Z info: Solution.lean:24:0: 'NLA.IE21.deletion_minimum' depends on axioms: [propext, Classical.choice, Quot.sound]
2026-09-22T21:32:33.4772314Z info: Solution.lean:26:0: 'NLA.IE21.deletion_zero_cases' depends on axioms: [propext, Classical.choice, Quot.sound]
2026-09-22T21:32:33.4772951Z info: Solution.lean:28:0: 'NLA.IE21.finite_trimming_semantics' depends on axioms: [propext, Classical.choice, Quot.sound]
2026-09-22T21:32:33.4773539Z info: Solution.lean:30:0: 'NLA.IE21.directional_minimum' depends on axioms: [propext, Classical.choice, Quot.sound]
2026-09-22T21:32:33.4774099Z info: Solution.lean:32:0: 'NLA.IE21.statistics_measurable' depends on axioms: [propext, Classical.choice, Quot.sound]
2026-09-22T21:32:33.4774664Z info: Solution.lean:34:0: 'NLA.IE21.gaussian_constant' depends on axioms: [propext, Classical.choice, Quot.sound]
2026-09-22T21:32:33.4775209Z info: Solution.lean:36:0: 'NLA.IE21.spherical_moments' depends on axioms: [propext, Classical.choice, Quot.sound]
2026-09-22T21:32:33.4775948Z info: Solution.lean:38:0: 'NLA.IE21.spherical_quadratic_mgf' depends on axioms: [propext, Classical.choice, Quot.sound]
2026-09-22T21:32:33.4776964Z info: Solution.lean:40:0: 'NLA.IE21.spherical_gaussian_trimming' depends on axioms: [propext, Classical.choice, Quot.sound]
2026-09-22T21:32:33.4777884Z info: Solution.lean:42:0: 'NLA.IE21.pointwise_trim_concentration' depends on axioms: [propext, Classical.choice, Quot.sound]
2026-09-22T21:32:33.4778597Z info: Solution.lean:44:0: 'NLA.IE21.sphere_net' depends on axioms: [propext, Classical.choice, Quot.sound]
2026-09-22T21:32:33.4780688Z info: Solution.lean:46:0: 'NLA.IE21.covariance_concentration' depends on axioms: [propext, Classical.choice, Quot.sound]
2026-09-22T21:32:33.4781490Z info: Solution.lean:48:0: 'NLA.IE21.uniform_trim_concentration' depends on axioms: [propext, Classical.choice, Quot.sound]
2026-09-22T21:32:33.4782233Z info: Solution.lean:50:0: 'NLA.IE21.finite_size_bound' depends on axioms: [propext, Classical.choice, Quot.sound]
2026-09-22T21:32:33.4782967Z info: Solution.lean:52:0: 'NLA.IE21.finite_size_independent_rows' depends on axioms: [propext, Classical.choice, Quot.sound]
2026-09-22T21:32:33.4783682Z info: Solution.lean:54:0: 'NLA.IE21.aspect_schedule' depends on axioms: [propext, Classical.choice, Quot.sound]
2026-09-22T21:32:33.4784380Z info: Solution.lean:56:0: 'NLA.IE21.spherical_ratio_limit' depends on axioms: [propext, Classical.choice, Quot.sound]
2026-09-22T21:32:33.4785110Z info: Solution.lean:58:0: 'NLA.IE21.original_random_row_limit' depends on axioms: [propext, Classical.choice, Quot.sound]
2026-09-22T21:32:33.4979230Z Build completed successfully (3741 jobs).
2026-09-22T21:34:15.3532946Z Exporting #[Quot, Quot.mk, Quot.lift, Quot.ind, NLA.IE21.surface_probability, NLA.IE21.gaussian_surface_correspondence, NLA.IE21.product_row_semantics, NLA.IE21.independent_row_transport, NLA.IE21.matrix_semantics, NLA.IE21.deletion_minimum, NLA.IE21.deletion_zero_cases, NLA.IE21.finite_trimming_semantics, NLA.IE21.directional_minimum, NLA.IE21.statistics_measurable, NLA.IE21.gaussian_constant, NLA.IE21.spherical_moments, NLA.IE21.spherical_quadratic_mgf, NLA.IE21.spherical_gaussian_trimming, NLA.IE21.pointwise_trim_concentration, NLA.IE21.sphere_net, NLA.IE21.covariance_concentration, NLA.IE21.uniform_trim_concentration, NLA.IE21.finite_size_bound, NLA.IE21.finite_size_independent_rows, NLA.IE21.aspect_schedule, NLA.IE21.spherical_ratio_limit, NLA.IE21.original_random_row_limit, propext, Classical.choice, Quot.sound, Nat.add, Nat.sub, Nat.mul, Nat.pow, Nat.gcd, Nat.div, Nat.mod, Nat.beq, Nat.ble, Nat.land, Nat.lor, Nat.xor, Nat.shiftLeft, Nat.shiftRight, String.ofList, Char.ofNat, List, eagerReduce, Nat, String, String.mk, Char, optParam, autoParam, semiOutParam, outParam] from Solution
2026-09-22T21:34:15.3536231Z Running Lean default kernel on solution.
2026-09-22T21:34:15.3536473Z Lean default kernel accepts the solution
2026-09-22T21:34:15.3536688Z Your solution is okay!
2026-09-22T21:34:19.8239561Z PASS: fresh Comparator run and all controls. Evidence: /home/runner/work/_temp/nla-lean-tools/logs/verify-20260922T212925Z-3935
2026-09-22T21:34:19.8425644Z Node 20 is being deprecated. This workflow is running with Node 24 by default. If you need to temporarily use Node 20, you can set the ACTIONS_ALLOW_USE_UNSECURE_NODE_VERSION=true environment variable. For more information see: https://github.blog/changelog/2025-09-19-deprecation-of-node-20-on-github-actions-runners/
2026-09-22T21:34:19.8426703Z ##[group]Run actions/upload-artifact@ea165f8d65b6e75b540449e92b4886f43607fa02
2026-09-22T21:34:19.8427003Z with:
2026-09-22T21:34:19.8427165Z   name: lean-IE-21
2026-09-22T21:34:19.8427373Z   path: /home/runner/work/_temp/nla-lean-tools/logs/
2026-09-22T21:34:19.8427622Z   if-no-files-found: warn
2026-09-22T21:34:19.8427826Z   compression-level: 6
2026-09-22T21:34:19.8428000Z   overwrite: false
2026-09-22T21:34:19.8428178Z   include-hidden-files: false
2026-09-22T21:34:19.8428365Z env:
2026-09-22T21:34:19.8428551Z   GOTOOLCHAIN: local
2026-09-22T21:34:19.8428730Z   XDG_RUNTIME_DIR: /run/user/1001
2026-09-22T21:34:19.8428989Z   DBUS_SESSION_BUS_ADDRESS: unix:path=/run/user/1001/bus
2026-09-22T21:34:19.8429433Z ##[endgroup]
2026-09-22T21:34:20.0980582Z (node:6555) [DEP0040] DeprecationWarning: The `punycode` module is deprecated. Please use a userland alternative instead.
2026-09-22T21:34:20.0981476Z (Use `node --trace-deprecation ...` to show where the warning was created)
2026-09-22T21:34:20.1110498Z With the provided path, there will be 13 files uploaded
2026-09-22T21:34:20.1140030Z Artifact name is valid!
2026-09-22T21:34:20.1140582Z Root directory input is valid!
2026-09-22T21:34:20.4929710Z Beginning upload of artifact content to blob storage
2026-09-22T21:34:20.5288832Z (node:6555) [DEP0169] DeprecationWarning: `url.parse()` behavior is not standardized and prone to errors that have security implications. Use the WHATWG URL API instead. CVEs are not issued for `url.parse()` vulnerabilities.
2026-09-22T21:34:20.8484455Z Uploaded bytes 44131
2026-09-22T21:34:20.9099805Z Finished uploading artifact content to blob storage!
2026-09-22T21:34:20.9100767Z SHA256 digest of uploaded artifact zip is 0ac4df0243596f4ca819c1bd428b2a08516f67ff2bd8e3edd294ced816cab6f0
2026-09-22T21:34:20.9101511Z Finalizing artifact upload
2026-09-22T21:34:21.1223411Z Artifact lean-IE-21.zip successfully finalized. Artifact ID 10720817978
2026-09-22T21:34:21.1224108Z Artifact lean-IE-21 has been successfully uploaded! Final size is 44131 bytes. Artifact ID is 10720817978
2026-09-22T21:34:21.1229035Z Artifact download URL: https://github.com/ajt60gaibb/OpenProblemsInNLA/actions/runs/35786770609/artifacts/10720817978
2026-09-22T21:34:21.1405210Z Post job cleanup.
2026-09-22T21:34:21.2564850Z Node 20 is being deprecated. This workflow is running with Node 24 by default. If you need to temporarily use Node 20, you can set the ACTIONS_ALLOW_USE_UNSECURE_NODE_VERSION=true environment variable. For more information see: https://github.blog/changelog/2025-09-19-deprecation-of-node-20-on-github-actions-runners/
2026-09-22T21:34:21.2565921Z Post job cleanup.
2026-09-22T21:34:21.3371786Z [command]/usr/bin/git version
2026-09-22T21:34:21.3408726Z git version 2.55.0
2026-09-22T21:34:21.3442256Z Temporarily overriding HOME='/home/runner/work/_temp/6c8c28df-4330-4d9e-9f19-dcf6d4668c87' before making global git config changes
2026-09-22T21:34:21.3443485Z Adding repository directory to the temporary git global config as a safe directory
2026-09-22T21:34:21.3446975Z [command]/usr/bin/git config --global --add safe.directory /home/runner/work/OpenProblemsInNLA/OpenProblemsInNLA
2026-09-22T21:34:21.3485687Z [command]/usr/bin/git config --local --name-only --get-regexp core\.sshCommand
2026-09-22T21:34:21.3522709Z [command]/usr/bin/git submodule foreach --recursive sh -c "git config --local --name-only --get-regexp 'core\.sshCommand' && git config --local --unset-all 'core.sshCommand' || :"
2026-09-22T21:34:21.3923117Z [command]/usr/bin/git config --local --name-only --get-regexp http\.https\:\/\/github\.com\/\.extraheader
2026-09-22T21:34:21.3982429Z [command]/usr/bin/git submodule foreach --recursive sh -c "git config --local --name-only --get-regexp 'http\.https\:\/\/github\.com\/\.extraheader' && git config --local --unset-all 'http.https://github.com/.extraheader' || :"
2026-09-22T21:34:21.4361629Z [command]/usr/bin/git config --local --name-only --get-regexp ^includeIf\.gitdir:
2026-09-22T21:34:21.4404409Z [command]/usr/bin/git submodule foreach --recursive git config --local --show-origin --name-only --get-regexp remote.origin.url
2026-09-22T21:34:21.4799086Z Cleaning up orphan processes
2026-09-22T21:34:21.5207324Z ##[warning]Node.js 20 is deprecated. The following actions target Node.js 20 but are being forced to run on Node.js 24: actions/checkout@11d5960a326750d5838078e36cf38b85af677262, actions/upload-artifact@ea165f8d65b6e75b540449e92b4886f43607fa02. For more information see: https://github.blog/changelog/2025-09-19-deprecation-of-node-20-on-github-actions-runners/
