'NLA.IE06.GaussianOvercrowdingSpectral.singularValue_le_of_norm_le' depends on axioms: [propext,
 Classical.choice,
 Quot.sound]
'NLA.IE06.GaussianOvercrowdingSpectral.row_restriction_norm_le' depends on axioms: [propext,
 Classical.choice,
 Quot.sound]
'NLA.IE06.GaussianOvercrowdingSpectral.singularValue_rows_le' depends on axioms: [propext, Classical.choice, Quot.sound]
'NLA.IE06.GaussianOvercrowdingSpectral.eigenvalue_lower_of_subspace' depends on axioms: [propext,
 Classical.choice,
 Quot.sound]
'NLA.IE06.GaussianOvercrowdingSpectral.inverse_gram_quadratic_lower' depends on axioms: [propext,
 Classical.choice,
 Quot.sound]
'NLA.IE06.GaussianOvercrowdingSpectral.sortedEigenvalues' depends on axioms: [propext, Classical.choice, Quot.sound]
'NLA.IE06.GaussianOvercrowdingSpectral.charpoly_eq_diagonal_sorted' depends on axioms: [propext,
 Classical.choice,
 Quot.sound]
'NLA.IE06.GaussianOvercrowdingSpectral.sum_principal_minors_eq_eigen_products' depends on axioms: [propext,
 Classical.choice,
 Quot.sound]
'NLA.IE06.GaussianOvercrowdingSpectral.inverse_gram_eigenvalue_lower' depends on axioms: [propext,
 Classical.choice,
 Quot.sound]
'NLA.IE06.GaussianOvercrowdingSpectral.exists_large_principal_minor' depends on axioms: [propext,
 Classical.choice,
 Quot.sound]
'NLA.IE06.GaussianOvercrowdingSpectral.singular_event_implies_large_inverse_gram_minor' depends on axioms: [propext,
 Classical.choice,
 Quot.sound]
