Independent partial-module review; not full IE-21 verification.
BUILD: /private/tmp/nla-ie21-covariance-independent-g4tg8jqp
Lean (version 4.33.1, arm64-apple-darwin24.6.0, commit 819816b2e0a3bf405af45ae5c7af2491d8f5bee6, Release)
COMMAND: /private/tmp/nla-campaign-toolchain/lean-4.33.1-darwin_aarch64/bin/lean -o /private/tmp/nla-ie21-covariance-independent-g4tg8jqp/NLA/IE21/Definitions.olean NLA/IE21/Definitions.lean
EXIT: 0
COMMAND: /private/tmp/nla-campaign-toolchain/lean-4.33.1-darwin_aarch64/bin/lean -o /private/tmp/nla-ie21-covariance-independent-g4tg8jqp/NLA/IE21/MatrixSemantics.olean NLA/IE21/MatrixSemantics.lean
EXIT: 0
COMMAND: /private/tmp/nla-campaign-toolchain/lean-4.33.1-darwin_aarch64/bin/lean -o /private/tmp/nla-ie21-covariance-independent-g4tg8jqp/NLA/IE21/FiniteTrimming.olean NLA/IE21/FiniteTrimming.lean
EXIT: 0
COMMAND: /private/tmp/nla-campaign-toolchain/lean-4.33.1-darwin_aarch64/bin/lean -o /private/tmp/nla-ie21-covariance-independent-g4tg8jqp/NLA/IE21/SphereNet.olean NLA/IE21/SphereNet.lean
'NLA.IE21.sphere_net' depends on axioms: [propext, Classical.choice, Quot.sound]
EXIT: 0
COMMAND: /private/tmp/nla-campaign-toolchain/lean-4.33.1-darwin_aarch64/bin/lean -o /private/tmp/nla-ie21-covariance-independent-g4tg8jqp/NLA/IE21/SphericalLaw.olean NLA/IE21/SphericalLaw.lean
EXIT: 0
COMMAND: /private/tmp/nla-campaign-toolchain/lean-4.33.1-darwin_aarch64/bin/lean -o /private/tmp/nla-ie21-covariance-independent-g4tg8jqp/NLA/IE21/RowLaw.olean NLA/IE21/RowLaw.lean
EXIT: 0
COMMAND: /private/tmp/nla-campaign-toolchain/lean-4.33.1-darwin_aarch64/bin/lean -o /private/tmp/nla-ie21-covariance-independent-g4tg8jqp/NLA/IE21/QuadraticNet.olean NLA/IE21/QuadraticNet.lean
EXIT: 0
COMMAND: /private/tmp/nla-campaign-toolchain/lean-4.33.1-darwin_aarch64/bin/lean -o /private/tmp/nla-ie21-covariance-independent-g4tg8jqp/NLA/IE21/Chernoff.olean NLA/IE21/Chernoff.lean
EXIT: 0
COMMAND: /private/tmp/nla-campaign-toolchain/lean-4.33.1-darwin_aarch64/bin/lean -o /private/tmp/nla-ie21-covariance-independent-g4tg8jqp/NLA/IE21/CovarianceConcentration.olean NLA/IE21/CovarianceConcentration.lean
EXIT: 0
COMMAND: /private/tmp/nla-campaign-toolchain/lean-4.33.1-darwin_aarch64/bin/lean -o /private/tmp/nla-ie21-covariance-independent-g4tg8jqp/NLA/IE21/RatioAlgebra.olean NLA/IE21/RatioAlgebra.lean
EXIT: 0
COMMAND: /private/tmp/nla-campaign-toolchain/lean-4.33.1-darwin_aarch64/bin/lean -o /private/tmp/nla-ie21-covariance-independent-g4tg8jqp/reviews/covariance-referee-canonical-evidence/SignatureCheck.olean reviews/covariance-referee-canonical-evidence/SignatureCheck.lean
EXIT: 0
COMMAND: /private/tmp/nla-campaign-toolchain/lean-4.33.1-darwin_aarch64/bin/lean -o /private/tmp/nla-ie21-covariance-independent-g4tg8jqp/reviews/covariance-referee-canonical-evidence/Axioms.olean reviews/covariance-referee-canonical-evidence/Axioms.lean
'NLA.IE21.quadratic_lipschitz' depends on axioms: [propext, Classical.choice, Quot.sound]
'NLA.IE21.symmetric_norm_le_of_unit_quadratic' depends on axioms: [propext, Classical.choice, Quot.sound]
'NLA.IE21.symmetric_norm_le_net' depends on axioms: [propext, Classical.choice, Quot.sound]
'NLA.IE21.covarianceOperator_symmetric' depends on axioms: [propext, Classical.choice, Quot.sound]
'NLA.IE21.covariance_quadratic_norm' depends on axioms: [propext, Classical.choice, Quot.sound]
'NLA.IE21.covariance_net_witness' depends on axioms: [propext, Classical.choice, Quot.sound]
'NLA.IE21.matrixMap_eq_inner_row' depends on axioms: [propext, Classical.choice, Quot.sound]
'NLA.IE21.covariance_quadratic_rows' depends on axioms: [propext, Classical.choice, Quot.sound]
'NLA.IE21.covarianceOperator' depends on axioms: [propext, Classical.choice, Quot.sound]
'NLA.IE21.independent_mgf_sum_bound' depends on axioms: [propext, Classical.choice, Quot.sound]
'NLA.IE21.independent_mgf_average_tail' depends on axioms: [propext, Classical.choice, Quot.sound]
'NLA.IE21.directional_quadratic_tail_of_mgf' depends on axioms: [propext, Classical.choice, Quot.sound]
'NLA.IE21.covariance_concentration_of_mgf' depends on axioms: [propext, Classical.choice, Quot.sound]
'NLA.IE21.ratio_stability' depends on axioms: [propext, Classical.choice, Quot.sound]
'NLA.IE21.deletionRatio_eq_normalized' depends on axioms: [propext, Classical.choice, Quot.sound]
EXIT: 0
