$ systemd-run --user --quiet --wait --pipe --collect -p 'RestrictAddressFamilies=~AF_UNIX' --working-directory /home/runner/work/_temp/nla-statement-tools/.verification-tmp/nla-fresh-proof-trz8pa7b/project /usr/bin/env -i PATH=/home/runner/.elan/toolchains/leanprover--lean4---v4.33.1/bin:/home/runner/.elan/bin:/home/runner/go/bin:/opt/hostedtoolcache/go/1.27.1/x64/bin:/snap/bin:/home/runner/.local/bin:/opt/pipx_bin:/home/runner/.cargo/bin:/home/runner/.config/composer/vendor/bin:/usr/local/.ghcup/bin:/home/runner/.dotnet/tools:/usr/local/sbin:/usr/local/bin:/usr/sbin:/usr/bin:/sbin:/bin:/usr/games:/usr/local/games:/snap/bin HOME=/home/runner LANG=C.UTF-8 XDG_RUNTIME_DIR=/run/user/1001 DBUS_SESSION_BUS_ADDRESS=unix:path=/run/user/1001/bus GIT_TERMINAL_PROMPT=0 GIT_CONFIG_NOSYSTEM=1 GIT_CONFIG_GLOBAL=/dev/null COMPARATOR_BIN=/home/runner/work/_temp/nla-statement-tools/.tools/comparator/.lake/build/bin/comparator COMPARATOR_LEAN4EXPORT=/home/runner/work/_temp/nla-statement-tools/.tools/lean4export/.lake/build/bin/lean4export COMPARATOR_LANDRUN=/home/runner/work/_temp/nla-statement-tools/scripts/strict_landrun.py XDG_CACHE_HOME=/home/runner/work/_temp/nla-statement-tools/.tools/cache TMPDIR=/home/runner/work/_temp/nla-statement-tools/.verification-tmp lake env /home/runner/work/_temp/nla-statement-tools/.tools/comparator/.lake/build/bin/comparator comparator.json
Building IdentityChallenge
✔ [2756/2764] Built LeanCert.Tactic.LeanCert.Semantic.Domain (1.7s)
✔ [2757/2764] Built LeanCert.Tactic.LeanCert.Semantic.Goal (2.0s)
✔ [2776/2791] Built LeanCert.Core.Interval (5.1s)
✔ [2779/2810] Built LeanCert.Core.Dyadic (5.7s)
✔ [2781/2814] Built LeanCert.Core.Expr (8.1s)
✔ [2782/2814] Built LeanCert.Core.DerivativeIntervals (4.0s)
✔ [2783/2814] Built LeanCert.Contrib.Sinc (7.1s)
✔ [2784/2814] Built LeanCert.Core.Support (6.6s)
✔ [2785/2815] Built LeanCert.Core.IntervalRat.Basic (10s)
✔ [2786/2815] Built LeanCert.Core.IntervalRat.LogReduction (7.9s)
✔ [2787/2815] Built LeanCert.Meta.Numeral (5.7s)
✔ [2788/2816] Built LeanCert.Engine.Eval.Result (4.7s)
✔ [2789/2816] Built LeanCert.Core.TrigReduction (5.0s)
✔ [2790/2818] Built LeanCert.Core.Taylor (10s)
✔ [2791/2818] Built LeanCert.Tactic.IntervalAuto.Types (5.6s)
✔ [2792/2819] Built LeanCert.Core.IntervalRat.Transcendental (8.3s)
✔ [2793/2820] Built LeanCert.Meta.ToExpr (6.8s)
✔ [2794/2824] Built LeanCert.Tactic.IntervalAuto.Extract (4.5s)
✔ [2795/2824] Built LeanCert.Tactic.IntervalAuto.Norm (6.1s)
✔ [2796/2825] Built LeanCert.Tactic.Verification (6.2s)
✔ [2797/2884] Built LeanCert.Tactic.NumericalRefinement (1.1s)
✔ [2851/2930] Built LeanCert.Tactic.LeanCert.Bridge.Environment (4.9s)
✔ [2852/2930] Built LeanCert.Tactic.IntervalAuto.Parse (11s)
✔ [2853/2930] Built LeanCert.Tactic.FinsetParse (6.0s)
✔ [2854/2932] Built LeanCert.Tactic.LeanCert.Normalize (6.4s)
✔ [2855/2938] Built LeanCert.Tactic.BridgeNative (2.4s)
✔ [2856/2939] Built LeanCert.Tactic.LeanCert.Semantic.Parse.Comparison (1.0s)
✔ [2857/2939] Built LeanCert.Tactic.IntervalAuto.Diagnostic (4.2s)
✔ [2858/2942] Built LeanCert.Tactic.Extension.Protocol (3.6s)
✔ [2859/2942] Built LeanCert.Tactic.LeanCert.Semantic.Parse.Bound (4.2s)
✔ [2860/2942] Built LeanCert.Core.IntervalRat.Taylor (26s)
✔ [2861/2942] Built LeanCert.Tactic.LeanCert.Diagnostic.Evidence (3.0s)
✔ [2862/2977] Built LeanCert.Tactic.Extension.Registry (4.2s)
✔ [3018/3219] Built LeanCert.Tactic.LeanCert.Config (2.3s)
✔ [3525/3615] Built LeanCert.Core.IntervalReal (3.1s)
✔ [3526/3615] Built LeanCert.Core.IntervalRat.TrigReduced (3.6s)
✔ [3527/3615] Built LeanCert.Engine.FloatEval (3.3s)
✔ [3528/3615] Built LeanCert.Engine.Algebra.QPoly (5.1s)
✔ [3529/3617] Built LeanCert.Core.IntervalRealEndpoints (7.4s)
✔ [3530/3617] Built LeanCert.Tactic.VecUtil (5.8s)
✔ [3531/3617] Built LeanCert.Engine.Affine.Basic (9.9s)
✔ [3532/3619] Built LeanCert.Engine.Algebra.QPolyIntegral (4.7s)
✔ [3533/3623] Built LeanCert.Core.IntervalDyadic (12s)
✔ [3534/3623] Built LeanCert.Validity.Eventual (4.3s)
✔ [3535/3623] Built LeanCert.Tactic.FinSumExpand (3.9s)
✔ [3536/3624] Built LeanCert.Engine.Eval.Core (11s)
✔ [3537/3624] Built LeanCert.Core.DyadicCell (7.4s)
✔ [3539/3631] Built LeanCert.Engine.Affine.Nonlinear (8.1s)
✔ [3542/3632] Built NLA.Computation.BinaryEncoding (3.0s)
✔ [3543/3632] Built LeanCert.Tactic.EventualBound (8.3s)
✔ [3545/3683] Built LeanCert.Core.DyadicFrontier (4.1s)
✔ [3720/3810] Built LeanCert.Engine.Eval.Extended (5.5s)
✔ [3722/3882] Built NLA.Statements.Infrastructure (1.9s)
✔ [3788/3883] Built NLA.Computation.FiniteMachine (2.1s)
✔ [3790/3884] Built NLA.Statements.KrylovCompression (4.3s)
✔ [3791/3885] Built LeanCert.Engine.Bounds.Lemmas (3.3s)
ℹ [3792/3885] Built Reviewed.AV01 (2.7s)
info: Reviewed/AV01.lean:39:0: 'NLA.ReviewedStatements.AV01.Target' depends on axioms: [propext, Classical.choice, Quot.sound]
✔ [3793/3885] Built NLA.Computation.ExactRealMachine (4.4s)
ℹ [3794/3885] Built NLA.Statements.AV01 (2.7s)
info: NLA/Statements/AV01.lean:38:0: 'NLA.Statements.AV01.Target' depends on axioms: [propext, Classical.choice, Quot.sound]
✔ [3795/3886] Built NLA.Statements.RowDeletion (3.5s)
ℹ [3796/3887] Built Reviewed.IE10 (3.8s)
info: Reviewed/IE10.lean:26:0: 'NLA.ReviewedStatements.IE10.Target' depends on axioms: [propext, Classical.choice, Quot.sound]
ℹ [3797/3887] Built NLA.Statements.IE10 (3.7s)
info: NLA/Statements/IE10.lean:25:0: 'NLA.Statements.IE10.Target' depends on axioms: [propext, Classical.choice, Quot.sound]
✔ [3798/3887] Built LeanCert.Engine.IntervalEval (3.1s)
ℹ [3799/3887] Built NLA.Statements.IV05 (3.1s)
info: NLA/Statements/IV05.lean:78:0: 'NLA.Statements.IV05.Target' depends on axioms: [propext, Classical.choice, Quot.sound]
ℹ [3800/3887] Built Reviewed.IE12 (3.9s)
info: Reviewed/IE12.lean:65:0: 'NLA.ReviewedStatements.IE12.Target' depends on axioms: [propext, Classical.choice, Quot.sound]
ℹ [3801/3887] Built NLA.Statements.IE12 (3.0s)
info: NLA/Statements/IE12.lean:64:0: 'NLA.Statements.IE12.Target' depends on axioms: [propext, Classical.choice, Quot.sound]
ℹ [3802/3887] Built Reviewed.IE22 (3.8s)
info: Reviewed/IE22.lean:37:0: 'NLA.ReviewedStatements.IE22.Target' depends on axioms: [propext, Classical.choice, Quot.sound]
ℹ [3803/3888] Built NLA.Statements.IE22 (3.8s)
info: NLA/Statements/IE22.lean:36:0: 'NLA.Statements.IE22.Target' depends on axioms: [propext, Classical.choice, Quot.sound]
ℹ [3804/3889] Built Reviewed.IE21 (3.0s)
info: Reviewed/IE21.lean:56:0: 'NLA.ReviewedStatements.IE21.Target' depends on axioms: [propext, Classical.choice, Quot.sound]
ℹ [3805/3889] Built Reviewed.IV05 (3.1s)
info: Reviewed/IV05.lean:79:0: 'NLA.ReviewedStatements.IV05.Target' depends on axioms: [propext, Classical.choice, Quot.sound]
ℹ [3806/3889] Built NLA.Statements.IE21 (3.0s)
info: NLA/Statements/IE21.lean:55:0: 'NLA.Statements.IE21.Target' depends on axioms: [propext, Classical.choice, Quot.sound]
ℹ [3807/3889] Built NLA.Statements.MD03 (2.7s)
info: NLA/Statements/MD03.lean:29:0: 'NLA.Statements.MD03.Target' depends on axioms: [propext, Classical.choice, Quot.sound]
✔ [3808/3889] Built LeanCert.Validity.Bounds.Checked (3.0s)
✔ [3809/3889] Built LeanCert.Engine.Affine.Transcendental (5.4s)
✔ [3810/3889] Built LeanCert.Validity.Bounds.Core (4.3s)
✔ [3811/3889] Built LeanCert.Engine.IntervalEvalDyadic (8.4s)
✔ [3812/3889] Built LeanCert.Engine.Optimization.Box (5.1s)
✔ [3813/3889] Built LeanCert.Engine.RootFinding.Basic (7.7s)
✔ [3814/3890] Built LeanCert.Engine.AD.Basic (4.4s)
✔ [3815/3890] Built LeanCert.Engine.Integrate (9.2s)
ℹ [3816/3891] Built Reviewed.MD03 (3.0s)
info: Reviewed/MD03.lean:30:0: 'NLA.ReviewedStatements.MD03.Target' depends on axioms: [propext, Classical.choice, Quot.sound]
ℹ [3817/3891] Built NLA.Statements.MD04 (3.8s)
info: NLA/Statements/MD04.lean:30:0: 'NLA.Statements.MD04.Target' depends on axioms: [propext, Classical.choice, Quot.sound]
✔ [3818/3891] Built LeanCert.Validity.DyadicBounds (4.8s)
✔ [3819/3891] Built LeanCert.Engine.TaylorModel.Core (12s)
✔ [3820/3891] Built LeanCert.Engine.IntervalEvalAffine (8.4s)
✔ [3821/3891] Built LeanCert.Engine.FinSumDyadic (6.3s)
✔ [3822/3892] Built LeanCert.Engine.Search.Heuristic (4.3s)
ℹ [3823/3893] Built Reviewed.MD04 (3.3s)
info: Reviewed/MD04.lean:31:0: 'NLA.ReviewedStatements.MD04.Target' depends on axioms: [propext, Classical.choice, Quot.sound]
✔ [3824/3893] Built LeanCert.Engine.RootFinding.Bisection (7.0s)
ℹ [3825/3893] Built NLA.Statements.MF03 (3.3s)
info: NLA/Statements/MF03.lean:43:0: 'NLA.Statements.MF03.Target' depends on axioms: [propext, Classical.choice, Quot.sound]
✔ [3826/3893] Built LeanCert.Engine.AD.Transcendental (6.1s)
✔ [3827/3893] Built LeanCert.Engine.TaylorModel.Special (3.4s)
✔ [3828/3893] Built LeanCert.Engine.TaylorModel.Integral (4.4s)
✔ [3829/3893] Built LeanCert.Engine.TaylorModel.ExpLog (12s)
✔ [3830/3893] Built LeanCert.Engine.Affine.Environment (10s)
ℹ [3831/3893] Built Reviewed.MF03 (4.1s)
info: Reviewed/MF03.lean:44:0: 'NLA.ReviewedStatements.MF03.Target' depends on axioms: [propext, Classical.choice, Quot.sound]
✔ [3832/3895] Built LeanCert.Engine.WitnessSum (5.7s)
✔ [3833/3895] Built LeanCert.Engine.TaylorModel.Hyperbolic (18s)
✔ [3834/3896] Built LeanCert.Engine.TaylorModel.Trig (15s)
ℹ [3835/3896] Built NLA.Statements.PF04 (2.7s)
info: NLA/Statements/PF04.lean:37:0: 'NLA.Statements.PF04.Target' depends on axioms: [propext, Classical.choice, Quot.sound]
✔ [3836/3897] Built LeanCert.Engine.AD.Eval (3.3s)
ℹ [3837/3897] Built Reviewed.PF04 (2.8s)
info: Reviewed/PF04.lean:38:0: 'NLA.ReviewedStatements.PF04.Target' depends on axioms: [propext, Classical.choice, Quot.sound]
ℹ [3838/3905] Built NLA.Statements.PF05 (3.4s)
info: NLA/Statements/PF05.lean:88:0: 'NLA.Statements.PF05.Target' depends on axioms: [propext, Classical.choice, Quot.sound]
✔ [3842/3905] Built LeanCert.Engine.TaylorModel.Functions (3.2s)
ℹ [3843/3907] Built Reviewed.PF05 (3.4s)
info: Reviewed/PF05.lean:89:0: 'NLA.ReviewedStatements.PF05.Target' depends on axioms: [propext, Classical.choice, Quot.sound]
✔ [3845/3908] Built LeanCert.Engine.AD.Correctness (4.9s)
ℹ [3847/3909] Built Reviewed.RA10 (4.4s)
info: Reviewed/RA10.lean:97:0: 'NLA.ReviewedStatements.RA10.Target' depends on axioms: [propext, Classical.choice, Quot.sound]
ℹ [3848/3910] Built NLA.Statements.RA10 (4.3s)
info: NLA/Statements/RA10.lean:96:0: 'NLA.Statements.RA10.Target' depends on axioms: [propext, Classical.choice, Quot.sound]
✔ [3849/3910] Built LeanCert.Engine.TaylorModel.Expr (7.9s)
✔ [3850/3910] Built LeanCert.Engine.AD.Computable (6.4s)
✔ [3851/3910] Built NLA.Statements.GaussianTrace (5.0s)
ℹ [3852/3910] Built NLA.Statements.RA19 (3.1s)
info: NLA/Statements/RA19.lean:48:0: 'NLA.Statements.RA19.Target' depends on axioms: [propext, Classical.choice, Quot.sound]
ℹ [3853/3910] Built Reviewed.RA19 (3.1s)
info: Reviewed/RA19.lean:49:0: 'NLA.ReviewedStatements.RA19.Target' depends on axioms: [propext, Classical.choice, Quot.sound]
✔ [3854/3910] Built LeanCert.Engine.AD.PartialCorrectness (9.2s)
✔ [3855/3910] Built LeanCert.Engine.TaylorModel (3.4s)
ℹ [3856/3910] Built Reviewed.RA13 (4.3s)
info: Reviewed/RA13.lean:59:0: 'NLA.ReviewedStatements.RA13.Target' depends on axioms: [propext, Classical.choice, Quot.sound]
ℹ [3857/3913] Built NLA.Statements.RA13 (4.5s)
info: NLA/Statements/RA13.lean:58:0: 'NLA.Statements.RA13.Target' depends on axioms: [propext, Classical.choice, Quot.sound]
✔ [3861/3920] Built LeanCert.Engine.AD.DomainChecked (4.8s)
ℹ [3866/3921] Built Reviewed.RA12 (4.4s)
info: Reviewed/RA12.lean:50:0: 'NLA.ReviewedStatements.RA12.Target' depends on axioms: [propext, Classical.choice, Quot.sound]
ℹ [3867/3921] Built NLA.Statements.SP11 (3.2s)
info: NLA/Statements/SP11.lean:33:0: 'NLA.Statements.SP11.Target' depends on axioms: [propext, Classical.choice, Quot.sound]
ℹ [3868/3922] Built Reviewed.SP11 (3.2s)
info: Reviewed/SP11.lean:34:0: 'NLA.ReviewedStatements.SP11.Target' depends on axioms: [propext, Classical.choice, Quot.sound]
ℹ [3869/3923] Built NLA.Statements.RA12 (4.1s)
info: NLA/Statements/RA12.lean:49:0: 'NLA.Statements.RA12.Target' depends on axioms: [propext, Classical.choice, Quot.sound]
✔ [3870/3923] Built LeanCert.Engine.AD.Dyadic (5.9s)
ℹ [3871/3924] Built Reviewed.SP12 (3.7s)
info: Reviewed/SP12.lean:48:0: 'NLA.ReviewedStatements.SP12.Target' depends on axioms: [propext, Classical.choice, Quot.sound]
ℹ [3872/3924] Built NLA.Statements.SP12 (3.9s)
info: NLA/Statements/SP12.lean:47:0: 'NLA.Statements.SP12.Target' depends on axioms: [propext, Classical.choice, Quot.sound]
ℹ [3874/3932] Built NLA.Statements.SP13 (4.5s)
info: NLA/Statements/SP13.lean:57:0: 'NLA.Statements.SP13.Target' depends on axioms: [propext, Classical.choice, Quot.sound]
✔ [3878/3932] Built LeanCert.Engine.AD (3.0s)
ℹ [3879/3932] Built Reviewed.SP13 (3.0s)
info: Reviewed/SP13.lean:58:0: 'NLA.ReviewedStatements.SP13.Target' depends on axioms: [propext, Classical.choice, Quot.sound]
ℹ [3880/3932] Built NLA.Statements.TR14 (4.1s)
info: NLA/Statements/TR14.lean:48:0: 'NLA.Statements.TR14.Target' depends on axioms: [propext, Classical.choice, Quot.sound]
ℹ [3881/3932] Built Reviewed.TR14 (4.1s)
info: Reviewed/TR14.lean:49:0: 'NLA.ReviewedStatements.TR14.Target' depends on axioms: [propext, Classical.choice, Quot.sound]
✔ [3882/3932] Built LeanCert.Validity.Bounds.Smart (4.5s)
✔ [3883/3932] Built LeanCert.Engine.IntervalEvalRefined (5.3s)
✔ [3884/3932] Built LeanCert.Meta.ProveSupported (5.1s)
ℹ [3885/3932] Built Reviewed.TR13 (4.5s)
info: Reviewed/TR13.lean:62:0: 'NLA.ReviewedStatements.TR13.Target' depends on axioms: [propext, Classical.choice, Quot.sound]
ℹ [3886/3932] Built NLA.Statements.TR13 (4.4s)
info: NLA/Statements/TR13.lean:61:0: 'NLA.Statements.TR13.Target' depends on axioms: [propext, Classical.choice, Quot.sound]
✔ [3887/3932] Built LeanCert.Validity.Bounds.Bridge (4.5s)
✔ [3888/3932] Built LeanCert.Engine.Optimize (8.3s)
✔ [3889/3932] Built LeanCert.Validity.Bounds.Basic (3.2s)
✔ [3890/3932] Built LeanCert.Meta.ProveContinuous (6.0s)
✔ [3891/3932] Built LeanCert.Tactic.IntervalAuto.ProveCommon (7.8s)
✔ [3892/3932] Built LeanCert.Engine.Optimization.Gradient (7.9s)
✔ [3893/3932] Built LeanCert.Engine.RootFinding.Newton (7.1s)
✔ [3894/3932] Built LeanCert.Tactic.LeanCert.Bridge.ReifiedFunction (5.1s)
✔ [3895/3932] Built LeanCert.Validity.Integration (7.9s)
✔ [3896/3932] Built LeanCert.Tactic.IntervalAuto.Basic (4.6s)
✔ [3897/3932] Built LeanCert.Tactic.LeanCert.Semantic.Prepare (9.3s)
✔ [3898/3932] Built LeanCert.Engine.RootFinding.Krawczyk (10s)
✔ [3899/3932] Built LeanCert.Engine.RootFinding.MVTBounds (13s)
✔ [3900/3932] Built LeanCert.Tactic.LeanCert.Integral (13s)
✔ [3901/3932] Built LeanCert.Tactic.Extension.Execute (12s)
✔ [3902/3932] Built LeanCert.Tactic.LeanCert.Solver.Protocol (9.8s)
✔ [3903/3932] Built LeanCert.Validity.Krawczyk (3.0s)
✔ [3904/3932] Built LeanCert.Engine.RootFinding.KrawczykCandidate (5.2s)
✔ [3905/3932] Built LeanCert.Engine.Optimization.Global (32s)
✔ [3906/3932] Built LeanCert.Engine.RootFinding.Contraction (6.7s)
✔ [3907/3932] Built LeanCert.Tactic.LeanCert.Diagnostic.Render (4.9s)
✔ [3908/3932] Built LeanCert.Engine.Search.CounterExample (3.7s)
✔ [3909/3932] Built LeanCert.Validity.Types (3.9s)
✔ [3910/3932] Built LeanCert.Engine.Optimization.Guided (3.8s)
✔ [3911/3932] Built LeanCert.Engine.Optimization.BoundVerify (3.6s)
✔ [3912/3932] Built LeanCert.Engine.RootFinding.Main (2.3s)
✔ [3913/3932] Built LeanCert.Validity.Bounds (5.1s)
✔ [3914/3932] Built LeanCert.Discovery.Find (4.1s)
✔ [3915/3932] Built LeanCert.Tactic.IntervalAuto.OptBound (5.2s)
✔ [3916/3932] Built LeanCert.Tactic.IntervalAuto.Multivariate (7.3s)
✔ [3917/3932] Built LeanCert.Tactic.IntervalAuto.RootBound (4.1s)
✔ [3918/3932] Built LeanCert.Tactic.IntervalAuto.Bound (16s)
✔ [3919/3932] Built LeanCert.Tactic.IntervalAuto.Subdiv (6.4s)
✔ [3920/3932] Built LeanCert.Tactic.IntervalAuto.Adaptive (7.1s)
✔ [3921/3932] Built LeanCert.Tactic.IntervalAuto.PointIneq (10s)
✔ [3922/3932] Built LeanCert.Tactic.IntervalAuto (2.6s)
✔ [3923/3932] Built LeanCert.Tactic.FinSumWitness (4.9s)
✔ [3924/3932] Built LeanCert.Tactic.FinSumBound (4.6s)
✔ [3925/3932] Built LeanCert.Tactic.LeanCert.Semantic.Parse (3.5s)
✔ [3926/3932] Built LeanCert.Tactic.Discovery (13s)
✔ [3927/3932] Built LeanCert.Tactic.Krawczyk (3.5s)
✔ [3928/3932] Built LeanCert.Tactic.LeanCert.Router (7.9s)
✔ [3929/3932] Built LeanCert.Tactic.LeanCert (2.7s)
ℹ [3930/3932] Built NLA.Statements.KernelSmoke (3.1s)
info: NLA/Statements/KernelSmoke.lean:14:0: 'NLA.Statements.KernelSmoke.log_two_upper' depends on axioms: [propext, Classical.choice, Quot.sound]
⚠ [3931/3932] Built IdentityChallenge (2.8s)
warning: IdentityChallenge.lean:45:8: declaration uses `sorry`
warning: IdentityChallenge.lean:46:8: declaration uses `sorry`
warning: IdentityChallenge.lean:47:8: declaration uses `sorry`
warning: IdentityChallenge.lean:48:8: declaration uses `sorry`
warning: IdentityChallenge.lean:49:8: declaration uses `sorry`
warning: IdentityChallenge.lean:50:8: declaration uses `sorry`
warning: IdentityChallenge.lean:51:8: declaration uses `sorry`
warning: IdentityChallenge.lean:52:8: declaration uses `sorry`
warning: IdentityChallenge.lean:53:8: declaration uses `sorry`
warning: IdentityChallenge.lean:54:8: declaration uses `sorry`
warning: IdentityChallenge.lean:55:8: declaration uses `sorry`
warning: IdentityChallenge.lean:56:8: declaration uses `sorry`
warning: IdentityChallenge.lean:57:8: declaration uses `sorry`
warning: IdentityChallenge.lean:58:8: declaration uses `sorry`
warning: IdentityChallenge.lean:59:8: declaration uses `sorry`
warning: IdentityChallenge.lean:60:8: declaration uses `sorry`
warning: IdentityChallenge.lean:61:8: declaration uses `sorry`
warning: IdentityChallenge.lean:62:8: declaration uses `sorry`
warning: IdentityChallenge.lean:63:8: declaration uses `sorry`
warning: IdentityChallenge.lean:64:8: declaration uses `sorry`
warning: IdentityChallenge.lean:65:8: declaration uses `sorry`
Build completed successfully (3932 jobs).
Exporting #[Quot, Quot.mk, Quot.lift, Quot.ind, NLA.Statements.ComparatorControl.log_two_upper, NLA.Statements.ComparatorControl.identity_AV01, NLA.Statements.ComparatorControl.identity_IE10, NLA.Statements.ComparatorControl.identity_IE12, NLA.Statements.ComparatorControl.identity_IE21, NLA.Statements.ComparatorControl.identity_IE22, NLA.Statements.ComparatorControl.identity_IV05, NLA.Statements.ComparatorControl.identity_MD03, NLA.Statements.ComparatorControl.identity_MD04, NLA.Statements.ComparatorControl.identity_MF03, NLA.Statements.ComparatorControl.identity_PF04, NLA.Statements.ComparatorControl.identity_PF05, NLA.Statements.ComparatorControl.identity_RA10, NLA.Statements.ComparatorControl.identity_RA12, NLA.Statements.ComparatorControl.identity_RA13, NLA.Statements.ComparatorControl.identity_RA19, NLA.Statements.ComparatorControl.identity_SP11, NLA.Statements.ComparatorControl.identity_SP12, NLA.Statements.ComparatorControl.identity_SP13, NLA.Statements.ComparatorControl.identity_TR13, NLA.Statements.ComparatorControl.identity_TR14, propext, Classical.choice, Quot.sound, Nat.add, Nat.sub, Nat.mul, Nat.pow, Nat.gcd, Nat.div, Nat.mod, Nat.beq, Nat.ble, Nat.land, Nat.lor, Nat.xor, Nat.shiftLeft, Nat.shiftRight, String.ofList, Char.ofNat, List, eagerReduce, Nat, String, String.mk, Char, optParam, autoParam, semiOutParam, outParam] from IdentityChallenge
Building IdentitySolution
ℹ [3622/3874] Replayed NLA.Statements.KernelSmoke
info: NLA/Statements/KernelSmoke.lean:14:0: 'NLA.Statements.KernelSmoke.log_two_upper' depends on axioms: [propext, Classical.choice, Quot.sound]
ℹ [3630/3874] Replayed NLA.Statements.AV01
info: NLA/Statements/AV01.lean:38:0: 'NLA.Statements.AV01.Target' depends on axioms: [propext, Classical.choice, Quot.sound]
ℹ [3631/3874] Replayed Reviewed.AV01
info: Reviewed/AV01.lean:39:0: 'NLA.ReviewedStatements.AV01.Target' depends on axioms: [propext, Classical.choice, Quot.sound]
ℹ [3805/3874] Replayed NLA.Statements.IE10
info: NLA/Statements/IE10.lean:25:0: 'NLA.Statements.IE10.Target' depends on axioms: [propext, Classical.choice, Quot.sound]
ℹ [3806/3874] Replayed Reviewed.IE10
info: Reviewed/IE10.lean:26:0: 'NLA.ReviewedStatements.IE10.Target' depends on axioms: [propext, Classical.choice, Quot.sound]
ℹ [3875/3932] Replayed NLA.Statements.IE12
info: NLA/Statements/IE12.lean:64:0: 'NLA.Statements.IE12.Target' depends on axioms: [propext, Classical.choice, Quot.sound]
ℹ [3876/3932] Replayed Reviewed.IE12
info: Reviewed/IE12.lean:65:0: 'NLA.ReviewedStatements.IE12.Target' depends on axioms: [propext, Classical.choice, Quot.sound]
ℹ [3881/3932] Replayed NLA.Statements.IE21
info: NLA/Statements/IE21.lean:55:0: 'NLA.Statements.IE21.Target' depends on axioms: [propext, Classical.choice, Quot.sound]
ℹ [3882/3932] Replayed Reviewed.IE21
info: Reviewed/IE21.lean:56:0: 'NLA.ReviewedStatements.IE21.Target' depends on axioms: [propext, Classical.choice, Quot.sound]
ℹ [3883/3932] Replayed NLA.Statements.IE22
info: NLA/Statements/IE22.lean:36:0: 'NLA.Statements.IE22.Target' depends on axioms: [propext, Classical.choice, Quot.sound]
ℹ [3884/3932] Replayed Reviewed.IE22
info: Reviewed/IE22.lean:37:0: 'NLA.ReviewedStatements.IE22.Target' depends on axioms: [propext, Classical.choice, Quot.sound]
ℹ [3885/3932] Replayed NLA.Statements.IV05
info: NLA/Statements/IV05.lean:78:0: 'NLA.Statements.IV05.Target' depends on axioms: [propext, Classical.choice, Quot.sound]
ℹ [3886/3932] Replayed Reviewed.IV05
info: Reviewed/IV05.lean:79:0: 'NLA.ReviewedStatements.IV05.Target' depends on axioms: [propext, Classical.choice, Quot.sound]
ℹ [3887/3932] Replayed NLA.Statements.MD03
info: NLA/Statements/MD03.lean:29:0: 'NLA.Statements.MD03.Target' depends on axioms: [propext, Classical.choice, Quot.sound]
ℹ [3888/3932] Replayed Reviewed.MD03
info: Reviewed/MD03.lean:30:0: 'NLA.ReviewedStatements.MD03.Target' depends on axioms: [propext, Classical.choice, Quot.sound]
ℹ [3889/3932] Replayed NLA.Statements.MD04
info: NLA/Statements/MD04.lean:30:0: 'NLA.Statements.MD04.Target' depends on axioms: [propext, Classical.choice, Quot.sound]
ℹ [3890/3932] Replayed Reviewed.MD04
info: Reviewed/MD04.lean:31:0: 'NLA.ReviewedStatements.MD04.Target' depends on axioms: [propext, Classical.choice, Quot.sound]
ℹ [3891/3932] Replayed NLA.Statements.MF03
info: NLA/Statements/MF03.lean:43:0: 'NLA.Statements.MF03.Target' depends on axioms: [propext, Classical.choice, Quot.sound]
ℹ [3892/3932] Replayed Reviewed.MF03
info: Reviewed/MF03.lean:44:0: 'NLA.ReviewedStatements.MF03.Target' depends on axioms: [propext, Classical.choice, Quot.sound]
ℹ [3893/3932] Replayed NLA.Statements.PF04
info: NLA/Statements/PF04.lean:37:0: 'NLA.Statements.PF04.Target' depends on axioms: [propext, Classical.choice, Quot.sound]
ℹ [3894/3932] Replayed Reviewed.PF04
info: Reviewed/PF04.lean:38:0: 'NLA.ReviewedStatements.PF04.Target' depends on axioms: [propext, Classical.choice, Quot.sound]
ℹ [3895/3932] Replayed NLA.Statements.PF05
info: NLA/Statements/PF05.lean:88:0: 'NLA.Statements.PF05.Target' depends on axioms: [propext, Classical.choice, Quot.sound]
ℹ [3896/3932] Replayed Reviewed.PF05
info: Reviewed/PF05.lean:89:0: 'NLA.ReviewedStatements.PF05.Target' depends on axioms: [propext, Classical.choice, Quot.sound]
ℹ [3900/3932] Replayed NLA.Statements.RA10
info: NLA/Statements/RA10.lean:96:0: 'NLA.Statements.RA10.Target' depends on axioms: [propext, Classical.choice, Quot.sound]
ℹ [3901/3932] Replayed Reviewed.RA10
info: Reviewed/RA10.lean:97:0: 'NLA.ReviewedStatements.RA10.Target' depends on axioms: [propext, Classical.choice, Quot.sound]
ℹ [3905/3932] Replayed NLA.Statements.RA12
info: NLA/Statements/RA12.lean:49:0: 'NLA.Statements.RA12.Target' depends on axioms: [propext, Classical.choice, Quot.sound]
ℹ [3906/3932] Replayed Reviewed.RA12
info: Reviewed/RA12.lean:50:0: 'NLA.ReviewedStatements.RA12.Target' depends on axioms: [propext, Classical.choice, Quot.sound]
ℹ [3907/3932] Replayed NLA.Statements.RA13
info: NLA/Statements/RA13.lean:58:0: 'NLA.Statements.RA13.Target' depends on axioms: [propext, Classical.choice, Quot.sound]
ℹ [3908/3932] Replayed Reviewed.RA13
info: Reviewed/RA13.lean:59:0: 'NLA.ReviewedStatements.RA13.Target' depends on axioms: [propext, Classical.choice, Quot.sound]
ℹ [3909/3932] Replayed NLA.Statements.RA19
info: NLA/Statements/RA19.lean:48:0: 'NLA.Statements.RA19.Target' depends on axioms: [propext, Classical.choice, Quot.sound]
ℹ [3910/3932] Replayed Reviewed.RA19
info: Reviewed/RA19.lean:49:0: 'NLA.ReviewedStatements.RA19.Target' depends on axioms: [propext, Classical.choice, Quot.sound]
ℹ [3918/3932] Replayed NLA.Statements.SP11
info: NLA/Statements/SP11.lean:33:0: 'NLA.Statements.SP11.Target' depends on axioms: [propext, Classical.choice, Quot.sound]
ℹ [3919/3932] Replayed Reviewed.SP11
info: Reviewed/SP11.lean:34:0: 'NLA.ReviewedStatements.SP11.Target' depends on axioms: [propext, Classical.choice, Quot.sound]
ℹ [3920/3932] Replayed NLA.Statements.SP12
info: NLA/Statements/SP12.lean:47:0: 'NLA.Statements.SP12.Target' depends on axioms: [propext, Classical.choice, Quot.sound]
ℹ [3921/3932] Replayed Reviewed.SP12
info: Reviewed/SP12.lean:48:0: 'NLA.ReviewedStatements.SP12.Target' depends on axioms: [propext, Classical.choice, Quot.sound]
ℹ [3922/3932] Replayed NLA.Statements.SP13
info: NLA/Statements/SP13.lean:57:0: 'NLA.Statements.SP13.Target' depends on axioms: [propext, Classical.choice, Quot.sound]
ℹ [3923/3932] Replayed Reviewed.SP13
info: Reviewed/SP13.lean:58:0: 'NLA.ReviewedStatements.SP13.Target' depends on axioms: [propext, Classical.choice, Quot.sound]
ℹ [3924/3932] Replayed NLA.Statements.TR14
info: NLA/Statements/TR14.lean:48:0: 'NLA.Statements.TR14.Target' depends on axioms: [propext, Classical.choice, Quot.sound]
ℹ [3928/3932] Replayed NLA.Statements.TR13
info: NLA/Statements/TR13.lean:61:0: 'NLA.Statements.TR13.Target' depends on axioms: [propext, Classical.choice, Quot.sound]
ℹ [3929/3932] Replayed Reviewed.TR13
info: Reviewed/TR13.lean:62:0: 'NLA.ReviewedStatements.TR13.Target' depends on axioms: [propext, Classical.choice, Quot.sound]
ℹ [3930/3932] Replayed Reviewed.TR14
info: Reviewed/TR14.lean:49:0: 'NLA.ReviewedStatements.TR14.Target' depends on axioms: [propext, Classical.choice, Quot.sound]
ℹ [3931/3932] Built IdentitySolution (2.0s)
info: IdentitySolution.lean:88:0: 'NLA.Statements.ComparatorControl.log_two_upper' depends on axioms: [propext, Classical.choice, Quot.sound]
info: IdentitySolution.lean:89:0: 'NLA.Statements.ComparatorControl.identity_AV01' depends on axioms: [propext, Classical.choice, Quot.sound]
info: IdentitySolution.lean:90:0: 'NLA.Statements.ComparatorControl.identity_IE10' depends on axioms: [propext, Classical.choice, Quot.sound]
info: IdentitySolution.lean:91:0: 'NLA.Statements.ComparatorControl.identity_IE12' depends on axioms: [propext, Classical.choice, Quot.sound]
info: IdentitySolution.lean:92:0: 'NLA.Statements.ComparatorControl.identity_IE21' depends on axioms: [propext, Classical.choice, Quot.sound]
info: IdentitySolution.lean:93:0: 'NLA.Statements.ComparatorControl.identity_IE22' depends on axioms: [propext, Classical.choice, Quot.sound]
info: IdentitySolution.lean:94:0: 'NLA.Statements.ComparatorControl.identity_IV05' depends on axioms: [propext, Classical.choice, Quot.sound]
info: IdentitySolution.lean:95:0: 'NLA.Statements.ComparatorControl.identity_MD03' depends on axioms: [propext, Classical.choice, Quot.sound]
info: IdentitySolution.lean:96:0: 'NLA.Statements.ComparatorControl.identity_MD04' depends on axioms: [propext, Classical.choice, Quot.sound]
info: IdentitySolution.lean:97:0: 'NLA.Statements.ComparatorControl.identity_MF03' depends on axioms: [propext, Classical.choice, Quot.sound]
info: IdentitySolution.lean:98:0: 'NLA.Statements.ComparatorControl.identity_PF04' depends on axioms: [propext, Classical.choice, Quot.sound]
info: IdentitySolution.lean:99:0: 'NLA.Statements.ComparatorControl.identity_PF05' depends on axioms: [propext, Classical.choice, Quot.sound]
info: IdentitySolution.lean:100:0: 'NLA.Statements.ComparatorControl.identity_RA10' depends on axioms: [propext, Classical.choice, Quot.sound]
info: IdentitySolution.lean:101:0: 'NLA.Statements.ComparatorControl.identity_RA12' depends on axioms: [propext, Classical.choice, Quot.sound]
info: IdentitySolution.lean:102:0: 'NLA.Statements.ComparatorControl.identity_RA13' depends on axioms: [propext, Classical.choice, Quot.sound]
info: IdentitySolution.lean:103:0: 'NLA.Statements.ComparatorControl.identity_RA19' depends on axioms: [propext, Classical.choice, Quot.sound]
info: IdentitySolution.lean:104:0: 'NLA.Statements.ComparatorControl.identity_SP11' depends on axioms: [propext, Classical.choice, Quot.sound]
info: IdentitySolution.lean:105:0: 'NLA.Statements.ComparatorControl.identity_SP12' depends on axioms: [propext, Classical.choice, Quot.sound]
info: IdentitySolution.lean:106:0: 'NLA.Statements.ComparatorControl.identity_SP13' depends on axioms: [propext, Classical.choice, Quot.sound]
info: IdentitySolution.lean:107:0: 'NLA.Statements.ComparatorControl.identity_TR13' depends on axioms: [propext, Classical.choice, Quot.sound]
info: IdentitySolution.lean:108:0: 'NLA.Statements.ComparatorControl.identity_TR14' depends on axioms: [propext, Classical.choice, Quot.sound]
Build completed successfully (3932 jobs).
Exporting #[Quot, Quot.mk, Quot.lift, Quot.ind, NLA.Statements.ComparatorControl.log_two_upper, NLA.Statements.ComparatorControl.identity_AV01, NLA.Statements.ComparatorControl.identity_IE10, NLA.Statements.ComparatorControl.identity_IE12, NLA.Statements.ComparatorControl.identity_IE21, NLA.Statements.ComparatorControl.identity_IE22, NLA.Statements.ComparatorControl.identity_IV05, NLA.Statements.ComparatorControl.identity_MD03, NLA.Statements.ComparatorControl.identity_MD04, NLA.Statements.ComparatorControl.identity_MF03, NLA.Statements.ComparatorControl.identity_PF04, NLA.Statements.ComparatorControl.identity_PF05, NLA.Statements.ComparatorControl.identity_RA10, NLA.Statements.ComparatorControl.identity_RA12, NLA.Statements.ComparatorControl.identity_RA13, NLA.Statements.ComparatorControl.identity_RA19, NLA.Statements.ComparatorControl.identity_SP11, NLA.Statements.ComparatorControl.identity_SP12, NLA.Statements.ComparatorControl.identity_SP13, NLA.Statements.ComparatorControl.identity_TR13, NLA.Statements.ComparatorControl.identity_TR14, propext, Classical.choice, Quot.sound, Nat.add, Nat.sub, Nat.mul, Nat.pow, Nat.gcd, Nat.div, Nat.mod, Nat.beq, Nat.ble, Nat.land, Nat.lor, Nat.xor, Nat.shiftLeft, Nat.shiftRight, String.ofList, Char.ofNat, List, eagerReduce, Nat, String, String.mk, Char, optParam, autoParam, semiOutParam, outParam] from IdentitySolution
Running Lean default kernel on solution.
Lean default kernel accepts the solution
Your solution is okay!

EXIT_STATUS=0
