[interval_decide] typed point bound: starting with goal ↑(12599210498948731647672106072782283505702 / 10 ^ 40) ^ 3 < 2
[interval_decide] Parsed: lhs=↑(12599210498948731647672106072782283505702 / 10 ^ 40) ^
      3, rhs=2, isStrict=true, isReversedOrig=false
[interval_decide] funcExpr=↑(12599210498948731647672106072782283505702 / 10 ^ 40) ^
      3, boundExpr=2, needsFlip=false, isReversed=false
[interval_decide] boundRat extracted: 2
[interval_decide] ast reified
[interval_decide] Building dyadic certificate check
[interval_decide] Verifying dyadic certificate
[interval_decide] Dyadic certificate verified
[interval_decide] typed point bound: starting with goal 2 < ↑(12599210498948731647672106072782283505703 / 10 ^ 40) ^ 3
[interval_decide] Parsed: lhs=2, rhs=↑(12599210498948731647672106072782283505703 / 10 ^ 40) ^
      3, isStrict=true, isReversedOrig=false
[interval_decide] funcExpr=↑(12599210498948731647672106072782283505703 / 10 ^ 40) ^
      3, boundExpr=2, needsFlip=true, isReversed=true
[interval_decide] boundRat extracted: 2
[interval_decide] ast reified
[interval_decide] Building dyadic certificate check
[interval_decide] Verifying dyadic certificate
[interval_decide] Dyadic certificate verified
'NLA.PF03.alpha_certificate' depends on axioms: [propext, Classical.choice, Quot.sound]
