NLA/MI27/HockeyStickSubstitution.lean:42:37: warning: this tactic is never executed

Note: This linter can be disabled with `set_option linter.unreachableTactic false`
NLA/MI27/HockeyStickSubstitution.lean:46:62: warning: this tactic is never executed

Note: This linter can be disabled with `set_option linter.unreachableTactic false`
NLA/MI27/HockeyStickSubstitution.lean:42:37: warning: Unused tactic linter: `rfl` does nothing

Note: This linter can be disabled with `set_option linter.unusedTactic false`
NLA/MI27/HockeyStickSubstitution.lean:46:62: warning: Unused tactic linter: `rfl` does nothing

Note: This linter can be disabled with `set_option linter.unusedTactic false`
NLA/MI27/HockeyStickSubstitution.lean:92:6: warning: this tactic is never executed

Note: This linter can be disabled with `set_option linter.unreachableTactic false`
NLA/MI27/HockeyStickSubstitution.lean:80:4: warning: Used `tac1 <;> tac2` where `(tac1; tac2)` would suffice

Note: This linter can be disabled with `set_option linter.unnecessarySeqFocus false`
NLA/MI27/HockeyStickSubstitution.lean:88:4: warning: Used `tac1 <;> tac2` where `(tac1; tac2)` would suffice

Note: This linter can be disabled with `set_option linter.unnecessarySeqFocus false`
NLA/MI27/HockeyStickSubstitution.lean:92:6: warning: Unused tactic linter: `ring` does nothing

Note: This linter can be disabled with `set_option linter.unusedTactic false`
NLA/MI27/HockeyStickSubstitution.lean:122:6: warning: this tactic is never executed

Note: This linter can be disabled with `set_option linter.unreachableTactic false`
NLA/MI27/HockeyStickSubstitution.lean:109:4: warning: Used `tac1 <;> tac2` where `(tac1; tac2)` would suffice

Note: This linter can be disabled with `set_option linter.unnecessarySeqFocus false`
NLA/MI27/HockeyStickSubstitution.lean:117:4: warning: Used `tac1 <;> tac2` where `(tac1; tac2)` would suffice

Note: This linter can be disabled with `set_option linter.unnecessarySeqFocus false`
NLA/MI27/HockeyStickSubstitution.lean:122:6: warning: Unused tactic linter: `ring` does nothing

Note: This linter can be disabled with `set_option linter.unusedTactic false`
'NLA.MI27.c11_tracePos_smul_nonneg' depends on axioms: [propext, Classical.choice, Quot.sound]
'NLA.MI27.c11_pencil_tracePos_zero_unit_interval' depends on axioms: [propext, Classical.choice, Quot.sound]
'NLA.MI27.c11_pencil_integrand_positive_substitution' depends on axioms: [propext, Classical.choice, Quot.sound]
'NLA.MI27.c11_pencil_integrand_negative_substitution' depends on axioms: [propext, Classical.choice, Quot.sound]
