Author macOS milestone build; cached pinned dependencies. No Comparator or full verification claim.
Lean (version 4.33.1, arm64-apple-darwin24.6.0, commit 819816b2e0a3bf405af45ae5c7af2491d8f5bee6, Release)
SOURCE SHA256: 8f5b34b3db51676c93701b2919371c2d9a9dab95a2dd2e916935393d0804bbe1
COMMAND: ["/private/tmp/nla-campaign-toolchain/lean-4.33.1-darwin_aarch64/bin/lean", "-o", "/var/folders/yr/766r3vcd65n38k3xsp24d0xm0000gq/T/nla-ie21-final-assigned-milestone-cda1x533/NLA/IE21/Definitions.olean", "NLA/IE21/Definitions.lean"]
EXIT: 0
SOURCE SHA256: e01148c5f0dc4d08b829bd61db1e0b4061ad7a24968320813068211e6ec6ec55
COMMAND: ["/private/tmp/nla-campaign-toolchain/lean-4.33.1-darwin_aarch64/bin/lean", "-o", "/var/folders/yr/766r3vcd65n38k3xsp24d0xm0000gq/T/nla-ie21-final-assigned-milestone-cda1x533/NLA/IE21/GaussianTrimming.olean", "NLA/IE21/GaussianTrimming.lean"]
EXIT: 0
SOURCE SHA256: fce653d1b4b34543e45f9cdf8f450350c0c8efd677964bb030732b5b0731ed85
COMMAND: ["/private/tmp/nla-campaign-toolchain/lean-4.33.1-darwin_aarch64/bin/lean", "-o", "/var/folders/yr/766r3vcd65n38k3xsp24d0xm0000gq/T/nla-ie21-final-assigned-milestone-cda1x533/NLA/IE21/PopulationTrimming.olean", "NLA/IE21/PopulationTrimming.lean"]
EXIT: 0
SOURCE SHA256: c1601c196a8c6c08f187ee0b6eb699ea1781b34ab0a639c0e1e6bd3da09eb098
COMMAND: ["/private/tmp/nla-campaign-toolchain/lean-4.33.1-darwin_aarch64/bin/lean", "-o", "/var/folders/yr/766r3vcd65n38k3xsp24d0xm0000gq/T/nla-ie21-final-assigned-milestone-cda1x533/NLA/IE21/QuantileTrimming.olean", "NLA/IE21/QuantileTrimming.lean"]
EXIT: 0
SOURCE SHA256: a6eae189ce23aff24a4f1ae664bdc7ca5d33a7dab8cd702dba4bf62b4843e705
COMMAND: ["/private/tmp/nla-campaign-toolchain/lean-4.33.1-darwin_aarch64/bin/lean", "-o", "/var/folders/yr/766r3vcd65n38k3xsp24d0xm0000gq/T/nla-ie21-final-assigned-milestone-cda1x533/NLA/IE21/MatrixSemantics.olean", "NLA/IE21/MatrixSemantics.lean"]
EXIT: 0
SOURCE SHA256: 07519921bf6d3ca9919afbf0287e572238a80d310d0467f1c1d30b1e2aeef038
COMMAND: ["/private/tmp/nla-campaign-toolchain/lean-4.33.1-darwin_aarch64/bin/lean", "-o", "/var/folders/yr/766r3vcd65n38k3xsp24d0xm0000gq/T/nla-ie21-final-assigned-milestone-cda1x533/NLA/IE21/FiniteTrimming.olean", "NLA/IE21/FiniteTrimming.lean"]
EXIT: 0
SOURCE SHA256: 3e634d650b5f7d066457d9eccd8406ae0945c1774890282b2a5ac8cf58000267
COMMAND: ["/private/tmp/nla-campaign-toolchain/lean-4.33.1-darwin_aarch64/bin/lean", "-o", "/var/folders/yr/766r3vcd65n38k3xsp24d0xm0000gq/T/nla-ie21-final-assigned-milestone-cda1x533/NLA/IE21/EmpiricalTrimming.olean", "NLA/IE21/EmpiricalTrimming.lean"]
EXIT: 0
SOURCE SHA256: 1b0eea5beaabaefd8dd6b15df3f5b4a71eb620f9ee13b67949c467c96675c7b3
COMMAND: ["/private/tmp/nla-campaign-toolchain/lean-4.33.1-darwin_aarch64/bin/lean", "-o", "/var/folders/yr/766r3vcd65n38k3xsp24d0xm0000gq/T/nla-ie21-final-assigned-milestone-cda1x533/NLA/IE21/BoundedConcentration.olean", "NLA/IE21/BoundedConcentration.lean"]
EXIT: 0
SOURCE SHA256: 04828fc5953c3814a12abbe5056d90cddd2208d0bf1b94d6fc904f9543721c83
COMMAND: ["/private/tmp/nla-campaign-toolchain/lean-4.33.1-darwin_aarch64/bin/lean", "-o", "/var/folders/yr/766r3vcd65n38k3xsp24d0xm0000gq/T/nla-ie21-final-assigned-milestone-cda1x533/NLA/IE21/TrimmingConcentration.olean", "NLA/IE21/TrimmingConcentration.lean"]
EXIT: 0
SOURCE SHA256: d0615cad430beccf40425c539b26f6bca97669783574f502bf5a17c26e888f62
COMMAND: ["/private/tmp/nla-campaign-toolchain/lean-4.33.1-darwin_aarch64/bin/lean", "-o", "/var/folders/yr/766r3vcd65n38k3xsp24d0xm0000gq/T/nla-ie21-final-assigned-milestone-cda1x533/NLA/IE21/SphericalLaw.olean", "NLA/IE21/SphericalLaw.lean"]
EXIT: 0
SOURCE SHA256: 4e74a756467094b97beddb27e401a4cb93fb7d546d2293a53133d8fe32580995
COMMAND: ["/private/tmp/nla-campaign-toolchain/lean-4.33.1-darwin_aarch64/bin/lean", "-o", "/var/folders/yr/766r3vcd65n38k3xsp24d0xm0000gq/T/nla-ie21-final-assigned-milestone-cda1x533/NLA/IE21/RowLaw.olean", "NLA/IE21/RowLaw.lean"]
EXIT: 0
SOURCE SHA256: e8da1ca7e2ae4d1285cf798d0b64c8da2a2cec5982008c9153cbe60426a32f3f
COMMAND: ["/private/tmp/nla-campaign-toolchain/lean-4.33.1-darwin_aarch64/bin/lean", "-o", "/var/folders/yr/766r3vcd65n38k3xsp24d0xm0000gq/T/nla-ie21-final-assigned-milestone-cda1x533/NLA/IE21/GaussianPolar.olean", "NLA/IE21/GaussianPolar.lean"]
EXIT: 0
SOURCE SHA256: a555c33b3a982025a1b452a4231c685e3e3438c9b425dbbd8a21ae5a27d4a7ff
COMMAND: ["/private/tmp/nla-campaign-toolchain/lean-4.33.1-darwin_aarch64/bin/lean", "-o", "/var/folders/yr/766r3vcd65n38k3xsp24d0xm0000gq/T/nla-ie21-final-assigned-milestone-cda1x533/NLA/IE21/GaussianMoments.olean", "NLA/IE21/GaussianMoments.lean"]
EXIT: 0
SOURCE SHA256: 746a8c0cd3aee95c22f012229d94cb666a2f9625df2ab09bbb9fe485eea6b0ca
COMMAND: ["/private/tmp/nla-campaign-toolchain/lean-4.33.1-darwin_aarch64/bin/lean", "-o", "/var/folders/yr/766r3vcd65n38k3xsp24d0xm0000gq/T/nla-ie21-final-assigned-milestone-cda1x533/NLA/IE21/SphericalMoments.olean", "NLA/IE21/SphericalMoments.lean"]
EXIT: 0
SOURCE SHA256: b32b30a9d219524df83319537388966f3632a03c2304ebcd34f6438780dda0de
COMMAND: ["/private/tmp/nla-campaign-toolchain/lean-4.33.1-darwin_aarch64/bin/lean", "-o", "/var/folders/yr/766r3vcd65n38k3xsp24d0xm0000gq/T/nla-ie21-final-assigned-milestone-cda1x533/NLA/IE21/SphericalTrimming.olean", "NLA/IE21/SphericalTrimming.lean"]
EXIT: 0
SOURCE SHA256: 5d0c1afcba1fd5eecf1816f62c07b54c788fa1ebae192044bd733883b7caf714
COMMAND: ["/private/tmp/nla-campaign-toolchain/lean-4.33.1-darwin_aarch64/bin/lean", "-o", "/var/folders/yr/766r3vcd65n38k3xsp24d0xm0000gq/T/nla-ie21-final-assigned-milestone-cda1x533/NLA/IE21/SphereNet.olean", "NLA/IE21/SphereNet.lean"]
'NLA.IE21.sphere_net' depends on axioms: [propext, Classical.choice, Quot.sound]
EXIT: 0
SOURCE SHA256: a28d33d754c4d196945572201b9629a49a05d77aca2dbd7787e882d4c3719bfa
COMMAND: ["/private/tmp/nla-campaign-toolchain/lean-4.33.1-darwin_aarch64/bin/lean", "-o", "/var/folders/yr/766r3vcd65n38k3xsp24d0xm0000gq/T/nla-ie21-final-assigned-milestone-cda1x533/NLA/IE21/QuadraticNet.olean", "NLA/IE21/QuadraticNet.lean"]
EXIT: 0
SOURCE SHA256: 7db858d56b5e6ce949eaf7a0b2c7e1c82ea56c7839b29891bf1ad95bad187456
COMMAND: ["/private/tmp/nla-campaign-toolchain/lean-4.33.1-darwin_aarch64/bin/lean", "-o", "/var/folders/yr/766r3vcd65n38k3xsp24d0xm0000gq/T/nla-ie21-final-assigned-milestone-cda1x533/NLA/IE21/PointwiseTrimmingSemantics.olean", "NLA/IE21/PointwiseTrimmingSemantics.lean"]
EXIT: 0
SOURCE SHA256: a0face7d93193746b8dd1b611d252944d45798a225ec1f82af80cb1493220766
COMMAND: ["/private/tmp/nla-campaign-toolchain/lean-4.33.1-darwin_aarch64/bin/lean", "-o", "/var/folders/yr/766r3vcd65n38k3xsp24d0xm0000gq/T/nla-ie21-final-assigned-milestone-cda1x533/NLA/IE21/PointwiseTrimming.olean", "NLA/IE21/PointwiseTrimming.lean"]
EXIT: 0
SOURCE SHA256: 7bf4ebfd5609a8a6565e8d720f570b7cc4e6c7dbbdc387e66985438023a0f90f
COMMAND: ["/private/tmp/nla-campaign-toolchain/lean-4.33.1-darwin_aarch64/bin/lean", "-o", "/var/folders/yr/766r3vcd65n38k3xsp24d0xm0000gq/T/nla-ie21-final-assigned-milestone-cda1x533/reviews/gaussian-trimming-author-evidence/FinalAxioms.olean", "reviews/gaussian-trimming-author-evidence/FinalAxioms.lean"]
'NLA.IE21.gaussian_constant' depends on axioms: [propext, Classical.choice, Quot.sound]
'NLA.IE21.spherical_gaussian_trimming' depends on axioms: [propext, Classical.choice, Quot.sound]
'NLA.IE21.pointwise_trim_concentration' depends on axioms: [propext, Classical.choice, Quot.sound]
EXIT: 0
