Author macOS milestone build; cached pinned dependencies. No Comparator or full verification claim.
Lean (version 4.33.1, arm64-apple-darwin24.6.0, commit 819816b2e0a3bf405af45ae5c7af2491d8f5bee6, Release)
SOURCE SHA256: 8f5b34b3db51676c93701b2919371c2d9a9dab95a2dd2e916935393d0804bbe1
COMMAND: ["/private/tmp/nla-campaign-toolchain/lean-4.33.1-darwin_aarch64/bin/lean", "-o", "/var/folders/yr/766r3vcd65n38k3xsp24d0xm0000gq/T/nla-ie21-quantile-milestone-qvp7kgbs/NLA/IE21/Definitions.olean", "NLA/IE21/Definitions.lean"]
EXIT: 0
SOURCE SHA256: e01148c5f0dc4d08b829bd61db1e0b4061ad7a24968320813068211e6ec6ec55
COMMAND: ["/private/tmp/nla-campaign-toolchain/lean-4.33.1-darwin_aarch64/bin/lean", "-o", "/var/folders/yr/766r3vcd65n38k3xsp24d0xm0000gq/T/nla-ie21-quantile-milestone-qvp7kgbs/NLA/IE21/GaussianTrimming.olean", "NLA/IE21/GaussianTrimming.lean"]
EXIT: 0
SOURCE SHA256: fce653d1b4b34543e45f9cdf8f450350c0c8efd677964bb030732b5b0731ed85
COMMAND: ["/private/tmp/nla-campaign-toolchain/lean-4.33.1-darwin_aarch64/bin/lean", "-o", "/var/folders/yr/766r3vcd65n38k3xsp24d0xm0000gq/T/nla-ie21-quantile-milestone-qvp7kgbs/NLA/IE21/PopulationTrimming.olean", "NLA/IE21/PopulationTrimming.lean"]
EXIT: 0
SOURCE SHA256: c1601c196a8c6c08f187ee0b6eb699ea1781b34ab0a639c0e1e6bd3da09eb098
COMMAND: ["/private/tmp/nla-campaign-toolchain/lean-4.33.1-darwin_aarch64/bin/lean", "-o", "/var/folders/yr/766r3vcd65n38k3xsp24d0xm0000gq/T/nla-ie21-quantile-milestone-qvp7kgbs/NLA/IE21/QuantileTrimming.olean", "NLA/IE21/QuantileTrimming.lean"]
EXIT: 0
SOURCE SHA256: e2c047e21513e7665579e61d01ba0f64a4607baf1739d3962a28d9d298cce0f3
COMMAND: ["/private/tmp/nla-campaign-toolchain/lean-4.33.1-darwin_aarch64/bin/lean", "-o", "/var/folders/yr/766r3vcd65n38k3xsp24d0xm0000gq/T/nla-ie21-quantile-milestone-qvp7kgbs/reviews/gaussian-trimming-author-evidence/QuantileAxioms.olean", "reviews/gaussian-trimming-author-evidence/QuantileAxioms.lean"]
'NLA.IE21.exists_quantile_mass' depends on axioms: [propext, Classical.choice, Quot.sound]
'NLA.IE21.exists_bounded_quantile' depends on axioms: [propext, Classical.choice, Quot.sound]
'NLA.IE21.populationTrim_eq_weighted' depends on axioms: [propext, Classical.choice, Quot.sound]
'NLA.IE21.exists_fractional_selector' depends on axioms: [propext, Classical.choice, Quot.sound]
EXIT: 0
