Author macOS milestone build; cached pinned dependencies. No Comparator or full verification claim.
Lean (version 4.33.1, arm64-apple-darwin24.6.0, commit 819816b2e0a3bf405af45ae5c7af2491d8f5bee6, Release)
SOURCE SHA256: 8f5b34b3db51676c93701b2919371c2d9a9dab95a2dd2e916935393d0804bbe1
COMMAND: ["/private/tmp/nla-campaign-toolchain/lean-4.33.1-darwin_aarch64/bin/lean", "-o", "/var/folders/yr/766r3vcd65n38k3xsp24d0xm0000gq/T/nla-ie21-spherical-trimming-milestone-5lmp9a7x/NLA/IE21/Definitions.olean", "NLA/IE21/Definitions.lean"]
EXIT: 0
SOURCE SHA256: e01148c5f0dc4d08b829bd61db1e0b4061ad7a24968320813068211e6ec6ec55
COMMAND: ["/private/tmp/nla-campaign-toolchain/lean-4.33.1-darwin_aarch64/bin/lean", "-o", "/var/folders/yr/766r3vcd65n38k3xsp24d0xm0000gq/T/nla-ie21-spherical-trimming-milestone-5lmp9a7x/NLA/IE21/GaussianTrimming.olean", "NLA/IE21/GaussianTrimming.lean"]
EXIT: 0
SOURCE SHA256: fce653d1b4b34543e45f9cdf8f450350c0c8efd677964bb030732b5b0731ed85
COMMAND: ["/private/tmp/nla-campaign-toolchain/lean-4.33.1-darwin_aarch64/bin/lean", "-o", "/var/folders/yr/766r3vcd65n38k3xsp24d0xm0000gq/T/nla-ie21-spherical-trimming-milestone-5lmp9a7x/NLA/IE21/PopulationTrimming.olean", "NLA/IE21/PopulationTrimming.lean"]
EXIT: 0
SOURCE SHA256: d0615cad430beccf40425c539b26f6bca97669783574f502bf5a17c26e888f62
COMMAND: ["/private/tmp/nla-campaign-toolchain/lean-4.33.1-darwin_aarch64/bin/lean", "-o", "/var/folders/yr/766r3vcd65n38k3xsp24d0xm0000gq/T/nla-ie21-spherical-trimming-milestone-5lmp9a7x/NLA/IE21/SphericalLaw.olean", "NLA/IE21/SphericalLaw.lean"]
EXIT: 0
SOURCE SHA256: e8da1ca7e2ae4d1285cf798d0b64c8da2a2cec5982008c9153cbe60426a32f3f
COMMAND: ["/private/tmp/nla-campaign-toolchain/lean-4.33.1-darwin_aarch64/bin/lean", "-o", "/var/folders/yr/766r3vcd65n38k3xsp24d0xm0000gq/T/nla-ie21-spherical-trimming-milestone-5lmp9a7x/NLA/IE21/GaussianPolar.olean", "NLA/IE21/GaussianPolar.lean"]
EXIT: 0
SOURCE SHA256: a555c33b3a982025a1b452a4231c685e3e3438c9b425dbbd8a21ae5a27d4a7ff
COMMAND: ["/private/tmp/nla-campaign-toolchain/lean-4.33.1-darwin_aarch64/bin/lean", "-o", "/var/folders/yr/766r3vcd65n38k3xsp24d0xm0000gq/T/nla-ie21-spherical-trimming-milestone-5lmp9a7x/NLA/IE21/GaussianMoments.olean", "NLA/IE21/GaussianMoments.lean"]
EXIT: 0
SOURCE SHA256: 746a8c0cd3aee95c22f012229d94cb666a2f9625df2ab09bbb9fe485eea6b0ca
COMMAND: ["/private/tmp/nla-campaign-toolchain/lean-4.33.1-darwin_aarch64/bin/lean", "-o", "/var/folders/yr/766r3vcd65n38k3xsp24d0xm0000gq/T/nla-ie21-spherical-trimming-milestone-5lmp9a7x/NLA/IE21/SphericalMoments.olean", "NLA/IE21/SphericalMoments.lean"]
EXIT: 0
SOURCE SHA256: b32b30a9d219524df83319537388966f3632a03c2304ebcd34f6438780dda0de
COMMAND: ["/private/tmp/nla-campaign-toolchain/lean-4.33.1-darwin_aarch64/bin/lean", "-o", "/var/folders/yr/766r3vcd65n38k3xsp24d0xm0000gq/T/nla-ie21-spherical-trimming-milestone-5lmp9a7x/NLA/IE21/SphericalTrimming.olean", "NLA/IE21/SphericalTrimming.lean"]
EXIT: 0
SOURCE SHA256: ca2ac0e80f4133e4d0fa9a1a2e7ca6b6d969d990ad1ed19d556cddf679c9292b
COMMAND: ["/private/tmp/nla-campaign-toolchain/lean-4.33.1-darwin_aarch64/bin/lean", "-o", "/var/folders/yr/766r3vcd65n38k3xsp24d0xm0000gq/T/nla-ie21-spherical-trimming-milestone-5lmp9a7x/reviews/gaussian-trimming-author-evidence/SphericalTrimmingAxioms.olean", "reviews/gaussian-trimming-author-evidence/SphericalTrimmingAxioms.lean"]
'NLA.IE21.integral_abs_le_sqrt_second_moment' depends on axioms: [propext, Classical.choice, Quot.sound]
'NLA.IE21.gaussian_radius_deviation_bound' depends on axioms: [propext, Classical.choice, Quot.sound]
'NLA.IE21.spherical_gaussian_coupling_distance' depends on axioms: [propext, Classical.choice, Quot.sound]
'NLA.IE21.spherical_gaussian_trimming' depends on axioms: [propext, Classical.choice, Quot.sound]
EXIT: 0
