✔ [3250/3272] Built NLA.MF24.Definitions (2.7s)
✔ [3251/3272] Built LeanCert.Tactic.Verification (2.7s)
✔ [3252/3272] Built NLA.MF24.Continuant (3.0s)
⚠ [3253/3272] Built NLA.MF24.GramEntries (4.6s)
warning: NLA/MF24/GramEntries.lean:29:32: This simp argument is unused:
  Matrix.one_apply

Hint: Omit it from the simp argument list.
  [apply] simp [scalarShift, wordShift, hi]

Note: This linter can be disabled with `set_option linter.unusedSimpArgs false`
warning: NLA/MF24/GramEntries.lean:29:50: This simp argument is unused:
  hi

Hint: Omit it from the simp argument list.
  [apply] simp [scalarShift, wordShift, Matrix.one_apply]

Note: This linter can be disabled with `set_option linter.unusedSimpArgs false`
warning: NLA/MF24/GramEntries.lean:34:32: This simp argument is unused:
  Matrix.one_apply

Hint: Omit it from the simp argument list.
  [apply] simp [scalarShift, wordShift, hij, hstep]

Note: This linter can be disabled with `set_option linter.unusedSimpArgs false`
warning: NLA/MF24/GramEntries.lean:65:32: This simp argument is unused:
  Matrix.one_apply

Hint: Omit it from the simp argument list.
  [apply] simp [scalarShift, wordShift]

Note: This linter can be disabled with `set_option linter.unusedSimpArgs false`
warning: NLA/MF24/GramEntries.lean:78:46: This simp argument is unused:
  Matrix.one_apply

Hint: Omit it from the simp argument list.
  [apply] simp [gramPencil, gram, Matrix.mul_apply, hij]

Note: This linter can be disabled with `set_option linter.unusedSimpArgs false`
warning: NLA/MF24/GramEntries.lean:139:8: This simp argument is unused:
  Fin.sum_univ_one

Hint: Omit it from the simp argument list.
  [apply] simp [shiftedWord_diag, shiftRadiusSq, Complex.normSq_eq_conj_mul_self]

Note: This linter can be disabled with `set_option linter.unusedSimpArgs false`
⚠ [3254/3272] Built NLA.MF24.Bridge (5.3s)
warning: NLA/MF24/Bridge.lean:30:21: Used `tac1 <;> tac2` where `(tac1; tac2)` would suffice

Note: This linter can be disabled with `set_option linter.unnecessarySeqFocus false`
info: NLA/MF24/Bridge.lean:73:0: 'NLA.MF24.transfer_bridge' depends on axioms: [propext, Classical.choice, Quot.sound]
ℹ [3255/3272] Built NLA.MF24.Dimensions (6.1s)
info: NLA/MF24/Dimensions.lean:66:0: 'NLA.MF24.family_dimensions' depends on axioms: [propext, Classical.choice, Quot.sound]
⚠ [3256/3272] Built NLA.MF24.Powers (4.5s)
warning: NLA/MF24/Powers.lean:53:33: Unused tactic linter: `ring` does nothing

Note: This linter can be disabled with `set_option linter.unusedTactic false`
warning: NLA/MF24/Powers.lean:53:33: this tactic is never executed

Note: This linter can be disabled with `set_option linter.unreachableTactic false`
info: NLA/MF24/Powers.lean:82:0: 'NLA.MF24.height_shift_powers' depends on axioms: [propext, Classical.choice, Quot.sound]
ℹ [3257/3272] Built NLA.MF24.GramContinuant (4.4s)
info: NLA/MF24/GramContinuant.lean:71:0: 'NLA.MF24.gram_continuant' depends on axioms: [propext, Classical.choice, Quot.sound]
ℹ [3258/3272] Built NLA.MF24.SpectralBridge (6.1s)
info: NLA/MF24/SpectralBridge.lean:68:0: 'NLA.MF24.gram_singular_bridge' depends on axioms: [propext, Classical.choice, Quot.sound]
ℹ [3259/3272] Built NLA.MF24.FamilyTransfer (4.3s)
info: NLA/MF24/FamilyTransfer.lean:67:0: 'NLA.MF24.family_transfer_value_eq' depends on axioms: [propext, Classical.choice, Quot.sound]
✔ [3260/3272] Built NLA.MF24.Words (5.3s)
⚠ [3261/3272] Built NLA.MF24.NormBasics (4.8s)
warning: NLA/MF24/NormBasics.lean:39:10: This simp argument is unused:
  Matrix.mulVec_single_one

Hint: Omit it from the simp argument list.
  [apply] simp [Matrix.conjTranspose_apply]

Note: This linter can be disabled with `set_option linter.unusedSimpArgs false`
ℹ [3262/3272] Built NLA.MF24.Transfer (4.5s)
info: NLA/MF24/Transfer.lean:64:0: 'NLA.MF24.gram_transfer' depends on axioms: [propext, Classical.choice, Quot.sound]
⚠ [3263/3272] Built NLA.MF24.Polynomial (5.4s)
warning: NLA/MF24/Polynomial.lean:66:36: Variable name `hm` is not explicitly referenced.

Hint: The binding can be removed (if unused) or named `_` (if used implicitly). Alternatively, prefix the name with `_` to silence this warning:
  [apply] _hm

Note: This linter can be disabled with `set_option linter.unusedVariables false`
info: NLA/MF24/Polynomial.lean:116:0: 'NLA.MF24.polynomial_degree_evaluation' depends on axioms: [propext, Classical.choice, Quot.sound]
info: NLA/MF24/Polynomial.lean:117:0: 'NLA.MF24.polynomial_entries' depends on axioms: [propext, Classical.choice, Quot.sound]
✖ [3264/3272] Building NLA.MF24.FamilySpectrum (2.7s)
trace: .> LEAN_PATH=/home/runner/work/OpenProblemsInNLA/OpenProblemsInNLA/.lean-development/.lake/packages/Cli/.lake/build/lib/lean:/home/runner/work/OpenProblemsInNLA/OpenProblemsInNLA/.lean-development/.lake/packages/batteries/.lake/build/lib/lean:/home/runner/work/OpenProblemsInNLA/OpenProblemsInNLA/.lean-development/.lake/packages/Qq/.lake/build/lib/lean:/home/runner/work/OpenProblemsInNLA/OpenProblemsInNLA/.lean-development/.lake/packages/aesop/.lake/build/lib/lean:/home/runner/work/OpenProblemsInNLA/OpenProblemsInNLA/.lean-development/.lake/packages/proofwidgets/.lake/build/lib/lean:/home/runner/work/OpenProblemsInNLA/OpenProblemsInNLA/.lean-development/.lake/packages/importGraph/.lake/build/lib/lean:/home/runner/work/OpenProblemsInNLA/OpenProblemsInNLA/.lean-development/.lake/packages/LeanSearchClient/.lake/build/lib/lean:/home/runner/work/OpenProblemsInNLA/OpenProblemsInNLA/.lean-development/.lake/packages/plausible/.lake/build/lib/lean:/home/runner/work/OpenProblemsInNLA/OpenProblemsInNLA/.lean-development/.lake/packages/mathlib/.lake/build/lib/lean:/home/runner/work/OpenProblemsInNLA/OpenProblemsInNLA/.lean-development/.lake/packages/leancert/.lake/build/lib/lean:/home/runner/work/OpenProblemsInNLA/OpenProblemsInNLA/.lean-development/.lake/build/lib/lean /home/runner/.elan/toolchains/leanprover--lean4---v4.33.1/bin/lean /home/runner/work/OpenProblemsInNLA/OpenProblemsInNLA/.lean-development/NLA/MF24/FamilySpectrum.lean -o /home/runner/work/OpenProblemsInNLA/OpenProblemsInNLA/.lean-development/.lake/build/lib/lean/NLA/MF24/FamilySpectrum.olean -i /home/runner/work/OpenProblemsInNLA/OpenProblemsInNLA/.lean-development/.lake/build/lib/lean/NLA/MF24/FamilySpectrum.ilean -c /home/runner/work/OpenProblemsInNLA/OpenProblemsInNLA/.lean-development/.lake/build/ir/NLA/MF24/FamilySpectrum.c --setup /home/runner/work/OpenProblemsInNLA/OpenProblemsInNLA/.lean-development/.lake/build/ir/NLA/MF24/FamilySpectrum.setup.json --json
error: NLA/MF24/FamilySpectrum.lean:27:26: unexpected token ','; expected ']'
error: NLA/MF24/FamilySpectrum.lean:26:8: Invalid pattern
warning: NLA/MF24/FamilySpectrum.lean:52:13: Variable name `ht` is not explicitly referenced.

Hint: The binding can be removed (if unused) or named `_` (if used implicitly). Alternatively, prefix the name with `_` to silence this warning:
  [apply] _ht

Note: This linter can be disabled with `set_option linter.unusedVariables false`
error: NLA/MF24/FamilySpectrum.lean:64:21: #assert_trust: 'NLA.MF24.family_gram_charpoly' depends on sorry or unrecognized axioms
  foundational: propext, Classical.choice, Quot.sound
  sorryAx: sorryAx
error: NLA/MF24/FamilySpectrum.lean:65:21: #assert_trust: 'NLA.MF24.family_super_identical' depends on sorry or unrecognized axioms
  foundational: propext, Classical.choice, Quot.sound
  sorryAx: sorryAx
info: NLA/MF24/FamilySpectrum.lean:66:0: 'NLA.MF24.family_gram_charpoly' depends on axioms: [propext, sorryAx, Classical.choice, Quot.sound]
info: NLA/MF24/FamilySpectrum.lean:67:0: 'NLA.MF24.family_super_identical' depends on axioms: [propext, sorryAx, Classical.choice, Quot.sound]
error: Lean exited with code 1
⚠ [3265/3272] Built NLA.MF24.Heights (3.8s)
warning: NLA/MF24/Heights.lean:86:35: Unused tactic linter: `ring` does nothing

Note: This linter can be disabled with `set_option linter.unusedTactic false`
warning: NLA/MF24/Heights.lean:86:35: this tactic is never executed

Note: This linter can be disabled with `set_option linter.unreachableTactic false`
info: NLA/MF24/Heights.lean:174:0: 'NLA.MF24.source_words_eq_height_shifts' depends on axioms: [propext, Classical.choice, Quot.sound]
info: NLA/MF24/Heights.lean:175:0: 'NLA.MF24.family_nilpotent_nonnegative' depends on axioms: [propext, Classical.choice, Quot.sound]
⚠ [3266/3272] Built NLA.MF24.Geometry (3.2s)
warning: NLA/MF24/Geometry.lean:136:34: Variable name `hm` is not explicitly referenced.

Hint: The binding can be removed (if unused) or named `_` (if used implicitly). Alternatively, prefix the name with `_` to silence this warning:
  [apply] _hm

Note: This linter can be disabled with `set_option linter.unusedVariables false`
info: NLA/MF24/Geometry.lean:162:0: 'NLA.MF24.residue_geometry' depends on axioms: [propext, Classical.choice, Quot.sound]
⚠ [3267/3272] Built NLA.MF24.Numerator (3.5s)
warning: NLA/MF24/Numerator.lean:108:8: This simp argument is unused:
  abs_of_nonneg (sq_nonneg t)

Hint: Omit it from the simp argument list.
  [apply] simp [hs2, hh.2.2.1, Complex.norm_real, Real.norm_eq_abs, ← pow_mul]

Note: This linter can be disabled with `set_option linter.unusedSimpArgs false`
info: NLA/MF24/Numerator.lean:153:0: 'NLA.MF24.first_row_and_nonzero' depends on axioms: [propext, Classical.choice, Quot.sound]
info: NLA/MF24/Numerator.lean:154:0: 'NLA.MF24.polynomial_numerator_bound' depends on axioms: [propext, Classical.choice, Quot.sound]
ℹ [3268/3272] Built NLA.MF24.Weights (3.6s)
info: NLA/MF24/Weights.lean:98:0: 'NLA.MF24.residue_weight_bounds' depends on axioms: [propext, Classical.choice, Quot.sound]
⚠ [3269/3272] Built NLA.MF24.Energy (3.8s)
warning: NLA/MF24/Energy.lean:97:21: This simp argument is unused:
  norm_mul

Hint: Omit it from the simp argument list.
  [apply] simp [hsmod]

Note: This linter can be disabled with `set_option linter.unusedSimpArgs false`
warning: NLA/MF24/Energy.lean:131:68: Unused tactic linter: `ring` does nothing

Note: This linter can be disabled with `set_option linter.unusedTactic false`
warning: NLA/MF24/Energy.lean:131:68: this tactic is never executed

Note: This linter can be disabled with `set_option linter.unreachableTactic false`
info: NLA/MF24/Energy.lean:173:0: 'NLA.MF24.polynomial_denominator_energy' depends on axioms: [propext, Classical.choice, Quot.sound]
info: NLA/MF24/Energy.lean:174:0: 'NLA.MF24.polynomial_denominator_bound' depends on axioms: [propext, Classical.choice, Quot.sound]
⚠ [3270/3272] Built NLA.MF24.Ratios (2.9s)
warning: NLA/MF24/Ratios.lean:32:68: Unused tactic linter: `ring` does nothing

Note: This linter can be disabled with `set_option linter.unusedTactic false`
warning: NLA/MF24/Ratios.lean:32:68: this tactic is never executed

Note: This linter can be disabled with `set_option linter.unreachableTactic false`
info: NLA/MF24/Ratios.lean:83:0: 'NLA.MF24.polynomial_norm_ratio' depends on axioms: [propext, Classical.choice, Quot.sound]
info: NLA/MF24/Ratios.lean:84:0: 'NLA.MF24.finite_rational_family_ratio' depends on axioms: [propext, Classical.choice, Quot.sound]
Some required targets logged failures:
- NLA.MF24.FamilySpectrum
error: build failed
