'NLA.IE14.entryMax_pos_of_path' depends on axioms: [propext, Classical.choice, Quot.sound]
'NLA.IE14.cyclic_growth_bound' depends on axioms: [propext, Classical.choice, Quot.sound]
'NLA.IE14.witness_attainment_proved' depends on axioms: [propext, Classical.choice, Quot.sound]
'NLA.IE14.canonical_result_proved' depends on axioms: [propext, Classical.choice, Quot.sound]
'NLA.IE14.entryMax_nonneg' depends on axioms: [propext, Classical.choice, Quot.sound]
'NLA.IE14.activeMax_nonneg' depends on axioms: [propext, Classical.choice, Quot.sound]
'NLA.IE14.norm_le_entryMax' depends on axioms: [propext, Classical.choice, Quot.sound]
'NLA.IE14.norm_le_activeMax' depends on axioms: [propext, Classical.choice, Quot.sound]
'NLA.IE14.activeMax_le' depends on axioms: [propext, Classical.choice, Quot.sound]
'NLA.IE14.entryMax_semantics' depends on axioms: [propext, Classical.choice, Quot.sound]
'NLA.IE14.activeMax_zero' depends on axioms: [propext, Classical.choice, Quot.sound]
'NLA.IE14.swap_active' depends on axioms: [propext, Classical.choice, Quot.sound]
'NLA.IE14.activeMax_le_peakMax' depends on axioms: [propext, Classical.choice, Quot.sound]
'NLA.IE14.peakMax_le' depends on axioms: [propext, Classical.choice, Quot.sound]
'NLA.IE14.entryMax_le_peakMax' depends on axioms: [propext, Classical.choice, Quot.sound]
'NLA.IE14.multiplier_bound' depends on axioms: [propext, Classical.choice, Quot.sound]
'NLA.IE14.half_bounds_certificate' depends on axioms: [propext, Classical.choice, Quot.sound]
'NLA.IE14.front_zero_run' depends on axioms: [propext, Classical.choice, Quot.sound]
'NLA.IE14.front_fibonacci_run' depends on axioms: [propext, Classical.choice, Quot.sound]
'NLA.IE14.front_initial_max_le' depends on axioms: [propext, Classical.choice, Quot.sound]
'NLA.IE14.front_initial_sum_le' depends on axioms: [propext, Classical.choice, Quot.sound]
'NLA.IE14.last_column_run' depends on axioms: [propext, Classical.choice, Quot.sound]
'NLA.IE14.last_column_sum_bound' depends on axioms: [propext, Classical.choice, Quot.sound]
'NLA.IE14.last_column_front_bound' depends on axioms: [propext, Classical.choice, Quot.sound]
'NLA.IE14.penultimate_column_run' depends on axioms: [propext, Classical.choice, Quot.sound]
'NLA.IE14.penultimate_column_transition' depends on axioms: [propext, Classical.choice, Quot.sound]
'NLA.IE14.penultimate_column_front_bound' depends on axioms: [propext, Classical.choice, Quot.sound]
'NLA.IE14.middle_column_zero_run' depends on axioms: [propext, Classical.choice, Quot.sound]
'NLA.IE14.middle_column_front_bound' depends on axioms: [propext, Classical.choice, Quot.sound]
'NLA.IE14.second_column_front_bound' depends on axioms: [propext, Classical.choice, Quot.sound]
'NLA.IE14.all_active_entries_bound_proved' depends on axioms: [propext, Classical.choice, Quot.sound]
'NLA.IE14.half_complex_ne_zero' depends on axioms: [propext, Classical.choice, Quot.sound]
'NLA.IE14.norm_half_complex_le_one' depends on axioms: [propext, Classical.choice, Quot.sound]
'NLA.IE14.lower_diag' depends on axioms: [propext, Classical.choice, Quot.sound]
'NLA.IE14.lower_triangular' depends on axioms: [propext, Classical.choice, Quot.sound]
'NLA.IE14.lower_norm' depends on axioms: [propext, Classical.choice, Quot.sound]
'NLA.IE14.upper_triangular' depends on axioms: [propext, Classical.choice, Quot.sound]
'NLA.IE14.upper_diag_ne_zero' depends on axioms: [propext, Classical.choice, Quot.sound]
'NLA.IE14.factors_det_ne_zero' depends on axioms: [propext, Classical.choice, Quot.sound]
'NLA.IE14.factorIndex_injective' depends on axioms: [propext, Quot.sound]
'NLA.IE14.witness_det_ne_zero' depends on axioms: [propext, Classical.choice, Quot.sound]
'NLA.IE14.origin_step' depends on axioms: [propext, Classical.choice, Quot.sound]
'NLA.IE14.origin_symm_step' depends on axioms: [propext, Classical.choice, Quot.sound]
'NLA.IE14.remainingPair_properties' depends on axioms: [propext, Quot.sound]
'NLA.IE14.swap_survivor_active' depends on axioms: [propext, Classical.choice, Quot.sound]
'NLA.IE14.trajectory_survivor_entry' depends on axioms: [propext, Classical.choice, Quot.sound]
'NLA.IE14.frontInvariant_initial' depends on axioms: [propext, Classical.choice, Quot.sound]
'NLA.IE14.front_fresh_distinct' depends on axioms: [propext, Classical.choice, Quot.sound]
'NLA.IE14.pivot_in_front' depends on axioms: [propext, Classical.choice, Quot.sound]
'NLA.IE14.frontInvariant_advance' depends on axioms: [propext, Classical.choice, Quot.sound]
'NLA.IE14.frontInvariant_all' depends on axioms: [propext, Classical.choice, Quot.sound]
'NLA.IE14.frontMax_nonneg' depends on axioms: [propext, Classical.choice, Quot.sound]
'NLA.IE14.frontSum_nonneg' depends on axioms: [propext, Classical.choice, Quot.sound]
'NLA.IE14.frontMax_le_sum' depends on axioms: [propext, Classical.choice, Quot.sound]
'NLA.IE14.active_entry_le_front' depends on axioms: [propext, Classical.choice, Quot.sound]
'NLA.IE14.three_removal_bounds' depends on axioms: [propext, Classical.choice, Quot.sound]
'NLA.IE14.trajectory_survivor_norm' depends on axioms: [propext, Classical.choice, Quot.sound]
'NLA.IE14.front_step_bounds' depends on axioms: [propext, Classical.choice, Quot.sound]
'NLA.IE14.front_zero_step' depends on axioms: [propext, Classical.choice, Quot.sound]
'NLA.IE14.final_scalar_le_frontSum' depends on axioms: [propext, Classical.choice, Quot.sound]
'NLA.IE14.activeInjective_initial' depends on axioms: [propext, Classical.choice, Quot.sound]
'NLA.IE14.activeInjective_nonzero_column' depends on axioms: [propext, Classical.choice, Quot.sound]
'NLA.IE14.activeInjective_rowSwap' depends on axioms: [propext, Classical.choice, Quot.sound]
'NLA.IE14.schurStep_mulVec' depends on axioms: [propext, Classical.choice, Quot.sound]
'NLA.IE14.activeInjective_schur' depends on axioms: [propext, Classical.choice, Quot.sound]
'NLA.IE14.maxPivot_admissible' depends on axioms: [propext, Classical.choice, Quot.sound]
'NLA.IE14.trajectory_maxPath' depends on axioms: [propext, Classical.choice, Quot.sound]
'NLA.IE14.maxTrajectory_activeInjective' depends on axioms: [propext, Classical.choice, Quot.sound]
'NLA.IE14.admissible_path_exists_proved' depends on axioms: [propext, Classical.choice, Quot.sound]
'NLA.IE14.numerical_bounds' depends on axioms: [propext, Classical.choice, Quot.sound]
'NLA.IE14.admissible_path_exists' depends on axioms: [propext, Classical.choice, Quot.sound]
'NLA.IE14.all_active_entries_bound' depends on axioms: [propext, Classical.choice, Quot.sound]
'NLA.IE14.witness_data' depends on axioms: [propext, Classical.choice, Quot.sound]
'NLA.IE14.witness_attainment' depends on axioms: [propext, Classical.choice, Quot.sound]
'NLA.IE14.canonical_result' depends on axioms: [propext, Classical.choice, Quot.sound]
'NLA.IE14.tail_zero' depends on axioms: [propext, Classical.choice, Quot.sound]
'NLA.IE14.tail_pivot_row' depends on axioms: [propext, Classical.choice, Quot.sound]
'NLA.IE14.tail_pivot_column' depends on axioms: [propext, Classical.choice, Quot.sound]
'NLA.IE14.tail_split' depends on axioms: [propext, Classical.choice, Quot.sound]
'NLA.IE14.witnessPath_active' depends on axioms: [propext, Quot.sound]
'NLA.IE14.stageFactor_pivot' depends on axioms: [propext, Quot.sound]
'NLA.IE14.stageFactor_swap_succ' depends on axioms: [propext, Classical.choice, Quot.sound]
'NLA.IE14.witness_trajectory' depends on axioms: [propext, Classical.choice, Quot.sound]
'NLA.IE14.witness_path_admissible' depends on axioms: [propext, Classical.choice, Quot.sound]
'NLA.IE14.witness_final_scalar' depends on axioms: [propext, Classical.choice, Quot.sound]
'NLA.IE14.lower_delta' depends on axioms: [propext, Classical.choice, Quot.sound]
'NLA.IE14.sum_predecessor' depends on axioms: [propext, Classical.choice, Quot.sound]
'NLA.IE14.lower_mul' depends on axioms: [propext, Classical.choice, Quot.sound]
'NLA.IE14.upper_nonfinal_column' depends on axioms: [propext, Classical.choice, Quot.sound]
'NLA.IE14.product_nonfinal_column' depends on axioms: [propext, Classical.choice, Quot.sound]
'NLA.IE14.product_second_column' depends on axioms: [propext, Classical.choice, Quot.sound]
'NLA.IE14.product_last_column' depends on axioms: [propext, Classical.choice, Quot.sound]
'NLA.IE14.product_second_values' depends on axioms: [propext, Classical.choice, Quot.sound]
'NLA.IE14.product_norm_le_one' depends on axioms: [propext, Classical.choice, Quot.sound]
'NLA.IE14.lower_support' depends on axioms: [propext, Classical.choice, Quot.sound]
'NLA.IE14.witness_forbidden_zero' depends on axioms: [propext, Classical.choice, Quot.sound]
'NLA.IE14.witness_corners' depends on axioms: [propext, Classical.choice, Quot.sound]
'NLA.IE14.witness_data_proved' depends on axioms: [propext, Classical.choice, Quot.sound]
ACTUAL_CERTIFICATE_DEPENDENCY NLA.IE14.witness_data_proved: 105 project constants
ACTUAL_CERTIFICATE_DEPENDENCY NLA.IE14.witness_path_admissible: 67 project constants
ACTUAL_CERTIFICATE_DEPENDENCY NLA.IE14.witness_final_scalar: 67 project constants
ACTUAL_CERTIFICATE_DEPENDENCY NLA.IE14.half_complex_ne_zero: 4 project constants
ACTUAL_CERTIFICATE_DEPENDENCY NLA.IE14.norm_half_complex_le_one: 4 project constants
ACTUAL_CERTIFICATE_DEPENDENCY NLA.IE14.witness_data: 106 project constants
ACTUAL_CERTIFICATE_DEPENDENCY NLA.IE14.witness_attainment: 341 project constants
ACTUAL_CERTIFICATE_DEPENDENCY NLA.IE14.canonical_result: 344 project constants
