$ systemd-run --user --quiet --wait --pipe --collect -p 'RestrictAddressFamilies=~AF_UNIX' --working-directory /home/runner/work/_temp/nla-lean-tools/.verification-tmp/nla-fresh-proof-putjd1qc/project /usr/bin/env -i PATH=/home/runner/.elan/toolchains/leanprover--lean4---v4.33.1/bin:/home/runner/.elan/bin:/home/runner/go/bin:/opt/hostedtoolcache/go/1.27.1/x64/bin:/snap/bin:/home/runner/.local/bin:/opt/pipx_bin:/home/runner/.cargo/bin:/home/runner/.config/composer/vendor/bin:/usr/local/.ghcup/bin:/home/runner/.dotnet/tools:/usr/local/sbin:/usr/local/bin:/usr/sbin:/usr/bin:/sbin:/bin:/usr/games:/usr/local/games:/snap/bin HOME=/home/runner LANG=C.UTF-8 XDG_RUNTIME_DIR=/run/user/1001 DBUS_SESSION_BUS_ADDRESS=unix:path=/run/user/1001/bus GIT_TERMINAL_PROMPT=0 GIT_CONFIG_NOSYSTEM=1 GIT_CONFIG_GLOBAL=/dev/null COMPARATOR_BIN=/home/runner/work/_temp/nla-lean-tools/.tools/comparator/.lake/build/bin/comparator COMPARATOR_LEAN4EXPORT=/home/runner/work/_temp/nla-lean-tools/.tools/lean4export/.lake/build/bin/lean4export COMPARATOR_LANDRUN=/home/runner/work/_temp/nla-lean-tools/scripts/strict_landrun.py XDG_CACHE_HOME=/home/runner/work/_temp/nla-lean-tools/.tools/cache TMPDIR=/home/runner/work/_temp/nla-lean-tools/.verification-tmp lake env /home/runner/work/_temp/nla-lean-tools/.tools/comparator/.lake/build/bin/comparator comparator.json
Building Challenge
✔ [2144/2147] Built NLA.PF03.RawData (3.0s)
✔ [2145/2147] Built NLA.PF03.Definitions (2.0s)
⚠ [2146/2147] Built Challenge (1.9s)
warning: Challenge.lean:21:8: declaration uses `sorry`
warning: Challenge.lean:26:8: declaration uses `sorry`
warning: Challenge.lean:33:8: declaration uses `sorry`
warning: Challenge.lean:39:8: declaration uses `sorry`
warning: Challenge.lean:48:8: declaration uses `sorry`
warning: Challenge.lean:54:8: declaration uses `sorry`
warning: Challenge.lean:63:8: declaration uses `sorry`
warning: Challenge.lean:71:8: declaration uses `sorry`
warning: Challenge.lean:78:8: declaration uses `sorry`
warning: Challenge.lean:88:8: declaration uses `sorry`
warning: Challenge.lean:93:8: declaration uses `sorry`
warning: Challenge.lean:100:8: declaration uses `sorry`
warning: Challenge.lean:107:8: declaration uses `sorry`
warning: Challenge.lean:113:8: declaration uses `sorry`
warning: Challenge.lean:119:8: declaration uses `sorry`
warning: Challenge.lean:127:8: declaration uses `sorry`
warning: Challenge.lean:133:8: declaration uses `sorry`
warning: Challenge.lean:139:8: declaration uses `sorry`
warning: Challenge.lean:147:8: declaration uses `sorry`
warning: Challenge.lean:153:8: declaration uses `sorry`
warning: Challenge.lean:158:8: declaration uses `sorry`
warning: Challenge.lean:165:8: declaration uses `sorry`
warning: Challenge.lean:176:8: declaration uses `sorry`
warning: Challenge.lean:182:8: declaration uses `sorry`
warning: Challenge.lean:188:8: declaration uses `sorry`
Build completed successfully (2147 jobs).
Exporting #[Quot, Quot.mk, Quot.lift, Quot.ind, NLA.PF03.alpha_certificate, NLA.PF03.cubic_eval_operations, NLA.PF03.cubic_eval_injective, NLA.PF03.seed_orthogonal, NLA.PF03.seed_quadratic_form, NLA.PF03.seed_local_data, NLA.PF03.local_quadratic_kernel, NLA.PF03.rational_ray_zero, NLA.PF03.triangle_certificate, NLA.PF03.cross_cone_certificate, NLA.PF03.positive_slice_certificate, NLA.PF03.cone_quadratic_zeros, NLA.PF03.cone_rational_zeros, NLA.PF03.cone_pointed, NLA.PF03.one_variable_projection, NLA.PF03.rational_projection, NLA.PF03.rational_cone_halfspaces, NLA.PF03.pointed_halfspaces_injective, NLA.PF03.gram_factor_transport, NLA.PF03.trace_obstruction, NLA.PF03.no_rational_factor, NLA.PF03.padded_real_factor, NLA.PF03.cp_zero_diagonal_frontier, NLA.PF03.pf03_counterexample, NLA.PF03.canonical_negative_answer, propext, Classical.choice, Quot.sound, Nat.add, Nat.sub, Nat.mul, Nat.pow, Nat.gcd, Nat.div, Nat.mod, Nat.beq, Nat.ble, Nat.land, Nat.lor, Nat.xor, Nat.shiftLeft, Nat.shiftRight, String.ofList, Char.ofNat, List, eagerReduce, Nat, String, String.mk, Char, optParam, autoParam, semiOutParam, outParam] from Challenge
Building Solution
✔ [2779/2812] Built LeanCert.Core.Interval (3.8s)
✔ [2780/2812] Built LeanCert.Core.DerivativeIntervals (4.4s)
✔ [2781/2819] Built LeanCert.Contrib.Sinc (6.3s)
✔ [2782/2819] Built LeanCert.Core.Expr (6.0s)
✔ [2783/2823] Built LeanCert.Core.Dyadic (6.5s)
✔ [2784/2823] Built LeanCert.Tactic.Verification (7.4s)
✔ [2785/2823] Built LeanCert.Core.Taylor (11s)
✔ [2786/2824] Built LeanCert.Core.IntervalRat.Basic (12s)
✔ [2787/2824] Built LeanCert.Core.Support (4.6s)
✔ [2788/2824] Built LeanCert.Core.IntervalRat.LogReduction (6.8s)
✔ [2789/2824] Built LeanCert.Tactic.LeanCert.Bridge.Environment (3.7s)
✔ [2790/2824] Built LeanCert.Meta.Numeral (4.8s)
✔ [2791/2824] Built LeanCert.Engine.Eval.Result (3.1s)
✔ [2792/2824] Built LeanCert.Tactic.NumericalRefinement (753ms)
✔ [2793/2824] Built LeanCert.Core.TrigReduction (3.0s)
✔ [2794/2824] Built LeanCert.Tactic.IntervalAuto.Types (4.4s)
✔ [2795/2824] Built LeanCert.Core.IntervalRat.Transcendental (5.8s)
✔ [2796/2858] Built LeanCert.Tactic.IntervalAuto.Extract (4.3s)
✔ [2850/2931] Built LeanCert.Tactic.IntervalAuto.Norm (7.2s)
✔ [2852/2935] Built LeanCert.Tactic.VecUtil (5.5s)
✔ [2853/2935] Built LeanCert.Meta.ToExpr (8.7s)
✔ [2854/2935] Built LeanCert.Tactic.BridgeNative (3.1s)
✔ [2855/2935] Built LeanCert.Tactic.FinSumExpand (4.0s)
✔ [2856/2980] Built LeanCert.Tactic.FinsetParse (5.9s)
✔ [3516/3598] Built LeanCert.Tactic.LeanCert.Normalize (4.2s)
✔ [3517/3602] Built LeanCert.Validity.Eventual (4.2s)
✔ [3518/3605] Built LeanCert.Tactic.IntervalAuto.Parse (7.1s)
✔ [3519/3605] Built LeanCert.Tactic.LeanCert.Semantic.Domain (2.0s)
✔ [3520/3605] Built LeanCert.Tactic.VecSimp (1.0s)
✔ [3521/3609] Built LeanCert.Tactic.IntervalAuto.Diagnostic (3.6s)
✔ [3522/3610] Built LeanCert.Core.IntervalRat.Taylor (25s)
✔ [3523/3610] Built LeanCert.Tactic.LeanCert.Semantic.Goal (2.5s)
✔ [3524/3612] Built LeanCert.Tactic.EventualBound (6.1s)
✔ [3525/3612] Built LeanCert.Core.IntervalReal (2.8s)
✔ [3526/3613] Built LeanCert.Tactic.Extension.Protocol (3.5s)
✔ [3527/3613] Built LeanCert.Core.IntervalRat.TrigReduced (3.3s)
✔ [3528/3613] Built LeanCert.Tactic.LeanCert.Semantic.Parse.Comparison (1.7s)
✔ [3529/3613] Built LeanCert.Tactic.LeanCert.Diagnostic.Evidence (3.5s)
✔ [3530/3613] Built LeanCert.Tactic.LeanCert.Config (2.2s)
✔ [3531/3613] Built LeanCert.Tactic.Extension.Registry (5.0s)
✔ [3532/3617] Built LeanCert.Core.IntervalRealEndpoints (6.6s)
✔ [3533/3618] Built LeanCert.Engine.Affine.Basic (9.1s)
✔ [3535/3618] Built LeanCert.Tactic.LeanCert.Semantic.Parse.Bound (5.4s)
✔ [3536/3620] Built LeanCert.Core.IntervalDyadic (11s)
✔ [3537/3626] Built LeanCert.Engine.Affine.Nonlinear (6.6s)
✔ [3538/3628] Built LeanCert.Engine.Algebra.QPoly (7.2s)
✔ [3539/3632] Built LeanCert.Engine.Eval.Core (11s)
✔ [3540/3632] Built LeanCert.Core.DyadicCell (7.7s)
✔ [3541/3632] Built LeanCert.Engine.FloatEval (4.0s)
✔ [3542/3635] Built LeanCert.Tactic.Extension.Command (2.9s)
✔ [3543/3646] Built LeanCert.Engine.Algebra.QPolyIntegral (4.0s)
✔ [3545/3690] Built LeanCert.Core.DyadicFrontier (3.6s)
✔ [3547/3690] Built LeanCert.Engine.Eval.Extended (4.0s)
✔ [3548/3690] Built LeanCert.Tactic.Extension (2.8s)
✔ [3549/3690] Built LeanCert.Engine.Bounds.Lemmas (2.1s)
✔ [3550/3690] Built NLA.PF03.QuadraticGeneratorCache (4.0s)
✔ [3551/3690] Built LeanCert.Engine.IntervalEval (1.8s)
✔ [3552/3690] Built LeanCert.Validity.Bounds.Checked (3.4s)
✔ [3553/3690] Built LeanCert.Validity.Bounds.Core (3.5s)
✔ [3554/3690] Built LeanCert.Engine.Affine.Transcendental (5.3s)
✔ [3555/3690] Built LeanCert.Engine.Optimization.Box (4.5s)
✔ [3556/3690] Built LeanCert.Engine.IntervalEvalDyadic (8.2s)
✔ [3557/3690] Built LeanCert.Engine.RootFinding.Basic (7.2s)
✔ [3558/3690] Built LeanCert.Engine.AD.Basic (3.9s)
✔ [3559/3690] Built LeanCert.Engine.Integrate (8.2s)
✔ [3560/3690] Built LeanCert.Engine.Search.Heuristic (5.1s)
✔ [3561/3690] Built LeanCert.Engine.IntervalEvalAffine (8.6s)
✔ [3562/3690] Built LeanCert.Engine.TaylorModel.Core (12s)
✔ [3563/3690] Built LeanCert.Engine.FinSumDyadic (6.8s)
✔ [3564/3690] Built LeanCert.Validity.DyadicBounds (4.7s)
✔ [3565/3690] Built LeanCert.Engine.Affine.Environment (4.0s)
✔ [3566/3690] Built LeanCert.Engine.AD.Transcendental (5.6s)
✔ [3567/3690] Built LeanCert.Engine.RootFinding.Bisection (6.7s)
✔ [3568/3690] Built LeanCert.Engine.TaylorModel.Integral (4.6s)
✔ [3569/3690] Built LeanCert.Engine.TaylorModel.Special (3.2s)
✔ [3570/3690] Built LeanCert.Engine.WitnessSum (8.6s)
✔ [3571/3690] Built LeanCert.Engine.TaylorModel.ExpLog (11s)
✔ [3572/3690] Built LeanCert.Engine.AD.Eval (3.0s)
✔ [3573/3690] Built LeanCert.Engine.TaylorModel.Trig (14s)
✔ [3574/3690] Built LeanCert.Engine.TaylorModel.Hyperbolic (15s)
✔ [3575/3690] Built LeanCert.Engine.AD.Correctness (2.9s)
✔ [3576/3690] Built LeanCert.Engine.TaylorModel.Functions (2.3s)
✔ [3577/3690] Built LeanCert.Engine.AD.Computable (4.2s)
✔ [3578/3690] Built LeanCert.Engine.TaylorModel.Expr (5.6s)
✔ [3579/3690] Built LeanCert.Engine.AD.PartialCorrectness (6.6s)
✔ [3580/3690] Built LeanCert.Engine.AD.DomainChecked (3.6s)
✔ [3581/3690] Built LeanCert.Engine.TaylorModel (2.1s)
✔ [3582/3690] Built LeanCert.Engine.AD.Dyadic (3.1s)
✔ [3583/3690] Built LeanCert.Engine.AD (1.7s)
✔ [3584/3690] Built LeanCert.Validity.Bounds.Smart (3.9s)
✔ [3585/3690] Built LeanCert.Meta.ProveSupported (4.8s)
✔ [3586/3690] Built LeanCert.Engine.IntervalEvalRefined (4.8s)
✔ [3587/3690] Built LeanCert.Engine.Optimize (7.6s)
✔ [3588/3690] Built LeanCert.Validity.Bounds.Bridge (3.0s)
✔ [3589/3690] Built LeanCert.Meta.ProveContinuous (5.8s)
✔ [3590/3690] Built LeanCert.Tactic.IntervalAuto.ProveCommon (7.5s)
✔ [3591/3690] Built LeanCert.Engine.RootFinding.Newton (6.2s)
✔ [3592/3690] Built LeanCert.Validity.Bounds.Basic (3.8s)
✔ [3593/3690] Built LeanCert.Engine.Optimization.Gradient (7.7s)
✔ [3594/3690] Built LeanCert.Tactic.IntervalAuto.Basic (3.6s)
✔ [3595/3690] Built LeanCert.Tactic.LeanCert.Bridge.ReifiedFunction (3.9s)
✔ [3596/3690] Built LeanCert.Validity.Integration (7.7s)
✔ [3597/3690] Built LeanCert.Engine.RootFinding.MVTBounds (10s)
✔ [3598/3690] Built LeanCert.Engine.RootFinding.Krawczyk (10s)
✔ [3599/3690] Built LeanCert.Tactic.LeanCert.Semantic.Prepare (8.2s)
✔ [3600/3690] Built LeanCert.Engine.RootFinding.KrawczykCandidate (6.6s)
✔ [3601/3690] Built LeanCert.Engine.RootFinding.Contraction (10s)
✔ [3602/3690] Built LeanCert.Tactic.LeanCert.Integral (12s)
✔ [3603/3690] Built LeanCert.Validity.Krawczyk (4.7s)
✔ [3604/3690] Built LeanCert.Engine.RootFinding.Main (3.2s)
✔ [3605/3690] Built LeanCert.Tactic.LeanCert.Solver.Protocol (6.0s)
✔ [3606/3690] Built LeanCert.Tactic.Extension.Execute (8.0s)
✔ [3607/3690] Built LeanCert.Engine.Optimization.Global (29s)
✔ [3608/3690] Built LeanCert.Tactic.LeanCert.Diagnostic.Render (4.3s)
✔ [3609/3690] Built LeanCert.Tactic.Enclosure (4.2s)
✔ [3610/3690] Built LeanCert.Validity.Types (3.5s)
✔ [3611/3690] Built LeanCert.Engine.Optimization.Guided (4.3s)
✔ [3612/3690] Built LeanCert.Engine.Search.CounterExample (4.1s)
✔ [3613/3690] Built LeanCert.Engine.Optimization.BoundVerify (4.3s)
✔ [3614/3690] Built LeanCert.Validity.Bounds (7.8s)
✔ [3615/3690] Built LeanCert.Discovery.Find (3.9s)
✔ [3616/3690] Built LeanCert.Tactic.IntervalAuto.RootBound (4.5s)
✔ [3617/3690] Built LeanCert.Tactic.IntervalAuto.OptBound (4.7s)
✔ [3618/3690] Built LeanCert.Tactic.IntervalAuto.Multivariate (6.2s)
✔ [3619/3690] Built LeanCert.Tactic.IntervalAuto.Bound (14s)
✔ [3620/3690] Built LeanCert.Tactic.IntervalAuto.Subdiv (4.7s)
✔ [3621/3690] Built LeanCert.Tactic.IntervalAuto.Adaptive (7.9s)
✔ [3622/3690] Built LeanCert.Tactic.IntervalAuto.PointIneq (9.2s)
✔ [3623/3690] Built LeanCert.Tactic.IntervalAuto (2.3s)
✔ [3624/3690] Built LeanCert.Tactic.Refute (4.3s)
✔ [3625/3690] Built LeanCert.Tactic.FinSumWitness (5.1s)
✔ [3626/3690] Built LeanCert.Tactic.FinSumBound (4.5s)
✔ [3627/3690] Built LeanCert.Tactic.LeanCert.Semantic.Parse (3.1s)
✔ [3628/3690] Built LeanCert.Tactic.Discovery (14s)
✔ [3629/3690] Built LeanCert.Tactic.Krawczyk (3.3s)
✔ [3630/3690] Built LeanCert.Tactic.LeanCert.Router (7.7s)
✔ [3631/3690] Built LeanCert.Tactic.LeanCert (2.5s)
✔ [3632/3690] Built LeanCert.Tactic (2.4s)
ℹ [3633/3690] Built NLA.PF03.TraceObstruction (4.5s)
info: NLA/PF03/TraceObstruction.lean:41:0: 'NLA.PF03.trace_obstruction' depends on axioms: [propext, Classical.choice, Quot.sound]
⚠ [3634/3690] Built NLA.PF03.CPBoundary (4.7s)
warning: NLA/PF03/CPBoundary.lean:27:43: Variable name `hn` is not explicitly referenced.

Hint: The binding can be removed (if unused) or named `_` (if used implicitly). Alternatively, prefix the name with `_` to silence this warning:
  [apply] _hn

Note: This linter can be disabled with `set_option linter.unusedVariables false`
info: NLA/PF03/CPBoundary.lean:58:0: 'NLA.PF03.cp_zero_diagonal_frontier' depends on axioms: [propext, Classical.choice, Quot.sound]
ℹ [3635/3690] Built NLA.PF03.FourierMotzkin (4.8s)
info: NLA/PF03/FourierMotzkin.lean:176:0: 'NLA.PF03.one_variable_projection' depends on axioms: [propext, Classical.choice, Quot.sound]
ℹ [3636/3690] Built NLA.PF03.GramTransport (4.0s)
info: NLA/PF03/GramTransport.lean:55:0: 'NLA.PF03.gram_factor_transport' depends on axioms: [propext, Classical.choice, Quot.sound]
ℹ [3637/3690] Built NLA.PF03.PointedHalfspaces (4.8s)
info: NLA/PF03/PointedHalfspaces.lean:56:0: 'NLA.PF03.pointed_halfspaces_injective' depends on axioms: [propext, Classical.choice, Quot.sound]
ℹ [3638/3690] Built NLA.PF03.RootCertificate (4.7s)
info: NLA/PF03/RootCertificate.lean:29:2: [interval_decide] typed point bound: starting with goal ↑(12599210498948731647672106072782283505702 / 10 ^ 40) ^ 3 < 2
[interval_decide] Parsed: lhs=↑(12599210498948731647672106072782283505702 / 10 ^ 40) ^
      3, rhs=2, isStrict=true, isReversedOrig=false
[interval_decide] funcExpr=↑(12599210498948731647672106072782283505702 / 10 ^ 40) ^
      3, boundExpr=2, needsFlip=false, isReversed=false
[interval_decide] boundRat extracted: 2
[interval_decide] ast reified
[interval_decide] Building dyadic certificate check
[interval_decide] Verifying dyadic certificate
[interval_decide] Dyadic certificate verified
info: NLA/PF03/RootCertificate.lean:39:2: [interval_decide] typed point bound: starting with goal 2 < ↑(12599210498948731647672106072782283505703 / 10 ^ 40) ^ 3
[interval_decide] Parsed: lhs=2, rhs=↑(12599210498948731647672106072782283505703 / 10 ^ 40) ^
      3, isStrict=true, isReversedOrig=false
[interval_decide] funcExpr=↑(12599210498948731647672106072782283505703 / 10 ^ 40) ^
      3, boundExpr=2, needsFlip=true, isReversed=true
[interval_decide] boundRat extracted: 2
[interval_decide] ast reified
[interval_decide] Building dyadic certificate check
[interval_decide] Verifying dyadic certificate
[interval_decide] Dyadic certificate verified
info: NLA/PF03/RootCertificate.lean:73:0: 'NLA.PF03.alpha_certificate' depends on axioms: [propext, Classical.choice, Quot.sound]
⚠ [3639/3690] Built NLA.PF03.LocalQuadraticKernel (4.8s)
warning: NLA/PF03/LocalQuadraticKernel.lean:76:50: This simp argument is unused:
  zero_add

Hint: Omit it from the simp argument list.
  [apply] simp only [quad, bilinear, Fin.sum_univ_three, hw2, hH.apply 0 1, zero_mul, mul_zero, add_zero]

Note: This linter can be disabled with `set_option linter.unusedSimpArgs false`
info: NLA/PF03/LocalQuadraticKernel.lean:96:0: 'NLA.PF03.local_quadratic_kernel' depends on axioms: [propext, Classical.choice, Quot.sound]
ℹ [3640/3690] Built NLA.PF03.PositiveSlice (5.4s)
info: NLA/PF03/PositiveSlice.lean:31:0: 'NLA.PF03.positive_slice_certificate' depends on axioms: [propext, Classical.choice, Quot.sound]
ℹ [3641/3690] Built NLA.PF03.RationalProjection (4.2s)
info: NLA/PF03/RationalProjection.lean:122:0: 'NLA.PF03.rational_projection' depends on axioms: [propext, Classical.choice, Quot.sound]
ℹ [3642/3690] Built NLA.PF03.CubicIndependence (4.3s)
info: NLA/PF03/CubicIndependence.lean:58:0: 'NLA.PF03.cubic_eval_injective' depends on axioms: [propext, Classical.choice, Quot.sound]
ℹ [3643/3690] Built NLA.PF03.CubicArithmetic (4.5s)
info: NLA/PF03/CubicArithmetic.lean:34:0: 'NLA.PF03.cubic_eval_operations' depends on axioms: [propext, Classical.choice, Quot.sound]
ℹ [3644/3690] Built NLA.PF03.ConeQuadraticAlgebra (4.2s)
info: NLA/PF03/ConeQuadraticAlgebra.lean:77:0: 'NLA.PF03.cone_quad_mulVec' depends on axioms: [propext, Classical.choice, Quot.sound]
info: NLA/PF03/ConeQuadraticAlgebra.lean:79:0: 'NLA.PF03.cone_double_sum_term_zero' depends on axioms: [propext, Classical.choice, Quot.sound]
ℹ [3645/3690] Built NLA.PF03.ConeFunctional (4.5s)
info: NLA/PF03/ConeFunctional.lean:75:0: 'NLA.PF03.positive_functional_on_cone' depends on axioms: [propext, Classical.choice, Quot.sound]
info: NLA/PF03/ConeFunctional.lean:77:0: 'NLA.PF03.K_noLine' depends on axioms: [propext, Classical.choice, Quot.sound]
info: NLA/PF03/ConeFunctional.lean:79:0: 'NLA.PF03.K_inter_neg_eq_zero' depends on axioms: [propext, Classical.choice, Quot.sound]
ℹ [3646/3690] Built NLA.PF03.CubicFiniteArithmetic (4.4s)
info: NLA/PF03/CubicFiniteArithmetic.lean:26:0: 'NLA.PF03.cubicEval_finset_sum' depends on axioms: [propext, Classical.choice, Quot.sound]
info: NLA/PF03/CubicFiniteArithmetic.lean:28:0: 'NLA.PF03.cubicMul_comm' depends on axioms: [propext, Classical.choice, Quot.sound]
ℹ [3647/3690] Built NLA.PF03.RationalConeHalfspaces (5.1s)
info: NLA/PF03/RationalConeHalfspaces.lean:98:0: 'NLA.PF03.rational_cone_halfspaces' depends on axioms: [propext, Classical.choice, Quot.sound]
⚠ [3648/3690] Built NLA.PF03.RationalRay (4.8s)
warning: NLA/PF03/RationalRay.lean:23:4: `push_neg` has been deprecated. Prefer using `push Not` instead.
If you'd rather continue using `push_neg` in your project, you can implement it as follows:
```
open Lean.Parser.Tactic in
macro "push_neg" cfg:optConfig loc:(location)? : tactic =>
  `(tactic| push $cfg:optConfig Not $[$loc]?)
```
info: NLA/PF03/RationalRay.lean:57:0: 'NLA.PF03.rational_ray_zero' depends on axioms: [propext, Classical.choice, Quot.sound]
ℹ [3649/3690] Built NLA.PF03.ConeCoordinates (4.5s)
info: NLA/PF03/ConeCoordinates.lean:62:0: 'NLA.PF03.K_mem_coordinates' depends on axioms: [propext, Classical.choice, Quot.sound]
info: NLA/PF03/ConeCoordinates.lean:64:0: 'NLA.PF03.local_generator_sum' depends on axioms: [propext, Classical.choice, Quot.sound]
ℹ [3650/3690] Built NLA.PF03.CubicLowerBounds (4.0s)
info: NLA/PF03/CubicLowerBounds.lean:49:0: 'NLA.PF03.cubicEval_pos_of_lower' depends on axioms: [propext, Classical.choice, Quot.sound]
ℹ [3651/3690] Built NLA.PF03.SeedQuadraticForm (6.6s)
info: NLA/PF03/SeedQuadraticForm.lean:51:0: 'NLA.PF03.seed_quadratic_form' depends on axioms: [propext, Classical.choice, Quot.sound]
ℹ [3652/3690] Built NLA.PF03.SeedOrthogonalData (8.5s)
info: NLA/PF03/SeedOrthogonalData.lean:94:0: 'NLA.PF03.seed_cache_coordinates' depends on axioms: [propext, Classical.choice, Quot.sound]
info: NLA/PF03/SeedOrthogonalData.lean:96:0: 'NLA.PF03.seed_cubic_gram' depends on axioms: [propext, Classical.choice, Quot.sound]
ℹ [3653/3690] Built NLA.PF03.TriangleRationalData (5.9s)
info: NLA/PF03/TriangleRationalData.lean:28:0: 'NLA.PF03.generator_literal' depends on axioms: [propext, Classical.choice, Quot.sound]
info: NLA/PF03/TriangleRationalData.lean:30:0: 'NLA.PF03.barycentric_lower_positive' depends on axioms: [propext, Classical.choice, Quot.sound]
ℹ [3654/3690] Built NLA.PF03.SeedLocalAlgebra (4.0s)
info: NLA/PF03/SeedLocalAlgebra.lean:131:0: 'NLA.PF03.seed_local_data_of_certificate' depends on axioms: [propext, Classical.choice, Quot.sound]
ℹ [3655/3690] Built NLA.PF03.SeedOrthogonal (3.6s)
info: NLA/PF03/SeedOrthogonal.lean:63:0: 'NLA.PF03.seed_orthogonal' depends on axioms: [propext, Classical.choice, Quot.sound]
ℹ [3656/3690] Built NLA.PF03.TriangleCertificate (5.2s)
info: NLA/PF03/TriangleCertificate.lean:55:0: 'NLA.PF03.triangle_certificate' depends on axioms: [propext, Classical.choice, Quot.sound]
ℹ [3657/3690] Built NLA.PF03.ConeNumericalAlgebra (4.3s)
info: NLA/PF03/ConeNumericalAlgebra.lean:32:0: 'NLA.PF03.quadraticGeneratorCubic_eval' depends on axioms: [propext, Classical.choice, Quot.sound]
ℹ [3658/3690] Built NLA.PF03.SeedLocalData6 (8.6s)
info: NLA/PF03/SeedLocalData6.lean:27:0: 'NLA.PF03.seed_local_rational_certificate6' depends on axioms: [propext, Classical.choice, Quot.sound]
ℹ [3659/3690] Built NLA.PF03.SeedLocalData5 (8.2s)
info: NLA/PF03/SeedLocalData5.lean:27:0: 'NLA.PF03.seed_local_rational_certificate5' depends on axioms: [propext, Classical.choice, Quot.sound]
ℹ [3660/3690] Built NLA.PF03.SeedLocalData4 (7.0s)
info: NLA/PF03/SeedLocalData4.lean:27:0: 'NLA.PF03.seed_local_rational_certificate4' depends on axioms: [propext, Classical.choice, Quot.sound]
ℹ [3661/3690] Built NLA.PF03.SeedLocalData3 (7.0s)
info: NLA/PF03/SeedLocalData3.lean:27:0: 'NLA.PF03.seed_local_rational_certificate3' depends on axioms: [propext, Classical.choice, Quot.sound]
ℹ [3662/3690] Built NLA.PF03.SeedLocalData2 (7.8s)
info: NLA/PF03/SeedLocalData2.lean:27:0: 'NLA.PF03.seed_local_rational_certificate2' depends on axioms: [propext, Classical.choice, Quot.sound]
ℹ [3663/3690] Built NLA.PF03.ConePointed (4.1s)
info: NLA/PF03/ConePointed.lean:36:0: 'NLA.PF03.cone_pointed' depends on axioms: [propext, Classical.choice, Quot.sound]
ℹ [3664/3690] Built NLA.PF03.SeedLocalData1 (7.9s)
info: NLA/PF03/SeedLocalData1.lean:27:0: 'NLA.PF03.seed_local_rational_certificate1' depends on axioms: [propext, Classical.choice, Quot.sound]
ℹ [3665/3690] Built NLA.PF03.SeedLocalData0 (7.9s)
info: NLA/PF03/SeedLocalData0.lean:27:0: 'NLA.PF03.seed_local_rational_certificate0' depends on axioms: [propext, Classical.choice, Quot.sound]
ℹ [3666/3690] Built NLA.PF03.CrossConeSigns5 (4.9s)
info: NLA/PF03/CrossConeSigns5.lean:30:0: 'NLA.PF03.cross_cone_lower5' depends on axioms: [propext, Classical.choice, Quot.sound]
ℹ [3667/3690] Built NLA.PF03.CrossConeSigns4 (5.8s)
info: NLA/PF03/CrossConeSigns4.lean:40:0: 'NLA.PF03.cross_cone_lower4' depends on axioms: [propext, Classical.choice, Quot.sound]
ℹ [3668/3690] Built NLA.PF03.CrossConeSigns3 (6.7s)
info: NLA/PF03/CrossConeSigns3.lean:49:0: 'NLA.PF03.cross_cone_lower3' depends on axioms: [propext, Classical.choice, Quot.sound]
ℹ [3669/3690] Built NLA.PF03.CrossConeSigns2 (7.4s)
info: NLA/PF03/CrossConeSigns2.lean:58:0: 'NLA.PF03.cross_cone_lower2' depends on axioms: [propext, Classical.choice, Quot.sound]
ℹ [3670/3690] Built NLA.PF03.CrossConeSigns1 (8.0s)
info: NLA/PF03/CrossConeSigns1.lean:15:0: 'NLA.PF03.cross_cone_lower1' depends on axioms: [propext, Classical.choice, Quot.sound]
ℹ [3671/3690] Built NLA.PF03.QuadraticGeneratorBlock6 (6.0s)
info: NLA/PF03/QuadraticGeneratorBlock6.lean:15:0: 'NLA.PF03.quadratic_generator_block6' depends on axioms: [propext, Classical.choice, Quot.sound]
ℹ [3672/3690] Built NLA.PF03.CrossConeSigns0 (8.5s)
info: NLA/PF03/CrossConeSigns0.lean:15:0: 'NLA.PF03.cross_cone_lower0' depends on axioms: [propext, Classical.choice, Quot.sound]
ℹ [3673/3690] Built NLA.PF03.QuadraticGeneratorBlock5 (6.8s)
info: NLA/PF03/QuadraticGeneratorBlock5.lean:15:0: 'NLA.PF03.quadratic_generator_block5' depends on axioms: [propext, Classical.choice, Quot.sound]
ℹ [3674/3690] Built NLA.PF03.QuadraticGeneratorBlock4 (6.6s)
info: NLA/PF03/QuadraticGeneratorBlock4.lean:15:0: 'NLA.PF03.quadratic_generator_block4' depends on axioms: [propext, Classical.choice, Quot.sound]
ℹ [3675/3690] Built NLA.PF03.QuadraticGeneratorBlock2 (6.1s)
info: NLA/PF03/QuadraticGeneratorBlock2.lean:15:0: 'NLA.PF03.quadratic_generator_block2' depends on axioms: [propext, Classical.choice, Quot.sound]
ℹ [3676/3690] Built NLA.PF03.QuadraticGeneratorBlock3 (6.5s)
info: NLA/PF03/QuadraticGeneratorBlock3.lean:15:0: 'NLA.PF03.quadratic_generator_block3' depends on axioms: [propext, Classical.choice, Quot.sound]
ℹ [3677/3690] Built NLA.PF03.QuadraticGeneratorBlock1 (6.2s)
info: NLA/PF03/QuadraticGeneratorBlock1.lean:15:0: 'NLA.PF03.quadratic_generator_block1' depends on axioms: [propext, Classical.choice, Quot.sound]
ℹ [3678/3690] Built NLA.PF03.SeedLocalData (3.8s)
info: NLA/PF03/SeedLocalData.lean:37:0: 'NLA.PF03.seed_local_data' depends on axioms: [propext, Classical.choice, Quot.sound]
ℹ [3679/3690] Built NLA.PF03.PaddedFactor (4.0s)
info: NLA/PF03/PaddedFactor.lean:83:0: 'NLA.PF03.padded_real_factor' depends on axioms: [propext, Classical.choice, Quot.sound]
ℹ [3680/3690] Built NLA.PF03.QuadraticGeneratorBlock0 (5.6s)
info: NLA/PF03/QuadraticGeneratorBlock0.lean:15:0: 'NLA.PF03.quadratic_generator_block0' depends on axioms: [propext, Classical.choice, Quot.sound]
ℹ [3681/3690] Built NLA.PF03.ConeLocalQuadratics (2.8s)
info: NLA/PF03/ConeLocalQuadratics.lean:72:0: 'NLA.PF03.cone_group_local_kernel' depends on axioms: [propext, Classical.choice, Quot.sound]
info: NLA/PF03/ConeLocalQuadratics.lean:74:0: 'NLA.PF03.seedColumn_quad_zero' depends on axioms: [propext, Classical.choice, Quot.sound]
ℹ [3682/3690] Built NLA.PF03.QuadraticGeneratorCertificate (2.6s)
info: NLA/PF03/QuadraticGeneratorCertificate.lean:29:0: 'NLA.PF03.quadraticGeneratorCubic_cache' depends on axioms: [propext, Classical.choice, Quot.sound]
ℹ [3683/3690] Built NLA.PF03.CrossConeCertificate (2.6s)
info: NLA/PF03/CrossConeCertificate.lean:65:0: 'NLA.PF03.cross_cone_certificate' depends on axioms: [propext, Classical.choice, Quot.sound]
ℹ [3684/3690] Built NLA.PF03.ConeCrossQuadratics (2.6s)
info: NLA/PF03/ConeCrossQuadratics.lean:65:0: 'NLA.PF03.cone_group_cross_zero' depends on axioms: [propext, Classical.choice, Quot.sound]
⚠ [3685/3690] Built NLA.PF03.ConeQuadraticZeros (2.6s)
warning: NLA/PF03/ConeQuadraticZeros.lean:46:8: `push_neg` has been deprecated. Prefer using `push Not` instead.
If you'd rather continue using `push_neg` in your project, you can implement it as follows:
```
open Lean.Parser.Tactic in
macro "push_neg" cfg:optConfig loc:(location)? : tactic =>
  `(tactic| push $cfg:optConfig Not $[$loc]?)
```
info: NLA/PF03/ConeQuadraticZeros.lean:70:0: 'NLA.PF03.cone_quadratic_zeros' depends on axioms: [propext, Classical.choice, Quot.sound]
ℹ [3686/3690] Built NLA.PF03.ConeRationalZeros (2.5s)
info: NLA/PF03/ConeRationalZeros.lean:20:0: 'NLA.PF03.cone_rational_zeros' depends on axioms: [propext, Classical.choice, Quot.sound]
⚠ [3687/3690] Built NLA.PF03.NoRationalFactor (2.9s)
warning: NLA/PF03/NoRationalFactor.lean:23:5: Variable name `hker` is not explicitly referenced.

Hint: The binding can be removed (if unused) or named `_` (if used implicitly). Alternatively, prefix the name with `_` to silence this warning:
  [apply] _hker

Note: This linter can be disabled with `set_option linter.unusedVariables false`
info: NLA/PF03/NoRationalFactor.lean:57:0: 'NLA.PF03.no_rational_factor' depends on axioms: [propext, Classical.choice, Quot.sound]
ℹ [3688/3690] Built NLA.PF03.Counterexample (2.5s)
info: NLA/PF03/Counterexample.lean:37:0: 'NLA.PF03.pf03_counterexample' depends on axioms: [propext, Classical.choice, Quot.sound]
info: NLA/PF03/Counterexample.lean:39:0: 'NLA.PF03.canonical_negative_answer' depends on axioms: [propext, Classical.choice, Quot.sound]
ℹ [3689/3690] Built Solution (2.4s)
info: Solution.lean:18:0: 'NLA.PF03.alpha_certificate' depends on axioms: [propext, Classical.choice, Quot.sound]
info: Solution.lean:20:0: 'NLA.PF03.cubic_eval_operations' depends on axioms: [propext, Classical.choice, Quot.sound]
info: Solution.lean:22:0: 'NLA.PF03.cubic_eval_injective' depends on axioms: [propext, Classical.choice, Quot.sound]
info: Solution.lean:24:0: 'NLA.PF03.seed_orthogonal' depends on axioms: [propext, Classical.choice, Quot.sound]
info: Solution.lean:26:0: 'NLA.PF03.seed_quadratic_form' depends on axioms: [propext, Classical.choice, Quot.sound]
info: Solution.lean:28:0: 'NLA.PF03.seed_local_data' depends on axioms: [propext, Classical.choice, Quot.sound]
info: Solution.lean:30:0: 'NLA.PF03.local_quadratic_kernel' depends on axioms: [propext, Classical.choice, Quot.sound]
info: Solution.lean:32:0: 'NLA.PF03.rational_ray_zero' depends on axioms: [propext, Classical.choice, Quot.sound]
info: Solution.lean:34:0: 'NLA.PF03.triangle_certificate' depends on axioms: [propext, Classical.choice, Quot.sound]
info: Solution.lean:36:0: 'NLA.PF03.cross_cone_certificate' depends on axioms: [propext, Classical.choice, Quot.sound]
info: Solution.lean:38:0: 'NLA.PF03.positive_slice_certificate' depends on axioms: [propext, Classical.choice, Quot.sound]
info: Solution.lean:40:0: 'NLA.PF03.cone_quadratic_zeros' depends on axioms: [propext, Classical.choice, Quot.sound]
info: Solution.lean:42:0: 'NLA.PF03.cone_rational_zeros' depends on axioms: [propext, Classical.choice, Quot.sound]
info: Solution.lean:44:0: 'NLA.PF03.cone_pointed' depends on axioms: [propext, Classical.choice, Quot.sound]
info: Solution.lean:46:0: 'NLA.PF03.one_variable_projection' depends on axioms: [propext, Classical.choice, Quot.sound]
info: Solution.lean:48:0: 'NLA.PF03.rational_projection' depends on axioms: [propext, Classical.choice, Quot.sound]
info: Solution.lean:50:0: 'NLA.PF03.rational_cone_halfspaces' depends on axioms: [propext, Classical.choice, Quot.sound]
info: Solution.lean:52:0: 'NLA.PF03.pointed_halfspaces_injective' depends on axioms: [propext, Classical.choice, Quot.sound]
info: Solution.lean:54:0: 'NLA.PF03.gram_factor_transport' depends on axioms: [propext, Classical.choice, Quot.sound]
info: Solution.lean:56:0: 'NLA.PF03.trace_obstruction' depends on axioms: [propext, Classical.choice, Quot.sound]
info: Solution.lean:58:0: 'NLA.PF03.no_rational_factor' depends on axioms: [propext, Classical.choice, Quot.sound]
info: Solution.lean:60:0: 'NLA.PF03.padded_real_factor' depends on axioms: [propext, Classical.choice, Quot.sound]
info: Solution.lean:62:0: 'NLA.PF03.cp_zero_diagonal_frontier' depends on axioms: [propext, Classical.choice, Quot.sound]
info: Solution.lean:64:0: 'NLA.PF03.pf03_counterexample' depends on axioms: [propext, Classical.choice, Quot.sound]
info: Solution.lean:66:0: 'NLA.PF03.canonical_negative_answer' depends on axioms: [propext, Classical.choice, Quot.sound]
Build completed successfully (3690 jobs).
Exporting #[Quot, Quot.mk, Quot.lift, Quot.ind, NLA.PF03.alpha_certificate, NLA.PF03.cubic_eval_operations, NLA.PF03.cubic_eval_injective, NLA.PF03.seed_orthogonal, NLA.PF03.seed_quadratic_form, NLA.PF03.seed_local_data, NLA.PF03.local_quadratic_kernel, NLA.PF03.rational_ray_zero, NLA.PF03.triangle_certificate, NLA.PF03.cross_cone_certificate, NLA.PF03.positive_slice_certificate, NLA.PF03.cone_quadratic_zeros, NLA.PF03.cone_rational_zeros, NLA.PF03.cone_pointed, NLA.PF03.one_variable_projection, NLA.PF03.rational_projection, NLA.PF03.rational_cone_halfspaces, NLA.PF03.pointed_halfspaces_injective, NLA.PF03.gram_factor_transport, NLA.PF03.trace_obstruction, NLA.PF03.no_rational_factor, NLA.PF03.padded_real_factor, NLA.PF03.cp_zero_diagonal_frontier, NLA.PF03.pf03_counterexample, NLA.PF03.canonical_negative_answer, propext, Classical.choice, Quot.sound, Nat.add, Nat.sub, Nat.mul, Nat.pow, Nat.gcd, Nat.div, Nat.mod, Nat.beq, Nat.ble, Nat.land, Nat.lor, Nat.xor, Nat.shiftLeft, Nat.shiftRight, String.ofList, Char.ofNat, List, eagerReduce, Nat, String, String.mk, Char, optParam, autoParam, semiOutParam, outParam] from Solution
Running Lean default kernel on solution.
Lean default kernel accepts the solution
Your solution is okay!

EXIT_STATUS=0
