{
  "RA03_exact_2x2": {
    "expected_squared_error": "18/5",
    "optimal_squared_error": "1"
  },
  "symbolic_prefix_minors": {
    "checked": 124,
    "dimensions": "2 through 6",
    "all_predicted_leading_exponents_and_nonzero_coefficients": true
  },
  "surviving_history_counts": {
    "1": 2,
    "2": 4,
    "3": 8,
    "4": 16,
    "5": 32,
    "6": 64,
    "7": 128
  },
  "history_cancellation": {
    "matrix": [
      [
        "4",
        "1",
        "2"
      ],
      [
        "1",
        "3",
        "1"
      ],
      [
        "2",
        "1",
        "5"
      ]
    ],
    "chol": "25241/8100",
    "lu": "178669417675649/8936060838705"
  },
  "correlation_replication": [
    {
      "steps": 1,
      "source_chol": "9/2",
      "replica_chol": "9/4",
      "source_lu": "46/3",
      "replica_lu": "23/6"
    },
    {
      "steps": 2,
      "source_chol": "8/5",
      "replica_chol": "4/5",
      "source_lu": "29184/6325",
      "replica_lu": "7296/6325"
    }
  ],
  "zero_residual": {
    "chol": "0",
    "lu": "0"
  }
}
Independent lower bounds: [(1, 1.9999999800002224, 3.999999999999111), (2, 3.999956443339024, 15.999651548611933), (3, 7.999570725226107, 63.99313178789454)]
