NLA.IE14.witness_data: BOTH numerical helper branches and kernel certificate present in actual compiled dependency closure (106 project constants)
NLA.IE14.witness_attainment: BOTH numerical helper branches and kernel certificate present in actual compiled dependency closure (341 project constants)
NLA.IE14.canonical_result: BOTH numerical helper branches and kernel certificate present in actual compiled dependency closure (344 project constants)
theorem NLA.IE14.half_complex_ne_zero : 1 / 2 ≠ 0 :=
have he :=
  of_eq_true
    (Eq.trans
      (Eq.trans
        (congr
          (congrArg Eq
            (Eq.trans
              (Eq.trans
                (congrArg norm
                  (Mathlib.Meta.NormNum.IsNNRat.to_eq
                    (Mathlib.Meta.NormNum.isNNRat_div
                      (Mathlib.Meta.NormNum.isNNRat_mul (Eq.refl HMul.hMul)
                        (Mathlib.Meta.NormNum.IsNat.to_isNNRat (Mathlib.Meta.NormNum.isNat_ofNat ℂ Nat.cast_one))
                        (Mathlib.Meta.NormNum.isNNRat_inv_pos
                          (Mathlib.Meta.NormNum.IsNat.to_isNNRat (Mathlib.Meta.NormNum.isNat_ofNat ℂ (Eq.refl 2))))
                        (Eq.refl (Nat.mul 1 1)) (Eq.refl 2)))
                    Nat.cast_one (Eq.refl 2)))
                (Complex.norm_div 1 2))
              (Eq.trans (Eq.trans (congr (congrArg HDiv.hDiv norm_one) (Complex.norm_ofNat 2)) (one_div 2))
                (Mathlib.Meta.NormNum.IsNNRat.to_eq
                  (Mathlib.Meta.NormNum.isNNRat_inv_pos
                    (Mathlib.Meta.NormNum.IsNat.to_isNNRat (Mathlib.Meta.NormNum.isNat_ofNat ℝ (Eq.refl 2))))
                  Nat.cast_one (Eq.refl 2)))))
          (Mathlib.Meta.NormNum.IsNNRat.to_eq
            (Mathlib.Meta.NormNum.isNNRat_div
              (Mathlib.Meta.NormNum.isNNRat_mul (Eq.refl HMul.hMul)
                (Mathlib.Meta.NormNum.IsNat.to_isNNRat (Mathlib.Meta.NormNum.isNat_ofNat ℝ Nat.cast_one))
                (Mathlib.Meta.NormNum.isNNRat_inv_pos
                  (Mathlib.Meta.NormNum.IsNat.to_isNNRat (Mathlib.Meta.NormNum.isNat_ofNat ℝ (Eq.refl 2))))
                (Eq.refl (Nat.mul 1 1)) (Eq.refl 2)))
            Nat.cast_one (Eq.refl 2)))
        (eq_self (1 / 2)))
      (eq_true True.intro));
norm_pos_iff.mp (Eq.mpr (id (congrArg (fun _a => 0 < _a) he)) NLA.IE14.half_bounds_certificate.left)
theorem NLA.IE14.norm_half_complex_le_one : ‖1 / 2‖ ≤ 1 :=
have he :=
  of_eq_true
    (Eq.trans
      (Eq.trans
        (congr
          (congrArg Eq
            (Eq.trans
              (Eq.trans
                (congrArg norm
                  (Mathlib.Meta.NormNum.IsNNRat.to_eq
                    (Mathlib.Meta.NormNum.isNNRat_div
                      (Mathlib.Meta.NormNum.isNNRat_mul (Eq.refl HMul.hMul)
                        (Mathlib.Meta.NormNum.IsNat.to_isNNRat (Mathlib.Meta.NormNum.isNat_ofNat ℂ Nat.cast_one))
                        (Mathlib.Meta.NormNum.isNNRat_inv_pos
                          (Mathlib.Meta.NormNum.IsNat.to_isNNRat (Mathlib.Meta.NormNum.isNat_ofNat ℂ (Eq.refl 2))))
                        (Eq.refl (Nat.mul 1 1)) (Eq.refl 2)))
                    Nat.cast_one (Eq.refl 2)))
                (Complex.norm_div 1 2))
              (Eq.trans (Eq.trans (congr (congrArg HDiv.hDiv norm_one) (Complex.norm_ofNat 2)) (one_div 2))
                (Mathlib.Meta.NormNum.IsNNRat.to_eq
                  (Mathlib.Meta.NormNum.isNNRat_inv_pos
                    (Mathlib.Meta.NormNum.IsNat.to_isNNRat (Mathlib.Meta.NormNum.isNat_ofNat ℝ (Eq.refl 2))))
                  Nat.cast_one (Eq.refl 2)))))
          (Mathlib.Meta.NormNum.IsNNRat.to_eq
            (Mathlib.Meta.NormNum.isNNRat_div
              (Mathlib.Meta.NormNum.isNNRat_mul (Eq.refl HMul.hMul)
                (Mathlib.Meta.NormNum.IsNat.to_isNNRat (Mathlib.Meta.NormNum.isNat_ofNat ℝ Nat.cast_one))
                (Mathlib.Meta.NormNum.isNNRat_inv_pos
                  (Mathlib.Meta.NormNum.IsNat.to_isNNRat (Mathlib.Meta.NormNum.isNat_ofNat ℝ (Eq.refl 2))))
                (Eq.refl (Nat.mul 1 1)) (Eq.refl 2)))
            Nat.cast_one (Eq.refl 2)))
        (eq_self (1 / 2)))
      (eq_true True.intro));
Eq.mpr (id (congrArg (fun _a => _a ≤ 1) he)) NLA.IE14.half_bounds_certificate.right
