$ systemd-run --user --quiet --wait --pipe --collect -p 'RestrictAddressFamilies=~AF_UNIX' --working-directory /home/runner/work/_temp/nla-lean-tools/.verification-tmp/nla-fresh-proof-7ihmxik5/project /usr/bin/env -i PATH=/home/runner/.elan/toolchains/leanprover--lean4---v4.33.1/bin:/home/runner/.elan/bin:/home/runner/go/bin:/opt/hostedtoolcache/go/1.27.1/x64/bin:/snap/bin:/home/runner/.local/bin:/opt/pipx_bin:/home/runner/.cargo/bin:/home/runner/.config/composer/vendor/bin:/usr/local/.ghcup/bin:/home/runner/.dotnet/tools:/usr/local/sbin:/usr/local/bin:/usr/sbin:/usr/bin:/sbin:/bin:/usr/games:/usr/local/games:/snap/bin HOME=/home/runner LANG=C.UTF-8 XDG_RUNTIME_DIR=/run/user/1001 DBUS_SESSION_BUS_ADDRESS=unix:path=/run/user/1001/bus GIT_TERMINAL_PROMPT=0 GIT_CONFIG_NOSYSTEM=1 GIT_CONFIG_GLOBAL=/dev/null COMPARATOR_BIN=/home/runner/work/_temp/nla-lean-tools/.tools/comparator/.lake/build/bin/comparator COMPARATOR_LEAN4EXPORT=/home/runner/work/_temp/nla-lean-tools/.tools/lean4export/.lake/build/bin/lean4export COMPARATOR_LANDRUN=/home/runner/work/_temp/nla-lean-tools/scripts/strict_landrun.py XDG_CACHE_HOME=/home/runner/work/_temp/nla-lean-tools/.tools/cache TMPDIR=/home/runner/work/_temp/nla-lean-tools/.verification-tmp lake env /home/runner/work/_temp/nla-lean-tools/.tools/comparator/.lake/build/bin/comparator comparator.json
Building Challenge
✔ [2378/2380] Built NLA.IE19.Definitions (1.9s)
⚠ [2379/2380] Built Challenge (1.8s)
warning: Challenge.lean:8:8: declaration uses `sorry`
warning: Challenge.lean:17:8: declaration uses `sorry`
warning: Challenge.lean:20:8: declaration uses `sorry`
Build completed successfully (2380 jobs).
Exporting #[Quot, Quot.mk, Quot.lift, Quot.ind, NLA.IE19.counterexample, NLA.IE19.not_lowerBoundConjecture, NLA.IE19.not_sharpConjecture, propext, Classical.choice, Quot.sound, Nat.add, Nat.sub, Nat.mul, Nat.pow, Nat.gcd, Nat.div, Nat.mod, Nat.beq, Nat.ble, Nat.land, Nat.lor, Nat.xor, Nat.shiftLeft, Nat.shiftRight, String.ofList, Char.ofNat, List, eagerReduce, Nat, String, String.mk, Char, optParam, autoParam, semiOutParam, outParam] from Challenge
Building Solution
✔ [2779/2812] Built LeanCert.Core.Interval (3.9s)
✔ [2780/2812] Built LeanCert.Core.DerivativeIntervals (4.1s)
✔ [2781/2812] Built LeanCert.Contrib.Sinc (6.7s)
✔ [2782/2819] Built LeanCert.Core.Expr (7.5s)
✔ [2783/2819] Built LeanCert.Core.Dyadic (6.9s)
✔ [2784/2823] Built LeanCert.Tactic.Verification (7.4s)
✔ [2785/2823] Built LeanCert.Core.Taylor (12s)
✔ [2786/2824] Built LeanCert.Core.IntervalRat.Basic (12s)
✔ [2787/2824] Built LeanCert.Core.Support (4.6s)
✔ [2788/2824] Built LeanCert.Tactic.LeanCert.Bridge.Environment (3.6s)
✔ [2789/2824] Built LeanCert.Core.IntervalRat.LogReduction (6.7s)
✔ [2790/2824] Built LeanCert.Meta.Numeral (5.3s)
✔ [2791/2824] Built LeanCert.Engine.Eval.Result (3.3s)
✔ [2792/2824] Built LeanCert.Tactic.NumericalRefinement (945ms)
✔ [2793/2824] Built LeanCert.Core.TrigReduction (4.5s)
✔ [2794/2824] Built LeanCert.Tactic.IntervalAuto.Types (4.4s)
✔ [2795/2824] Built LeanCert.Core.IntervalRat.Transcendental (5.8s)
✔ [2796/2853] Built LeanCert.Tactic.IntervalAuto.Extract (4.2s)
✔ [2849/2930] Built LeanCert.Tactic.IntervalAuto.Norm (6.4s)
✔ [2851/2934] Built LeanCert.Tactic.VecUtil (5.6s)
✔ [2852/2934] Built LeanCert.Meta.ToExpr (8.7s)
✔ [2853/2934] Built LeanCert.Tactic.FinsetParse (5.8s)
✔ [2854/2934] Built LeanCert.Tactic.BridgeNative (3.6s)
✔ [2855/2944] Built LeanCert.Tactic.FinSumExpand (4.9s)
✔ [3515/3597] Built LeanCert.Tactic.LeanCert.Normalize (5.2s)
✔ [3516/3601] Built LeanCert.Validity.Eventual (4.3s)
✔ [3517/3604] Built LeanCert.Tactic.LeanCert.Semantic.Domain (2.3s)
✔ [3518/3604] Built LeanCert.Tactic.IntervalAuto.Parse (7.6s)
✔ [3519/3604] Built LeanCert.Tactic.VecSimp (2.2s)
✔ [3520/3604] Built LeanCert.Tactic.LeanCert.Semantic.Goal (2.7s)
✔ [3521/3608] Built LeanCert.Core.IntervalRat.Taylor (26s)
✔ [3522/3608] Built LeanCert.Tactic.LeanCert.Semantic.Parse.Comparison (1.7s)
✔ [3523/3608] Built LeanCert.Tactic.EventualBound (6.2s)
✔ [3524/3609] Built LeanCert.Tactic.IntervalAuto.Diagnostic (3.8s)
✔ [3525/3609] Built LeanCert.Core.IntervalReal (2.9s)
✔ [3526/3612] Built LeanCert.Core.IntervalRat.TrigReduced (3.5s)
✔ [3527/3612] Built LeanCert.Tactic.Extension.Protocol (3.4s)
✔ [3528/3612] Built LeanCert.Tactic.LeanCert.Semantic.Parse.Bound (3.7s)
✔ [3529/3612] Built LeanCert.Tactic.LeanCert.Diagnostic.Evidence (3.8s)
✔ [3530/3612] Built LeanCert.Tactic.LeanCert.Config (4.1s)
✔ [3531/3612] Built LeanCert.Core.IntervalRealEndpoints (7.4s)
✔ [3532/3616] Built LeanCert.Engine.Affine.Basic (9.9s)
✔ [3533/3616] Built LeanCert.Core.IntervalDyadic (10s)
✔ [3535/3617] Built LeanCert.Tactic.Extension.Registry (5.2s)
✔ [3536/3625] Built LeanCert.Engine.Affine.Nonlinear (7.2s)
✔ [3538/3632] Built LeanCert.Core.DyadicCell (7.9s)
✔ [3539/3632] Built LeanCert.Engine.Eval.Core (10s)
✔ [3540/3632] Built LeanCert.Engine.Algebra.QPoly (7.8s)
✔ [3541/3632] Built LeanCert.Engine.FloatEval (4.1s)
✔ [3542/3632] Built LeanCert.Core.DyadicFrontier (3.4s)
✔ [3543/3632] Built LeanCert.Tactic.Extension.Command (2.0s)
✔ [3544/3632] Built LeanCert.Engine.Algebra.QPolyIntegral (3.7s)
✔ [3545/3632] Built LeanCert.Engine.Eval.Extended (3.0s)
✔ [3546/3632] Built LeanCert.Tactic.Extension (2.3s)
✔ [3547/3632] Built LeanCert.Engine.Bounds.Lemmas (2.0s)
✔ [3548/3632] Built LeanCert.Engine.IntervalEval (1.8s)
✔ [3549/3632] Built LeanCert.Validity.Bounds.Core (3.5s)
✔ [3550/3632] Built LeanCert.Validity.Bounds.Checked (3.5s)
✔ [3551/3632] Built LeanCert.Engine.Affine.Transcendental (5.1s)
✔ [3552/3632] Built LeanCert.Engine.Optimization.Box (4.8s)
✔ [3553/3632] Built LeanCert.Engine.IntervalEvalDyadic (8.8s)
✔ [3554/3632] Built LeanCert.Engine.RootFinding.Basic (7.3s)
✔ [3555/3632] Built LeanCert.Engine.AD.Basic (4.4s)
✔ [3556/3632] Built LeanCert.Engine.Integrate (8.3s)
✔ [3557/3632] Built LeanCert.Engine.Search.Heuristic (4.9s)
✔ [3558/3632] Built LeanCert.Engine.IntervalEvalAffine (9.1s)
✔ [3559/3632] Built LeanCert.Engine.TaylorModel.Core (12s)
✔ [3560/3632] Built LeanCert.Engine.FinSumDyadic (7.3s)
✔ [3561/3632] Built LeanCert.Validity.DyadicBounds (4.5s)
✔ [3562/3632] Built LeanCert.Engine.Affine.Environment (5.1s)
✔ [3563/3632] Built LeanCert.Engine.AD.Transcendental (5.6s)
✔ [3564/3632] Built LeanCert.Engine.RootFinding.Bisection (6.0s)
✔ [3565/3632] Built LeanCert.Engine.TaylorModel.Integral (4.8s)
✔ [3566/3632] Built LeanCert.Engine.TaylorModel.Special (3.4s)
✔ [3567/3632] Built LeanCert.Engine.WitnessSum (8.9s)
✔ [3568/3632] Built LeanCert.Engine.TaylorModel.ExpLog (12s)
✔ [3569/3632] Built LeanCert.Engine.AD.Eval (3.0s)
✔ [3570/3632] Built LeanCert.Engine.TaylorModel.Trig (15s)
✔ [3571/3632] Built LeanCert.Engine.TaylorModel.Hyperbolic (17s)
✔ [3572/3632] Built LeanCert.Engine.AD.Correctness (3.2s)
✔ [3573/3632] Built LeanCert.Engine.TaylorModel.Functions (2.4s)
✔ [3574/3632] Built LeanCert.Engine.AD.Computable (4.3s)
✔ [3575/3632] Built LeanCert.Engine.AD.PartialCorrectness (6.6s)
✔ [3576/3632] Built LeanCert.Engine.TaylorModel.Expr (5.7s)
✔ [3577/3632] Built LeanCert.Engine.AD.DomainChecked (3.8s)
✔ [3578/3632] Built LeanCert.Engine.TaylorModel (2.1s)
✔ [3579/3632] Built LeanCert.Engine.AD.Dyadic (3.2s)
✔ [3580/3632] Built LeanCert.Engine.AD (1.8s)
✔ [3581/3632] Built LeanCert.Validity.Bounds.Smart (4.3s)
✔ [3582/3632] Built LeanCert.Meta.ProveSupported (4.8s)
✔ [3583/3632] Built LeanCert.Engine.IntervalEvalRefined (5.3s)
✔ [3584/3632] Built LeanCert.Engine.Optimize (8.1s)
✔ [3585/3632] Built LeanCert.Validity.Bounds.Bridge (4.3s)
✔ [3586/3632] Built LeanCert.Meta.ProveContinuous (5.9s)
✔ [3587/3632] Built LeanCert.Tactic.IntervalAuto.ProveCommon (6.0s)
✔ [3588/3632] Built LeanCert.Validity.Bounds.Basic (3.8s)
✔ [3589/3632] Built LeanCert.Engine.RootFinding.Newton (6.3s)
✔ [3590/3632] Built LeanCert.Engine.Optimization.Gradient (7.9s)
✔ [3591/3632] Built LeanCert.Tactic.IntervalAuto.Basic (3.7s)
✔ [3592/3632] Built LeanCert.Tactic.LeanCert.Bridge.ReifiedFunction (4.1s)
✔ [3593/3632] Built LeanCert.Validity.Integration (8.6s)
✔ [3594/3632] Built LeanCert.Engine.RootFinding.MVTBounds (10s)
✔ [3595/3632] Built LeanCert.Engine.RootFinding.Krawczyk (9.8s)
✔ [3596/3632] Built LeanCert.Tactic.LeanCert.Semantic.Prepare (8.2s)
✔ [3597/3632] Built LeanCert.Engine.RootFinding.KrawczykCandidate (7.4s)
✔ [3598/3632] Built LeanCert.Engine.RootFinding.Contraction (10s)
✔ [3599/3632] Built LeanCert.Tactic.LeanCert.Integral (12s)
✔ [3600/3632] Built LeanCert.Validity.Krawczyk (4.5s)
✔ [3601/3632] Built LeanCert.Engine.RootFinding.Main (3.9s)
✔ [3602/3632] Built LeanCert.Tactic.LeanCert.Solver.Protocol (7.1s)
✔ [3603/3632] Built LeanCert.Tactic.Extension.Execute (8.6s)
✔ [3604/3632] Built LeanCert.Engine.Optimization.Global (31s)
✔ [3605/3632] Built LeanCert.Tactic.LeanCert.Diagnostic.Render (4.1s)
✔ [3606/3632] Built LeanCert.Tactic.Enclosure (4.0s)
✔ [3607/3632] Built LeanCert.Validity.Types (3.7s)
✔ [3608/3632] Built LeanCert.Engine.Optimization.Guided (3.7s)
✔ [3609/3632] Built LeanCert.Engine.Search.CounterExample (4.0s)
✔ [3610/3632] Built LeanCert.Validity.Bounds (7.3s)
✔ [3611/3632] Built LeanCert.Engine.Optimization.BoundVerify (3.8s)
✔ [3612/3632] Built LeanCert.Discovery.Find (3.8s)
✔ [3613/3632] Built LeanCert.Tactic.IntervalAuto.OptBound (4.6s)
✔ [3614/3632] Built LeanCert.Tactic.IntervalAuto.RootBound (4.6s)
✔ [3615/3632] Built LeanCert.Tactic.IntervalAuto.Multivariate (6.3s)
✔ [3616/3632] Built LeanCert.Tactic.IntervalAuto.Bound (13s)
✔ [3617/3632] Built LeanCert.Tactic.IntervalAuto.Subdiv (5.9s)
✔ [3618/3632] Built LeanCert.Tactic.IntervalAuto.Adaptive (7.8s)
✔ [3619/3632] Built LeanCert.Tactic.IntervalAuto.PointIneq (8.0s)
✔ [3620/3632] Built LeanCert.Tactic.IntervalAuto (2.4s)
✔ [3621/3632] Built LeanCert.Tactic.Refute (4.0s)
✔ [3622/3632] Built LeanCert.Tactic.FinSumWitness (5.9s)
✔ [3623/3632] Built LeanCert.Tactic.FinSumBound (4.3s)
✔ [3624/3632] Built LeanCert.Tactic.LeanCert.Semantic.Parse (3.0s)
✔ [3625/3632] Built LeanCert.Tactic.Discovery (13s)
✔ [3626/3632] Built LeanCert.Tactic.Krawczyk (3.2s)
✔ [3627/3632] Built LeanCert.Tactic.LeanCert.Router (7.4s)
✔ [3628/3632] Built LeanCert.Tactic.LeanCert (2.4s)
✔ [3629/3632] Built LeanCert.Tactic (2.4s)
ℹ [3630/3632] Built NLA.IE19.Proof (4.0s)
info: NLA/IE19/Proof.lean:128:0: 'NLA.IE19.strict_scalar_gap' depends on axioms: [propext, Classical.choice, Quot.sound]
info: NLA/IE19/Proof.lean:130:0: 'NLA.IE19.counterexample_proved' depends on axioms: [propext, Classical.choice, Quot.sound]
info: NLA/IE19/Proof.lean:132:0: 'NLA.IE19.not_lowerBoundConjecture_proved' depends on axioms: [propext, Classical.choice, Quot.sound]
info: NLA/IE19/Proof.lean:134:0: 'NLA.IE19.not_sharpConjecture_proved' depends on axioms: [propext, Classical.choice, Quot.sound]
ℹ [3631/3632] Built Solution (2.5s)
info: Solution.lean:29:0: 'NLA.IE19.counterexample' depends on axioms: [propext, Classical.choice, Quot.sound]
info: Solution.lean:31:0: 'NLA.IE19.not_lowerBoundConjecture' depends on axioms: [propext, Classical.choice, Quot.sound]
info: Solution.lean:33:0: 'NLA.IE19.not_sharpConjecture' depends on axioms: [propext, Classical.choice, Quot.sound]
Build completed successfully (3632 jobs).
Exporting #[Quot, Quot.mk, Quot.lift, Quot.ind, NLA.IE19.counterexample, NLA.IE19.not_lowerBoundConjecture, NLA.IE19.not_sharpConjecture, propext, Classical.choice, Quot.sound, Nat.add, Nat.sub, Nat.mul, Nat.pow, Nat.gcd, Nat.div, Nat.mod, Nat.beq, Nat.ble, Nat.land, Nat.lor, Nat.xor, Nat.shiftLeft, Nat.shiftRight, String.ofList, Char.ofNat, List, eagerReduce, Nat, String, String.mk, Char, optParam, autoParam, semiOutParam, outParam] from Solution
Running Lean default kernel on solution.
Lean default kernel accepts the solution
Your solution is okay!

EXIT_STATUS=0
