$ lake build lean4export comparator
✔ [3/20] Built Comparator.Util (334ms)
✔ [4/20] Built Comparator.Util:c.o (153ms)
✔ [5/20] Built Export.Parse (1.5s)
✔ [6/20] Built Comparator.Axioms (563ms)
✔ [7/20] Built Export (2.2s)
✔ [8/20] Built Comparator.Axioms:c.o (363ms)
✔ [9/20] Built Comparator.Compare (781ms)
✔ [10/20] Built Comparator.Compare:c.o (496ms)
✔ [11/20] Built Main (1.2s)
✔ [12/20] Built Comparator (371ms)
✔ [13/20] Built Main:c.o (228ms)
✔ [14/20] Built Comparator:c.o (71ms)
✔ [15/20] Built Export:c.o (2.5s)
✔ [16/20] Built Main (1.7s)
✔ [17/20] Built Export.Parse:c.o (4.1s)
✔ [18/20] Built lean4export:exe (1.1s)
✔ [19/20] Built Main:c.o (806ms)
✔ [20/20] Built comparator:exe (626ms)
Build completed successfully (20 jobs).

EXIT_STATUS=0
