$ systemd-run --user --quiet --wait --pipe --collect -p 'RestrictAddressFamilies=~AF_UNIX' --working-directory /home/runner/work/_temp/nla-lean-tools/.verification-tmp/nla-fresh-proof-e604ri06/project /usr/bin/env -i PATH=/home/runner/.elan/toolchains/leanprover--lean4---v4.33.1/bin:/home/runner/.elan/bin:/home/runner/go/bin:/opt/hostedtoolcache/go/1.27.1/x64/bin:/snap/bin:/home/runner/.local/bin:/opt/pipx_bin:/home/runner/.cargo/bin:/home/runner/.config/composer/vendor/bin:/usr/local/.ghcup/bin:/home/runner/.dotnet/tools:/usr/local/sbin:/usr/local/bin:/usr/sbin:/usr/bin:/sbin:/bin:/usr/games:/usr/local/games:/snap/bin HOME=/home/runner LANG=C.UTF-8 XDG_RUNTIME_DIR=/run/user/1001 DBUS_SESSION_BUS_ADDRESS=unix:path=/run/user/1001/bus GIT_TERMINAL_PROMPT=0 GIT_CONFIG_NOSYSTEM=1 GIT_CONFIG_GLOBAL=/dev/null COMPARATOR_BIN=/home/runner/work/_temp/nla-lean-tools/.tools/comparator/.lake/build/bin/comparator COMPARATOR_LEAN4EXPORT=/home/runner/work/_temp/nla-lean-tools/.tools/lean4export/.lake/build/bin/lean4export COMPARATOR_LANDRUN=/home/runner/work/_temp/nla-lean-tools/scripts/strict_landrun.py XDG_CACHE_HOME=/home/runner/work/_temp/nla-lean-tools/.tools/cache TMPDIR=/home/runner/work/_temp/nla-lean-tools/.verification-tmp lake env /home/runner/work/_temp/nla-lean-tools/.tools/comparator/.lake/build/bin/comparator comparator.json
Building Challenge
✔ [2712/2714] Built NLA.MI03.Definitions (2.2s)
⚠ [2713/2714] Built Challenge (1.0s)
warning: Challenge.lean:14:8: declaration uses `sorry`
warning: Challenge.lean:21:8: declaration uses `sorry`
warning: Challenge.lean:29:8: declaration uses `sorry`
warning: Challenge.lean:39:8: declaration uses `sorry`
warning: Challenge.lean:44:8: declaration uses `sorry`
warning: Challenge.lean:50:8: declaration uses `sorry`
warning: Challenge.lean:63:8: declaration uses `sorry`
warning: Challenge.lean:69:8: declaration uses `sorry`
Build completed successfully (2714 jobs).
Exporting #[Quot, Quot.mk, Quot.lift, Quot.ind, NLA.MI03.modulus_semantics, NLA.MI03.contraction_modulus, NLA.MI03.positive_decomposition, NLA.MI03.universal_upper_bound, NLA.MI03.root_of_unity_data, NLA.MI03.sharpness_witness, NLA.MI03.sharp_constant, NLA.MI03.odd_contraction_conjecture, propext, Classical.choice, Quot.sound, Nat.add, Nat.sub, Nat.mul, Nat.pow, Nat.gcd, Nat.div, Nat.mod, Nat.beq, Nat.ble, Nat.land, Nat.lor, Nat.xor, Nat.shiftLeft, Nat.shiftRight, String.ofList, Char.ofNat, List, eagerReduce, Nat, String, String.mk, Char, optParam, autoParam, semiOutParam, outParam] from Challenge
Building Solution
✔ [3033/3041] Built LeanCert.Tactic.Verification (2.9s)
✔ [3034/3041] Built NLA.MI03.Modulus (3.3s)
✔ [3035/3041] Built NLA.MI03.Roots (2.3s)
✔ [3036/3041] Built NLA.MI03.UpperBound (2.6s)
✔ [3037/3041] Built NLA.MI03.Witness (2.6s)
✔ [3038/3041] Built NLA.MI03.Sharpness (3.1s)
ℹ [3039/3041] Built NLA.MI03.Proof (2.6s)
info: NLA/MI03/Proof.lean:52:0: 'NLA.MI03.modulus_semantics_proved' depends on axioms: [propext, Classical.choice, Quot.sound]
info: NLA/MI03/Proof.lean:54:0: 'NLA.MI03.contraction_modulus_proved' depends on axioms: [propext, Classical.choice, Quot.sound]
info: NLA/MI03/Proof.lean:56:0: 'NLA.MI03.positive_decomposition_proved' depends on axioms: [propext, Classical.choice, Quot.sound]
info: NLA/MI03/Proof.lean:58:0: 'NLA.MI03.universal_upper_bound_proved' depends on axioms: [propext, Classical.choice, Quot.sound]
info: NLA/MI03/Proof.lean:60:0: 'NLA.MI03.root_of_unity_data_proved' depends on axioms: [propext, Classical.choice, Quot.sound]
info: NLA/MI03/Proof.lean:62:0: 'NLA.MI03.sharpness_witness_proved' depends on axioms: [propext, Classical.choice, Quot.sound]
info: NLA/MI03/Proof.lean:64:0: 'NLA.MI03.sharp_constant_proved' depends on axioms: [propext, Classical.choice, Quot.sound]
info: NLA/MI03/Proof.lean:66:0: 'NLA.MI03.odd_contraction_conjecture_proved' depends on axioms: [propext, Classical.choice, Quot.sound]
ℹ [3040/3041] Built Solution (2.4s)
info: Solution.lean:74:0: 'NLA.MI03.modulus_semantics' depends on axioms: [propext, Classical.choice, Quot.sound]
info: Solution.lean:76:0: 'NLA.MI03.contraction_modulus' depends on axioms: [propext, Classical.choice, Quot.sound]
info: Solution.lean:78:0: 'NLA.MI03.positive_decomposition' depends on axioms: [propext, Classical.choice, Quot.sound]
info: Solution.lean:80:0: 'NLA.MI03.universal_upper_bound' depends on axioms: [propext, Classical.choice, Quot.sound]
info: Solution.lean:82:0: 'NLA.MI03.root_of_unity_data' depends on axioms: [propext, Classical.choice, Quot.sound]
info: Solution.lean:84:0: 'NLA.MI03.sharpness_witness' depends on axioms: [propext, Classical.choice, Quot.sound]
info: Solution.lean:86:0: 'NLA.MI03.sharp_constant' depends on axioms: [propext, Classical.choice, Quot.sound]
info: Solution.lean:88:0: 'NLA.MI03.odd_contraction_conjecture' depends on axioms: [propext, Classical.choice, Quot.sound]
Build completed successfully (3041 jobs).
Exporting #[Quot, Quot.mk, Quot.lift, Quot.ind, NLA.MI03.modulus_semantics, NLA.MI03.contraction_modulus, NLA.MI03.positive_decomposition, NLA.MI03.universal_upper_bound, NLA.MI03.root_of_unity_data, NLA.MI03.sharpness_witness, NLA.MI03.sharp_constant, NLA.MI03.odd_contraction_conjecture, propext, Classical.choice, Quot.sound, Nat.add, Nat.sub, Nat.mul, Nat.pow, Nat.gcd, Nat.div, Nat.mod, Nat.beq, Nat.ble, Nat.land, Nat.lor, Nat.xor, Nat.shiftLeft, Nat.shiftRight, String.ofList, Char.ofNat, List, eagerReduce, Nat, String, String.mk, Char, optParam, autoParam, semiOutParam, outParam] from Solution
Running Lean default kernel on solution.
Lean default kernel accepts the solution
Your solution is okay!

EXIT_STATUS=0
