Author selected module audit; not independent or full IE-21 verification.
BUILD: /private/tmp/nla-ie21-uniform-selected-author-t7oh208d
Lean (version 4.33.1, arm64-apple-darwin24.6.0, commit 819816b2e0a3bf405af45ae5c7af2491d8f5bee6, Release)
COMMAND: /private/tmp/nla-campaign-toolchain/lean-4.33.1-darwin_aarch64/bin/lean -o /private/tmp/nla-ie21-uniform-selected-author-t7oh208d/NLA/IE21/Definitions.olean NLA/IE21/Definitions.lean
EXIT: 0
COMMAND: /private/tmp/nla-campaign-toolchain/lean-4.33.1-darwin_aarch64/bin/lean -o /private/tmp/nla-ie21-uniform-selected-author-t7oh208d/NLA/IE21/MatrixSemantics.olean NLA/IE21/MatrixSemantics.lean
EXIT: 0
COMMAND: /private/tmp/nla-campaign-toolchain/lean-4.33.1-darwin_aarch64/bin/lean -o /private/tmp/nla-ie21-uniform-selected-author-t7oh208d/NLA/IE21/FiniteTrimming.olean NLA/IE21/FiniteTrimming.lean
EXIT: 0
COMMAND: /private/tmp/nla-campaign-toolchain/lean-4.33.1-darwin_aarch64/bin/lean -o /private/tmp/nla-ie21-uniform-selected-author-t7oh208d/NLA/IE21/SphereNet.olean NLA/IE21/SphereNet.lean
'NLA.IE21.sphere_net' depends on axioms: [propext, Classical.choice, Quot.sound]
EXIT: 0
COMMAND: /private/tmp/nla-campaign-toolchain/lean-4.33.1-darwin_aarch64/bin/lean -o /private/tmp/nla-ie21-uniform-selected-author-t7oh208d/NLA/IE21/QuadraticNet.olean NLA/IE21/QuadraticNet.lean
EXIT: 0
COMMAND: /private/tmp/nla-campaign-toolchain/lean-4.33.1-darwin_aarch64/bin/lean -o /private/tmp/nla-ie21-uniform-selected-author-t7oh208d/NLA/IE21/UniformTrimmingGeometry.olean NLA/IE21/UniformTrimmingGeometry.lean
EXIT: 0
COMMAND: /private/tmp/nla-campaign-toolchain/lean-4.33.1-darwin_aarch64/bin/lean -o /private/tmp/nla-ie21-uniform-selected-author-t7oh208d/NLA/IE21/UniformTrimmingBound.olean NLA/IE21/UniformTrimmingBound.lean
EXIT: 0
COMMAND: /private/tmp/nla-campaign-toolchain/lean-4.33.1-darwin_aarch64/bin/lean -o /private/tmp/nla-ie21-uniform-selected-author-t7oh208d/NLA/IE21/SphericalLaw.olean NLA/IE21/SphericalLaw.lean
EXIT: 0
COMMAND: /private/tmp/nla-campaign-toolchain/lean-4.33.1-darwin_aarch64/bin/lean -o /private/tmp/nla-ie21-uniform-selected-author-t7oh208d/NLA/IE21/RowLaw.olean NLA/IE21/RowLaw.lean
EXIT: 0
COMMAND: /private/tmp/nla-campaign-toolchain/lean-4.33.1-darwin_aarch64/bin/lean -o /private/tmp/nla-ie21-uniform-selected-author-t7oh208d/NLA/IE21/Chernoff.olean NLA/IE21/Chernoff.lean
EXIT: 0
COMMAND: /private/tmp/nla-campaign-toolchain/lean-4.33.1-darwin_aarch64/bin/lean -o /private/tmp/nla-ie21-uniform-selected-author-t7oh208d/NLA/IE21/CovarianceConcentration.olean NLA/IE21/CovarianceConcentration.lean
EXIT: 0
COMMAND: /private/tmp/nla-campaign-toolchain/lean-4.33.1-darwin_aarch64/bin/lean -o /private/tmp/nla-ie21-uniform-selected-author-t7oh208d/NLA/IE21/GaussianPolar.olean NLA/IE21/GaussianPolar.lean
EXIT: 0
COMMAND: /private/tmp/nla-campaign-toolchain/lean-4.33.1-darwin_aarch64/bin/lean -o /private/tmp/nla-ie21-uniform-selected-author-t7oh208d/NLA/IE21/GaussianMoments.olean NLA/IE21/GaussianMoments.lean
EXIT: 0
COMMAND: /private/tmp/nla-campaign-toolchain/lean-4.33.1-darwin_aarch64/bin/lean -o /private/tmp/nla-ie21-uniform-selected-author-t7oh208d/NLA/IE21/SphericalMoments.olean NLA/IE21/SphericalMoments.lean
EXIT: 0
COMMAND: /private/tmp/nla-campaign-toolchain/lean-4.33.1-darwin_aarch64/bin/lean -o /private/tmp/nla-ie21-uniform-selected-author-t7oh208d/NLA/IE21/SphericalMGF.olean NLA/IE21/SphericalMGF.lean
EXIT: 0
COMMAND: /private/tmp/nla-campaign-toolchain/lean-4.33.1-darwin_aarch64/bin/lean -o /private/tmp/nla-ie21-uniform-selected-author-t7oh208d/NLA/IE21/Covariance.olean NLA/IE21/Covariance.lean
EXIT: 0
COMMAND: /private/tmp/nla-campaign-toolchain/lean-4.33.1-darwin_aarch64/bin/lean -o /private/tmp/nla-ie21-uniform-selected-author-t7oh208d/NLA/IE21/GaussianTrimming.olean NLA/IE21/GaussianTrimming.lean
EXIT: 0
COMMAND: /private/tmp/nla-campaign-toolchain/lean-4.33.1-darwin_aarch64/bin/lean -o /private/tmp/nla-ie21-uniform-selected-author-t7oh208d/NLA/IE21/PopulationTrimming.olean NLA/IE21/PopulationTrimming.lean
EXIT: 0
COMMAND: /private/tmp/nla-campaign-toolchain/lean-4.33.1-darwin_aarch64/bin/lean -o /private/tmp/nla-ie21-uniform-selected-author-t7oh208d/NLA/IE21/SphericalTrimming.olean NLA/IE21/SphericalTrimming.lean
EXIT: 0
COMMAND: /private/tmp/nla-campaign-toolchain/lean-4.33.1-darwin_aarch64/bin/lean -o /private/tmp/nla-ie21-uniform-selected-author-t7oh208d/NLA/IE21/QuantileTrimming.olean NLA/IE21/QuantileTrimming.lean
EXIT: 0
COMMAND: /private/tmp/nla-campaign-toolchain/lean-4.33.1-darwin_aarch64/bin/lean -o /private/tmp/nla-ie21-uniform-selected-author-t7oh208d/NLA/IE21/EmpiricalTrimming.olean NLA/IE21/EmpiricalTrimming.lean
EXIT: 0
COMMAND: /private/tmp/nla-campaign-toolchain/lean-4.33.1-darwin_aarch64/bin/lean -o /private/tmp/nla-ie21-uniform-selected-author-t7oh208d/NLA/IE21/BoundedConcentration.olean NLA/IE21/BoundedConcentration.lean
EXIT: 0
COMMAND: /private/tmp/nla-campaign-toolchain/lean-4.33.1-darwin_aarch64/bin/lean -o /private/tmp/nla-ie21-uniform-selected-author-t7oh208d/NLA/IE21/TrimmingConcentration.olean NLA/IE21/TrimmingConcentration.lean
EXIT: 0
COMMAND: /private/tmp/nla-campaign-toolchain/lean-4.33.1-darwin_aarch64/bin/lean -o /private/tmp/nla-ie21-uniform-selected-author-t7oh208d/NLA/IE21/PointwiseTrimmingSemantics.olean NLA/IE21/PointwiseTrimmingSemantics.lean
EXIT: 0
COMMAND: /private/tmp/nla-campaign-toolchain/lean-4.33.1-darwin_aarch64/bin/lean -o /private/tmp/nla-ie21-uniform-selected-author-t7oh208d/NLA/IE21/PointwiseTrimming.olean NLA/IE21/PointwiseTrimming.lean
EXIT: 0
COMMAND: /private/tmp/nla-campaign-toolchain/lean-4.33.1-darwin_aarch64/bin/lean -o /private/tmp/nla-ie21-uniform-selected-author-t7oh208d/NLA/IE21/UniformTrimming.olean NLA/IE21/UniformTrimming.lean
EXIT: 0
COMMAND: /private/tmp/nla-campaign-toolchain/lean-4.33.1-darwin_aarch64/bin/lean -o /private/tmp/nla-ie21-uniform-selected-author-t7oh208d/reviews/uniform-selected-author-evidence/SignatureCheck.olean reviews/uniform-selected-author-evidence/SignatureCheck.lean
EXIT: 0
COMMAND: /private/tmp/nla-campaign-toolchain/lean-4.33.1-darwin_aarch64/bin/lean -o /private/tmp/nla-ie21-uniform-selected-author-t7oh208d/reviews/uniform-selected-author-evidence/Axioms.olean reviews/uniform-selected-author-evidence/Axioms.lean
'NLA.IE21.uniform_trim_concentration' depends on axioms: [propext, Classical.choice, Quot.sound]
EXIT: 0
