10 0.2346855589998995
20 0.4989420980000432
30 0.8222900219998337
40 1.042046935000144
50 1.270934059999945
60 1.5748504230000435
70 1.8305957469997338
80 2.0444669660000727
90 2.302413032000004
100 2.58240116900015
110 2.77065157800007
120 3.042166606000137
130 3.3114015539999855
140 3.5111158599997907
150 3.718008594999901
160 3.9400555799998074
170 4.160759945999871
180 4.356083563000084
190 4.674883345000126
200 4.897766529999899
210 5.168343106000066
220 5.43792029999986
230 5.7455594299999575
240 6.035873269000149
250 6.319665894000082
260 6.5430771020000975
270 6.862014466999881
280 7.200569328999791
290 7.528483138999945
300 7.771625295999911
310 8.001981086999876
320 8.206871613999738
330 8.433583313999861
340 8.707818542000041
350 8.93898881999985
360 9.226488768999843
370 9.44476518600004
380 9.736548615000174
390 9.96176219400013
400 10.16711635699994
410 10.519794358000127
420 10.83233373999974
430 11.096085651000067
440 11.299043011999856
450 11.60141312099995
460 11.830889278000086
470 12.083511619000092
480 12.332410429999982
490 12.55126637300009
500 12.772010736000084
510 13.05516095899975
520 13.23937610799976
530 13.496268647999841
540 13.750282741999854
550 13.999935300999823
560 14.201544059999833
570 14.469836897999812
580 14.729677476999768
590 15.077172396000151
600 15.302943457999845
610 15.581574999000168
620 15.838309405000018
630 16.084698346000096
640 16.345053809000092
650 16.60365760500008
660 17.023696277
670 17.305933262000053
680 17.48705588799976
690 17.69978633499977
700 17.953726882999945
710 18.196326752000004
720 18.451168224999947
730 18.71904243600011
740 19.010304640999948
750 19.23701988599987
760 19.517748899999788
770 19.879258778999883
780 20.190980509999918
790 20.422463148000134
800 20.688736374999735
810 20.922632239999984
820 21.126192873000036
830 21.386853670000164
840 21.67942618400002
850 21.950875822999933
860 22.14121833199988
870 22.35905353199996
880 22.581473819000166
890 23.007876742000008
900 23.51867558999993
910 23.759433205999812
920 23.99959317699995
930 24.253933806000077
940 24.58221810699979
950 24.81050210400008
960 25.04781227100011
970 25.311604048999925
980 25.58543306499996
990 25.802802594999775
1000 26.040279177999764
1010 26.260401618999822
1020 26.54007437700011
1030 26.777841778000038
1040 27.106039038999825
1050 27.372564209999837
1060 27.715829674999895
1070 27.990384863000145
1080 28.34384781300014
1090 28.57134393499973
1100 28.930330527000024
1110 29.179466559000048
1120 29.381449861999954
1130 29.640512531999775
1140 29.911589019000075
1150 30.168367894999847
1160 30.40202979600008
1170 30.633478547999857
1180 30.86785550400009
1190 31.10246256599976
1200 31.360754655000164
1210 31.55550031499979
1220 31.81107081900018
1230 32.10253765900006
1240 32.449978932999784
1250 32.681619458000114
1260 32.95078302999991
1270 33.18163965399981
1280 33.46881650500018
1290 33.66397903300003
1300 33.907571393000126
