ScalarRecurrence
'NLA.IE06.ScalarRecurrence.step' depends on axioms: [propext, Classical.choice, Quot.sound]
'NLA.IE06.ScalarRecurrence.orbit' depends on axioms: [propext, Classical.choice, Quot.sound]
'NLA.IE06.ScalarRecurrence.cost' depends on axioms: [propext, Classical.choice, Quot.sound]
'NLA.IE06.ScalarRecurrence.step_ge_linear' depends on axioms: [propext, Classical.choice, Quot.sound]
'NLA.IE06.ScalarRecurrence.step_ge_self' depends on axioms: [propext, Classical.choice, Quot.sound]
'NLA.IE06.ScalarRecurrence.step_pos' depends on axioms: [propext, Classical.choice, Quot.sound]
'NLA.IE06.ScalarRecurrence.step_monotone' depends on axioms: [propext, Classical.choice, Quot.sound]
'NLA.IE06.ScalarRecurrence.step_ge_quadratic' depends on axioms: [propext, Classical.choice, Quot.sound]
'NLA.IE06.ScalarRecurrence.orbit_ge_start' depends on axioms: [propext, Classical.choice, Quot.sound]
'NLA.IE06.ScalarRecurrence.orbit_pos' depends on axioms: [propext, Classical.choice, Quot.sound]
'NLA.IE06.ScalarRecurrence.orbit_monotone_start' depends on axioms: [propext, Classical.choice, Quot.sound]
'NLA.IE06.ScalarRecurrence.orbit_monotone_index' depends on axioms: [propext, Classical.choice, Quot.sound]
'NLA.IE06.ScalarRecurrence.orbit_shift' depends on axioms: [propext, Classical.choice, Quot.sound]
'NLA.IE06.ScalarRecurrence.orbit_add' depends on axioms: [propext, Classical.choice, Quot.sound]
'NLA.IE06.ScalarRecurrence.orbit_ge_geometric' depends on axioms: [propext, Classical.choice, Quot.sound]
'NLA.IE06.ScalarRecurrence.orbit_ge_add' depends on axioms: [propext, Classical.choice, Quot.sound]
'NLA.IE06.ScalarRecurrence.orbit_terminated' depends on axioms: [propext, Classical.choice, Quot.sound]
'NLA.IE06.ScalarRecurrence.cost_zero_of_ge' depends on axioms: [propext, Classical.choice, Quot.sound]
'NLA.IE06.ScalarRecurrence.cost_antitone' depends on axioms: [propext, Classical.choice, Quot.sound]
'NLA.IE06.ScalarRecurrence.cost_recurrence' depends on axioms: [propext, Classical.choice, Quot.sound]
'NLA.IE06.ScalarRecurrence.reciprocal_sum_le' depends on axioms: [propext, Classical.choice, Quot.sound]
'NLA.IE06.ScalarRecurrence.hundred_mul_le_pow' depends on axioms: [propext, Classical.choice, Quot.sound]
'NLA.IE06.ScalarRecurrence.sq_le_two_pow' depends on axioms: [propext, Classical.choice, Quot.sound]
'NLA.IE06.ScalarRecurrence.quadratic_orbit_lower' depends on axioms: [propext, Classical.choice, Quot.sound]
'NLA.IE06.ScalarRecurrence.stopped_count_le' depends on axioms: [propext, Classical.choice, Quot.sound]
'NLA.IE06.ScalarRecurrence.cost_le_count_and_reciprocal' depends on axioms: [propext, Classical.choice, Quot.sound]
'NLA.IE06.ScalarRecurrence.orbit_reaches_dimension' depends on axioms: [propext, Classical.choice, Quot.sound]
'NLA.IE06.ScalarRecurrence.cost_le_six_sqrt' depends on axioms: [propext, Classical.choice, Quot.sound]
'NLA.IE06.ScalarRecurrence.profile' depends on axioms: [propext, Classical.choice, Quot.sound]
'NLA.IE06.ScalarRecurrence.profile_pos' depends on axioms: [propext, Classical.choice, Quot.sound]
'NLA.IE06.ScalarRecurrence.profile_div_eq' depends on axioms: [propext, Classical.choice, Quot.sound]
'NLA.IE06.ScalarRecurrence.profile_ratio_monotone' depends on axioms: [propext, Classical.choice, Quot.sound]
'NLA.IE06.ScalarRecurrence.profile_recurrence' depends on axioms: [propext, Classical.choice, Quot.sound]
'NLA.IE06.ScalarRecurrence.step_cast_upper' depends on axioms: [propext, Classical.choice, Quot.sound]
'NLA.IE06.ScalarRecurrence.step_loss_le' depends on axioms: [propext, Classical.choice, Quot.sound]

SpectralRecursionScalars
'NLA.IE06.SpectralRecursionScalars.cost_nonneg' depends on axioms: [propext, Classical.choice, Quot.sound]
'NLA.IE06.SpectralRecursionScalars.cost_ge_first' depends on axioms: [propext, Classical.choice, Quot.sound]
'NLA.IE06.SpectralRecursionScalars.profile_le_linear' depends on axioms: [propext, Classical.choice, Quot.sound]
'NLA.IE06.SpectralRecursionScalars.profile_lt_sqrt' depends on axioms: [propext, Classical.choice, Quot.sound]
'NLA.IE06.SpectralRecursionScalars.baseTheta' depends on axioms: [propext, Classical.choice, Quot.sound]
'NLA.IE06.SpectralRecursionScalars.baseTheta_pos' depends on axioms: [propext, Classical.choice, Quot.sound]
'NLA.IE06.SpectralRecursionScalars.baseTheta_le_one' depends on axioms: [propext, Classical.choice, Quot.sound]
'NLA.IE06.SpectralRecursionScalars.four_exp_one_le_exp_four' depends on axioms: [propext, Classical.choice, Quot.sound]
'NLA.IE06.SpectralRecursionScalars.profile_le_base_threshold' depends on axioms: [propext, Classical.choice, Quot.sound]
'NLA.IE06.SpectralRecursionScalars.base_step_dimension' depends on axioms: [propext, Classical.choice, Quot.sound]
'NLA.IE06.SpectralRecursionScalars.base_exponent_bound' depends on axioms: [propext, Classical.choice, Quot.sound]
'NLA.IE06.SpectralRecursionScalars.base_union_bound' depends on axioms: [propext, Classical.choice, Quot.sound]
'NLA.IE06.SpectralRecursionScalars.profile_recurrence_le' depends on axioms: [propext, Classical.choice, Quot.sound]
'NLA.IE06.SpectralRecursionScalars.sixteen_le_ceil_sqrt' depends on axioms: [propext, Classical.choice, Quot.sound]
