{
  "timestamp_utc": "2026-09-22T22:15:54.187285+00:00",
  "uid": 1000,
  "publication_repository": "https://github.com/ajt60gaibb/OpenProblemsInNLA",
  "publication_commit": "c45f9ccef20a2fa5cc4b988e93d4173dab853362",
  "publication_base": "daf313133bfe730c32a266ea85cd9ca0fbe2d5ed",
  "guest_repository_commit": "3ee64b33ae1c626b3c7ffa1c4e561b6055623bb9",
  "commit_relation": "Fresh local verification-only git commit containing exactly the publication project files with unchanged bytes; intentionally distinct from publication commit.",
  "project": "linear-systems-and-elimination/IE-22/lean",
  "archive_sha256": "eb5dc854bca9aa8025c0db4af0f3e0538ffba4d262b68dcaf08616dbb62d6931",
  "receipt_sha256": "57b430778268d70ae3be031550492f9fb9b9eb8d3544a2298868dd635f381123",
  "input_sha256": {
    "lake-manifest.json": "d4d0e68ef2793036ba926264005969a722ca50ae86c1acc30da1642961fc39dc",
    "NUMERICAL_TARGETS.md": "31d41813f8e6c7952d5d197e0b2246dfa79dfe8c6ffab56fdb0c64a4d5d4334e",
    "Solution.lean": "4b9a63cb11dcb14c6ba32ba2dafae301afe513a426b83416e209cb32e1ed6066",
    "lean-toolchain": "3aac669c7a910ec2389f4e4f921b605adf6ebf2d1e0c9b9cd0be4d33f3f5db71",
    "comparator.json": "f625c401bf276a2e93b7e76b2b052555c8686b57590fd7da16fdb56e2840c7a8",
    "formalization.yaml": "f85bf07dff8dc7e0719fb068fcd0309260f82546ebb42b9c44dcd6f73023e73d",
    "LICENSE": "cfc7749b96f63bd31c3c42b5c471bf756814053e847c10f3eb003417bc523d30",
    "Challenge.lean": "03336766670095f08f74eb9d6a0704ed8812ca9cde31a99d2a2fbc6521a11152",
    "lakefile.toml": "beab3c37c179793379b27d6323a02a89bff9575d184370025ef904f0067ccc31",
    "README.md": "2d058f5577b6be60a312ca638c9ca016e561eec7ae243d4f598be499d2482827",
    "reviews/asymptotic-referee-infrastructure.md": "7ca9b199bac083c9d3e672ecd2488ff72e6b10c255d320079035ff8bca925f54",
    "reviews/IE21-DEPENDENCY.json": "19b5c9cd40f7caeeff669d84ce0c1b37e981fd0748fb63626c2cb6b6ff71c95b",
    "reviews/package-source-freeze.json": "2a07dedc9ca3774cd9fc5a760f421dd47f105cc257c770f401ae73513dea1226",
    "reviews/typecheck.py": "9840b7b9ab2c3e23c50df3dcc47bbac82c7b2ad490624cae590c65d571114b48",
    "reviews/statement-typecheck-receipt.json": "6209840d7a0a36e5015c50d22b1291c31fba058e34e84c66e87ef0b990b6623d",
    "reviews/energy-event-referee-infrastructure.md": "c7948de0af9b7ff82e2a709728432c7e141c7b8357a08c07575068bf73592557",
    "reviews/statement-typecheck.log": "20e8b3cf65ca79b8a1b836b12c49970494e2ef3d68d25a24da6f8a2b0113a5dd",
    "reviews/supremum-spherical-schedule-referee-infrastructure.md": "88039661a549d58900f8c98ed43dfee007f16fea978064c4b186acd140de043f",
    "reviews/statement-freeze.json": "9f218c0afeb9899c93609c3ea733deddee2689d1e850a7bceadc28b1a886f329",
    "reviews/draft-stage-receipt.json": "58e2ee469d6b355bab44e852ee5785c9bb1316258e245fa0e9411c2fa6b65d2b",
    "reviews/supremum-spherical-schedule-referee-infrastructure-receipt.json": "c6f238e2aaf976098c9af0b0d9942674d3c288d869d1ad171e7494aaa29ff267",
    "reviews/energy-event-referee-infrastructure-receipt.json": "0fe53f1835923351aa3a9321222d01b3d47a748c7995beb42a19ccd35218e0d9",
    "reviews/root-statement-review-receipt.json": "82f6498a703b86983272644b4669230dadcfffd067d7f5e38fc2228e5ea790b7",
    "reviews/statement-referee-infrastructure.md": "fb35dda3a2f2a7b72fbef8593f2dc27218bae2bf90ce308975c7b0da9c601ec5",
    "reviews/statement-referee-root.md": "7480ebc8501c7bb8502030524cd3fb046d40cf7ae13aa4ea0207d41c1b2dde86",
    "reviews/proof-source-freeze.json": "8c2d4862b0b723689fa07dcac51aca6c83f3e694a58e13270fd1c90cd8fe43a9",
    "reviews/asymptotic-referee-infrastructure-receipt.json": "ff611f0cd59250a689b359568d5fa7349f00f934bb43c892a20688737b5ce9a7",
    "reviews/asymptotic-referee-infrastructure-evidence/receipt.json": "8a4f6ea96d40cc69ba81e2542a4b4d5714166658c0dde708fb568bb8420ca22f",
    "reviews/asymptotic-referee-infrastructure-evidence/build.py": "518b7bf2b662667cce4841fbfe84c2250c88ce481b86d5d928af7eb106749ebb",
    "reviews/asymptotic-referee-infrastructure-evidence/typecheck.log": "464b643d2b1913dfea8faef714418d23f74e576d9111461c486e38614b75178a",
    "reviews/asymptotic-referee-infrastructure-evidence/HelperTypesAndAxioms.lean": "ef8448fb5345de6bdc15a3a5de7b09bfedc4a19ce8b6bcfe68700625acc682f1",
    "reviews/complete-author-evidence/ExactTypesAndAxioms.lean": "5486dcab4e994f7f6d083def7a969f8821c5b676d2c01396b4d39a791c241d08",
    "reviews/complete-author-evidence/prepare-package.py": "19321097d839d3586c2dbbc1c6cddcaaf8eea8b3f1687699fc9914c47e22d241",
    "reviews/complete-author-evidence/receipt.json": "eece8577ebbb1cdcc21724d01fef6c62ca97279cd1112ce27fabee530addb5a4",
    "reviews/complete-author-evidence/build.py": "f7fc3dc37f155cc2c64522b59b3df2a0a0407fe2c9964d811d8b5c0c491cb52a",
    "reviews/complete-author-evidence/typecheck.log": "6358bdb8f6ed91e83cf0fcee28a0eeb574fedb7cfe8c0efad771c8d17e718e5d",
    "reviews/root-statement-evidence/typecheck.py": "3646a96ab888f30485ca3ebc5a3aa0d4b2a579ae882cc7ccb64e1610b7c30a00",
    "reviews/root-statement-evidence/typecheck.log": "b93aa77b4b265a946b1e63fafeeaa4ccbcf6012b898743ace9fa79608d6a0728",
    "reviews/root-statement-evidence/typecheck-receipt.json": "69d3c4db5c8896cf6de9ab7dd5cae9374d1578e14225eb1489ee45f92719997d",
    "reviews/gaussian-variance-consumer-review/ExactTypeAndAxioms.lean": "e749c32377ee2d85ce95987cd1cd8ef4a4c7a31ba55d92b39d2e67d95113e663",
    "reviews/gaussian-variance-consumer-review/review.md": "ea80063c5ad8bd31cf35af8ab4d9191f246da37275c0b8333ad67bde2b4a32a3",
    "reviews/gaussian-variance-consumer-review/selected-exact-axioms.log": "1053aeab1bcd622494154fb499e86eccf4ff8446ec73c49c12f04f4b7a97fc30",
    "reviews/gaussian-variance-consumer-review/receipt.json": "2544e2a1bd47f65673a79d31d6faa43d4cfc0b428a28dafc973d5aa584708299",
    "reviews/gaussian-variance-consumer-review/header-correction-receipt.json": "6625a32d6648897e45cea59e30accfe50954e359a611bf35c37205fd9653ddd2",
    "reviews/gaussian-variance-consumer-review/header-correction-addendum.md": "f3e071291df427b4f4191768d14694116fa56b494edbdb72076b2a7622d300ca",
    "reviews/gaussian-variance-consumer-review/build.py": "965b844206e0838147f6e48493fb165b5e6bae4a3df0a7dd8519f8020d0a656a",
    "reviews/gaussian-poincare-author-evidence/hinge-iteration-4.log": "0845682a9d8f0e56174b4fc75da54c7d23e22b635dec994106bd23c70660a2b4",
    "reviews/gaussian-poincare-author-evidence/final-build.py": "19a566d1a7bb02eb49bec3feb6a4362a5825295013417092d67a65df9fcb9cde",
    "reviews/gaussian-poincare-author-evidence/variance-iteration-6.log": "7007dc34c0e3736ca7786a9f10e57098d02d4a3608e69b7b94fb60e1b400d8ac",
    "reviews/gaussian-poincare-author-evidence/Axioms.lean": "3e6ce752110f4b9f83b0d7ccbf46cdc13df7dfd80934fe1a6080fe2ef0d2a350",
    "reviews/gaussian-poincare-author-evidence/hinge-foundation-receipt.json": "8cf3c5dd8ba5c0103f90db75dc9a81d6a796db3e100063dbd4fc1ef561c13160",
    "reviews/gaussian-poincare-author-evidence/variance-iteration-3.log": "9aca71d37e9eeb3356969e5e2dc787aab42e87853a890f130e4f6c8ca87c5923",
    "reviews/gaussian-poincare-author-evidence/iteration-8.log": "15f28fc003995d728bd294a8ef2a6c14f8680a8b2faaaf04f90726c0fd18c1d3",
    "reviews/gaussian-poincare-author-evidence/hinge-foundation-author-report.md": "990ab07be8622706df70cc85fa49de0a610044ccae29d07169d2840650c03248",
    "reviews/gaussian-poincare-author-evidence/hinge-iteration-2.log": "394e3474c062593b4d1dd006f2ff8c56333f11278493c2680c0394e3f329d637",
    "reviews/gaussian-poincare-author-evidence/scalar-foundation-receipt.json": "a70031014bb851352f094ef248c9eab5f68252f059468e185b737c98ebce8fda",
    "reviews/gaussian-poincare-author-evidence/hinge-iteration-1.log": "0845682a9d8f0e56174b4fc75da54c7d23e22b635dec994106bd23c70660a2b4",
    "reviews/gaussian-poincare-author-evidence/iteration-5.log": "999c0175bc9375d13d7505abc0b0f9773e8a86ab70fa87ebab6f807c6142a34d",
    "reviews/gaussian-poincare-author-evidence/FinalAxioms.lean": "3b09a55a96b137e3544bf3c79113f02838d289ada00cc572e933e393c64ddd9d",
    "reviews/gaussian-poincare-author-evidence/final-typecheck.log": "24c01f154b16a77c8141d85826149746eaa8c633a00b4d5f487793a8b96524ec",
    "reviews/gaussian-poincare-author-evidence/scalar-foundation-author-report.md": "9e64a0b722659e792b3d44e600cfe068562c1cc0770e2d3dd607ac6bf95b9a54",
    "reviews/gaussian-poincare-author-evidence/iteration-6.log": "d38fae9114227ecd6fb1e9d721c7d9d4ab97f51f7294e1e1ceb5a88165e1b066",
    "reviews/gaussian-poincare-author-evidence/variance-iteration-1.log": "9aec2c01f7cafd222e976ba9aafe43fbbcd6d38aceb0322f1fc9065d4701e6bf",
    "reviews/gaussian-poincare-author-evidence/variance-iteration-2.log": "7007dc34c0e3736ca7786a9f10e57098d02d4a3608e69b7b94fb60e1b400d8ac",
    "reviews/gaussian-poincare-author-evidence/iteration-10.log": "27f577709b4209059fb16e16d58e3110dd4f681b9408a501fbb64144e3d44a88",
    "reviews/gaussian-poincare-author-evidence/iteration-11.log": "999c0175bc9375d13d7505abc0b0f9773e8a86ab70fa87ebab6f807c6142a34d",
    "reviews/gaussian-poincare-author-evidence/final-author-receipt.json": "e398ae0233886eea99ad2110e0b336b4e0c8a27b652043d10c3f9b751fef13ac",
    "reviews/gaussian-poincare-author-evidence/variance-iteration-5.log": "0cb6cd08554ee421cbb22d79f21da00718fc0d356b47ad53192899ef01f2287b",
    "reviews/gaussian-poincare-author-evidence/iteration-7.log": "8fbd8ad3036cdd455587b8a9ee0334992e53a40e3b1e8e8992ffab0fdfaea90f",
    "reviews/gaussian-poincare-author-evidence/variance-iteration-4.log": "7007dc34c0e3736ca7786a9f10e57098d02d4a3608e69b7b94fb60e1b400d8ac",
    "reviews/gaussian-poincare-author-evidence/build.py": "33deb7d175d9d438caa9fb11a52b6aaa215844433dbf440dc641bb695861aaf5",
    "reviews/gaussian-poincare-author-evidence/header-correction-compilation.log": "999c0175bc9375d13d7505abc0b0f9773e8a86ab70fa87ebab6f807c6142a34d",
    "reviews/gaussian-poincare-author-evidence/scalar-foundation-axioms.log": "ca9edaee1545c2eb82aa423763e9f33072dc9b2da56d4a7796eb165d8a9338b4",
    "reviews/gaussian-poincare-author-evidence/hinge-iteration-3.log": "9cb551b58f4343d35ac136a8c30393bd2509a7fc7352b04d7c889badb04758a0",
    "reviews/gaussian-poincare-author-evidence/iteration-1.log": "06582d9908cca8a1764eeb3ab6542b895eccca5cbe9ea74dcb87dd87bf6f1720",
    "reviews/gaussian-poincare-author-evidence/iteration-13.log": "999c0175bc9375d13d7505abc0b0f9773e8a86ab70fa87ebab6f807c6142a34d",
    "reviews/gaussian-poincare-author-evidence/iteration-3.log": "b0c7d38900c0c1384e309ff88bef0674c043986c075dafc023cd7ee26e6fd643",
    "reviews/gaussian-poincare-author-evidence/HingeAxioms.lean": "860bd6ca88c2b381afd872a44c5b6f7ce8422866234e9fab628dfac0d2ea3996",
    "reviews/gaussian-poincare-author-evidence/iteration-4.log": "498b0d171b24614c22dbab76a9eb2d499bd5c26b7c3451e2661af05a22e05522",
    "reviews/gaussian-poincare-author-evidence/iteration-9.log": "999c0175bc9375d13d7505abc0b0f9773e8a86ab70fa87ebab6f807c6142a34d",
    "reviews/gaussian-poincare-author-evidence/iteration-2.log": "952b0742d46edc46273282906bd51d5cc078adf6cbc9d24f71bd513cbf0081e2",
    "reviews/gaussian-poincare-author-evidence/hinge-foundation-axioms.log": "8d084dc71e9a2941a3a58d11edc5ce659f6e104089853121b3f2ef751d254845",
    "reviews/gaussian-poincare-author-evidence/final-author-report.md": "547129358540fa7ff21e07ec21152271e95baa9e2b48b3ddaa741bca2c8f59da",
    "reviews/gaussian-poincare-author-evidence/iteration-12.log": "999c0175bc9375d13d7505abc0b0f9773e8a86ab70fa87ebab6f807c6142a34d",
    "reviews/variance-tensorization-author-evidence/helpers-5.log": "eea038270ebb20742ac63074f849f66429c318352b0154e7ce913c92efa78c43",
    "reviews/variance-tensorization-author-evidence/helpers-2.log": "530aac9f6e785e33dd0824542d2b905093eaadf8601af058ba0d9fa1df4c323a",
    "reviews/variance-tensorization-author-evidence/AUTHOR-REPORT.md": "fe68134010b1858221dfce3d8d67ba1aa1b86efc10e2d396754fde2360ddf52e",
    "reviews/variance-tensorization-author-evidence/fresh-build-receipt.json": "09c181d67feada45ea5da7388ba96fc6028d782197891e6f1795950848d82cc1",
    "reviews/variance-tensorization-author-evidence/minimal-imports-final.log": "ff1dc9288f564ffdbd3ecd5cb7e11925850d1e544966f817b52c6bb1b70d22e2",
    "reviews/variance-tensorization-author-evidence/fresh-build.log": "b4ada427d148f8a576bb8a0d5eafde1c7684925140a28873d650caa3a5e946bf",
    "reviews/variance-tensorization-author-evidence/fresh-build.py": "de0fe814340e177ae8f86e5ae0cee09429bd27ba21d07aea0b572a168d9b8999",
    "reviews/variance-tensorization-author-evidence/helpers-1.log": "7e3bbe3cdfb85b3131a79df954e87546dbd8f798f680edfa4ca596140cac7bb6",
    "reviews/variance-tensorization-author-evidence/helpers-4.log": "ae5876e2f477d346250bed16c2dd2b07086a130e0420c2c01d5237affabd24fc",
    "reviews/variance-tensorization-author-evidence/resampling-1.log": "ff1dc9288f564ffdbd3ecd5cb7e11925850d1e544966f817b52c6bb1b70d22e2",
    "reviews/variance-tensorization-author-evidence/pre-resampling-fresh-build.log": "96572274b0fa7df405e63915583d22215855f276d05d24aae496c34d7a83babe",
    "reviews/variance-tensorization-author-evidence/induction-1.log": "ad0cef2232bdb8cedae95ac8e14ffd00388fe7da8fae9d37762d4bdf7b836c71",
    "reviews/variance-tensorization-author-evidence/induction-2.log": "ff1dc9288f564ffdbd3ecd5cb7e11925850d1e544966f817b52c6bb1b70d22e2",
    "reviews/variance-tensorization-author-evidence/ExactHelperTypesAndAxioms.lean": "8563219d6f335b88a02878383d507ee1a4646f0c342b900a031112f2aa30b956",
    "reviews/variance-tensorization-author-evidence/receipt.json": "19ec88cdbd1cf7f1cd735d3a75d1b4f4ea09f1ddb19da6878057f0db3fac62ae",
    "reviews/variance-tensorization-author-evidence/helpers-6.log": "ff1dc9288f564ffdbd3ecd5cb7e11925850d1e544966f817b52c6bb1b70d22e2",
    "reviews/variance-tensorization-author-evidence/build.py": "a404e27d12f61e720b3cef9b9b6218a930e875183eb65af0dda7a0df42443d5e",
    "reviews/variance-tensorization-author-evidence/helpers-3.log": "274dfba6830c3351d14294f9b9925ac4e69b28f616baa52ec7232b0af8c46129",
    "reviews/variance-tensorization-author-evidence/pre-resampling-fresh-build-receipt.json": "cf7a04057d4a7f3cb1e41a088cc2462fa87379f3234576a5e29709dbd180d5db",
    "reviews/gaussian-mean-author-evidence/author-report.md": "1c84244b3394b944dda7abe3e1b81b794e604d1c56e4de5164508b2c0d970ff9",
    "reviews/gaussian-mean-author-evidence/mean-stable.log": "fd17bfaae7aebd644f35fee53f836222e1b701e254cd6b5025de4d378d7b8d3b",
    "reviews/gaussian-mean-author-evidence/ExactTypeAndAxioms.lean": "dae6d94d0030f0f88bb9ef584f62ab6f52e7721527b9a8ec6a5d88b4503186a6",
    "reviews/gaussian-mean-author-evidence/receipt.json": "41ed4f15854eec2f0c50a123cb38981b39442386b38ca5a0ac5a1081a0a612ee",
    "reviews/gaussian-mean-author-evidence/build.py": "965b844206e0838147f6e48493fb165b5e6bae4a3df0a7dd8519f8020d0a656a",
    "reviews/root-proof-evidence/asymptotic-1.log": "0bc65e1f2ed3df419a7879d2e71be2f2687700ab6df56ce28178ab1840dba30b",
    "reviews/root-proof-evidence/schedule-7.log": "fdfe45d730a4256ffc5e7b6a1189c476d337ad839e2baa05c2fbb844efd0b646",
    "reviews/root-proof-evidence/spherical-author-report.md": "ffa9910525dc13457d7d79d4b36843ab6e0f9c987da46a413512c2b656e32d74",
    "reviews/root-proof-evidence/schedule-5.log": "59b387581aea3f7313a90b9b491cec41675cfbec52cd28c3903898dcc1c3f7d2",
    "reviews/root-proof-evidence/schedule-stable.log": "b0149334a448d54e18291170e3170492e872f2d85814a91315c02a64eb9b4ba9",
    "reviews/root-proof-evidence/ExactSphericalTypesAndAxioms.lean": "e1e4eef93a0eb4935bb94b720e907a9d5ce8fe0bb5036fdab1a4d46e790509c3",
    "reviews/root-proof-evidence/spherical-2.log": "d9a528714f9cf099ebc49883c148f2e8c4653d76492b99c3bb726dfd4ca44ad0",
    "reviews/root-proof-evidence/supremum-2.log": "7881ab799ef06f2d80f676eeb8f5dcd0d7410d34de3a597e6a3f90d7f4709b04",
    "reviews/root-proof-evidence/schedule-8.log": "56906321a30cbc2dc5d5d6ee3292c551ca35c12703e0d92e0a17331296ef8c89",
    "reviews/root-proof-evidence/schedule-6.log": "59b387581aea3f7313a90b9b491cec41675cfbec52cd28c3903898dcc1c3f7d2",
    "reviews/root-proof-evidence/supremum-author-report.md": "a03decda56a218006a8e8648950ffeade74c2ba7d9b6b4c5d3340151e7ab9a4b",
    "reviews/root-proof-evidence/ExactSixTypesAndAxioms.lean": "51e93f1216445b7daebc92d808e28a1cd00e7d0a0a53c5212c5f02d7642c0deb",
    "reviews/root-proof-evidence/supremum-3.log": "2b1c5bd9d0596736caf39878c6f9bcfa3a3f13c3d7e4ff12c4d2f91b01b57988",
    "reviews/root-proof-evidence/exact-six-types.log": "a6a50066846fd9a40958bd9d6a0f246b59883ab73220a63529582041687385dc",
    "reviews/root-proof-evidence/schedule-author-report.md": "b5f459933d947a6904bc0512afcd8ac804e30ee75c558b47d37fdb773a6427e3",
    "reviews/root-proof-evidence/six-target-receipt.json": "a00a421757d39e94636a00dea5785d0b7e602c914b602bc38d1523ff7f986e56",
    "reviews/root-proof-evidence/supremum-1.log": "0ea5ed5e19bcc4190a208631113a55e000ed0ed7416324860522f0919eb46aed",
    "reviews/root-proof-evidence/spherical-stable.log": "213f25d2a1f0c27262044d1c6704edf732b6d3b2b108ba72ff1a2d7586d4c794",
    "reviews/root-proof-evidence/spherical-1.log": "f87b26cb48d926b05033b4903aa34fa6d6a30e9f011a1ddffb916f8e790c2f6c",
    "reviews/root-proof-evidence/build.py": "eb774549abb5193cf258d64f9f4a7434ff1cd0ed181465ed299888e2f2dda3d0",
    "reviews/root-proof-evidence/spherical-author-receipt.json": "661711938181c23b1275618b7b9411bc7830c3ba4b97b27f606a74e054b853a6",
    "reviews/root-proof-evidence/schedule-4.log": "46b3d0fc005b3217f90593e1543e8b1356e100e35c88b9bb8fb388c16ae13296",
    "reviews/root-proof-evidence/schedule-author-receipt.json": "d489ed5efca262ad5835628c8b92150b655b238aca3a1cdbfc3ac55c59c55d75",
    "reviews/root-proof-evidence/schedule-3.log": "b63a13251e2382c01cc8375aaa3bd989a38c7d9cdef14bdd29235a865691a412",
    "reviews/root-proof-evidence/schedule-2.log": "9ab64cef2cfb4f718424c74dbf61b06372829239e8c932a4ca5ffb0e3857723f",
    "reviews/root-proof-evidence/ExactScheduleTypeAndAxioms.lean": "84cc1ec5886fddbb6d96c8881e1d363b1443f6bad9327f670ad48fd8f16d3d1e",
    "reviews/root-proof-evidence/schedule-1.log": "317cf4299d080692527cf2380d82586840419c1031925e868919a4f7a5ab9ead",
    "reviews/root-proof-evidence/threshold-mean-partial-referee.md": "476087033a3217faba1a9b2ea17ac54d9485eeb8d133126198adc4f6e479b6b7",
    "reviews/ie22-final-correctness-evidence/NLA__IE21__PointwiseTrimmingSemantics.log": "e3b0c44298fc1c149afbf4c8996fb92427ae41e4649b934ca495991b7852b855",
    "reviews/ie22-final-correctness-evidence/NLA__IE21__RatioAlgebra.log": "e3b0c44298fc1c149afbf4c8996fb92427ae41e4649b934ca495991b7852b855",
    "reviews/ie22-final-correctness-evidence/NLA__IE21__QuantileTrimming.log": "e3b0c44298fc1c149afbf4c8996fb92427ae41e4649b934ca495991b7852b855",
    "reviews/ie22-final-correctness-evidence/NLA__IE22__SphericalRealization.log": "e3b0c44298fc1c149afbf4c8996fb92427ae41e4649b934ca495991b7852b855",
    "reviews/ie22-final-correctness-evidence/build-receipt.json": "d952c67b383ed7822e29f975bb493132dfdd80e4ab11fb01ad96f067806dec8c",
    "reviews/ie22-final-correctness-evidence/NLA__IE21__FiniteSizeGeometry.log": "e3b0c44298fc1c149afbf4c8996fb92427ae41e4649b934ca495991b7852b855",
    "reviews/ie22-final-correctness-evidence/inspect_package.py": "cb3b994fc86294ec2367bd63a1785856054a41bd3d8525d81429a76d86f5ba93",
    "reviews/ie22-final-correctness-evidence/NLA__IE22__SpectralProjection.log": "e3b0c44298fc1c149afbf4c8996fb92427ae41e4649b934ca495991b7852b855",
    "reviews/ie22-final-correctness-evidence/NLA__IE22__ProjectionEvent.log": "e3b0c44298fc1c149afbf4c8996fb92427ae41e4649b934ca495991b7852b855",
    "reviews/ie22-final-correctness-evidence/NLA__IE21__UniformTrimmingBound.log": "e3b0c44298fc1c149afbf4c8996fb92427ae41e4649b934ca495991b7852b855",
    "reviews/ie22-final-correctness-evidence/NLA__IE21__SphericalMGF.log": "e3b0c44298fc1c149afbf4c8996fb92427ae41e4649b934ca495991b7852b855",
    "reviews/ie22-final-correctness-evidence/NLA__IE22__GaussianMean.log": "e3b0c44298fc1c149afbf4c8996fb92427ae41e4649b934ca495991b7852b855",
    "reviews/ie22-final-correctness-evidence/NLA__IE22__Definitions.log": "e3b0c44298fc1c149afbf4c8996fb92427ae41e4649b934ca495991b7852b855",
    "reviews/ie22-final-correctness-evidence/NLA__IE21__GaussianTrimming.log": "e3b0c44298fc1c149afbf4c8996fb92427ae41e4649b934ca495991b7852b855",
    "reviews/ie22-final-correctness-evidence/NLA__IE21__UniformTrimming.log": "e3b0c44298fc1c149afbf4c8996fb92427ae41e4649b934ca495991b7852b855",
    "reviews/ie22-final-correctness-evidence/NLA__IE22__SupremumSemantics.log": "e3b0c44298fc1c149afbf4c8996fb92427ae41e4649b934ca495991b7852b855",
    "reviews/ie22-final-correctness-evidence/NLA__IE22__Final.log": "e3b0c44298fc1c149afbf4c8996fb92427ae41e4649b934ca495991b7852b855",
    "reviews/ie22-final-correctness-evidence/NLA__IE21__BoundedConcentration.log": "e3b0c44298fc1c149afbf4c8996fb92427ae41e4649b934ca495991b7852b855",
    "reviews/ie22-final-correctness-evidence/NLA__IE21__QuadraticNet.log": "e3b0c44298fc1c149afbf4c8996fb92427ae41e4649b934ca495991b7852b855",
    "reviews/ie22-final-correctness-evidence/NLA__IE21__MatrixSemantics.log": "e3b0c44298fc1c149afbf4c8996fb92427ae41e4649b934ca495991b7852b855",
    "reviews/ie22-final-correctness-evidence/NLA__IE21__SphericalLaw.log": "e3b0c44298fc1c149afbf4c8996fb92427ae41e4649b934ca495991b7852b855",
    "reviews/ie22-final-correctness-evidence/NLA__IE21__SphericalTrimming.log": "e3b0c44298fc1c149afbf4c8996fb92427ae41e4649b934ca495991b7852b855",
    "reviews/ie22-final-correctness-evidence/NLA__IE21__UniformTrimmingGeometry.log": "e3b0c44298fc1c149afbf4c8996fb92427ae41e4649b934ca495991b7852b855",
    "reviews/ie22-final-correctness-evidence/NLA__IE21__GaussianPolar.log": "e3b0c44298fc1c149afbf4c8996fb92427ae41e4649b934ca495991b7852b855",
    "reviews/ie22-final-correctness-evidence/NLA__IE22__GaussianPoincareHinge.log": "e3b0c44298fc1c149afbf4c8996fb92427ae41e4649b934ca495991b7852b855",
    "reviews/ie22-final-correctness-evidence/NLA__IE22__GaussianPoincare.log": "e3b0c44298fc1c149afbf4c8996fb92427ae41e4649b934ca495991b7852b855",
    "reviews/ie22-final-correctness-evidence/NLA__IE21__SphereNet.log": "3f6448feea2d00bd6a9ad5f2797bc6aef6a36ca109962734c11184e920bac340",
    "reviews/ie22-final-correctness-evidence/NLA__IE22__VarianceTensorization.log": "e3b0c44298fc1c149afbf4c8996fb92427ae41e4649b934ca495991b7852b855",
    "reviews/ie22-final-correctness-evidence/NLA__IE21__FiniteSize.log": "e3b0c44298fc1c149afbf4c8996fb92427ae41e4649b934ca495991b7852b855",
    "reviews/ie22-final-correctness-evidence/NLA__IE22__GaussianEnergy.log": "e3b0c44298fc1c149afbf4c8996fb92427ae41e4649b934ca495991b7852b855",
    "reviews/ie22-final-correctness-evidence/NLA__IE21__PointwiseTrimming.log": "e3b0c44298fc1c149afbf4c8996fb92427ae41e4649b934ca495991b7852b855",
    "reviews/ie22-final-correctness-evidence/NLA__IE21__Definitions.log": "e3b0c44298fc1c149afbf4c8996fb92427ae41e4649b934ca495991b7852b855",
    "reviews/ie22-final-correctness-evidence/NLA__IE21__CovarianceConcentration.log": "e3b0c44298fc1c149afbf4c8996fb92427ae41e4649b934ca495991b7852b855",
    "reviews/ie22-final-correctness-evidence/source-review.md": "3c21b611c77fae39425a7761b0143702bdb381842a576a4e74b6557a5301ab46",
    "reviews/ie22-final-correctness-evidence/NLA__IE22__AsymptoticConclusion.log": "e3b0c44298fc1c149afbf4c8996fb92427ae41e4649b934ca495991b7852b855",
    "reviews/ie22-final-correctness-evidence/NLA__IE21__RowLaw.log": "e3b0c44298fc1c149afbf4c8996fb92427ae41e4649b934ca495991b7852b855",
    "reviews/ie22-final-correctness-evidence/NLA__IE21__Chernoff.log": "e3b0c44298fc1c149afbf4c8996fb92427ae41e4649b934ca495991b7852b855",
    "reviews/ie22-final-correctness-evidence/rebuild.py": "30a1adac0c7bc25397835574d8d6188112fcb6619d59ca2de7cd962f24326e77",
    "reviews/ie22-final-correctness-evidence/NLA__IE21__EmpiricalTrimming.log": "e3b0c44298fc1c149afbf4c8996fb92427ae41e4649b934ca495991b7852b855",
    "reviews/ie22-final-correctness-evidence/NLA__IE21__AspectSchedule.log": "f21ff04ffd40bf91809507cccf018f289108ff50b291a1b925da59dde09659ca",
    "reviews/ie22-final-correctness-evidence/ExactFrozenTypesAndAxioms.lean": "5c23fa585f0882d0e7947be0ee857644b928996d48ddd783c024678cdda6690e",
    "reviews/ie22-final-correctness-evidence/NLA__IE21__TrimmingConcentration.log": "e3b0c44298fc1c149afbf4c8996fb92427ae41e4649b934ca495991b7852b855",
    "reviews/ie22-final-correctness-evidence/package-inspection-receipt.json": "1affd1e5aa6b9d8b1651c4c9dc428a54911451d48004aea4c76260e2c308a06a",
    "reviews/ie22-final-correctness-evidence/NLA__IE21__PopulationTrimming.log": "e3b0c44298fc1c149afbf4c8996fb92427ae41e4649b934ca495991b7852b855",
    "reviews/ie22-final-correctness-evidence/NLA__IE22__DeterministicBound.log": "e3b0c44298fc1c149afbf4c8996fb92427ae41e4649b934ca495991b7852b855",
    "reviews/ie22-final-correctness-evidence/NLA__IE21__Covariance.log": "e3b0c44298fc1c149afbf4c8996fb92427ae41e4649b934ca495991b7852b855",
    "reviews/ie22-final-correctness-evidence/hashes-before.json": "09fc80cd66eb734a0bbb8693df0174baf95605d77e562aca46a1edf264b8f36d",
    "reviews/ie22-final-correctness-evidence/NLA__IE21__SphericalMoments.log": "e3b0c44298fc1c149afbf4c8996fb92427ae41e4649b934ca495991b7852b855",
    "reviews/ie22-final-correctness-evidence/NLA__IE22__TrimmingThreshold.log": "e3b0c44298fc1c149afbf4c8996fb92427ae41e4649b934ca495991b7852b855",
    "reviews/ie22-final-correctness-evidence/hashes-after.json": "3297a6a145f2b18a58267771c12bae8913244292cfd34e500010aba136a19e65",
    "reviews/ie22-final-correctness-evidence/NLA__IE22__DeterministicSchedule.log": "e3b0c44298fc1c149afbf4c8996fb92427ae41e4649b934ca495991b7852b855",
    "reviews/ie22-final-correctness-evidence/rebuild-transcript.log": "1de4179755f707a50cdebf5c6a0d6245b077b25f057c42e7a1c6f0b9baa846c9",
    "reviews/ie22-final-correctness-evidence/build-progress.json": "e0cdd3c5a9b8683dda842982acb6def08625afe130372d1948fdefd599499849",
    "reviews/ie22-final-correctness-evidence/NLA__IE21__GaussianMoments.log": "e3b0c44298fc1c149afbf4c8996fb92427ae41e4649b934ca495991b7852b855",
    "reviews/ie22-final-correctness-evidence/final-source-review-receipt.json": "fd6c9f4a6d40c802f4afd9e2a72a7ebc2afca61aa382e563e76e7487db063f62",
    "reviews/ie22-final-correctness-evidence/exact-types-and-axioms.log": "cd81684dfa7eaadbf3c6acfd0920c21e6ac04e78fda8fb5975b0975146070adf",
    "reviews/ie22-final-correctness-evidence/NLA__IE21__AsymptoticTail.log": "e3b0c44298fc1c149afbf4c8996fb92427ae41e4649b934ca495991b7852b855",
    "reviews/ie22-final-correctness-evidence/NLA__IE21__FiniteTrimming.log": "e3b0c44298fc1c149afbf4c8996fb92427ae41e4649b934ca495991b7852b855",
    "reviews/ie22-final-correctness-evidence/NLA__IE22__GaussianVariance.log": "e3b0c44298fc1c149afbf4c8996fb92427ae41e4649b934ca495991b7852b855",
    "reviews/statement-referee-infrastructure-evidence/typecheck.py": "73bb5490101b85034e90c52476398e684019b1e759d0c2e7dafe8728ed8ab3dd",
    "reviews/statement-referee-infrastructure-evidence/finalize-review.py": "2296abf52be7b936712531b8d61067ff6effb4b481487c2a04b3ff8b2655d978",
    "reviews/statement-referee-infrastructure-evidence/initial-typecheck.py": "ab158665cfbb397daa50163c9c96fb5dd2a59092296a82dedf64f66dd756eb98",
    "reviews/statement-referee-infrastructure-evidence/receipt.json": "38a57bcf50d7982a59a9babcd9943dc9befe4c8cc3f820f4fb1cca6cc916ee3c",
    "reviews/statement-referee-infrastructure-evidence/initial-path-resolution-failure.log": "71be1abedb769f280255b6d72c08956fd3a3422bbf5756bf99e79b156f027061",
    "reviews/statement-referee-infrastructure-evidence/typecheck.log": "fd12880e32bbdbe864d440059ce35a3341e3eac1a14d01d9b2749f5e7ce87c13",
    "reviews/statement-referee-infrastructure-evidence/typecheck-receipt.json": "2061773d96dcd1f92cef94c759287cf19aa584745cc4ba6f417e2b80ce32537a",
    "reviews/trimming-threshold-author-evidence/deterministic-final1.log": "2984240b03870f4d16fbf2bc5f00da8b0aee8183d9c360ed31ff92f29d60dc65",
    "reviews/trimming-threshold-author-evidence/energy4.log": "e92689040f2fb7eab4d37cb8a05a199fad0110d23cad653c282fd29ddd2bc405",
    "reviews/trimming-threshold-author-evidence/author-report.md": "66430e7bec92ac5c6da0e2e4bc435e4f1a110a07e1d55dc93da2e146cb227dfe",
    "reviews/trimming-threshold-author-evidence/threshold-1.log": "8ff1cf261e8819e393924568869f229868c9aaac4246d2b7c629e91b513c9a1b",
    "reviews/trimming-threshold-author-evidence/energy2.log": "eda52d8dc4cb4c97ed41c94d70568f3c214556892f93015862bbe5bedc830687",
    "reviews/trimming-threshold-author-evidence/ExactTypesAndAxioms.lean": "0ce95599b0f4eb21b0ab5fe290789625e61ae06d663a6b428386c7bcdd45cb1e",
    "reviews/trimming-threshold-author-evidence/event-final1.log": "6d159366d7a2f6adf9f15edf31ea852810a16da14042f23c1b99e5dae9b6e487",
    "reviews/trimming-threshold-author-evidence/threshold-stable.log": "4574472f927007d5e203d635b48e99ee95006694a023ebd82e5174e92ce39e10",
    "reviews/trimming-threshold-author-evidence/deterministic-2.log": "a7e62e528268cedf07453d04e90be11cc11ea87cd52d43c7ed25425186f15baa",
    "reviews/trimming-threshold-author-evidence/variance-dependency.log": "ab5a284997061f711d756823c2eff2b2e38aab9e7a5cb47f88497f8c2c1eb143",
    "reviews/trimming-threshold-author-evidence/event-2.log": "e62f1a3b0f325138d10359027295ae586ed4652e5a962c4b54736cc9020586de",
    "reviews/trimming-threshold-author-evidence/deterministic-4.log": "35f6141ef2f98079d75864a14d8d0d44d8ce7c15f152105f7389789fb487b66b",
    "reviews/trimming-threshold-author-evidence/event-4.log": "24f3eb475d67c6bb4d79ea36c74c90f268b29c5888602932261ff7a163433609",
    "reviews/trimming-threshold-author-evidence/event-1.log": "6ad5afcda3291939e1ac42d36195da11e8eca231f48bfa9138a87a2b791dcc06",
    "reviews/trimming-threshold-author-evidence/energy3.log": "b19994ea9e62e9bb854d0eb7ee5fffa6f6d134669f17ff9ebd60b117cfa27850",
    "reviews/trimming-threshold-author-evidence/energy1.log": "80cecafa5d38918be2c9b625291e43bc1c3fe3ef8f39888f3f974fd25d47338a",
    "reviews/trimming-threshold-author-evidence/deterministic-3.log": "35f6141ef2f98079d75864a14d8d0d44d8ce7c15f152105f7389789fb487b66b",
    "reviews/trimming-threshold-author-evidence/deterministic-1.log": "dce0a83149048fd6ba93fc06fba8b38d9ad75433eed8342096955ab9511b0aa8",
    "reviews/trimming-threshold-author-evidence/receipt.json": "fd087a51e5792541e07e1e8cac6c9f3b3b6259e6fbed350e0b548740f4d58cc2",
    "reviews/trimming-threshold-author-evidence/threshold-2.log": "7594fdc79aca94b2ddb89e54b7cc5d6f6b44c27e01fdf1b63a13adb93a8b217d",
    "reviews/trimming-threshold-author-evidence/mean-1.log": "9dacb614b9664bb87a4e485b2b8e7126839c0f4fa52cdf8055455104e59fab2d",
    "reviews/trimming-threshold-author-evidence/build.py": "965b844206e0838147f6e48493fb165b5e6bae4a3df0a7dd8519f8020d0a656a",
    "reviews/trimming-threshold-author-evidence/event-3.log": "687e360c54a6105be1f9656a6fc3b64190894e308bc9ef083b0773764c55c397",
    "reviews/trimming-threshold-author-evidence/mean-2.log": "d8a8ae6468b55d2a3642237ca2f6ee644b2b6cc1687c422e4a63034afa513027",
    "reviews/trimming-threshold-author-evidence/deterministic-5.log": "c62ab7a653083b2cd423486829e5c7cff2f36f0019b080e44d4f12815c820b69",
    "reviews/gaussian-energy-author-evidence/author-report.md": "48e170b79456eab7328adb7081f2196879a99d4be96fcbe0a86723fc8c4d59a2",
    "reviews/gaussian-energy-author-evidence/energy-stable.log": "d9767911da343a60e60c3819dce11f704d9bc946c6467387c28923f72039776a",
    "reviews/gaussian-energy-author-evidence/ExactTypeAndAxioms.lean": "02ccadfe01f541559a5cbf9fb04193a05c83a2d8e327eca0f9f0654d0160b76a",
    "reviews/gaussian-energy-author-evidence/receipt.json": "ff2b7564adbf98b55140a59c544c81fca1beb1206a5f541788f0f57d1a9afbf0",
    "reviews/gaussian-energy-author-evidence/build.py": "965b844206e0838147f6e48493fb165b5e6bae4a3df0a7dd8519f8020d0a656a",
    "reviews/ie22-final-fidelity-evidence/NLA__IE21__QuadraticNet.lean.log": "e3b0c44298fc1c149afbf4c8996fb92427ae41e4649b934ca495991b7852b855",
    "reviews/ie22-final-fidelity-evidence/NLA__IE21__CovarianceConcentration.lean.log": "e3b0c44298fc1c149afbf4c8996fb92427ae41e4649b934ca495991b7852b855",
    "reviews/ie22-final-fidelity-evidence/NLA__IE21__SphericalMGF.lean.log": "e3b0c44298fc1c149afbf4c8996fb92427ae41e4649b934ca495991b7852b855",
    "reviews/ie22-final-fidelity-evidence/NLA__IE21__GaussianTrimming.lean.log": "e3b0c44298fc1c149afbf4c8996fb92427ae41e4649b934ca495991b7852b855",
    "reviews/ie22-final-fidelity-evidence/NLA__IE22__GaussianEnergy.lean.log": "e3b0c44298fc1c149afbf4c8996fb92427ae41e4649b934ca495991b7852b855",
    "reviews/ie22-final-fidelity-evidence/NLA__IE21__QuantileTrimming.lean.log": "e3b0c44298fc1c149afbf4c8996fb92427ae41e4649b934ca495991b7852b855",
    "reviews/ie22-final-fidelity-evidence/build-receipt.json": "a86e0f7658ebae6ed2f0e293a6727382bf892f79516d5adbc0b48082a878a22d",
    "reviews/ie22-final-fidelity-evidence/NLA__IE21__RowLaw.lean.log": "e3b0c44298fc1c149afbf4c8996fb92427ae41e4649b934ca495991b7852b855",
    "reviews/ie22-final-fidelity-evidence/NLA__IE21__SphericalLaw.lean.log": "e3b0c44298fc1c149afbf4c8996fb92427ae41e4649b934ca495991b7852b855",
    "reviews/ie22-final-fidelity-evidence/NLA__IE21__TrimmingConcentration.lean.log": "e3b0c44298fc1c149afbf4c8996fb92427ae41e4649b934ca495991b7852b855",
    "reviews/ie22-final-fidelity-evidence/NLA__IE22__SphericalRealization.lean.log": "e3b0c44298fc1c149afbf4c8996fb92427ae41e4649b934ca495991b7852b855",
    "reviews/ie22-final-fidelity-evidence/NLA__IE22__ProjectionEvent.lean.log": "e3b0c44298fc1c149afbf4c8996fb92427ae41e4649b934ca495991b7852b855",
    "reviews/ie22-final-fidelity-evidence/NLA__IE22__GaussianPoincare.lean.log": "e3b0c44298fc1c149afbf4c8996fb92427ae41e4649b934ca495991b7852b855",
    "reviews/ie22-final-fidelity-evidence/ExactTypesAndAxioms.lean": "c909e66140e0b0dd5c9f58c50acb1d724769e8da9101766399465719f73fd271",
    "reviews/ie22-final-fidelity-evidence/NLA__IE22__TrimmingThreshold.lean.log": "e3b0c44298fc1c149afbf4c8996fb92427ae41e4649b934ca495991b7852b855",
    "reviews/ie22-final-fidelity-evidence/inspection-receipt.json": "aa287a32f2946cd6d7279ba513fc5582bafcb1730c2850965093330f01adbea5",
    "reviews/ie22-final-fidelity-evidence/NLA__IE21__Covariance.lean.log": "e3b0c44298fc1c149afbf4c8996fb92427ae41e4649b934ca495991b7852b855",
    "reviews/ie22-final-fidelity-evidence/NLA__IE22__DeterministicSchedule.lean.log": "e3b0c44298fc1c149afbf4c8996fb92427ae41e4649b934ca495991b7852b855",
    "reviews/ie22-final-fidelity-evidence/NLA__IE21__SphereNet.lean.log": "3f6448feea2d00bd6a9ad5f2797bc6aef6a36ca109962734c11184e920bac340",
    "reviews/ie22-final-fidelity-evidence/NLA__IE22__GaussianMean.lean.log": "e3b0c44298fc1c149afbf4c8996fb92427ae41e4649b934ca495991b7852b855",
    "reviews/ie22-final-fidelity-evidence/NLA__IE22__GaussianPoincareHinge.lean.log": "e3b0c44298fc1c149afbf4c8996fb92427ae41e4649b934ca495991b7852b855",
    "reviews/ie22-final-fidelity-evidence/NLA__IE22__SpectralProjection.lean.log": "e3b0c44298fc1c149afbf4c8996fb92427ae41e4649b934ca495991b7852b855",
    "reviews/ie22-final-fidelity-evidence/NLA__IE21__PopulationTrimming.lean.log": "e3b0c44298fc1c149afbf4c8996fb92427ae41e4649b934ca495991b7852b855",
    "reviews/ie22-final-fidelity-evidence/NLA__IE22__Final.lean.log": "e3b0c44298fc1c149afbf4c8996fb92427ae41e4649b934ca495991b7852b855",
    "reviews/ie22-final-fidelity-evidence/NLA__IE21__RatioAlgebra.lean.log": "e3b0c44298fc1c149afbf4c8996fb92427ae41e4649b934ca495991b7852b855",
    "reviews/ie22-final-fidelity-evidence/NLA__IE22__AsymptoticConclusion.lean.log": "e3b0c44298fc1c149afbf4c8996fb92427ae41e4649b934ca495991b7852b855",
    "reviews/ie22-final-fidelity-evidence/audit-correction-transcript.log": "46a9f6a4f8b6dffabf9086b174a230ed3d6e01b077b20ef0d53dcd2dd23a1324",
    "reviews/ie22-final-fidelity-evidence/ExactTypesAndAxioms2.lean": "2ea80a7a237256d3c3c9db0fef3630e2500014976e849bacd77ed44fb7279bb8",
    "reviews/ie22-final-fidelity-evidence/NLA__IE22__VarianceTensorization.lean.log": "e3b0c44298fc1c149afbf4c8996fb92427ae41e4649b934ca495991b7852b855",
    "reviews/ie22-final-fidelity-evidence/source-review.md": "7d66594e418a608bcd7553409f82a54956e72894c63d211890e3b16eb6f8af87",
    "reviews/ie22-final-fidelity-evidence/NLA__IE21__FiniteTrimming.lean.log": "e3b0c44298fc1c149afbf4c8996fb92427ae41e4649b934ca495991b7852b855",
    "reviews/ie22-final-fidelity-evidence/NLA__IE21__PointwiseTrimming.lean.log": "e3b0c44298fc1c149afbf4c8996fb92427ae41e4649b934ca495991b7852b855",
    "reviews/ie22-final-fidelity-evidence/NLA__IE21__FiniteSize.lean.log": "e3b0c44298fc1c149afbf4c8996fb92427ae41e4649b934ca495991b7852b855",
    "reviews/ie22-final-fidelity-evidence/NLA__IE21__Definitions.lean.log": "e3b0c44298fc1c149afbf4c8996fb92427ae41e4649b934ca495991b7852b855",
    "reviews/ie22-final-fidelity-evidence/NLA__IE22__GaussianVariance.lean.log": "e3b0c44298fc1c149afbf4c8996fb92427ae41e4649b934ca495991b7852b855",
    "reviews/ie22-final-fidelity-evidence/rebuild.py": "a03283a3946ddb2a8e4b43cfdeeea6020d0094cee9378e48efa35cd94b2cebbd",
    "reviews/ie22-final-fidelity-evidence/NLA__IE22__Definitions.lean.log": "e3b0c44298fc1c149afbf4c8996fb92427ae41e4649b934ca495991b7852b855",
    "reviews/ie22-final-fidelity-evidence/NLA__IE21__BoundedConcentration.lean.log": "e3b0c44298fc1c149afbf4c8996fb92427ae41e4649b934ca495991b7852b855",
    "reviews/ie22-final-fidelity-evidence/mathlib-api-search.log": "f5a7165729648b7ea582156d035a08d79e0a013d22359b61891915fb4021cce3",
    "reviews/ie22-final-fidelity-evidence/NLA__IE21__UniformTrimming.lean.log": "e3b0c44298fc1c149afbf4c8996fb92427ae41e4649b934ca495991b7852b855",
    "reviews/ie22-final-fidelity-evidence/NLA__IE21__EmpiricalTrimming.lean.log": "e3b0c44298fc1c149afbf4c8996fb92427ae41e4649b934ca495991b7852b855",
    "reviews/ie22-final-fidelity-evidence/NLA__IE21__PointwiseTrimmingSemantics.lean.log": "e3b0c44298fc1c149afbf4c8996fb92427ae41e4649b934ca495991b7852b855",
    "reviews/ie22-final-fidelity-evidence/NLA__IE21__SphericalMoments.lean.log": "e3b0c44298fc1c149afbf4c8996fb92427ae41e4649b934ca495991b7852b855",
    "reviews/ie22-final-fidelity-evidence/NLA__IE21__GaussianMoments.lean.log": "e3b0c44298fc1c149afbf4c8996fb92427ae41e4649b934ca495991b7852b855",
    "reviews/ie22-final-fidelity-evidence/NLA__IE21__MatrixSemantics.lean.log": "e3b0c44298fc1c149afbf4c8996fb92427ae41e4649b934ca495991b7852b855",
    "reviews/ie22-final-fidelity-evidence/inspect.py": "cfd44b7db84453b15bcc607820b1384688ff708da0709bc80aa504449db86db0",
    "reviews/ie22-final-fidelity-evidence/NLA__IE21__AspectSchedule.lean.log": "f21ff04ffd40bf91809507cccf018f289108ff50b291a1b925da59dde09659ca",
    "reviews/ie22-final-fidelity-evidence/hashes-before.json": "050232e04a5e38e4c550529a2dcc3bcab8dc98114c4e5dc05042f85289f5a19a",
    "reviews/ie22-final-fidelity-evidence/NLA__IE21__UniformTrimmingGeometry.lean.log": "e3b0c44298fc1c149afbf4c8996fb92427ae41e4649b934ca495991b7852b855",
    "reviews/ie22-final-fidelity-evidence/NLA__IE22__DeterministicBound.lean.log": "e3b0c44298fc1c149afbf4c8996fb92427ae41e4649b934ca495991b7852b855",
    "reviews/ie22-final-fidelity-evidence/NLA__IE21__FiniteSizeGeometry.lean.log": "e3b0c44298fc1c149afbf4c8996fb92427ae41e4649b934ca495991b7852b855",
    "reviews/ie22-final-fidelity-evidence/rebuild-transcript.log": "be7bd2ab9acc485230be151cba5c458fc4d2998d9142f0aea5e8ca4e8133819e",
    "reviews/ie22-final-fidelity-evidence/NLA__IE21__SphericalTrimming.lean.log": "e3b0c44298fc1c149afbf4c8996fb92427ae41e4649b934ca495991b7852b855",
    "reviews/ie22-final-fidelity-evidence/NLA__IE22__SupremumSemantics.lean.log": "e3b0c44298fc1c149afbf4c8996fb92427ae41e4649b934ca495991b7852b855",
    "reviews/ie22-final-fidelity-evidence/exact-types-and-axioms2.log": "0a62a633398561a78b25aca2103c25452f1b52af8bac0db186a0ec824bd3d6f1",
    "reviews/ie22-final-fidelity-evidence/NLA__IE21__AsymptoticTail.lean.log": "e3b0c44298fc1c149afbf4c8996fb92427ae41e4649b934ca495991b7852b855",
    "reviews/ie22-final-fidelity-evidence/build-progress.json": "7cf3568778bebb89a1b2d8d451c92e56f1dcd5967c335573002d8ec25f60ac78",
    "reviews/ie22-final-fidelity-evidence/exact-types-and-axioms.log": "09a4b3343ccdd920d333fc60f8a40c59b9535e352d0237ee4ac082fd3d11d22e",
    "reviews/ie22-final-fidelity-evidence/manifest-validation.log": "11f793657df0ee89f2657f769a8400a912a4bf8b24c294cac4fa8fe21992c666",
    "reviews/ie22-final-fidelity-evidence/NLA__IE21__UniformTrimmingBound.lean.log": "e3b0c44298fc1c149afbf4c8996fb92427ae41e4649b934ca495991b7852b855",
    "reviews/ie22-final-fidelity-evidence/NLA__IE21__Chernoff.lean.log": "e3b0c44298fc1c149afbf4c8996fb92427ae41e4649b934ca495991b7852b855",
    "reviews/ie22-final-fidelity-evidence/NLA__IE21__GaussianPolar.lean.log": "e3b0c44298fc1c149afbf4c8996fb92427ae41e4649b934ca495991b7852b855",
    "reviews/ie22-final-fidelity-evidence/source-receipt.json": "a134f04cac877be3751aad66b1cb36a4f9f6d45017f360151d44ce16696544d2",
    "reviews/ie22-final-fidelity-evidence/complete-audit.py": "a5ff8ba4ec292fd8a720cffb6b240c97d49895cc270b00f41e13ef7a1edbf851",
    "reviews/projection-event-author-evidence/author-report.md": "ee468a889d35de90e9d0b5431df10490fde88acaae7e74b717041457f6134c82",
    "reviews/projection-event-author-evidence/event-stable.log": "5354e05bac570bc85c44f5eed6bad979428ac4600497b35ec4f37998ae8c2bd3",
    "reviews/projection-event-author-evidence/ExactTypeAndAxioms.lean": "764339389d1bd24e64a75eccedd7ea985b9a7eebea0542f697795e25b18bb3bc",
    "reviews/projection-event-author-evidence/receipt.json": "9c6b36e1ea526f276a1fb9e4c830080c4186bb9552c4cc3fe65dc12c985d6a4f",
    "reviews/projection-event-author-evidence/build.py": "965b844206e0838147f6e48493fb165b5e6bae4a3df0a7dd8519f8020d0a656a",
    "reviews/energy-event-referee-infrastructure-evidence/ExactTypesAndAxioms.lean": "143a055f05b26ddefdf95d48d100d159effde98f2ec29d173b9a3052baa45eda",
    "reviews/energy-event-referee-infrastructure-evidence/receipt.json": "9d78b9b4bdf0009ae81af68b016c793ebca2b7ded3c2e4796fd7d8db069e17a1",
    "reviews/energy-event-referee-infrastructure-evidence/build.py": "9216905faa63c73b6a7d7aede1d2dc11bb90b640643cf410e16557cd734d93a2",
    "reviews/energy-event-referee-infrastructure-evidence/typecheck.log": "68f424fcbc32df4082c4378cc281a1826babdfba10ba8e408c2f2b04b15a819b",
    "reviews/schedule-referee-infrastructure-evidence/ExactTypesAndAxioms.lean": "4ee522c4992b893c393c56d772cbe77f405b6d40234822e40b283ede1a807f6d",
    "reviews/schedule-referee-infrastructure-evidence/receipt.json": "6f508f8120f33458078d34ed4e699de80e27a522395e35ee6b49f27682979cd6",
    "reviews/schedule-referee-infrastructure-evidence/build.py": "c783a9e99ed45899b2e0c7b5b6a65aba2f194fd8eae981a5fd78a61bf1adbca0",
    "reviews/schedule-referee-infrastructure-evidence/typecheck.log": "576c60aa0d6cd155a10861d34998376abf7accee6fd97761cc0e51ffd6b705ae",
    "reviews/event-extraction-author-evidence/helper-receipt.json": "f59b67e467682310d1e7d590558e4855af2b32f0057958d30c2964a244d7e169",
    "reviews/event-extraction-author-evidence/Axioms.lean": "1e6c176e8aa1f8432029369f742dda5eabbeb583ea9703988fccebd457e5e882",
    "reviews/event-extraction-author-evidence/DeterministicBound-helper-snapshot.lean": "adcf24d7e3326e2af649768a39bcc5832ef54beae1a58a5835c96a75b749cffd",
    "reviews/event-extraction-author-evidence/helper-stable.log": "2d7ea3beff6bb740be64c1c4477c922a544942dbf358947ff7486812c09839a7",
    "reviews/event-extraction-author-evidence/helper-author-report.md": "38ffe27586aabdb9effa2cb432bd4a91bb95f02c60ef69843b08069bc745b7f9",
    "reviews/event-extraction-author-evidence/ProjectionEvent-helper-snapshot.lean": "a82d46dc1a02353462fd1a928b1bbe99fb40f8a4192c2ca4275ef1a8ac414ed9",
    "reviews/event-extraction-author-evidence/build.py": "965b844206e0838147f6e48493fb165b5e6bae4a3df0a7dd8519f8020d0a656a",
    "reviews/deterministic-bound-author-evidence/author-report.md": "dce29f5b88419f0bfe9ba3a6f53e384cb948d17fa8f68995cbff396cb0777902",
    "reviews/deterministic-bound-author-evidence/deterministic-stable.log": "437c040f7446e5cedb55db9a6a72fc715e6dde4fd366a7b0777aae1dd7950f05",
    "reviews/deterministic-bound-author-evidence/ExactTypesAndAxioms.lean": "03ee9db6afad1c4554260faea0c400192c7825df6fec9de27edbe055291774c6",
    "reviews/deterministic-bound-author-evidence/receipt.json": "b0055d83800ab7746a3a02d0cbfa1983281c3938ebedc4b0904bbe2ec2b94a5a",
    "reviews/deterministic-bound-author-evidence/build.py": "965b844206e0838147f6e48493fb165b5e6bae4a3df0a7dd8519f8020d0a656a",
    "reviews/supremum-spherical-referee-infrastructure-evidence/ExactTypesAndAxioms.lean": "eb4059c50b344a5642bf1f052b179a635fa4924f26d75c02e5f8db078cef2368",
    "reviews/supremum-spherical-referee-infrastructure-evidence/receipt.json": "bff0e5df79678865addbcbe05809df2db140f7b355c710378f3ef79b0266f4a5",
    "reviews/supremum-spherical-referee-infrastructure-evidence/build.py": "947c08a2c35ce18a78e7749e837c2775b85b4ed3e80fc76128316bd7f90bfb93",
    "reviews/supremum-spherical-referee-infrastructure-evidence/typecheck.log": "0319efd517a473aa51c0fe6651e2da447189943bdb2562564971f7e2de148c77",
    "reviews/spectral-projection-author-evidence/iter-03.log": "aa7ddd1515ec34bdd805c8928a411dd380d8a2a5b72dd06d0a71f092f49db62a",
    "reviews/spectral-projection-author-evidence/iter-09.log": "22b58af010362e95a4e2aeb44c1bd1152e8a4b3b67514170a8f35e6bbac02e49",
    "reviews/spectral-projection-author-evidence/AUTHOR-REPORT.md": "1ee448f18e1cfac7bf05d782c4d174aa2dac041e220284684dc31e6bc665e5fb",
    "reviews/spectral-projection-author-evidence/iter-07.log": "56ce9baa324334067810e99f06b133e2b9be59c0097d921f5cb27e8db235971f",
    "reviews/spectral-projection-author-evidence/fresh-build-receipt.json": "b532400863e8c3020125ac5af5e7c1ac8341904f181d1e15acdf36eb71837ac8",
    "reviews/spectral-projection-author-evidence/fresh-build.log": "13d1be2abe70023241e1575def16cb957f8aae7358d83f115e6eb02933a4db18",
    "reviews/spectral-projection-author-evidence/fresh-build.py": "73212a98149fa19b789e38c7b20180f82e45db78c316ffc4abe3e9d8b2d09c66",
    "reviews/spectral-projection-author-evidence/ExactSelectedTypesAndAxioms.lean": "2ca0604e70e959d9657080efe9b90436cfde68f58496dda4c6564103dd5c3a9a",
    "reviews/spectral-projection-author-evidence/iter-02.log": "bcba041d633b61fe15b5513cdf0eb416f432af3287f1c8f1bcf756865df5fad0",
    "reviews/spectral-projection-author-evidence/iter-01.log": "31b6f22b43dad797634301fd13cc66304fd1db968cc03d804f541eef96958508",
    "reviews/spectral-projection-author-evidence/iter-04.log": "1d47e4f16a10b79b3f3b8fc324982175d60e4d7a9ca768e091b3bf766b355d10",
    "reviews/spectral-projection-author-evidence/receipt.json": "628198d8740e8342cbb8abfe3383847e6dee0f627e1ea3903568a9e05d728e29",
    "reviews/spectral-projection-author-evidence/iter-08.log": "c000421899103b20382dd00d8603830803162393b9e51e606a1ebe9f52a3360d",
    "reviews/spectral-projection-author-evidence/build.py": "4178331a6c86867120c686de96dfa74bec7cd1b14affdc3cf2b9732444c03603",
    "reviews/spectral-projection-author-evidence/iter-10.log": "b823b2bd02debc984c5aac2708137e9573d51ac950c28181f804f84a54a1acac",
    "reviews/spectral-projection-author-evidence/iter-11.log": "1d47e4f16a10b79b3f3b8fc324982175d60e4d7a9ca768e091b3bf766b355d10",
    "reviews/spectral-projection-author-evidence/iter-05.log": "7e2bd751a0204061409ae5ed5857eb9c0a1ae2728f47c20b52dfe3d186937018",
    "reviews/spectral-projection-author-evidence/iter-06.log": "3d8f215a26d51a79ac1d9edb2b16fc8393ce8410e648b11f283b5e4ae10562e4",
    "reviews/gaussian-poincare-author-evidence/header-correction/exact.diff": "fe35af1842c778f01ca2342bde2cd23045792db3e6ea2c303d6cdf494cee0581",
    "reviews/gaussian-poincare-author-evidence/header-correction/input.json": "7598018edf571a68a83fc80451f59109f844d2373a600bcb716525a631a1bc45",
    "reviews/gaussian-poincare-author-evidence/header-correction/prior-GaussianPoincare.lean.txt": "a0636eda1a4493fe981908fe061efc4e4f65cb4772e2d01a248962d0f0b4010c",
    "reviews/gaussian-poincare-author-evidence/header-correction/receipt.json": "082b9d139d4f70f98e1ef69c9d0272b0de3f56f0ccb0ee4cb78ffcf78c4e707c",
    "NLA/IE22/Definitions.lean": "206dd0bc8af86b5a67541985a9ba209472cf6788dba7120b8adaf00545fba371",
    "NLA/IE22/GaussianPoincareHinge.lean": "948b4515ceb96429dcc6ed8b3c3c004d3924eb6952e2ca9f0a5d7ea64f8ef941",
    "NLA/IE22/SpectralProjection.lean": "f79e3cb892bc4373cee7389c64e7653c8cb2002be99d8839c87abe0a40f1d974",
    "NLA/IE22/SphericalRealization.lean": "77f3361581fb01b268394d0355ae3925555926ad7039212a7f5e0d807fa90d72",
    "NLA/IE22/Final.lean": "38b25c58054a08e271c60749181cda355117d52aa514b3d79b257d1d688bea09",
    "NLA/IE22/VarianceTensorization.lean": "bf6ff155ed7976e6d6fd5a4d1c12fed572f7027e9bbfd80ee42dd81530ae565d",
    "NLA/IE22/AsymptoticConclusion.lean": "112dbd68b3f52b2a2227b6c08ad3b5acc6a9f4cbb163ac3c3b1bb6c6a662aa77",
    "NLA/IE22/GaussianPoincare.lean": "2e8afcce18cb78f517bfa935f42453d314f2420b6dfdf0308f5d477f2d767eb7",
    "NLA/IE22/GaussianVariance.lean": "11682dad1bcb30d3fbea714ca1d2dd0ffe1b3f67a294a4b423dd15bcfbb4905c",
    "NLA/IE22/GaussianEnergy.lean": "cfee54bc30ce0c18738a9911210c92a947be55a8ad86effa6730805c3b85257b",
    "NLA/IE22/DeterministicBound.lean": "1c4af267fb7404d89fbb72e4530544d6dc0e7f5cd370a22f5a1c41c8ab3dbca0",
    "NLA/IE22/TrimmingThreshold.lean": "ccb2a4115cad16771bdb532f15293d3fb01d88b5970867732bd23bb88fa48fdc",
    "NLA/IE22/SupremumSemantics.lean": "122998d2cb98c0eac3d95eceb137480fee755e365ebc2fe4aa271e9207beb884",
    "NLA/IE22/ProjectionEvent.lean": "fb0fd31a8956a53ee1ae17b4085c68a989eeedc2bca4579a9654ea34373bdf2b",
    "NLA/IE22/DeterministicSchedule.lean": "f8685f8868e77dbe7e9647bb56c6de0a3dbfc483b81ea8cd093a43dd7bc17fae",
    "NLA/IE22/GaussianMean.lean": "a182a24c1700372a14100bf166bbf35701b48b519d51daeef15bfb0af9da61f8",
    "NLA/IE21/Definitions.lean": "8f5b34b3db51676c93701b2919371c2d9a9dab95a2dd2e916935393d0804bbe1",
    "NLA/IE21/UniformTrimmingGeometry.lean": "4c6d0f86d75d29d71b20ba0ae24716e16ebf0b78aedef6aabb4a05ac3b6cd986",
    "NLA/IE21/PointwiseTrimming.lean": "a0face7d93193746b8dd1b611d252944d45798a225ec1f82af80cb1493220766",
    "NLA/IE21/TrimmingConcentration.lean": "04828fc5953c3814a12abbe5056d90cddd2208d0bf1b94d6fc904f9543721c83",
    "NLA/IE21/SphericalTrimming.lean": "b32b30a9d219524df83319537388966f3632a03c2304ebcd34f6438780dda0de",
    "NLA/IE21/SphericalMoments.lean": "746a8c0cd3aee95c22f012229d94cb666a2f9625df2ab09bbb9fe485eea6b0ca",
    "NLA/IE21/Chernoff.lean": "b47b6292ed4cadbcf18ce60f50afe7572c70db2c2de1c5004f2b04dc92d0227c",
    "NLA/IE21/Covariance.lean": "0682c7c65d1d668fefecc20898470ded940a1f2edae7eab2cd5f2f3481e0a88b",
    "NLA/IE21/RatioAlgebra.lean": "5ba090760500f35fcc5d6619d9c5ad06b0b737d36e60851c4eb9154a1f5d4192",
    "NLA/IE21/SphericalLaw.lean": "d0615cad430beccf40425c539b26f6bca97669783574f502bf5a17c26e888f62",
    "NLA/IE21/FiniteTrimming.lean": "07519921bf6d3ca9919afbf0287e572238a80d310d0467f1c1d30b1e2aeef038",
    "NLA/IE21/PopulationTrimming.lean": "fce653d1b4b34543e45f9cdf8f450350c0c8efd677964bb030732b5b0731ed85",
    "NLA/IE21/GaussianPolar.lean": "e8da1ca7e2ae4d1285cf798d0b64c8da2a2cec5982008c9153cbe60426a32f3f",
    "NLA/IE21/FiniteSize.lean": "b7ba8610358f64b8429b5be71b2d29012b83f08169b433bded8bd13a78adbdf1",
    "NLA/IE21/GaussianTrimming.lean": "e01148c5f0dc4d08b829bd61db1e0b4061ad7a24968320813068211e6ec6ec55",
    "NLA/IE21/MatrixSemantics.lean": "a6eae189ce23aff24a4f1ae664bdc7ca5d33a7dab8cd702dba4bf62b4843e705",
    "NLA/IE21/UniformTrimming.lean": "feca4651b1c7381209bb6099c1983aecb30df8870bee19a427b53ce8e66a174a",
    "NLA/IE21/SphereNet.lean": "5d0c1afcba1fd5eecf1816f62c07b54c788fa1ebae192044bd733883b7caf714",
    "NLA/IE21/FiniteSizeGeometry.lean": "0ac88a9e6b40f0ac7b85c5f698ee54c92d7ce86199b61202fb84d060c502efa7",
    "NLA/IE21/CovarianceConcentration.lean": "a74ae23f5628f75f9ad043d0ca652f9ce3f8342b1f1be5753eca59998e736889",
    "NLA/IE21/AspectSchedule.lean": "55b52dee2d864d2053325e9d10c4e834ef688d0cb32a59f030fc064ff22cb111",
    "NLA/IE21/QuantileTrimming.lean": "c1601c196a8c6c08f187ee0b6eb699ea1781b34ab0a639c0e1e6bd3da09eb098",
    "NLA/IE21/PointwiseTrimmingSemantics.lean": "7db858d56b5e6ce949eaf7a0b2c7e1c82ea56c7839b29891bf1ad95bad187456",
    "NLA/IE21/EmpiricalTrimming.lean": "3e634d650b5f7d066457d9eccd8406ae0945c1774890282b2a5ac8cf58000267",
    "NLA/IE21/UniformTrimmingBound.lean": "e1eebfad4467353c09844da9a39b466650befa14c79a3d445f1febc747b07267",
    "NLA/IE21/SphericalMGF.lean": "e11bfd291518ac09ce7ee7e6ecc66b40f058ab573ed6d80ee5381e831246bb96",
    "NLA/IE21/BoundedConcentration.lean": "1b0eea5beaabaefd8dd6b15df3f5b4a71eb620f9ee13b67949c467c96675c7b3",
    "NLA/IE21/QuadraticNet.lean": "a28d33d754c4d196945572201b9629a49a05d77aca2dbd7787e882d4c3719bfa",
    "NLA/IE21/RowLaw.lean": "4e74a756467094b97beddb27e401a4cb93fb7d546d2293a53133d8fe32580995",
    "NLA/IE21/AsymptoticTail.lean": "f4cee5319731cfefd99e6dd334a142e811d3366c5ae8d2b5c8c1ef8faa2ba236",
    "NLA/IE21/GaussianMoments.lean": "a555c33b3a982025a1b452a4231c685e3e3438c9b425dbbd8a21ae5a27d4a7ff"
  },
  "tracked_input_count": 394,
  "theorem_names": [
    "NLA.IE22.supremum_semantics",
    "NLA.IE22.constant_semantics",
    "NLA.IE22.projection_semantics",
    "NLA.IE22.spectral_projection",
    "NLA.IE22.gaussian_objective_mean",
    "NLA.IE22.gaussian_objective_variance",
    "NLA.IE22.gaussian_energy_moments",
    "NLA.IE22.bounded_trimming_threshold",
    "NLA.IE22.threshold_lipschitz",
    "NLA.IE22.threshold_grid",
    "NLA.IE22.projection_good_event_bound",
    "NLA.IE22.deterministic_finite_bound",
    "NLA.IE22.supremum_finite_bound",
    "NLA.IE22.deterministic_schedule",
    "NLA.IE22.universal_squared_rate",
    "NLA.IE22.uniform_upper_all_rows",
    "NLA.IE22.spherical_realization_from_finite_bound",
    "NLA.IE22.high_aspect_near_extremizers",
    "NLA.IE22.high_aspect_supremum_limit",
    "NLA.IE22.canonical_sharp_constant"
  ],
  "selected_theorem_count": 20,
  "all_selected_kernel_assertions_and_axiom_prints_present": true,
  "prior_project_build_artifacts": false,
  "git_status": "",
  "project_validation": "PASS",
  "verification_started": false
}
