$ systemd-run --user --quiet --wait --pipe --collect -p 'RestrictAddressFamilies=~AF_UNIX' --working-directory /home/runner/work/_temp/nla-lean-tools/.verification-tmp/nla-fresh-proof-f9k2esle/project /usr/bin/env -i PATH=/home/runner/.elan/toolchains/leanprover--lean4---v4.33.1/bin:/home/runner/.elan/bin:/home/runner/go/bin:/opt/hostedtoolcache/go/1.27.1/x64/bin:/snap/bin:/home/runner/.local/bin:/opt/pipx_bin:/home/runner/.cargo/bin:/home/runner/.config/composer/vendor/bin:/usr/local/.ghcup/bin:/home/runner/.dotnet/tools:/usr/local/sbin:/usr/local/bin:/usr/sbin:/usr/bin:/sbin:/bin:/usr/games:/usr/local/games:/snap/bin HOME=/home/runner LANG=C.UTF-8 XDG_RUNTIME_DIR=/run/user/1001 DBUS_SESSION_BUS_ADDRESS=unix:path=/run/user/1001/bus GIT_TERMINAL_PROMPT=0 GIT_CONFIG_NOSYSTEM=1 GIT_CONFIG_GLOBAL=/dev/null COMPARATOR_BIN=/home/runner/work/_temp/nla-lean-tools/.tools/comparator/.lake/build/bin/comparator COMPARATOR_LEAN4EXPORT=/home/runner/work/_temp/nla-lean-tools/.tools/lean4export/.lake/build/bin/lean4export COMPARATOR_LANDRUN=/home/runner/work/_temp/nla-lean-tools/scripts/strict_landrun.py XDG_CACHE_HOME=/home/runner/work/_temp/nla-lean-tools/.tools/cache TMPDIR=/home/runner/work/_temp/nla-lean-tools/.verification-tmp lake env /home/runner/work/_temp/nla-lean-tools/.tools/comparator/.lake/build/bin/comparator comparator.json
Building Challenge
✔ [2379/2381] Built NLA.TR07.Definitions (1.7s)
⚠ [2380/2381] Built Challenge (1.4s)
warning: Challenge.lean:6:8: declaration uses `sorry`
Build completed successfully (2381 jobs).
Exporting #[Quot, Quot.mk, Quot.lift, Quot.ind, NLA.TR07.random_column_subsets, propext, Classical.choice, Quot.sound, Nat.add, Nat.sub, Nat.mul, Nat.pow, Nat.gcd, Nat.div, Nat.mod, Nat.beq, Nat.ble, Nat.land, Nat.lor, Nat.xor, Nat.shiftLeft, Nat.shiftRight, String.ofList, Char.ofNat, List, eagerReduce, Nat, String, String.mk, Char, optParam, autoParam, semiOutParam, outParam] from Challenge
Building Solution
✔ [3201/3231] Built NLA.TR07.SpectralFilter (3.6s)
✔ [3202/3231] Built NLA.TR07.FiniteProbability (3.0s)
✔ [3203/3231] Built NLA.TR07.ColumnAction (4.0s)
✔ [3204/3231] Built NLA.TR07.FiniteVariance (3.4s)
✔ [3205/3231] Built NLA.TR07.DeletionDefect (3.5s)
✔ [3206/3231] Built NLA.TR07.FirstHit (3.7s)
✔ [3207/3231] Built NLA.TR07.FiniteVector (3.6s)
✔ [3208/3231] Built NLA.TR07.FiniteBlocks (3.4s)
✔ [3209/3231] Built NLA.TR07.FiniteVectorAverage (3.4s)
✔ [3210/3231] Built NLA.TR07.FiniteSampling (3.8s)
✔ [3211/3231] Built NLA.TR07.Witnesses (4.5s)
✔ [3212/3231] Built NLA.TR07.FinitePaths (2.8s)
✔ [3213/3231] Built NLA.TR07.Covariance (3.0s)
✔ [3214/3231] Built NLA.TR07.Reconstructible (2.5s)
✔ [3215/3231] Built NLA.TR07.FiniteSubsets (3.8s)
✔ [3216/3231] Built NLA.TR07.IdealEstimator (3.3s)
✔ [3217/3231] Built NLA.TR07.CoupledPaths (2.9s)
✔ [3218/3231] Built NLA.TR07.SignedVectors (3.2s)
✔ [3219/3231] Built NLA.TR07.FiniteCommonReservoir (3.8s)
✔ [3220/3231] Built NLA.TR07.ProbabilityTransfer (2.8s)
✔ [3221/3231] Built NLA.TR07.CovarianceFilter (3.6s)
✔ [3222/3231] Built NLA.TR07.IdealKernel (3.7s)
✔ [3223/3231] Built NLA.TR07.IIDMean (3.2s)
✔ [3224/3231] Built NLA.TR07.SubsetDefect (2.8s)
✔ [3225/3231] Built NLA.TR07.ReservoirStep (2.8s)
✔ [3226/3231] Built NLA.TR07.IdealReconstruction (3.4s)
✔ [3227/3231] Built NLA.TR07.Asymptotics (2.6s)
✔ [3228/3231] Built NLA.TR07.ReservoirReconstruction (1.9s)
✔ [3229/3231] Built NLA.TR07.UniformMean (3.3s)
✔ [3230/3231] Built Solution (1.8s)
Build completed successfully (3231 jobs).
Exporting #[Quot, Quot.mk, Quot.lift, Quot.ind, NLA.TR07.random_column_subsets, propext, Classical.choice, Quot.sound, Nat.add, Nat.sub, Nat.mul, Nat.pow, Nat.gcd, Nat.div, Nat.mod, Nat.beq, Nat.ble, Nat.land, Nat.lor, Nat.xor, Nat.shiftLeft, Nat.shiftRight, String.ofList, Char.ofNat, List, eagerReduce, Nat, String, String.mk, Char, optParam, autoParam, semiOutParam, outParam] from Solution
Running Lean default kernel on solution.
Lean default kernel accepts the solution
Your solution is okay!

EXIT_STATUS=0
