$ lake exe cache get
✔ [1/5] Built Cache.Cli (271ms)
✔ [2/5] Built Cache.Lean (310ms)
✔ [6/26] Built Cache.Cli:c.o (106ms)
✔ [7/26] Built Cache.Lean:c.o (161ms)
✔ [8/26] Built Cache.Infra (320ms)
✔ [9/26] Built Cache.Infra:c.o (138ms)
✔ [10/26] Built Batteries.Tactic.OpenPrivate (640ms)
✔ [11/26] Built Batteries.Tactic.OpenPrivate:c.o (814ms)
✔ [12/26] Built Cache.IO (963ms)
✔ [13/26] Built Cache.Hashing (580ms)
✔ [14/26] Built Cache.Hashing:c.o (275ms)
✔ [15/26] Built Cache.IO:c.o (1.0s)
✔ [16/26] Built Cache.Requests (1.3s)
✔ [17/26] Built Cache.Marker (449ms)
✔ [18/26] Built Cache.Marker:c.o (97ms)
✔ [19/26] Built Cache.Query (574ms)
✔ [20/26] Built Cache.Query:c.o (244ms)
✔ [21/26] Built Cache.Warning (592ms)
✔ [22/26] Built Cache.Warning:c.o (168ms)
✔ [23/26] Built Cache.Requests:c.o (1.9s)
✔ [24/26] Built Cache.Main (810ms)
✔ [25/26] Built Cache.Main:c.o (532ms)
✔ [26/26] Built cache:exe (616ms)
Current branch: HEAD
Using cache from origin: (some leanprover-community/mathlib4)
Attempting to download 8690 file(s) from leanprover-community/mathlib4 cache at https://lakecache.blob.core.windows.net/mathlib4-master

Downloaded: 1 file(s) [attempted 1/8690 = 0%, 35 KB/s], Decompressed: 0
Downloaded: 67 file(s) [attempted 67/8690 = 0%, 77 KB/s], Decompressed: 30
Downloaded: 148 file(s) [attempted 148/8690 = 1%, 1111 KB/s], Decompressed: 77
Downloaded: 237 file(s) [attempted 237/8690 = 2%, 1258 KB/s], Decompressed: 77
Downloaded: 331 file(s) [attempted 331/8690 = 3%, 135 KB/s], Decompressed: 145
Downloaded: 434 file(s) [attempted 434/8690 = 4%, 1027 KB/s], Decompressed: 145
Downloaded: 534 file(s) [attempted 534/8690 = 6%, 569 KB/s], Decompressed: 145
Downloaded: 626 file(s) [attempted 626/8690 = 7%, 717 KB/s], Decompressed: 145
Downloaded: 722 file(s) [attempted 722/8690 = 8%, 1333 KB/s], Decompressed: 145
Downloaded: 822 file(s) [attempted 822/8690 = 9%, 817 KB/s], Decompressed: 145
Downloaded: 914 file(s) [attempted 914/8690 = 10%, 232 KB/s], Decompressed: 331
Downloaded: 1011 file(s) [attempted 1011/8690 = 11%, 411 KB/s], Decompressed: 331
Downloaded: 1097 file(s) [attempted 1097/8690 = 12%, 1055 KB/s], Decompressed: 331
Downloaded: 1182 file(s) [attempted 1182/8690 = 13%, 165 KB/s], Decompressed: 331
Downloaded: 1276 file(s) [attempted 1276/8690 = 14%, 203 KB/s], Decompressed: 331
Downloaded: 1363 file(s) [attempted 1363/8690 = 15%, 1522 KB/s], Decompressed: 331
Downloaded: 1450 file(s) [attempted 1450/8690 = 16%, 507 KB/s], Decompressed: 331
Downloaded: 1527 file(s) [attempted 1527/8690 = 17%, 122 KB/s], Decompressed: 331
Downloaded: 1617 file(s) [attempted 1617/8690 = 18%, 1077 KB/s], Decompressed: 331
Downloaded: 1699 file(s) [attempted 1699/8690 = 19%, 4628 KB/s], Decompressed: 331
Downloaded: 1777 file(s) [attempted 1777/8690 = 20%, 829 KB/s], Decompressed: 331
Downloaded: 1857 file(s) [attempted 1857/8690 = 21%, 1367 KB/s], Decompressed: 832
Downloaded: 1925 file(s) [attempted 1925/8690 = 22%, 2160 KB/s], Decompressed: 832
Downloaded: 2003 file(s) [attempted 2003/8690 = 23%, 732 KB/s], Decompressed: 832
Downloaded: 2079 file(s) [attempted 2079/8690 = 23%, 1604 KB/s], Decompressed: 832
Downloaded: 2156 file(s) [attempted 2156/8690 = 24%, 248 KB/s], Decompressed: 832
Downloaded: 2236 file(s) [attempted 2236/8690 = 25%, 1394 KB/s], Decompressed: 832
Downloaded: 2310 file(s) [attempted 2310/8690 = 26%, 923 KB/s], Decompressed: 832
Downloaded: 2390 file(s) [attempted 2390/8690 = 27%, 556 KB/s], Decompressed: 832
Downloaded: 2465 file(s) [attempted 2465/8690 = 28%, 864 KB/s], Decompressed: 832
Downloaded: 2547 file(s) [attempted 2547/8690 = 29%, 458 KB/s], Decompressed: 832
Downloaded: 2600 file(s) [attempted 2600/8690 = 29%, 577 KB/s], Decompressed: 832
Downloaded: 2678 file(s) [attempted 2678/8690 = 30%, 827 KB/s], Decompressed: 832
Downloaded: 2755 file(s) [attempted 2755/8690 = 31%, 174 KB/s], Decompressed: 832
Downloaded: 2826 file(s) [attempted 2826/8690 = 32%, 1275 KB/s], Decompressed: 832
Downloaded: 2920 file(s) [attempted 2920/8690 = 33%, 95 KB/s], Decompressed: 832
Downloaded: 2998 file(s) [attempted 2998/8690 = 34%, 1088 KB/s], Decompressed: 832
Downloaded: 3073 file(s) [attempted 3073/8690 = 35%, 1123 KB/s], Decompressed: 832
Downloaded: 3158 file(s) [attempted 3158/8690 = 36%, 4705 KB/s], Decompressed: 832
Downloaded: 3249 file(s) [attempted 3249/8690 = 37%, 2665 KB/s], Decompressed: 832
Downloaded: 3336 file(s) [attempted 3336/8690 = 38%, 833 KB/s], Decompressed: 1779
Downloaded: 3428 file(s) [attempted 3428/8690 = 39%, 645 KB/s], Decompressed: 1779
Downloaded: 3522 file(s) [attempted 3522/8690 = 40%, 1216 KB/s], Decompressed: 1779
Downloaded: 3613 file(s) [attempted 3613/8690 = 41%, 432 KB/s], Decompressed: 1779
Downloaded: 3709 file(s) [attempted 3709/8690 = 42%, 1808 KB/s], Decompressed: 1779
Downloaded: 3812 file(s) [attempted 3812/8690 = 43%, 1183 KB/s], Decompressed: 1779
Downloaded: 3913 file(s) [attempted 3913/8690 = 45%, 380 KB/s], Decompressed: 1779
Downloaded: 4013 file(s) [attempted 4013/8690 = 46%, 188 KB/s], Decompressed: 1779
Downloaded: 4121 file(s) [attempted 4121/8690 = 47%, 1517 KB/s], Decompressed: 1779
Downloaded: 4226 file(s) [attempted 4226/8690 = 48%, 356 KB/s], Decompressed: 1779
Downloaded: 4343 file(s) [attempted 4343/8690 = 49%, 450 KB/s], Decompressed: 1779
Downloaded: 4445 file(s) [attempted 4445/8690 = 51%, 2318 KB/s], Decompressed: 1779
Downloaded: 4551 file(s) [attempted 4551/8690 = 52%, 2050 KB/s], Decompressed: 1779
Downloaded: 4654 file(s) [attempted 4654/8690 = 53%, 1083 KB/s], Decompressed: 1779
Downloaded: 4756 file(s) [attempted 4756/8690 = 54%, 3419 KB/s], Decompressed: 1779
Downloaded: 4859 file(s) [attempted 4859/8690 = 55%, 596 KB/s], Decompressed: 1779
Downloaded: 4974 file(s) [attempted 4974/8690 = 57%, 678 KB/s], Decompressed: 1779
Downloaded: 5079 file(s) [attempted 5079/8690 = 58%, 68 KB/s], Decompressed: 1779
Downloaded: 5184 file(s) [attempted 5184/8690 = 59%, 738 KB/s], Decompressed: 1779
Downloaded: 5301 file(s) [attempted 5301/8690 = 61%, 372 KB/s], Decompressed: 1779
Downloaded: 5335 file(s) [attempted 5335/8690 = 61%, 251 KB/s], Decompressed: 1779
Downloaded: 5433 file(s) [attempted 5433/8690 = 62%, 1331 KB/s], Decompressed: 1779
Downloaded: 5529 file(s) [attempted 5529/8690 = 63%, 504 KB/s], Decompressed: 1779
Downloaded: 5630 file(s) [attempted 5630/8690 = 64%, 276 KB/s], Decompressed: 1779
Downloaded: 5742 file(s) [attempted 5742/8690 = 66%, 4346 KB/s], Decompressed: 1779
Downloaded: 5848 file(s) [attempted 5848/8690 = 67%, 1699 KB/s], Decompressed: 1779
Downloaded: 5957 file(s) [attempted 5957/8690 = 68%, 1188 KB/s], Decompressed: 1779
Downloaded: 6065 file(s) [attempted 6065/8690 = 69%, 265 KB/s], Decompressed: 1779
Downloaded: 6167 file(s) [attempted 6167/8690 = 70%, 166 KB/s], Decompressed: 1779
Downloaded: 6268 file(s) [attempted 6268/8690 = 72%, 432 KB/s], Decompressed: 1779
Downloaded: 6373 file(s) [attempted 6373/8690 = 73%, 1273 KB/s], Decompressed: 1779
Downloaded: 6476 file(s) [attempted 6476/8690 = 74%, 2053 KB/s], Decompressed: 1779
Downloaded: 6584 file(s) [attempted 6584/8690 = 75%, 1136 KB/s], Decompressed: 3259
Downloaded: 6641 file(s) [attempted 6641/8690 = 76%, 508 KB/s], Decompressed: 3259
Downloaded: 6741 file(s) [attempted 6741/8690 = 77%, 1118 KB/s], Decompressed: 3259
Downloaded: 6844 file(s) [attempted 6844/8690 = 78%, 2697 KB/s], Decompressed: 3259
Downloaded: 6945 file(s) [attempted 6945/8690 = 79%, 896 KB/s], Decompressed: 3259
Downloaded: 7046 file(s) [attempted 7046/8690 = 81%, 721 KB/s], Decompressed: 3259
Downloaded: 7149 file(s) [attempted 7149/8690 = 82%, 3209 KB/s], Decompressed: 3259
Downloaded: 7251 file(s) [attempted 7251/8690 = 83%, 714 KB/s], Decompressed: 3259
Downloaded: 7352 file(s) [attempted 7352/8690 = 84%, 737 KB/s], Decompressed: 3259
Downloaded: 7460 file(s) [attempted 7460/8690 = 85%, 2162 KB/s], Decompressed: 3259
Downloaded: 7576 file(s) [attempted 7576/8690 = 87%, 212 KB/s], Decompressed: 3259
Downloaded: 7675 file(s) [attempted 7675/8690 = 88%, 815 KB/s], Decompressed: 3259
Downloaded: 7784 file(s) [attempted 7784/8690 = 89%, 353 KB/s], Decompressed: 3259
Downloaded: 7894 file(s) [attempted 7894/8690 = 90%, 142 KB/s], Decompressed: 3259
Downloaded: 7995 file(s) [attempted 7995/8690 = 92%, 1809 KB/s], Decompressed: 3259
Downloaded: 8114 file(s) [attempted 8114/8690 = 93%, 1159 KB/s], Decompressed: 3259
Downloaded: 8221 file(s) [attempted 8221/8690 = 94%, 156 KB/s], Decompressed: 3259
Downloaded: 8271 file(s) [attempted 8271/8690 = 95%, 1214 KB/s], Decompressed: 3259
Downloaded: 8370 file(s) [attempted 8370/8690 = 96%, 953 KB/s], Decompressed: 3259
Downloaded: 8475 file(s) [attempted 8475/8690 = 97%, 4399 KB/s], Decompressed: 3259
Downloaded: 8576 file(s) [attempted 8576/8690 = 98%, 3359 KB/s], Decompressed: 3259
Downloaded: 8635 file(s) [attempted 8635/8690 = 99%, 395 KB/s], Decompressed: 3259
Downloaded: 8690 file(s) [attempted 8690/8690 = 100%, 395 KB/s], Decompressed: 3259
Decompressed 8690 file(s)
Already decompressed 8690 file(s)

EXIT_STATUS=0
