✔ [3629/3644] Built NLA.IE14.Definitions (3.1s)
ℹ [3630/3644] Built NLA.IE14.Certificates (5.2s)
info: NLA/IE14/Certificates.lean:19:0: 'NLA.IE14.half_bounds_certificate' depends on axioms: [propext, Classical.choice, Quot.sound]
⚠ [3631/3644] Built Challenge (2.7s)
warning: Challenge.lean:14:8: declaration uses `sorry`
warning: Challenge.lean:17:8: declaration uses `sorry`
warning: Challenge.lean:22:8: declaration uses `sorry`
warning: Challenge.lean:26:8: declaration uses `sorry`
warning: Challenge.lean:32:8: declaration uses `sorry`
warning: Challenge.lean:36:8: declaration uses `sorry`
warning: Challenge.lean:41:8: declaration uses `sorry`
✔ [3633/3644] Built NLA.IE14.Basic (2.8s)
✔ [3634/3644] Built NLA.IE14.GEPP (3.3s)
✔ [3635/3644] Built NLA.IE14.Factors (3.6s)
ℹ [3636/3644] Built NLA.IE14.Front (3.9s)
info: NLA/IE14/Front.lean:286:0: 'NLA.IE14.frontInvariant_all' depends on axioms: [propext, Classical.choice, Quot.sound]
✔ [3637/3644] Built NLA.IE14.Tail (3.3s)
ℹ [3638/3644] Built NLA.IE14.FrontBounds (3.3s)
info: NLA/IE14/FrontBounds.lean:202:0: 'NLA.IE14.front_step_bounds' depends on axioms: [propext, Classical.choice, Quot.sound]
info: NLA/IE14/FrontBounds.lean:204:0: 'NLA.IE14.final_scalar_le_frontSum' depends on axioms: [propext, Classical.choice, Quot.sound]
✔ [3639/3644] Built NLA.IE14.WitnessEntries (5.1s)
ℹ [3640/3644] Built NLA.IE14.ColumnBounds (5.5s)
info: NLA/IE14/ColumnBounds.lean:336:0: 'NLA.IE14.front_fibonacci_run' depends on axioms: [propext, Classical.choice, Quot.sound]
info: NLA/IE14/ColumnBounds.lean:338:0: 'NLA.IE14.last_column_sum_bound' depends on axioms: [propext, Classical.choice, Quot.sound]
info: NLA/IE14/ColumnBounds.lean:340:0: 'NLA.IE14.penultimate_column_front_bound' depends on axioms: [propext, Classical.choice, Quot.sound]
info: NLA/IE14/ColumnBounds.lean:342:0: 'NLA.IE14.all_active_entries_bound_proved' depends on axioms: [propext, Classical.choice, Quot.sound]
✔ [3641/3644] Built NLA.IE14.Attainment (3.2s)
ℹ [3642/3644] Built NLA.IE14.Proof (2.9s)
info: NLA/IE14/Proof.lean:38:0: 'NLA.IE14.numerical_bounds' depends on axioms: [propext, Classical.choice, Quot.sound]
info: NLA/IE14/Proof.lean:40:0: 'NLA.IE14.entryMax_semantics' depends on axioms: [propext, Classical.choice, Quot.sound]
info: NLA/IE14/Proof.lean:42:0: 'NLA.IE14.admissible_path_exists' depends on axioms: [propext, Classical.choice, Quot.sound]
info: NLA/IE14/Proof.lean:44:0: 'NLA.IE14.all_active_entries_bound' depends on axioms: [propext, Classical.choice, Quot.sound]
info: NLA/IE14/Proof.lean:46:0: 'NLA.IE14.witness_data' depends on axioms: [propext, Classical.choice, Quot.sound]
info: NLA/IE14/Proof.lean:48:0: 'NLA.IE14.witness_attainment' depends on axioms: [propext, Classical.choice, Quot.sound]
info: NLA/IE14/Proof.lean:50:0: 'NLA.IE14.canonical_result' depends on axioms: [propext, Classical.choice, Quot.sound]
✔ [3643/3644] Built Solution (2.4s)
Build completed successfully (3644 jobs).
