Independent partial module review by AI /root/infrastructure_audit, no authorship in the reviewed modules, authored other IE22 and vendored IE21 modules; cached dependencies, no full Linux claim.
COMMAND ["/private/tmp/nla-campaign-toolchain/lean-4.33.1-darwin_aarch64/bin/lean", "-o", "/private/tmp/nla-ie22-energy-event-referee-p59pkd13/NLA/IE22/Definitions.olean", "NLA/IE22/Definitions.lean"]
EXIT 0
COMMAND ["/private/tmp/nla-campaign-toolchain/lean-4.33.1-darwin_aarch64/bin/lean", "-o", "/private/tmp/nla-ie22-energy-event-referee-p59pkd13/NLA/IE22/TrimmingThreshold.olean", "NLA/IE22/TrimmingThreshold.lean"]
EXIT 0
COMMAND ["/private/tmp/nla-campaign-toolchain/lean-4.33.1-darwin_aarch64/bin/lean", "-o", "/private/tmp/nla-ie22-energy-event-referee-p59pkd13/NLA/IE22/GaussianMean.olean", "NLA/IE22/GaussianMean.lean"]
EXIT 0
COMMAND ["/private/tmp/nla-campaign-toolchain/lean-4.33.1-darwin_aarch64/bin/lean", "-o", "/private/tmp/nla-ie22-energy-event-referee-p59pkd13/NLA/IE22/GaussianEnergy.olean", "NLA/IE22/GaussianEnergy.lean"]
EXIT 0
COMMAND ["/private/tmp/nla-campaign-toolchain/lean-4.33.1-darwin_aarch64/bin/lean", "-o", "/private/tmp/nla-ie22-energy-event-referee-p59pkd13/NLA/IE22/VarianceTensorization.olean", "NLA/IE22/VarianceTensorization.lean"]
EXIT 0
COMMAND ["/private/tmp/nla-campaign-toolchain/lean-4.33.1-darwin_aarch64/bin/lean", "-o", "/private/tmp/nla-ie22-energy-event-referee-p59pkd13/NLA/IE22/GaussianPoincare.olean", "NLA/IE22/GaussianPoincare.lean"]
EXIT 0
COMMAND ["/private/tmp/nla-campaign-toolchain/lean-4.33.1-darwin_aarch64/bin/lean", "-o", "/private/tmp/nla-ie22-energy-event-referee-p59pkd13/NLA/IE22/GaussianPoincareHinge.olean", "NLA/IE22/GaussianPoincareHinge.lean"]
EXIT 0
COMMAND ["/private/tmp/nla-campaign-toolchain/lean-4.33.1-darwin_aarch64/bin/lean", "-o", "/private/tmp/nla-ie22-energy-event-referee-p59pkd13/NLA/IE22/GaussianVariance.olean", "NLA/IE22/GaussianVariance.lean"]
EXIT 0
COMMAND ["/private/tmp/nla-campaign-toolchain/lean-4.33.1-darwin_aarch64/bin/lean", "-o", "/private/tmp/nla-ie22-energy-event-referee-p59pkd13/NLA/IE22/ProjectionEvent.olean", "NLA/IE22/ProjectionEvent.lean"]
EXIT 0
COMMAND ["/private/tmp/nla-campaign-toolchain/lean-4.33.1-darwin_aarch64/bin/lean", "-o", "/private/tmp/nla-ie22-energy-event-referee-p59pkd13/reviews/energy-event-referee-infrastructure-evidence/ExactTypesAndAxioms.olean", "reviews/energy-event-referee-infrastructure-evidence/ExactTypesAndAxioms.lean"]
'NLA.IE22.gaussian_inner_pow_integrable' depends on axioms: [propext, Classical.choice, Quot.sound]
'NLA.IE22.gaussian_inner_even_moment_general' depends on axioms: [propext, Classical.choice, Quot.sound]
'NLA.IE22.gaussian_inner_sq_mean' depends on axioms: [propext, Classical.choice, Quot.sound]
'NLA.IE22.gaussian_inner_fourth_mean' depends on axioms: [propext, Classical.choice, Quot.sound]
'NLA.IE22.gaussian_inner_sq_mul_sq_integrable' depends on axioms: [propext, Classical.choice, Quot.sound]
'NLA.IE22.gaussian_inner_cross_fourth' depends on axioms: [propext, Classical.choice, Quot.sound]
'NLA.IE22.gram_trace_eq_row_sum' depends on axioms: [propext, Classical.choice, Quot.sound]
'NLA.IE22.row_gram_eq_inner' depends on axioms: [propext, Classical.choice, Quot.sound]
'NLA.IE22.gram_sq_trace_eq_row_inner_sum' depends on axioms: [propext, Classical.choice, Quot.sound]
'NLA.IE22.projectedEnergy_eq_row_sum' depends on axioms: [propext, Classical.choice, Quot.sound]
'NLA.IE22.gaussian_projectedEnergy_memLp' depends on axioms: [propext, Classical.choice, Quot.sound]
'NLA.IE22.gaussian_projectedEnergy_mean' depends on axioms: [propext, Classical.choice, Quot.sound]
'NLA.IE22.gaussian_projectedEnergy_second_moment' depends on axioms: [propext, Classical.choice, Quot.sound]
'NLA.IE22.gaussian_energy_moments' depends on axioms: [propext, Classical.choice, Quot.sound]
'NLA.IE22.gram_trace_nonneg' depends on axioms: [propext, Classical.choice, Quot.sound]
'NLA.IE22.gram_trace_le_rows' depends on axioms: [propext, Classical.choice, Quot.sound]
'NLA.IE22.gaussian_projectedEnergy_mean_le_one' depends on axioms: [propext, Classical.choice, Quot.sound]
'NLA.IE22.measureReal_abs_deviation_le' depends on axioms: [propext, Classical.choice, Quot.sound]
'NLA.IE22.measureReal_upper_tail_le_variance' depends on axioms: [propext, Classical.choice, Quot.sound]
'NLA.IE22.gaussian_radius_lower_tail' depends on axioms: [propext, Classical.choice, Quot.sound]
'NLA.IE22.continuous_projectedObjective' depends on axioms: [propext, Classical.choice, Quot.sound]
'NLA.IE22.projectionGood_measurable' depends on axioms: [propext, Classical.choice, Quot.sound]
'NLA.IE22.projection_event_probability_of_bounds' depends on axioms: [propext, Classical.choice, Quot.sound]
'NLA.IE22.projection_good_event_of_energy_variance' depends on axioms: [propext, Classical.choice, Quot.sound]
'NLA.IE22.row_inner_square_sum_le' depends on axioms: [propext, Classical.choice, Quot.sound]
'NLA.IE22.gaussian_projectedEnergy_variance_le' depends on axioms: [propext, Classical.choice, Quot.sound]
'NLA.IE22.projection_good_event_bound' depends on axioms: [propext, Classical.choice, Quot.sound]
EXIT 0
