{
  "name": "2x2 Frobenius",
  "auxiliary_critical_scheme_length": 1,
  "distance_critical_scheme_length": 2,
  "projective_charts": 4,
  "no_missing_distance_points_checks": 3,
  "transversality_checks": 20,
  "gram_leading_principal_minors": [
    "1",
    "1",
    "1",
    "1"
  ],
  "status": "PASS"
}
{
  "name": "2x2 smooth biquadric",
  "auxiliary_critical_scheme_length": 5,
  "distance_critical_scheme_length": 6,
  "projective_charts": 4,
  "no_missing_distance_points_checks": 3,
  "transversality_checks": 20,
  "gram_leading_principal_minors": [
    "1",
    "1",
    "1",
    "2"
  ],
  "status": "PASS"
}
{
  "name": "2x2 reducible nodal biquadric; non-Morse auxiliary point",
  "auxiliary_critical_scheme_length": 3,
  "distance_critical_scheme_length": 4,
  "projective_charts": 4,
  "no_missing_distance_points_checks": 3,
  "transversality_checks": 20,
  "gram_leading_principal_minors": [
    "1",
    "1",
    "1",
    "3"
  ],
  "status": "PASS"
}
{
  "name": "Ternary cubic metric: repeated factor and tangent conics",
  "auxiliary_critical_scheme_length": 3,
  "distance_critical_scheme_length": 13,
  "projective_charts": 3,
  "no_missing_distance_points_checks": 2,
  "transversality_checks": 9,
  "gram_leading_principal_minors": [
    "4",
    "32",
    "160",
    "160",
    "1280",
    "12800",
    "38400",
    "192000",
    "576000",
    "576000"
  ],
  "status": "PASS"
}
PASS: all exact critical-scheme and projective-boundary checks
