All NLA project sources rebuilt, including 31 unchanged IE21 modules. Local cached dependencies; no authoritative Linux/LeanCert/Comparator claim.
Lean (version 4.33.1, arm64-apple-darwin24.6.0, commit 819816b2e0a3bf405af45ae5c7af2491d8f5bee6, Release)
COMMAND ["/private/tmp/nla-campaign-toolchain/lean-4.33.1-darwin_aarch64/bin/lean", "-o", "/private/tmp/nla-ie22-complete-author-g7fslm19/NLA/IE21/Definitions.olean", "NLA/IE21/Definitions.lean"]
EXIT 0
COMMAND ["/private/tmp/nla-campaign-toolchain/lean-4.33.1-darwin_aarch64/bin/lean", "-o", "/private/tmp/nla-ie22-complete-author-g7fslm19/NLA/IE21/AspectSchedule.olean", "NLA/IE21/AspectSchedule.lean"]
'NLA.IE21.aspect_schedule' depends on axioms: [propext, Classical.choice, Quot.sound]
EXIT 0
COMMAND ["/private/tmp/nla-campaign-toolchain/lean-4.33.1-darwin_aarch64/bin/lean", "-o", "/private/tmp/nla-ie22-complete-author-g7fslm19/NLA/IE21/SphericalLaw.olean", "NLA/IE21/SphericalLaw.lean"]
EXIT 0
COMMAND ["/private/tmp/nla-campaign-toolchain/lean-4.33.1-darwin_aarch64/bin/lean", "-o", "/private/tmp/nla-ie22-complete-author-g7fslm19/NLA/IE21/RowLaw.olean", "NLA/IE21/RowLaw.lean"]
EXIT 0
COMMAND ["/private/tmp/nla-campaign-toolchain/lean-4.33.1-darwin_aarch64/bin/lean", "-o", "/private/tmp/nla-ie22-complete-author-g7fslm19/NLA/IE21/MatrixSemantics.olean", "NLA/IE21/MatrixSemantics.lean"]
EXIT 0
COMMAND ["/private/tmp/nla-campaign-toolchain/lean-4.33.1-darwin_aarch64/bin/lean", "-o", "/private/tmp/nla-ie22-complete-author-g7fslm19/NLA/IE21/FiniteTrimming.olean", "NLA/IE21/FiniteTrimming.lean"]
EXIT 0
COMMAND ["/private/tmp/nla-campaign-toolchain/lean-4.33.1-darwin_aarch64/bin/lean", "-o", "/private/tmp/nla-ie22-complete-author-g7fslm19/NLA/IE21/AsymptoticTail.olean", "NLA/IE21/AsymptoticTail.lean"]
EXIT 0
COMMAND ["/private/tmp/nla-campaign-toolchain/lean-4.33.1-darwin_aarch64/bin/lean", "-o", "/private/tmp/nla-ie22-complete-author-g7fslm19/NLA/IE21/GaussianTrimming.olean", "NLA/IE21/GaussianTrimming.lean"]
EXIT 0
COMMAND ["/private/tmp/nla-campaign-toolchain/lean-4.33.1-darwin_aarch64/bin/lean", "-o", "/private/tmp/nla-ie22-complete-author-g7fslm19/NLA/IE21/BoundedConcentration.olean", "NLA/IE21/BoundedConcentration.lean"]
EXIT 0
COMMAND ["/private/tmp/nla-campaign-toolchain/lean-4.33.1-darwin_aarch64/bin/lean", "-o", "/private/tmp/nla-ie22-complete-author-g7fslm19/NLA/IE21/Chernoff.olean", "NLA/IE21/Chernoff.lean"]
EXIT 0
COMMAND ["/private/tmp/nla-campaign-toolchain/lean-4.33.1-darwin_aarch64/bin/lean", "-o", "/private/tmp/nla-ie22-complete-author-g7fslm19/NLA/IE21/SphereNet.olean", "NLA/IE21/SphereNet.lean"]
'NLA.IE21.sphere_net' depends on axioms: [propext, Classical.choice, Quot.sound]
EXIT 0
COMMAND ["/private/tmp/nla-campaign-toolchain/lean-4.33.1-darwin_aarch64/bin/lean", "-o", "/private/tmp/nla-ie22-complete-author-g7fslm19/NLA/IE21/QuadraticNet.olean", "NLA/IE21/QuadraticNet.lean"]
EXIT 0
COMMAND ["/private/tmp/nla-campaign-toolchain/lean-4.33.1-darwin_aarch64/bin/lean", "-o", "/private/tmp/nla-ie22-complete-author-g7fslm19/NLA/IE21/CovarianceConcentration.olean", "NLA/IE21/CovarianceConcentration.lean"]
EXIT 0
COMMAND ["/private/tmp/nla-campaign-toolchain/lean-4.33.1-darwin_aarch64/bin/lean", "-o", "/private/tmp/nla-ie22-complete-author-g7fslm19/NLA/IE21/GaussianPolar.olean", "NLA/IE21/GaussianPolar.lean"]
EXIT 0
COMMAND ["/private/tmp/nla-campaign-toolchain/lean-4.33.1-darwin_aarch64/bin/lean", "-o", "/private/tmp/nla-ie22-complete-author-g7fslm19/NLA/IE21/GaussianMoments.olean", "NLA/IE21/GaussianMoments.lean"]
EXIT 0
COMMAND ["/private/tmp/nla-campaign-toolchain/lean-4.33.1-darwin_aarch64/bin/lean", "-o", "/private/tmp/nla-ie22-complete-author-g7fslm19/NLA/IE21/SphericalMoments.olean", "NLA/IE21/SphericalMoments.lean"]
EXIT 0
COMMAND ["/private/tmp/nla-campaign-toolchain/lean-4.33.1-darwin_aarch64/bin/lean", "-o", "/private/tmp/nla-ie22-complete-author-g7fslm19/NLA/IE21/SphericalMGF.olean", "NLA/IE21/SphericalMGF.lean"]
EXIT 0
COMMAND ["/private/tmp/nla-campaign-toolchain/lean-4.33.1-darwin_aarch64/bin/lean", "-o", "/private/tmp/nla-ie22-complete-author-g7fslm19/NLA/IE21/Covariance.olean", "NLA/IE21/Covariance.lean"]
EXIT 0
COMMAND ["/private/tmp/nla-campaign-toolchain/lean-4.33.1-darwin_aarch64/bin/lean", "-o", "/private/tmp/nla-ie22-complete-author-g7fslm19/NLA/IE21/PopulationTrimming.olean", "NLA/IE21/PopulationTrimming.lean"]
EXIT 0
COMMAND ["/private/tmp/nla-campaign-toolchain/lean-4.33.1-darwin_aarch64/bin/lean", "-o", "/private/tmp/nla-ie22-complete-author-g7fslm19/NLA/IE21/QuantileTrimming.olean", "NLA/IE21/QuantileTrimming.lean"]
EXIT 0
COMMAND ["/private/tmp/nla-campaign-toolchain/lean-4.33.1-darwin_aarch64/bin/lean", "-o", "/private/tmp/nla-ie22-complete-author-g7fslm19/NLA/IE21/EmpiricalTrimming.olean", "NLA/IE21/EmpiricalTrimming.lean"]
EXIT 0
COMMAND ["/private/tmp/nla-campaign-toolchain/lean-4.33.1-darwin_aarch64/bin/lean", "-o", "/private/tmp/nla-ie22-complete-author-g7fslm19/NLA/IE21/UniformTrimmingGeometry.olean", "NLA/IE21/UniformTrimmingGeometry.lean"]
EXIT 0
COMMAND ["/private/tmp/nla-campaign-toolchain/lean-4.33.1-darwin_aarch64/bin/lean", "-o", "/private/tmp/nla-ie22-complete-author-g7fslm19/NLA/IE21/UniformTrimmingBound.olean", "NLA/IE21/UniformTrimmingBound.lean"]
EXIT 0
COMMAND ["/private/tmp/nla-campaign-toolchain/lean-4.33.1-darwin_aarch64/bin/lean", "-o", "/private/tmp/nla-ie22-complete-author-g7fslm19/NLA/IE21/SphericalTrimming.olean", "NLA/IE21/SphericalTrimming.lean"]
EXIT 0
COMMAND ["/private/tmp/nla-campaign-toolchain/lean-4.33.1-darwin_aarch64/bin/lean", "-o", "/private/tmp/nla-ie22-complete-author-g7fslm19/NLA/IE21/TrimmingConcentration.olean", "NLA/IE21/TrimmingConcentration.lean"]
EXIT 0
COMMAND ["/private/tmp/nla-campaign-toolchain/lean-4.33.1-darwin_aarch64/bin/lean", "-o", "/private/tmp/nla-ie22-complete-author-g7fslm19/NLA/IE21/PointwiseTrimmingSemantics.olean", "NLA/IE21/PointwiseTrimmingSemantics.lean"]
EXIT 0
COMMAND ["/private/tmp/nla-campaign-toolchain/lean-4.33.1-darwin_aarch64/bin/lean", "-o", "/private/tmp/nla-ie22-complete-author-g7fslm19/NLA/IE21/PointwiseTrimming.olean", "NLA/IE21/PointwiseTrimming.lean"]
EXIT 0
COMMAND ["/private/tmp/nla-campaign-toolchain/lean-4.33.1-darwin_aarch64/bin/lean", "-o", "/private/tmp/nla-ie22-complete-author-g7fslm19/NLA/IE21/UniformTrimming.olean", "NLA/IE21/UniformTrimming.lean"]
EXIT 0
COMMAND ["/private/tmp/nla-campaign-toolchain/lean-4.33.1-darwin_aarch64/bin/lean", "-o", "/private/tmp/nla-ie22-complete-author-g7fslm19/NLA/IE21/RatioAlgebra.olean", "NLA/IE21/RatioAlgebra.lean"]
EXIT 0
COMMAND ["/private/tmp/nla-campaign-toolchain/lean-4.33.1-darwin_aarch64/bin/lean", "-o", "/private/tmp/nla-ie22-complete-author-g7fslm19/NLA/IE21/FiniteSizeGeometry.olean", "NLA/IE21/FiniteSizeGeometry.lean"]
EXIT 0
COMMAND ["/private/tmp/nla-campaign-toolchain/lean-4.33.1-darwin_aarch64/bin/lean", "-o", "/private/tmp/nla-ie22-complete-author-g7fslm19/NLA/IE21/FiniteSize.olean", "NLA/IE21/FiniteSize.lean"]
EXIT 0
COMMAND ["/private/tmp/nla-campaign-toolchain/lean-4.33.1-darwin_aarch64/bin/lean", "-o", "/private/tmp/nla-ie22-complete-author-g7fslm19/NLA/IE22/Definitions.olean", "NLA/IE22/Definitions.lean"]
EXIT 0
COMMAND ["/private/tmp/nla-campaign-toolchain/lean-4.33.1-darwin_aarch64/bin/lean", "-o", "/private/tmp/nla-ie22-complete-author-g7fslm19/NLA/IE22/DeterministicSchedule.olean", "NLA/IE22/DeterministicSchedule.lean"]
EXIT 0
COMMAND ["/private/tmp/nla-campaign-toolchain/lean-4.33.1-darwin_aarch64/bin/lean", "-o", "/private/tmp/nla-ie22-complete-author-g7fslm19/NLA/IE22/SupremumSemantics.olean", "NLA/IE22/SupremumSemantics.lean"]
EXIT 0
COMMAND ["/private/tmp/nla-campaign-toolchain/lean-4.33.1-darwin_aarch64/bin/lean", "-o", "/private/tmp/nla-ie22-complete-author-g7fslm19/NLA/IE22/SphericalRealization.olean", "NLA/IE22/SphericalRealization.lean"]
EXIT 0
COMMAND ["/private/tmp/nla-campaign-toolchain/lean-4.33.1-darwin_aarch64/bin/lean", "-o", "/private/tmp/nla-ie22-complete-author-g7fslm19/NLA/IE22/AsymptoticConclusion.olean", "NLA/IE22/AsymptoticConclusion.lean"]
EXIT 0
COMMAND ["/private/tmp/nla-campaign-toolchain/lean-4.33.1-darwin_aarch64/bin/lean", "-o", "/private/tmp/nla-ie22-complete-author-g7fslm19/NLA/IE22/TrimmingThreshold.olean", "NLA/IE22/TrimmingThreshold.lean"]
EXIT 0
COMMAND ["/private/tmp/nla-campaign-toolchain/lean-4.33.1-darwin_aarch64/bin/lean", "-o", "/private/tmp/nla-ie22-complete-author-g7fslm19/NLA/IE22/GaussianMean.olean", "NLA/IE22/GaussianMean.lean"]
EXIT 0
COMMAND ["/private/tmp/nla-campaign-toolchain/lean-4.33.1-darwin_aarch64/bin/lean", "-o", "/private/tmp/nla-ie22-complete-author-g7fslm19/NLA/IE22/GaussianEnergy.olean", "NLA/IE22/GaussianEnergy.lean"]
EXIT 0
COMMAND ["/private/tmp/nla-campaign-toolchain/lean-4.33.1-darwin_aarch64/bin/lean", "-o", "/private/tmp/nla-ie22-complete-author-g7fslm19/NLA/IE22/GaussianPoincare.olean", "NLA/IE22/GaussianPoincare.lean"]
EXIT 0
COMMAND ["/private/tmp/nla-campaign-toolchain/lean-4.33.1-darwin_aarch64/bin/lean", "-o", "/private/tmp/nla-ie22-complete-author-g7fslm19/NLA/IE22/GaussianPoincareHinge.olean", "NLA/IE22/GaussianPoincareHinge.lean"]
EXIT 0
COMMAND ["/private/tmp/nla-campaign-toolchain/lean-4.33.1-darwin_aarch64/bin/lean", "-o", "/private/tmp/nla-ie22-complete-author-g7fslm19/NLA/IE22/VarianceTensorization.olean", "NLA/IE22/VarianceTensorization.lean"]
EXIT 0
COMMAND ["/private/tmp/nla-campaign-toolchain/lean-4.33.1-darwin_aarch64/bin/lean", "-o", "/private/tmp/nla-ie22-complete-author-g7fslm19/NLA/IE22/GaussianVariance.olean", "NLA/IE22/GaussianVariance.lean"]
EXIT 0
COMMAND ["/private/tmp/nla-campaign-toolchain/lean-4.33.1-darwin_aarch64/bin/lean", "-o", "/private/tmp/nla-ie22-complete-author-g7fslm19/NLA/IE22/ProjectionEvent.olean", "NLA/IE22/ProjectionEvent.lean"]
EXIT 0
COMMAND ["/private/tmp/nla-campaign-toolchain/lean-4.33.1-darwin_aarch64/bin/lean", "-o", "/private/tmp/nla-ie22-complete-author-g7fslm19/NLA/IE22/SpectralProjection.olean", "NLA/IE22/SpectralProjection.lean"]
EXIT 0
COMMAND ["/private/tmp/nla-campaign-toolchain/lean-4.33.1-darwin_aarch64/bin/lean", "-o", "/private/tmp/nla-ie22-complete-author-g7fslm19/NLA/IE22/DeterministicBound.olean", "NLA/IE22/DeterministicBound.lean"]
EXIT 0
COMMAND ["/private/tmp/nla-campaign-toolchain/lean-4.33.1-darwin_aarch64/bin/lean", "-o", "/private/tmp/nla-ie22-complete-author-g7fslm19/NLA/IE22/Final.olean", "NLA/IE22/Final.lean"]
EXIT 0
COMMAND ["/private/tmp/nla-campaign-toolchain/lean-4.33.1-darwin_aarch64/bin/lean", "-o", "/private/tmp/nla-ie22-complete-author-g7fslm19/reviews/complete-author-evidence/ExactTypesAndAxioms.olean", "reviews/complete-author-evidence/ExactTypesAndAxioms.lean"]
'NLA.IE22.supremum_semantics' depends on axioms: [propext, Classical.choice, Quot.sound]
'NLA.IE22.constant_semantics' depends on axioms: [propext, Classical.choice, Quot.sound]
'NLA.IE22.projection_semantics' depends on axioms: [propext, Classical.choice, Quot.sound]
'NLA.IE22.spectral_projection' depends on axioms: [propext, Classical.choice, Quot.sound]
'NLA.IE22.gaussian_objective_mean' depends on axioms: [propext, Classical.choice, Quot.sound]
'NLA.IE22.gaussian_objective_variance' depends on axioms: [propext, Classical.choice, Quot.sound]
'NLA.IE22.gaussian_energy_moments' depends on axioms: [propext, Classical.choice, Quot.sound]
'NLA.IE22.bounded_trimming_threshold' depends on axioms: [propext, Classical.choice, Quot.sound]
'NLA.IE22.threshold_lipschitz' depends on axioms: [propext, Classical.choice, Quot.sound]
'NLA.IE22.threshold_grid' depends on axioms: [propext, Classical.choice, Quot.sound]
'NLA.IE22.projection_good_event_bound' depends on axioms: [propext, Classical.choice, Quot.sound]
'NLA.IE22.deterministic_finite_bound' depends on axioms: [propext, Classical.choice, Quot.sound]
'NLA.IE22.supremum_finite_bound' depends on axioms: [propext, Classical.choice, Quot.sound]
'NLA.IE22.deterministic_schedule' depends on axioms: [propext, Classical.choice, Quot.sound]
'NLA.IE22.universal_squared_rate' depends on axioms: [propext, Classical.choice, Quot.sound]
'NLA.IE22.uniform_upper_all_rows' depends on axioms: [propext, Classical.choice, Quot.sound]
'NLA.IE22.spherical_realization_from_finite_bound' depends on axioms: [propext, Classical.choice, Quot.sound]
'NLA.IE22.high_aspect_near_extremizers' depends on axioms: [propext, Classical.choice, Quot.sound]
'NLA.IE22.high_aspect_supremum_limit' depends on axioms: [propext, Classical.choice, Quot.sound]
'NLA.IE22.canonical_sharp_constant' depends on axioms: [propext, Classical.choice, Quot.sound]
EXIT 0
