{
  "status": "PASS",
  "python": "3.9.6",
  "sympy": "1.14.0",
  "records": [
    {
      "test": "residue_class_rank_witness",
      "b": 1,
      "t": 1,
      "determinant": "1"
    },
    {
      "test": "residue_class_rank_witness",
      "b": 3,
      "t": 1,
      "determinant": "1"
    },
    {
      "test": "residue_class_rank_witness",
      "b": 1,
      "t": 4,
      "determinant": "12"
    },
    {
      "test": "residue_class_rank_witness",
      "b": 2,
      "t": 3,
      "determinant": "4"
    },
    {
      "test": "residue_class_rank_witness",
      "b": 3,
      "t": 3,
      "determinant": "-8"
    },
    {
      "test": "interpolation_and_resolvent_fixture",
      "b": 2,
      "t": 3,
      "head_determinant": "1942080",
      "schur_identity": true,
      "translation_identity": true,
      "graph_identity": true
    },
    {
      "test": "interpolation_and_resolvent_fixture",
      "b": 3,
      "t": 3,
      "head_determinant": "8492931456",
      "schur_identity": true,
      "translation_identity": true,
      "graph_identity": true
    },
    {
      "test": "interpolation_and_resolvent_fixture",
      "b": 1,
      "t": 4,
      "head_determinant": "-21000",
      "schur_identity": true,
      "translation_identity": true,
      "graph_identity": true
    },
    {
      "test": "symbolic_pascal_translation",
      "degrees_checked": 13
    },
    {
      "test": "tied_singular_value_descent",
      "basis_diagonalization": true,
      "unit_frobenius_direction": true
    }
  ],
  "exact_resolvent_vector_identities": 6,
  "exact_positive_pole_coordinate_residues": 105,
  "cartan_cover_fixtures": [
    {
      "s": 5,
      "selected_intervals": 1,
      "cover_length": "3/8",
      "six_h": "3/8"
    },
    {
      "s": 6,
      "selected_intervals": 4,
      "cover_length": "3/4",
      "six_h": "3/4"
    },
    {
      "s": 12,
      "selected_intervals": 6,
      "cover_length": "21/160",
      "six_h": "3/16"
    },
    {
      "s": 6,
      "selected_intervals": 3,
      "cover_length": "3/32",
      "six_h": "3/32"
    }
  ],
  "limitations": "Finite exact checks; not a machine-checked proof of the universal theorems."
}
