IE22 author local cached development build only; unchanged verified IE21 source hashes checked. No authoritative Linux verification claim.
COMMAND ["/private/tmp/nla-campaign-toolchain/lean-4.33.1-darwin_aarch64/bin/lean", "-o", "/private/tmp/nla-ie22-threshold-mean-author-build/reviews/gaussian-variance-consumer-review/ExactTypeAndAxioms.olean", "reviews/gaussian-variance-consumer-review/ExactTypeAndAxioms.lean"]
'NLA.IE22.bounded_variance_prod_decomposition' depends on axioms: [propext, Classical.choice, Quot.sound]
'NLA.IE22.bounded_variance_integral_le' depends on axioms: [propext, Classical.choice, Quot.sound]
'NLA.IE22.bounded_variance_prod_le' depends on axioms: [propext, Classical.choice, Quot.sound]
'NLA.IE22.bounded_variance_pi' depends on axioms: [propext, Classical.choice, Quot.sound]
'NLA.IE22.gaussian_variance_tensorization' depends on axioms: [propext, Classical.choice, Quot.sound]
'NLA.IE22.gaussian_coordinate_variance_integrable' depends on axioms: [propext, Classical.choice, Quot.sound]
'NLA.IE22.bounded_integral_coordinate_resampling' depends on axioms: [propext, Classical.choice, Quot.sound]
'NLA.IE22.gaussian_integral_coordinate_resampling' depends on axioms: [propext, Classical.choice, Quot.sound]
'NLA.IE22.variance_eq_half_pair_energy' depends on axioms: [propext, Classical.choice, Quot.sound]
'NLA.IE22.gaussian_density_hasDerivAt' depends on axioms: [propext, Classical.choice, Quot.sound]
'NLA.IE22.gaussian_density_tendsto_atTop' depends on axioms: [propext, Classical.choice, Quot.sound]
'NLA.IE22.gaussian_density_tendsto_atBot' depends on axioms: [propext, Classical.choice, Quot.sound]
'NLA.IE22.gaussian_density_first_moment_integrable' depends on axioms: [propext, Classical.choice, Quot.sound]
'NLA.IE22.gaussian_density_right_first_moment' depends on axioms: [propext, Classical.choice, Quot.sound]
'NLA.IE22.gaussian_density_left_first_moment' depends on axioms: [propext, Classical.choice, Quot.sound]
'NLA.IE22.gaussian_setIntegral_density' depends on axioms: [propext, Classical.choice, Quot.sound]
'NLA.IE22.gaussian_right_first_moment' depends on axioms: [propext, Classical.choice, Quot.sound]
'NLA.IE22.gaussian_left_first_moment' depends on axioms: [propext, Classical.choice, Quot.sound]
'NLA.IE22.gaussian_crossing_kernel' depends on axioms: [propext, Classical.choice, Quot.sound]
'NLA.IE22.gaussian_crossing_weight_measurable' depends on axioms: [propext, Classical.choice, Quot.sound]
'NLA.IE22.measurable_gaussianCrossingWeight' depends on axioms: [propext, Classical.choice, Quot.sound]
'NLA.IE22.gaussian_crossing_kernel_lintegral' depends on axioms: [propext, Classical.choice, Quot.sound]
'NLA.IE22.gaussian_crossing_energy' depends on axioms: [propext, Classical.choice, Quot.sound]
'NLA.IE22.gaussian_pair_energy_lintegral' depends on axioms: [propext, Classical.choice, Quot.sound]
'NLA.IE22.gaussian_variance_le_of_crossing_bound' depends on axioms: [propext, Classical.choice, Quot.sound]
'NLA.IE22.gaussian_crossing_square_energy' depends on axioms: [propext, Classical.choice, Quot.sound]
'NLA.IE22.gaussian_poincare_of_interval_energy' depends on axioms: [propext, Classical.choice, Quot.sound]
'NLA.IE22.integral_square_le_mass' depends on axioms: [propext, Classical.choice, Quot.sound]
'NLA.IE22.interval_energy_of_absolutelyContinuous' depends on axioms: [propext, Classical.choice, Quot.sound]
'NLA.IE22.affineHinge_continuous' depends on axioms: [propext, Classical.choice, Quot.sound]
'NLA.IE22.affineHingeDerivative_measurable' depends on axioms: [propext, Classical.choice, Quot.sound]
'NLA.IE22.affineHinge_absolutelyContinuous' depends on axioms: [propext, Classical.choice, Quot.sound]
'NLA.IE22.affineHinge_hasDerivAt_of_ne' depends on axioms: [propext, Classical.choice, Quot.sound]
'NLA.IE22.affineHinge_ae_hasDerivAt' depends on axioms: [propext, Classical.choice, Quot.sound]
'NLA.IE22.affineHingeDerivative_bound' depends on axioms: [propext, Classical.choice, Quot.sound]
'NLA.IE22.affineHingeSum_continuous' depends on axioms: [propext, Classical.choice, Quot.sound]
'NLA.IE22.affineHingeSumDerivative_measurable' depends on axioms: [propext, Classical.choice, Quot.sound]
'NLA.IE22.affineHinge_norm_le' depends on axioms: [propext, Classical.choice, Quot.sound]
'NLA.IE22.affineHingeSum_norm_le' depends on axioms: [propext, Classical.choice, Quot.sound]
'NLA.IE22.affineHingeSum_memLp' depends on axioms: [propext, Classical.choice, Quot.sound]
'NLA.IE22.affineHingeSumDerivative_bound' depends on axioms: [propext, Classical.choice, Quot.sound]
'NLA.IE22.affineHingeSum_absolutelyContinuous' depends on axioms: [propext, Classical.choice, Quot.sound]
'NLA.IE22.affineHingeSum_ae_hasDerivAt' depends on axioms: [propext, Classical.choice, Quot.sound]
'NLA.IE22.affineHingeSum_gaussian_variance' depends on axioms: [propext, Classical.choice, Quot.sound]
'NLA.IE22.matrix_adjoint_coordinate' depends on axioms: [propext, Classical.choice, Quot.sound]
'NLA.IE22.activeRowVector_norm_sq_le' depends on axioms: [propext, Classical.choice, Quot.sound]
'NLA.IE22.objectivePartial_square_sum_le' depends on axioms: [propext, Classical.choice, Quot.sound]
'NLA.IE22.projectedObjective_continuous' depends on axioms: [propext, Classical.choice, Quot.sound]
'NLA.IE22.projectedObjective_norm_le' depends on axioms: [propext, Classical.choice, Quot.sound]
'NLA.IE22.projectedObjective_memLp' depends on axioms: [propext, Classical.choice, Quot.sound]
'NLA.IE22.activeRowVector_measurable' depends on axioms: [propext, Classical.choice, Quot.sound]
'NLA.IE22.objectivePartial_measurable' depends on axioms: [propext, Classical.choice, Quot.sound]
'NLA.IE22.activeRowVector_abs_le' depends on axioms: [propext, Classical.choice, Quot.sound]
'NLA.IE22.objectivePartial_norm_le' depends on axioms: [propext, Classical.choice, Quot.sound]
'NLA.IE22.matrixMap_update' depends on axioms: [propext, Classical.choice, Quot.sound]
'NLA.IE22.objective_fiber_eq_hingeSum' depends on axioms: [propext, Classical.choice, Quot.sound]
'NLA.IE22.objective_partial_fiber_eq' depends on axioms: [propext, Classical.choice, Quot.sound]
'NLA.IE22.objective_fiber_variance_le' depends on axioms: [propext, Classical.choice, Quot.sound]
'NLA.IE22.objectivePartial_square_norm_le' depends on axioms: [propext, Classical.choice, Quot.sound]
'NLA.IE22.gaussian_objective_variance' depends on axioms: [propext, Classical.choice, Quot.sound]
EXIT 0
