✔ [3099/3106] Built NLA.MF12.Definitions (2.0s)
ℹ [3100/3106] Built NLA.MF12.Words (4.8s)
info: NLA/MF12/Words.lean:140:0: 'NLA.MF12.family_growth_is_maximum' depends on axioms: [propext, Classical.choice, Quot.sound]
info: NLA/MF12/Words.lean:141:0: 'NLA.MF12.pair_word_norms' depends on axioms: [propext, Classical.choice, Quot.sound]
⚠ [3101/3106] Built NLA.MF12.Norms (5.4s)
warning: NLA/MF12/Norms.lean:32:10: This simp argument is unused:
  Matrix.mulVec_single_one

Hint: Omit it from the simp argument list.
  [apply] simp

Note: This linter can be disabled with `set_option linter.unusedSimpArgs false`
info: NLA/MF12/Norms.lean:116:0: 'NLA.MF12.entry_maximum_norm_comparison' depends on axioms: [propext, Classical.choice, Quot.sound]
✖ [3102/3106] Building NLA.MF12.Parameters (5.7s)
trace: .> LEAN_PATH=/home/runner/work/OpenProblemsInNLA/OpenProblemsInNLA/.lean-development/.lake/packages/Cli/.lake/build/lib/lean:/home/runner/work/OpenProblemsInNLA/OpenProblemsInNLA/.lean-development/.lake/packages/batteries/.lake/build/lib/lean:/home/runner/work/OpenProblemsInNLA/OpenProblemsInNLA/.lean-development/.lake/packages/Qq/.lake/build/lib/lean:/home/runner/work/OpenProblemsInNLA/OpenProblemsInNLA/.lean-development/.lake/packages/aesop/.lake/build/lib/lean:/home/runner/work/OpenProblemsInNLA/OpenProblemsInNLA/.lean-development/.lake/packages/proofwidgets/.lake/build/lib/lean:/home/runner/work/OpenProblemsInNLA/OpenProblemsInNLA/.lean-development/.lake/packages/importGraph/.lake/build/lib/lean:/home/runner/work/OpenProblemsInNLA/OpenProblemsInNLA/.lean-development/.lake/packages/LeanSearchClient/.lake/build/lib/lean:/home/runner/work/OpenProblemsInNLA/OpenProblemsInNLA/.lean-development/.lake/packages/plausible/.lake/build/lib/lean:/home/runner/work/OpenProblemsInNLA/OpenProblemsInNLA/.lean-development/.lake/packages/mathlib/.lake/build/lib/lean:/home/runner/work/OpenProblemsInNLA/OpenProblemsInNLA/.lean-development/.lake/packages/leancert/.lake/build/lib/lean:/home/runner/work/OpenProblemsInNLA/OpenProblemsInNLA/.lean-development/.lake/build/lib/lean /home/runner/.elan/toolchains/leanprover--lean4---v4.33.1/bin/lean /home/runner/work/OpenProblemsInNLA/OpenProblemsInNLA/.lean-development/NLA/MF12/Parameters.lean -o /home/runner/work/OpenProblemsInNLA/OpenProblemsInNLA/.lean-development/.lake/build/lib/lean/NLA/MF12/Parameters.olean -i /home/runner/work/OpenProblemsInNLA/OpenProblemsInNLA/.lean-development/.lake/build/lib/lean/NLA/MF12/Parameters.ilean -c /home/runner/work/OpenProblemsInNLA/OpenProblemsInNLA/.lean-development/.lake/build/ir/NLA/MF12/Parameters.c --setup /home/runner/work/OpenProblemsInNLA/OpenProblemsInNLA/.lean-development/.lake/build/ir/NLA/MF12/Parameters.setup.json --json
error: NLA/MF12/Parameters.lean:48:4: linarith failed to find a contradiction
α : ℝ
hα : 0 < α
hα1 : α < 1
hmu : baseLambda < baseMu α
hH : 1 ≤ fractionalPowerBound α
hc : 0 < fractionalLower α
hpow : baseLambda ^ α < 1
a✝ : 1 ≤ baseLambda.rpow α / 10
⊢ False
failed
error: NLA/MF12/Parameters.lean:84:8: Tactic `rewrite` failed: Did not find an occurrence of the pattern
  ↑q ^ α * ↑q ^ (1 - α)
in the target expression
  (↑q).rpow α * (↑q).rpow (1 - α) = ↑q

α : ℝ
hα : 0 < α
hα1 : α < 1
q : ℕ
⊢ (↑q).rpow α * (↑q).rpow (1 - α) = ↑q
error: NLA/MF12/Parameters.lean:89:10: Tactic `rewrite` failed: Did not find an occurrence of the pattern
  (baseLambda ^ ?y) ^ ?n
in the target expression
  ↑q * baseLambda.rpow (1 - α) ^ q = ↑q * (baseLambda ^ q).rpow (1 - α)

α : ℝ
hα : 0 < α
hα1 : α < 1
q : ℕ
hqpow : (↑q).rpow α * (↑q).rpow (1 - α) = ↑q
⊢ ↑q * baseLambda.rpow (1 - α) ^ q = ↑q * (baseLambda ^ q).rpow (1 - α)
error: NLA/MF12/Parameters.lean:91:10: Tactic `rewrite` failed: Did not find an occurrence of the pattern
  (↑q * baseLambda ^ q) ^ ?m.166
in the target expression
  ↑q * (baseLambda ^ q).rpow (1 - α) = (↑q).rpow α * (↑q * baseLambda ^ q).rpow (1 - α)

α : ℝ
hα : 0 < α
hα1 : α < 1
q : ℕ
hqpow : (↑q).rpow α * (↑q).rpow (1 - α) = ↑q
⊢ ↑q * (baseLambda ^ q).rpow (1 - α) = (↑q).rpow α * (↑q * baseLambda ^ q).rpow (1 - α)
error: NLA/MF12/Parameters.lean:124:21: #assert_trust: 'NLA.MF12.fractional_parameters' depends on sorry or unrecognized axioms
  foundational: propext, Classical.choice, Quot.sound
  sorryAx: sorryAx
error: NLA/MF12/Parameters.lean:125:21: #assert_trust: 'NLA.MF12.loss_gain_bounds' depends on sorry or unrecognized axioms
  foundational: propext, Classical.choice, Quot.sound
  sorryAx: sorryAx
info: NLA/MF12/Parameters.lean:127:0: 'NLA.MF12.fractional_parameters' depends on axioms: [propext, sorryAx, Classical.choice, Quot.sound]
info: NLA/MF12/Parameters.lean:128:0: 'NLA.MF12.loss_gain_bounds' depends on axioms: [propext, sorryAx, Classical.choice, Quot.sound]
info: NLA/MF12/Parameters.lean:129:0: 'NLA.MF12.bernoulli_loss' depends on axioms: [propext, Classical.choice, Quot.sound]
error: Lean exited with code 1
✖ [3103/3106] Building NLA.MF12.MatrixAlgebra (7.3s)
trace: .> LEAN_PATH=/home/runner/work/OpenProblemsInNLA/OpenProblemsInNLA/.lean-development/.lake/packages/Cli/.lake/build/lib/lean:/home/runner/work/OpenProblemsInNLA/OpenProblemsInNLA/.lean-development/.lake/packages/batteries/.lake/build/lib/lean:/home/runner/work/OpenProblemsInNLA/OpenProblemsInNLA/.lean-development/.lake/packages/Qq/.lake/build/lib/lean:/home/runner/work/OpenProblemsInNLA/OpenProblemsInNLA/.lean-development/.lake/packages/aesop/.lake/build/lib/lean:/home/runner/work/OpenProblemsInNLA/OpenProblemsInNLA/.lean-development/.lake/packages/proofwidgets/.lake/build/lib/lean:/home/runner/work/OpenProblemsInNLA/OpenProblemsInNLA/.lean-development/.lake/packages/importGraph/.lake/build/lib/lean:/home/runner/work/OpenProblemsInNLA/OpenProblemsInNLA/.lean-development/.lake/packages/LeanSearchClient/.lake/build/lib/lean:/home/runner/work/OpenProblemsInNLA/OpenProblemsInNLA/.lean-development/.lake/packages/plausible/.lake/build/lib/lean:/home/runner/work/OpenProblemsInNLA/OpenProblemsInNLA/.lean-development/.lake/packages/mathlib/.lake/build/lib/lean:/home/runner/work/OpenProblemsInNLA/OpenProblemsInNLA/.lean-development/.lake/packages/leancert/.lake/build/lib/lean:/home/runner/work/OpenProblemsInNLA/OpenProblemsInNLA/.lean-development/.lake/build/lib/lean /home/runner/.elan/toolchains/leanprover--lean4---v4.33.1/bin/lean /home/runner/work/OpenProblemsInNLA/OpenProblemsInNLA/.lean-development/NLA/MF12/MatrixAlgebra.lean -o /home/runner/work/OpenProblemsInNLA/OpenProblemsInNLA/.lean-development/.lake/build/lib/lean/NLA/MF12/MatrixAlgebra.olean -i /home/runner/work/OpenProblemsInNLA/OpenProblemsInNLA/.lean-development/.lake/build/lib/lean/NLA/MF12/MatrixAlgebra.ilean -c /home/runner/work/OpenProblemsInNLA/OpenProblemsInNLA/.lean-development/.lake/build/ir/NLA/MF12/MatrixAlgebra.c --setup /home/runner/work/OpenProblemsInNLA/OpenProblemsInNLA/.lean-development/.lake/build/ir/NLA/MF12/MatrixAlgebra.setup.json --json
warning: NLA/MF12/MatrixAlgebra.lean:66:57: Used `tac1 <;> tac2` where `(tac1; tac2)` would suffice

Note: This linter can be disabled with `set_option linter.unnecessarySeqFocus false`
error: NLA/MF12/MatrixAlgebra.lean:69:4: failed to compile definition, consider marking it as 'noncomputable' because it depends on 'baseLambda', which is 'noncomputable'
error: NLA/MF12/MatrixAlgebra.lean:159:4: `simp` made no progress
error: NLA/MF12/MatrixAlgebra.lean:161:4: `simp` made no progress
error: NLA/MF12/MatrixAlgebra.lean:163:4: `simp` made no progress
error: NLA/MF12/MatrixAlgebra.lean:165:4: `simp` made no progress
error: NLA/MF12/MatrixAlgebra.lean:167:4: `simp` made no progress
error: NLA/MF12/MatrixAlgebra.lean:169:4: `simp` made no progress
error: NLA/MF12/MatrixAlgebra.lean:171:4: `simp` made no progress
error: NLA/MF12/MatrixAlgebra.lean:177:4: `simp` made no progress
error: NLA/MF12/MatrixAlgebra.lean:179:4: `simp` made no progress
error: NLA/MF12/MatrixAlgebra.lean:181:4: `simp` made no progress
error: NLA/MF12/MatrixAlgebra.lean:183:4: `simp` made no progress
error: NLA/MF12/MatrixAlgebra.lean:185:4: `simp` made no progress
error: NLA/MF12/MatrixAlgebra.lean:189:4: `simp` made no progress
error: NLA/MF12/MatrixAlgebra.lean:191:4: `simp` made no progress
error: NLA/MF12/MatrixAlgebra.lean:193:4: `simp` made no progress
error: NLA/MF12/MatrixAlgebra.lean:195:4: `simp` made no progress
error: NLA/MF12/MatrixAlgebra.lean:197:4: `simp` made no progress
error: NLA/MF12/MatrixAlgebra.lean:199:4: `simp` made no progress
error: NLA/MF12/MatrixAlgebra.lean:205:4: `simp` made no progress
error: NLA/MF12/MatrixAlgebra.lean:207:4: `simp` made no progress
error: NLA/MF12/MatrixAlgebra.lean:209:4: `simp` made no progress
error: NLA/MF12/MatrixAlgebra.lean:211:4: `simp` made no progress
error: NLA/MF12/MatrixAlgebra.lean:213:4: `simp` made no progress
error: NLA/MF12/MatrixAlgebra.lean:217:4: `simp` made no progress
error: NLA/MF12/MatrixAlgebra.lean:219:4: `simp` made no progress
error: NLA/MF12/MatrixAlgebra.lean:221:4: `simp` made no progress
error: NLA/MF12/MatrixAlgebra.lean:223:4: `simp` made no progress
error: NLA/MF12/MatrixAlgebra.lean:225:4: `simp` made no progress
error: NLA/MF12/MatrixAlgebra.lean:227:4: `simp` made no progress
error: NLA/MF12/MatrixAlgebra.lean:229:4: `simp` made no progress
warning: NLA/MF12/MatrixAlgebra.lean:173:25: This simp argument is unused:
  Nat.cast_add

Hint: Omit it from the simp argument list.
  [apply] simp only [pow_succ, Nat.cast_one]

Note: This linter can be disabled with `set_option linter.unusedSimpArgs false`
warning: NLA/MF12/MatrixAlgebra.lean:173:39: This simp argument is unused:
  Nat.cast_one

Hint: Omit it from the simp argument list.
  [apply] simp only [pow_succ, Nat.cast_add]

Note: This linter can be disabled with `set_option linter.unusedSimpArgs false`
warning: NLA/MF12/MatrixAlgebra.lean:187:25: This simp argument is unused:
  Nat.cast_add

Hint: Omit it from the simp argument list.
  [apply] simp only [pow_succ, Nat.cast_one]

Note: This linter can be disabled with `set_option linter.unusedSimpArgs false`
warning: NLA/MF12/MatrixAlgebra.lean:187:39: This simp argument is unused:
  Nat.cast_one

Hint: Omit it from the simp argument list.
  [apply] simp only [pow_succ, Nat.cast_add]

Note: This linter can be disabled with `set_option linter.unusedSimpArgs false`
warning: NLA/MF12/MatrixAlgebra.lean:201:25: This simp argument is unused:
  Nat.cast_add

Hint: Omit it from the simp argument list.
  [apply] simp only [pow_succ, Nat.cast_one]

Note: This linter can be disabled with `set_option linter.unusedSimpArgs false`
warning: NLA/MF12/MatrixAlgebra.lean:201:39: This simp argument is unused:
  Nat.cast_one

Hint: Omit it from the simp argument list.
  [apply] simp only [pow_succ, Nat.cast_add]

Note: This linter can be disabled with `set_option linter.unusedSimpArgs false`
warning: NLA/MF12/MatrixAlgebra.lean:215:25: This simp argument is unused:
  Nat.cast_add

Hint: Omit it from the simp argument list.
  [apply] simp only [pow_succ, Nat.cast_one]

Note: This linter can be disabled with `set_option linter.unusedSimpArgs false`
warning: NLA/MF12/MatrixAlgebra.lean:215:39: This simp argument is unused:
  Nat.cast_one

Hint: Omit it from the simp argument list.
  [apply] simp only [pow_succ, Nat.cast_add]

Note: This linter can be disabled with `set_option linter.unusedSimpArgs false`
error: NLA/MF12/MatrixAlgebra.lean:237:4: failed to compile definition, consider marking it as 'noncomputable' because it depends on 'baseLambda', which is 'noncomputable'
error: NLA/MF12/MatrixAlgebra.lean:288:21: #assert_trust: 'NLA.MF12.compressed_powers' depends on sorry or unrecognized axioms
  foundational: propext, Classical.choice, Quot.sound
  sorryAx: sorryAx
info: NLA/MF12/MatrixAlgebra.lean:289:0: 'NLA.MF12.fractional_projection' depends on axioms: [propext, Classical.choice, Quot.sound]
info: NLA/MF12/MatrixAlgebra.lean:290:0: 'NLA.MF12.jordan_two_power' depends on axioms: [propext, Classical.choice, Quot.sound]
info: NLA/MF12/MatrixAlgebra.lean:291:0: 'NLA.MF12.compressed_powers' depends on axioms: [propext, sorryAx, Classical.choice, Quot.sound]
error: Lean exited with code 1
✖ [3106/3106] Building NLA.MF12.Tensor (2.7s)
trace: .> LEAN_PATH=/home/runner/work/OpenProblemsInNLA/OpenProblemsInNLA/.lean-development/.lake/packages/Cli/.lake/build/lib/lean:/home/runner/work/OpenProblemsInNLA/OpenProblemsInNLA/.lean-development/.lake/packages/batteries/.lake/build/lib/lean:/home/runner/work/OpenProblemsInNLA/OpenProblemsInNLA/.lean-development/.lake/packages/Qq/.lake/build/lib/lean:/home/runner/work/OpenProblemsInNLA/OpenProblemsInNLA/.lean-development/.lake/packages/aesop/.lake/build/lib/lean:/home/runner/work/OpenProblemsInNLA/OpenProblemsInNLA/.lean-development/.lake/packages/proofwidgets/.lake/build/lib/lean:/home/runner/work/OpenProblemsInNLA/OpenProblemsInNLA/.lean-development/.lake/packages/importGraph/.lake/build/lib/lean:/home/runner/work/OpenProblemsInNLA/OpenProblemsInNLA/.lean-development/.lake/packages/LeanSearchClient/.lake/build/lib/lean:/home/runner/work/OpenProblemsInNLA/OpenProblemsInNLA/.lean-development/.lake/packages/plausible/.lake/build/lib/lean:/home/runner/work/OpenProblemsInNLA/OpenProblemsInNLA/.lean-development/.lake/packages/mathlib/.lake/build/lib/lean:/home/runner/work/OpenProblemsInNLA/OpenProblemsInNLA/.lean-development/.lake/packages/leancert/.lake/build/lib/lean:/home/runner/work/OpenProblemsInNLA/OpenProblemsInNLA/.lean-development/.lake/build/lib/lean /home/runner/.elan/toolchains/leanprover--lean4---v4.33.1/bin/lean /home/runner/work/OpenProblemsInNLA/OpenProblemsInNLA/.lean-development/NLA/MF12/Tensor.lean -o /home/runner/work/OpenProblemsInNLA/OpenProblemsInNLA/.lean-development/.lake/build/lib/lean/NLA/MF12/Tensor.olean -i /home/runner/work/OpenProblemsInNLA/OpenProblemsInNLA/.lean-development/.lake/build/lib/lean/NLA/MF12/Tensor.ilean -c /home/runner/work/OpenProblemsInNLA/OpenProblemsInNLA/.lean-development/.lake/build/ir/NLA/MF12/Tensor.c --setup /home/runner/work/OpenProblemsInNLA/OpenProblemsInNLA/.lean-development/.lake/build/ir/NLA/MF12/Tensor.setup.json --json
error: NLA/MF12/Tensor.lean:35:34: Tactic `rewrite` failed: Did not find an occurrence of the pattern
  Matrix.kroneckerMap (fun x1 x2 => x1 * x2) ?A ?A' * Matrix.kroneckerMap (fun x1 x2 => x1 * x2) ?B ?B'
in the target expression
  (Matrix.kronecker A B * Matrix.kronecker C D).submatrix ⇑finProdFinEquiv.symm ⇑finProdFinEquiv.symm =
    ((A * C).kronecker (B * D)).submatrix ⇑finProdFinEquiv.symm ⇑finProdFinEquiv.symm

d e : ℕ
A C : Square d
B D : Square e
⊢ (Matrix.kronecker A B * Matrix.kronecker C D).submatrix ⇑finProdFinEquiv.symm ⇑finProdFinEquiv.symm =
    ((A * C).kronecker (B * D)).submatrix ⇑finProdFinEquiv.symm ⇑finProdFinEquiv.symm
error: NLA/MF12/Tensor.lean:39:6: Tactic `rewrite` failed: Did not find an occurrence of the pattern
  Matrix.kroneckerMap (fun x1 x2 => x1 * x2) 1 1
in the target expression
  (Matrix.kronecker 1 1).submatrix ⇑finProdFinEquiv.symm ⇑finProdFinEquiv.symm = 1

d e : ℕ
⊢ (Matrix.kronecker 1 1).submatrix ⇑finProdFinEquiv.symm ⇑finProdFinEquiv.symm = 1
error: NLA/MF12/Tensor.lean:86:38: `ring_nf` made no progress on the goal
error: NLA/MF12/Tensor.lean:100:21: #assert_trust: 'NLA.MF12.tensor_norm_comparison' depends on sorry or unrecognized axioms
  foundational: propext, Classical.choice, Quot.sound
  sorryAx: sorryAx
error: NLA/MF12/Tensor.lean:101:21: #assert_trust: 'NLA.MF12.tensor_word_identity' depends on sorry or unrecognized axioms
  foundational: propext, Classical.choice, Quot.sound
  sorryAx: sorryAx
info: NLA/MF12/Tensor.lean:102:0: 'NLA.MF12.tensor_norm_comparison' depends on axioms: [propext, sorryAx, Classical.choice, Quot.sound]
info: NLA/MF12/Tensor.lean:103:0: 'NLA.MF12.tensor_word_identity' depends on axioms: [propext, sorryAx, Classical.choice, Quot.sound]
error: Lean exited with code 1
Some required targets logged failures:
- NLA.MF12.Parameters
- NLA.MF12.MatrixAlgebra
- NLA.MF12.Tensor
error: build failed
