⚠ [3093/3212] Replayed NLA.TR07.Witnesses
warning: NLA/TR07/Witnesses.lean:25:8: automatically included section variable(s) unused in theorem `NLA.TR07.restrictCoords_apply`:
  [Fintype ι]
consider restructuring your `variable` declarations so that the variables are not in scope or explicitly omit them:
  omit [Fintype ι] in theorem ...

Note: This linter can be disabled with `set_option linter.unusedSectionVars false`
⚠ [3204/3212] Replayed NLA.TR07.SpectralFilter
warning: NLA/TR07/SpectralFilter.lean:89:49: This simp argument is unused:
  diagonal_apply

Hint: Omit it from the simp argument list.
  [apply] simp [h, one_apply]

Note: This linter can be disabled with `set_option linter.unusedSimpArgs false`
warning: NLA/TR07/SpectralFilter.lean:92:47: This simp argument is unused:
  diagonal_apply

Hint: Omit it from the simp argument list.
  [apply] simp [h, one_apply]

Note: This linter can be disabled with `set_option linter.unusedSimpArgs false`
⚠ [3206/3212] Replayed NLA.TR07.FiniteVector
warning: NLA/TR07/FiniteVector.lean:42:8: automatically included section variable(s) unused in theorem `NLA.TR07.Law.mean_apply`:
  [Fintype ι]
consider restructuring your `variable` declarations so that the variables are not in scope or explicitly omit them:
  omit [Fintype ι] in theorem ...

Note: This linter can be disabled with `set_option linter.unusedSectionVars false`
⚠ [3207/3212] Replayed NLA.TR07.Covariance
warning: NLA/TR07/Covariance.lean:18:8: automatically included section variable(s) unused in theorem `NLA.TR07.covariance_apply`:
  [Fintype ι]
  [DecidableEq ι]
consider restructuring your `variable` declarations so that the variables are not in scope or explicitly omit them:
  omit [Fintype ι] [DecidableEq ι] in theorem ...

Note: This linter can be disabled with `set_option linter.unusedSectionVars false`
warning: NLA/TR07/Covariance.lean:23:0: automatically included section variable(s) unused in theorem `NLA.TR07.covariance_psd`:
  [DecidableEq ι]
consider restructuring your `variable` declarations so that the variables are not in scope or explicitly omit them:
  omit [DecidableEq ι] in theorem ...

Note: This linter can be disabled with `set_option linter.unusedSectionVars false`
warning: NLA/TR07/Covariance.lean:31:0: automatically included section variable(s) unused in theorem `NLA.TR07.covariance_trace`:
  [DecidableEq ι]
consider restructuring your `variable` declarations so that the variables are not in scope or explicitly omit them:
  omit [DecidableEq ι] in theorem ...

Note: This linter can be disabled with `set_option linter.unusedSectionVars false`
warning: NLA/TR07/Covariance.lean:41:52: `Matrix.ofLp_toEuclideanLin_apply` has been deprecated: Use `Matrix.ofLp_toLpLin` instead

Note: The updated constant has a different type:
  ∀ {m : Type u_1} {n : Type u_2} {R : Type u_4} [inst : Fintype n] [inst_1 : DecidableEq n] [inst_2 : CommRing R]
    (p q : ENNReal) (A : Matrix m n R) (x : WithLp p (n → R)), (((toLpLin p q) A) x).ofLp = (toLin' A) x.ofLp
instead of
  ∀ {𝕜 : Type u_3} [inst : RCLike 𝕜] {m : Type u_7} {n : Type u_8} [inst_1 : Fintype n] [inst_2 : DecidableEq n]
    (M : Matrix m n 𝕜) (v : EuclideanSpace 𝕜 n), ((toEuclideanLin M) v).ofLp = M *ᵥ v.ofLp
warning: NLA/TR07/Covariance.lean:37:0: automatically included section variable(s) unused in theorem `NLA.TR07.covariance_transform`:
  [Fintype κ]
  [DecidableEq κ]
consider restructuring your `variable` declarations so that the variables are not in scope or explicitly omit them:
  omit [Fintype κ] [DecidableEq κ] in theorem ...

Note: This linter can be disabled with `set_option linter.unusedSectionVars false`
warning: NLA/TR07/Covariance.lean:43:0: automatically included section variable(s) unused in theorem `NLA.TR07.covariance_quadratic`:
  [DecidableEq ι]
consider restructuring your `variable` declarations so that the variables are not in scope or explicitly omit them:
  omit [DecidableEq ι] in theorem ...

Note: This linter can be disabled with `set_option linter.unusedSectionVars false`
warning: NLA/TR07/Covariance.lean:45:50: This simp argument is unused:
  dotProduct_sum

Hint: Omit it from the simp argument list.
  [apply] simp only [covariance, sum_mulVec, smul_mulVec, dotProduct_smul, vecMulVec_mulVec, Law.expect,
    dotProduct_comm x, pow_two]

Note: This linter can be disabled with `set_option linter.unusedSimpArgs false`
warning: NLA/TR07/Covariance.lean:45:66: This simp argument is unused:
  dotProduct_smul

Hint: Omit it from the simp argument list.
  [apply] simp only [covariance, sum_mulVec, smul_mulVec, dotProduct_sum, vecMulVec_mulVec, Law.expect,
    dotProduct_comm x, pow_two]

Note: This linter can be disabled with `set_option linter.unusedSimpArgs false`
warning: NLA/TR07/Covariance.lean:47:54: This simp argument is unused:
  mul_assoc

Hint: Omit it from the simp argument list.
  [apply] simp [sum_dotProduct, smul_dotProduct, smul_eq_mul]

Note: This linter can be disabled with `set_option linter.unusedSimpArgs false`
⚠ [3208/3212] Replayed NLA.TR07.SignedVectors
warning: NLA/TR07/SignedVectors.lean:86:75: This simp argument is unused:
  mul_left_comm

Hint: Omit it from the simp argument list.
  [apply] simp [mulVec_diagonal, dotProduct, incidence, pow_two, mul_comm, mul_assoc]

Note: This linter can be disabled with `set_option linter.unusedSimpArgs false`
warning: NLA/TR07/SignedVectors.lean:97:47: This simp argument is unused:
  diagonal_apply

Hint: Omit it from the simp argument list.
  [apply] simp [h, regDiagonal, mul_add]

Note: This linter can be disabled with `set_option linter.unusedSimpArgs false`
warning: NLA/TR07/SignedVectors.lean:97:72: Used `tac1 <;> tac2` where `(tac1; tac2)` would suffice

Note: This linter can be disabled with `set_option linter.unnecessarySeqFocus false`
⚠ [3209/3212] Replayed NLA.TR07.FirstHit
warning: NLA/TR07/FirstHit.lean:48:0: automatically included section variable(s) unused in theorem `NLA.TR07.firstHit_mem`:
  [Fintype α]
consider restructuring your `variable` declarations so that the variables are not in scope or explicitly omit them:
  omit [Fintype α] in theorem ...

Note: This linter can be disabled with `set_option linter.unusedSectionVars false`
warning: NLA/TR07/FirstHit.lean:66:18: This simp argument is unused:
  Law.expect_iid_zero

Hint: Omit it from the simp argument list.
  [apply] simp [firstHit]

Note: This linter can be disabled with `set_option linter.unusedSimpArgs false`
⚠ [3212/3212] Replayed NLA.TR07.CovarianceFilter
warning: NLA/TR07/CovarianceFilter.lean:55:45: This simp argument is unused:
  Matrix.mul_smul

Hint: Omit it from the simp argument list.
  [apply] simp [Q, Matrix.mul_sub, Matrix.sub_mul, Matrix.smul_mul]

Note: This linter can be disabled with `set_option linter.unusedSimpArgs false`
warning: NLA/TR07/CovarianceFilter.lean:55:62: This simp argument is unused:
  Matrix.smul_mul

Hint: Omit it from the simp argument list.
  [apply] simp [Q, Matrix.mul_sub, Matrix.sub_mul, Matrix.mul_smul]

Note: This linter can be disabled with `set_option linter.unusedSimpArgs false`
Build completed successfully (3212 jobs).
