Permanent ID checks:
Validated 217 permanent problem IDs against 80c0e3e638b2f26dcb3a00353651fc3d2215dd65
test_append_only_and_large_suffixes (test_problem_ids.PermanentIDTests.test_append_only_and_large_suffixes) ... ok
test_cannot_fill_historical_gap (test_problem_ids.PermanentIDTests.test_cannot_fill_historical_gap) ... ok
test_cannot_reassign_registered_path (test_problem_ids.PermanentIDTests.test_cannot_reassign_registered_path) ... ok
test_cannot_remove_page_and_registry_record_together (test_problem_ids.PermanentIDTests.test_cannot_remove_page_and_registry_record_together) ... ok
test_committed_branch_renumber_detected_against_published_branch (test_problem_ids.PermanentIDTests.test_committed_branch_renumber_detected_against_published_branch) ... ok
test_current_registry_and_status_changes (test_problem_ids.PermanentIDTests.test_current_registry_and_status_changes) ... ok
test_duplicate_heading_id (test_problem_ids.PermanentIDTests.test_duplicate_heading_id) ... ok
test_duplicate_json_keys (test_problem_ids.PermanentIDTests.test_duplicate_json_keys) ... ok
test_first_registry_protects_already_published_ids (test_problem_ids.PermanentIDTests.test_first_registry_protects_already_published_ids) ... ok
test_heading_rename_and_malformed_ids (test_problem_ids.PermanentIDTests.test_heading_rename_and_malformed_ids) ... ok
test_indexer_does_not_write_when_validation_fails (test_problem_ids.PermanentIDTests.test_indexer_does_not_write_when_validation_fails) ... ok
test_invalid_base_is_not_silently_ignored (test_problem_ids.PermanentIDTests.test_invalid_base_is_not_silently_ignored) ... ok
test_missing_registered_page (test_problem_ids.PermanentIDTests.test_missing_registered_page) ... ok
test_paths_cannot_escape_or_alias (test_problem_ids.PermanentIDTests.test_paths_cannot_escape_or_alias) ... ok
test_symlinked_canonical_page (test_problem_ids.PermanentIDTests.test_symlinked_canonical_page) ... ok
test_symlinked_registry (test_problem_ids.PermanentIDTests.test_symlinked_registry) ... ok
test_unregistered_entry (test_problem_ids.PermanentIDTests.test_unregistered_entry) ... ok

----------------------------------------------------------------------
Ran 17 tests in 1.491s

OK

Project tests:
test_custom_or_native_trust_is_rejected (test_lean_verification.ManifestTests.test_custom_or_native_trust_is_rejected) ... ok
test_definition_hole_rejected (test_lean_verification.ManifestTests.test_definition_hole_rejected) ... ok
test_duplicate_comparator_key_is_rejected (test_lean_verification.ManifestTests.test_duplicate_comparator_key_is_rejected) ... ok
test_duplicate_nested_yaml_key_is_rejected (test_lean_verification.ManifestTests.test_duplicate_nested_yaml_key_is_rejected) ... ok
test_duplicate_yaml_status_is_rejected (test_lean_verification.ManifestTests.test_duplicate_yaml_status_is_rejected) ... ok
test_empty_theorem_list_is_rejected (test_lean_verification.ManifestTests.test_empty_theorem_list_is_rejected) ... ok
test_missing_required_schema_field (test_lean_verification.ManifestTests.test_missing_required_schema_field) ... ok
test_nonzero_proof_sorries_rejected (test_lean_verification.ManifestTests.test_nonzero_proof_sorries_rejected) ... ok
test_result_source_outside_project_rejected (test_lean_verification.ManifestTests.test_result_source_outside_project_rejected) ... ok
test_result_specific_unchecked_axiom_rejected (test_lean_verification.ManifestTests.test_result_specific_unchecked_axiom_rejected) ... ok
test_unchecked_export_is_rejected (test_lean_verification.ManifestTests.test_unchecked_export_is_rejected) ... ok
test_valid_consistent_metadata (test_lean_verification.ManifestTests.test_valid_consistent_metadata) ... ok
test_complete_project_deletion_fails_selection (test_lean_verification.ProjectSelectionGitTests.test_complete_project_deletion_fails_selection) ... ok
test_complete_project_rename_fails_selection (test_lean_verification.ProjectSelectionGitTests.test_complete_project_rename_fails_selection) ... ok
test_new_source_only_project_for_existing_id_is_selected (test_lean_verification.ProjectSelectionGitTests.test_new_source_only_project_for_existing_id_is_selected) ... ok
test_partial_project_deletion_still_selects_project (test_lean_verification.ProjectSelectionGitTests.test_partial_project_deletion_still_selects_project) ... ok
test_renamed_file_selects_both_surviving_projects (test_lean_verification.ProjectSelectionGitTests.test_renamed_file_selects_both_surviving_projects) ... ok
test_unicode_quoted_and_newline_filenames_select_project (test_lean_verification.ProjectSelectionGitTests.test_unicode_quoted_and_newline_filenames_select_project) ... ok
test_workflow_control_fixture_toolchain_requests_only_controls (test_lean_verification.ProjectSelectionGitTests.test_workflow_control_fixture_toolchain_requests_only_controls) ... ok
test_workflow_renamed_away_tool_requests_controls (test_lean_verification.ProjectSelectionGitTests.test_workflow_renamed_away_tool_requests_controls) ... ok
test_workflow_unicode_quoted_newline_tool_changes_request_controls (test_lean_verification.ProjectSelectionGitTests.test_workflow_unicode_quoted_newline_tool_changes_request_controls) ... ok
test_canonical_statement_change_rechecks_its_project (test_lean_verification.ProjectSelectionTests.test_canonical_statement_change_rechecks_its_project) ... ok
test_control_fixture_toolchain_does_not_rebuild_problem_projects (test_lean_verification.ProjectSelectionTests.test_control_fixture_toolchain_does_not_rebuild_problem_projects) ... ok
test_discovery_uses_registry_and_detects_incomplete_project (test_lean_verification.ProjectSelectionTests.test_discovery_uses_registry_and_detects_incomplete_project) ... ok
test_invalid_registry_path_is_rejected (test_lean_verification.ProjectSelectionTests.test_invalid_registry_path_is_rejected) ... ok
test_problem_proof_change_selects_only_that_problem (test_lean_verification.ProjectSelectionTests.test_problem_proof_change_selects_only_that_problem) ... ok
test_shared_checker_or_schema_change_rechecks_every_project (test_lean_verification.ProjectSelectionTests.test_shared_checker_or_schema_change_rechecks_every_project) ... ok
test_source_only_project_cannot_skip_verification (test_lean_verification.ProjectSelectionTests.test_source_only_project_cannot_skip_verification) ... ok
test_symlinked_project_is_rejected (test_lean_verification.ProjectSelectionTests.test_symlinked_project_is_rejected) ... ok
test_unrelated_document_does_not_rebuild_proofs (test_lean_verification.ProjectSelectionTests.test_unrelated_document_does_not_rebuild_proofs) ... ok

----------------------------------------------------------------------
Ran 30 tests in 3.511s

OK
Manifest schema and comparator coverage: PASS (1 declarations)

Harness tests:
test_ci_probe_adaptation_retains_assertions_and_adds_deadlines (test_harness.HarnessTests.test_ci_probe_adaptation_retains_assertions_and_adds_deadlines) ... ok
test_custom_sorry_and_native_axioms_are_rejected (test_harness.HarnessTests.test_custom_sorry_and_native_axioms_are_rejected) ... ok
test_definition_holes_are_rejected (test_harness.HarnessTests.test_definition_holes_are_rejected) ... ok
test_duplicate_json_keys_are_rejected (test_harness.HarnessTests.test_duplicate_json_keys_are_rejected) ... ok
test_mac_os_does_not_silently_fall_back (test_harness.HarnessTests.test_mac_os_does_not_silently_fall_back) ... ok
test_nonimmutable_or_credential_dependencies_are_rejected (test_harness.HarnessTests.test_nonimmutable_or_credential_dependencies_are_rejected) ... ok
test_real_source_lock (test_harness.HarnessTests.test_real_source_lock) ... ok
test_same_module_and_empty_theorem_list_are_rejected (test_harness.HarnessTests.test_same_module_and_empty_theorem_list_are_rejected) ... ok
test_snapshot_uses_committed_files_and_detects_change (test_harness.HarnessTests.test_snapshot_uses_committed_files_and_detects_change) ... ok
test_standard_config_and_stricter_axiom_subset (test_harness.HarnessTests.test_standard_config_and_stricter_axiom_subset) ... ok
test_tracked_compiled_artifact_is_rejected (test_harness.HarnessTests.test_tracked_compiled_artifact_is_rejected) ... ok
test_uncommitted_trusted_file_is_rejected (test_harness.HarnessTests.test_uncommitted_trusted_file_is_rejected) ... ok

----------------------------------------------------------------------
Ran 12 tests in 0.648s

OK
