NLA/IE14/Front.lean:39:30: warning: This simp argument is unused:
  if_pos rfl

Hint: Omit it from the simp argument list.
  [apply] simp only [remainingPair, Prod.fst, Prod.snd]

Note: This linter can be disabled with `set_option linter.unusedSimpArgs false`
NLA/IE14/Front.lean:39:42: warning: This simp argument is unused:
  Prod.fst

Hint: Omit it from the simp argument list.
  [apply] simp only [remainingPair, if_pos rfl, Prod.snd]

Note: This linter can be disabled with `set_option linter.unusedSimpArgs false`
NLA/IE14/Front.lean:39:52: warning: This simp argument is unused:
  Prod.snd

Hint: Omit it from the simp argument list.
  [apply] simp only [remainingPair, if_pos rfl, Prod.fst]

Note: This linter can be disabled with `set_option linter.unusedSimpArgs false`
NLA/IE14/Front.lean:43:52: warning: This simp argument is unused:
  if_pos rfl

Hint: Omit it from the simp argument list.
  [apply] simp only [remainingPair, if_neg (Ne.symm hrs), Prod.fst, Prod.snd]

Note: This linter can be disabled with `set_option linter.unusedSimpArgs false`
NLA/IE14/Front.lean:43:64: warning: This simp argument is unused:
  Prod.fst

Hint: Omit it from the simp argument list.
  [apply] simp only [remainingPair, if_neg (Ne.symm hrs), if_pos rfl, Prod.snd]

Note: This linter can be disabled with `set_option linter.unusedSimpArgs false`
NLA/IE14/Front.lean:43:74: warning: This simp argument is unused:
  Prod.snd

Hint: Omit it from the simp argument list.
  [apply] simp only [remainingPair, if_neg (Ne.symm hrs), if_pos rfl, Prod.fst]

Note: This linter can be disabled with `set_option linter.unusedSimpArgs false`
NLA/IE14/Front.lean:47:74: warning: This simp argument is unused:
  Prod.fst

Hint: Omit it from the simp argument list.
  [apply] simp only [remainingPair, if_neg (Ne.symm hrf), if_neg (Ne.symm hsf), Prod.snd]

Note: This linter can be disabled with `set_option linter.unusedSimpArgs false`
NLA/IE14/Front.lean:47:84: warning: This simp argument is unused:
  Prod.snd

Hint: Omit it from the simp argument list.
  [apply] simp only [remainingPair, if_neg (Ne.symm hrf), if_neg (Ne.symm hsf), Prod.fst]

Note: This linter can be disabled with `set_option linter.unusedSimpArgs false`
NLA/IE14/Front.lean:108:26: warning: This simp argument is unused:
  Prod.fst

Hint: Omit it from the simp argument list.
  [apply] simp only [frontPair, Prod.snd, ne_eq, Fin.mk.injEq]

Note: This linter can be disabled with `set_option linter.unusedSimpArgs false`
NLA/IE14/Front.lean:108:36: warning: This simp argument is unused:
  Prod.snd

Hint: Omit it from the simp argument list.
  [apply] simp only [frontPair, Prod.fst, ne_eq, Fin.mk.injEq]

Note: This linter can be disabled with `set_option linter.unusedSimpArgs false`
NLA/IE14/Front.lean:111:59: warning: This simp argument is unused:
  Prod.snd

Hint: Omit it from the simp argument list.
  [apply] simp only [origin, frontPair, Equiv.refl_apply]

Note: This linter can be disabled with `set_option linter.unusedSimpArgs false`
