This is pdfTeX, Version 3.141592653-2.6-1.40.26 (TeX Live 2025/dev/Debian) (preloaded format=pdflatex)
 restricted \write18 enabled.
entering extended mode
(./MD02_fixed_point_continuation.tex
LaTeX2e <2024-11-01> patch level 2
L3 programming layer <2025-01-18>
(/usr/share/texlive/texmf-dist/tex/latex/base/article.cls
Document Class: article 2024/06/29 v1.4n Standard LaTeX document class
(/usr/share/texlive/texmf-dist/tex/latex/base/size11.clo))
(/usr/share/texlive/texmf-dist/tex/latex/geometry/geometry.sty
(/usr/share/texlive/texmf-dist/tex/latex/graphics/keyval.sty)
(/usr/share/texlive/texmf-dist/tex/generic/iftex/ifvtex.sty
(/usr/share/texlive/texmf-dist/tex/generic/iftex/iftex.sty)))
(/usr/share/texlive/texmf-dist/tex/latex/amsmath/amsmath.sty
For additional information on amsmath, use the `?' option.
(/usr/share/texlive/texmf-dist/tex/latex/amsmath/amstext.sty
(/usr/share/texlive/texmf-dist/tex/latex/amsmath/amsgen.sty))
(/usr/share/texlive/texmf-dist/tex/latex/amsmath/amsbsy.sty)
(/usr/share/texlive/texmf-dist/tex/latex/amsmath/amsopn.sty))
(/usr/share/texlive/texmf-dist/tex/latex/amsfonts/amssymb.sty
(/usr/share/texlive/texmf-dist/tex/latex/amsfonts/amsfonts.sty))
(/usr/share/texlive/texmf-dist/tex/latex/amscls/amsthm.sty)
(/usr/share/texlive/texmf-dist/tex/latex/mathtools/mathtools.sty
(/usr/share/texlive/texmf-dist/tex/latex/tools/calc.sty)
(/usr/share/texlive/texmf-dist/tex/latex/mathtools/mhsetup.sty))
(/usr/share/texlive/texmf-dist/tex/latex/booktabs/booktabs.sty)
(/usr/share/texlive/texmf-dist/tex/latex/tools/longtable.sty)
(/usr/share/texlive/texmf-dist/tex/latex/tools/array.sty)
(/usr/share/texlive/texmf-dist/tex/latex/base/fontenc.sty)
(/usr/share/texmf/tex/latex/lm/lmodern.sty)
(/usr/share/texlive/texmf-dist/tex/latex/microtype/microtype.sty
(/usr/share/texlive/texmf-dist/tex/latex/etoolbox/etoolbox.sty)
(/usr/share/texlive/texmf-dist/tex/latex/microtype/microtype-pdftex.def)
(/usr/share/texlive/texmf-dist/tex/latex/microtype/microtype.cfg))
(/usr/share/texlive/texmf-dist/tex/latex/hyperref/hyperref.sty
(/usr/share/texlive/texmf-dist/tex/latex/kvsetkeys/kvsetkeys.sty)
(/usr/share/texlive/texmf-dist/tex/generic/kvdefinekeys/kvdefinekeys.sty)
(/usr/share/texlive/texmf-dist/tex/generic/pdfescape/pdfescape.sty
(/usr/share/texlive/texmf-dist/tex/generic/ltxcmds/ltxcmds.sty)
(/usr/share/texlive/texmf-dist/tex/generic/pdftexcmds/pdftexcmds.sty
(/usr/share/texlive/texmf-dist/tex/generic/infwarerr/infwarerr.sty)))
(/usr/share/texlive/texmf-dist/tex/latex/hycolor/hycolor.sty)
(/usr/share/texlive/texmf-dist/tex/latex/hyperref/nameref.sty
(/usr/share/texlive/texmf-dist/tex/latex/refcount/refcount.sty)
(/usr/share/texlive/texmf-dist/tex/generic/gettitlestring/gettitlestring.sty
(/usr/share/texlive/texmf-dist/tex/latex/kvoptions/kvoptions.sty)))
(/usr/share/texlive/texmf-dist/tex/generic/stringenc/stringenc.sty)
(/usr/share/texlive/texmf-dist/tex/latex/hyperref/pd1enc.def)
(/usr/share/texlive/texmf-dist/tex/generic/intcalc/intcalc.sty)
(/usr/share/texlive/texmf-dist/tex/latex/hyperref/puenc.def)
(/usr/share/texlive/texmf-dist/tex/latex/url/url.sty)
(/usr/share/texlive/texmf-dist/tex/generic/bitset/bitset.sty
(/usr/share/texlive/texmf-dist/tex/generic/bigintcalc/bigintcalc.sty))
(/usr/share/texlive/texmf-dist/tex/latex/base/atbegshi-ltx.sty))
(/usr/share/texlive/texmf-dist/tex/latex/hyperref/hpdftex.def
(/usr/share/texlive/texmf-dist/tex/latex/base/atveryend-ltx.sty)
(/usr/share/texlive/texmf-dist/tex/latex/rerunfilecheck/rerunfilecheck.sty
(/usr/share/texlive/texmf-dist/tex/generic/uniquecounter/uniquecounter.sty)))
(/usr/share/texlive/texmf-dist/tex/latex/enumitem/enumitem.sty)
(/usr/share/texmf/tex/latex/lm/t1lmr.fd)
(/usr/share/texlive/texmf-dist/tex/latex/l3backend/l3backend-pdftex.def)
No file MD02_fixed_point_continuation.aux.
*geometry* driver: auto-detecting
*geometry* detected driver: pdftex
(/usr/share/texlive/texmf-dist/tex/latex/graphics/graphicx.sty
(/usr/share/texlive/texmf-dist/tex/latex/graphics/graphics.sty
(/usr/share/texlive/texmf-dist/tex/latex/graphics/trig.sty)
(/usr/share/texlive/texmf-dist/tex/latex/graphics-cfg/graphics.cfg)
(/usr/share/texlive/texmf-dist/tex/latex/graphics-def/pdftex.def
(/usr/share/texlive/texmf-dist/tex/context/base/mkii/supp-pdf.mkii
[Loading MPS to PDF converter (version 2006.09.02).]
))) (/usr/share/texlive/texmf-dist/tex/latex/epstopdf-pkg/epstopdf-base.sty
(/usr/share/texlive/texmf-dist/tex/latex/latexconfig/epstopdf-sys.cfg)))
(/usr/share/texlive/texmf-dist/tex/latex/microtype/mt-cmr.cfg)
(/usr/share/texmf/tex/latex/lm/ot1lmr.fd)
(/usr/share/texmf/tex/latex/lm/omllmm.fd)
(/usr/share/texmf/tex/latex/lm/omslmsy.fd)
(/usr/share/texmf/tex/latex/lm/omxlmex.fd)
(/usr/share/texlive/texmf-dist/tex/latex/amsfonts/umsa.fd)
(/usr/share/texlive/texmf-dist/tex/latex/microtype/mt-msa.cfg)
(/usr/share/texlive/texmf-dist/tex/latex/amsfonts/umsb.fd)
(/usr/share/texlive/texmf-dist/tex/latex/microtype/mt-msb.cfg)
No file MD02_fixed_point_continuation.toc.

[1{/var/lib/texmf/fonts/map/pdftex/updmap/pdftex.map}{/usr/share/texmf/fonts/en
c/dvips/lm/lm-ec.enc}{/usr/share/texmf/fonts/enc/dvips/lm/lm-mathit.enc}{/usr/s
hare/texmf/fonts/enc/dvips/lm/lm-rm.enc}{/usr/share/texmf/fonts/enc/dvips/lm/lm
-mathsy.enc}]

LaTeX Warning: Citation `repo' on page 2 undefined on input line 52.


LaTeX Warning: Citation `contributing' on page 2 undefined on input line 52.


LaTeX Warning: Citation `paper' on page 2 undefined on input line 53.


LaTeX Warning: Citation `prior1' on page 2 undefined on input line 54.


LaTeX Warning: Citation `prior2' on page 2 undefined on input line 54.


LaTeX Warning: Reference `eq:lp' on page 2 undefined on input line 80.


LaTeX Warning: Reference `eq:lp' on page 2 undefined on input line 97.


[2{/usr/share/texmf/fonts/enc/dvips/lm/lm-mathex.enc}]

LaTeX Warning: Reference `eq:products' on page 3 undefined on input line 131.


LaTeX Warning: Reference `lem:orthogonal' on page 3 undefined on input line 145
.


LaTeX Warning: Reference `eq:products' on page 3 undefined on input line 145.


LaTeX Warning: Reference `lem:pair' on page 3 undefined on input line 177.


LaTeX Warning: Reference `eq:products' on page 3 undefined on input line 179.


[3]

LaTeX Warning: Reference `eq:fixed' on page 4 undefined on input line 183.


LaTeX Warning: Reference `eq:Ridentities' on page 4 undefined on input line 184
.


LaTeX Warning: Reference `eq:reconstruct' on page 4 undefined on input line 189
.


LaTeX Warning: Reference `lem:pair' on page 4 undefined on input line 192.


LaTeX Warning: Reference `prop:theta_interval' on page 4 undefined on input lin
e 196.


LaTeX Warning: Reference `eq:rootformula' on page 4 undefined on input line 197
.


LaTeX Warning: Reference `eq:convergence' on page 4 undefined on input line 238
.


LaTeX Warning: Reference `thm:criterion' on page 4 undefined on input line 248.



[4]

LaTeX Warning: Reference `thm:convergence' on page 5 undefined on input line 26
4.


LaTeX Warning: Reference `eq:rootformula' on page 5 undefined on input line 287
.


LaTeX Warning: Reference `eq:exactcriterion' on page 5 undefined on input line 
287.


LaTeX Warning: Reference `eq:necessarysufficient' on page 5 undefined on input 
line 298.


LaTeX Warning: Reference `eq:exactcriterion' on page 5 undefined on input line 
316.


[5]

LaTeX Warning: Reference `eq:first' on page 6 undefined on input line 356.


LaTeX Warning: Reference `eq:gder' on page 6 undefined on input line 372.


[6]

LaTeX Warning: Reference `thm:two' on page 7 undefined on input line 422.


LaTeX Warning: Reference `thm:two' on page 7 undefined on input line 429.


LaTeX Warning: Reference `thm:criterion' on page 7 undefined on input line 430.



LaTeX Warning: Reference `thm:convergence' on page 7 undefined on input line 43
1.


LaTeX Warning: Reference `eq:rootformula' on page 7 undefined on input line 435
.


[7] (/usr/share/texmf/tex/latex/lm/t1lmtt.fd)

LaTeX Warning: Reference `eq:missing' on page 8 undefined on input line 481.


LaTeX Warning: Reference `thm:fixed' on page 8 undefined on input line 486.


LaTeX Warning: Reference `thm:convergence' on page 8 undefined on input line 48
7.


Underfull \hbox (badness 10000) in paragraph at lines 488--488
[]|\T1/lmr/m/n/10.95 (+20) Proved equiv-a-

LaTeX Warning: Reference `thm:criterion' on page 8 undefined on input line 488.



Underfull \hbox (badness 1354) in paragraph at lines 488--489
[]|\T1/lmr/m/n/10.95 (+20) Concerns the con-verged root; The-o-

LaTeX Warning: Reference `thm:two' on page 8 undefined on input line 489.


LaTeX Warning: Reference `cor:clt' on page 8 undefined on input line 490.


Underfull \hbox (badness 10000) in paragraph at lines 490--491
[]|\T1/lmr/m/n/10.95 (+20) Independent triangular-array limit;

LaTeX Warning: Reference `eq:missing' on page 8 undefined on input line 491.


Underfull \hbox (badness 10000) in paragraph at lines 504--506
[]\T1/lmr/m/n/10.95 (+20) OpenProblemsInNLA. MD-02, ran-dom cir-cu-lant Lo-vasz
 theta, prob-lem

Underfull \hbox (badness 10000) in paragraph at lines 504--506
\T1/lmr/m/n/10.95 (+20) state-ment. []$\T1/lmtt/m/n/10.95 https : / / github . 
com / ajt60gaibb / OpenProblemsInNLA / tree / main /

[8]
Underfull \hbox (badness 5189) in paragraph at lines 507--510
\T1/lmtt/m/n/10.95 ajt60gaibb / OpenProblemsInNLA$[]\T1/lmr/m/n/10.95 (+20) ; [
]$\T1/lmtt/m/n/10.95 https : / / github . com / ajt60gaibb / OpenProblemsInNLA 
/

[9] (./MD02_fixed_point_continuation.aux)

LaTeX Warning: There were undefined references.


LaTeX Warning: Label(s) may have changed. Rerun to get cross-references right.


Package rerunfilecheck Warning: File `MD02_fixed_point_continuation.out' has ch
anged.
(rerunfilecheck)                Rerun to get outlines right
(rerunfilecheck)                or use package `bookmark'.

 )
(see the transcript file for additional information)</usr/share/texmf/fonts/typ
e1/public/lm/lmbx10.pfb></usr/share/texmf/fonts/type1/public/lm/lmbx12.pfb></us
r/share/texmf/fonts/type1/public/lm/lmex10.pfb></usr/share/texmf/fonts/type1/pu
blic/lm/lmmi10.pfb></usr/share/texmf/fonts/type1/public/lm/lmmi6.pfb></usr/shar
e/texmf/fonts/type1/public/lm/lmmi7.pfb></usr/share/texmf/fonts/type1/public/lm
/lmmi8.pfb></usr/share/texmf/fonts/type1/public/lm/lmr10.pfb></usr/share/texmf/
fonts/type1/public/lm/lmr17.pfb></usr/share/texmf/fonts/type1/public/lm/lmr7.pf
b></usr/share/texmf/fonts/type1/public/lm/lmr8.pfb></usr/share/texmf/fonts/type
1/public/lm/lmri10.pfb></usr/share/texmf/fonts/type1/public/lm/lmsy10.pfb></usr
/share/texmf/fonts/type1/public/lm/lmsy8.pfb></usr/share/texmf/fonts/type1/publ
ic/lm/lmtt10.pfb></usr/share/texlive/texmf-dist/fonts/type1/public/amsfonts/sym
bols/msbm10.pfb>
Output written on MD02_fixed_point_continuation.pdf (9 pages, 303979 bytes).
Transcript written on MD02_fixed_point_continuation.log.
