$ systemd-run --user --quiet --wait --pipe --collect -p 'RestrictAddressFamilies=~AF_UNIX' --working-directory /home/runner/work/_temp/nla-lean-tools/.verification-tmp/nla-fresh-proof-vsntx_ue/project /usr/bin/env -i PATH=/home/runner/.elan/toolchains/leanprover--lean4---v4.33.1/bin:/home/runner/.elan/bin:/home/runner/go/bin:/opt/hostedtoolcache/go/1.27.1/x64/bin:/snap/bin:/home/runner/.local/bin:/opt/pipx_bin:/home/runner/.cargo/bin:/home/runner/.config/composer/vendor/bin:/usr/local/.ghcup/bin:/home/runner/.dotnet/tools:/usr/local/sbin:/usr/local/bin:/usr/sbin:/usr/bin:/sbin:/bin:/usr/games:/usr/local/games:/snap/bin HOME=/home/runner LANG=C.UTF-8 XDG_RUNTIME_DIR=/run/user/1001 DBUS_SESSION_BUS_ADDRESS=unix:path=/run/user/1001/bus GIT_TERMINAL_PROMPT=0 GIT_CONFIG_NOSYSTEM=1 GIT_CONFIG_GLOBAL=/dev/null COMPARATOR_BIN=/home/runner/work/_temp/nla-lean-tools/.tools/comparator/.lake/build/bin/comparator COMPARATOR_LEAN4EXPORT=/home/runner/work/_temp/nla-lean-tools/.tools/lean4export/.lake/build/bin/lean4export COMPARATOR_LANDRUN=/home/runner/work/_temp/nla-lean-tools/scripts/strict_landrun.py XDG_CACHE_HOME=/home/runner/work/_temp/nla-lean-tools/.tools/cache TMPDIR=/home/runner/work/_temp/nla-lean-tools/.verification-tmp lake env /home/runner/work/_temp/nla-lean-tools/.tools/comparator/.lake/build/bin/comparator comparator.json
Building Challenge
✔ [2708/2710] Built NLA.MI21.Definitions (1.0s)
⚠ [2709/2710] Built Challenge (1.7s)
warning: Challenge.lean:14:8: declaration uses `sorry`
warning: Challenge.lean:20:8: declaration uses `sorry`
warning: Challenge.lean:35:8: declaration uses `sorry`
Build completed successfully (2710 jobs).
Exporting #[Quot, Quot.mk, Quot.lift, Quot.ind, NLA.MI21.operatorNorm_isUnitaryInvariant, NLA.MI21.counterexample, NLA.MI21.not_geometricMeanNormConjecture, propext, Classical.choice, Quot.sound, Nat.add, Nat.sub, Nat.mul, Nat.pow, Nat.gcd, Nat.div, Nat.mod, Nat.beq, Nat.ble, Nat.land, Nat.lor, Nat.xor, Nat.shiftLeft, Nat.shiftRight, String.ofList, Char.ofNat, List, eagerReduce, Nat, String, String.mk, Char, optParam, autoParam, semiOutParam, outParam] from Challenge
Building Solution
✔ [3009/3042] Built LeanCert.Core.Interval (2.0s)
✔ [3010/3042] Built LeanCert.Core.DerivativeIntervals (3.7s)
✔ [3011/3049] Built LeanCert.Contrib.Sinc (4.9s)
✔ [3012/3049] Built LeanCert.Core.Expr (6.0s)
✔ [3013/3053] Built LeanCert.Core.Dyadic (4.8s)
✔ [3014/3053] Built LeanCert.Tactic.Verification (5.5s)
✔ [3015/3053] Built LeanCert.Core.IntervalRat.Basic (9.5s)
✔ [3016/3054] Built LeanCert.Core.Taylor (8.8s)
✔ [3017/3054] Built LeanCert.Core.Support (3.3s)
✔ [3018/3054] Built LeanCert.Core.IntervalRat.LogReduction (5.7s)
✔ [3019/3054] Built LeanCert.Tactic.LeanCert.Bridge.Environment (2.9s)
✔ [3020/3054] Built LeanCert.Meta.Numeral (4.0s)
✔ [3021/3054] Built LeanCert.Engine.Eval.Result (2.8s)
✔ [3022/3054] Built LeanCert.Tactic.NumericalRefinement (696ms)
✔ [3023/3054] Built LeanCert.Core.TrigReduction (3.1s)
✔ [3024/3054] Built LeanCert.Tactic.IntervalAuto.Types (3.6s)
✔ [3025/3054] Built LeanCert.Core.IntervalRat.Transcendental (4.7s)
✔ [3026/3141] Built LeanCert.Tactic.IntervalAuto.Extract (2.0s)
✔ [3079/3147] Built LeanCert.Tactic.IntervalAuto.Norm (3.9s)
✔ [3080/3147] Built LeanCert.Meta.ToExpr (5.5s)
✔ [3081/3147] Built LeanCert.Tactic.LeanCert.Normalize (3.7s)
✔ [3082/3147] Built LeanCert.Tactic.IntervalAuto.Parse (4.8s)
✔ [3083/3147] Built LeanCert.Core.IntervalRat.Taylor (13s)
✔ [3084/3147] Built LeanCert.Tactic.IntervalAuto.Diagnostic (2.1s)
✔ [3085/3147] Built LeanCert.Core.IntervalReal (1.7s)
✔ [3086/3147] Built LeanCert.Core.IntervalRat.TrigReduced (2.0s)
✔ [3087/3147] Built LeanCert.Core.IntervalRealEndpoints (4.6s)
✔ [3088/3147] Built LeanCert.Engine.Affine.Basic (5.0s)
✔ [3089/3147] Built LeanCert.Core.IntervalDyadic (6.8s)
✔ [3090/3147] Built LeanCert.Engine.Affine.Nonlinear (3.9s)
✔ [3091/3147] Built LeanCert.Engine.Eval.Core (5.6s)
✔ [3092/3147] Built LeanCert.Engine.Eval.Extended (2.4s)
✔ [3093/3147] Built LeanCert.Engine.Bounds.Lemmas (1.7s)
✔ [3094/3147] Built LeanCert.Engine.IntervalEval (1.6s)
✔ [3095/3147] Built LeanCert.Validity.Bounds.Checked (2.7s)
✔ [3096/3147] Built LeanCert.Validity.Bounds.Core (2.8s)
✔ [3097/3147] Built LeanCert.Engine.Affine.Transcendental (4.5s)
✔ [3098/3147] Built LeanCert.Engine.IntervalEvalDyadic (6.1s)
✔ [3099/3147] Built LeanCert.Engine.Optimization.Box (3.7s)
✔ [3100/3147] Built LeanCert.Engine.RootFinding.Basic (5.4s)
✔ [3101/3147] Built LeanCert.Engine.AD.Basic (3.4s)
✔ [3102/3147] Built LeanCert.Engine.Integrate (6.8s)
✔ [3103/3147] Built LeanCert.Validity.DyadicBounds (4.2s)
✔ [3104/3147] Built LeanCert.Engine.IntervalEvalAffine (6.3s)
✔ [3105/3147] Built LeanCert.Engine.TaylorModel.Core (9.1s)
✔ [3106/3147] Built LeanCert.Engine.RootFinding.Bisection (5.3s)
✔ [3107/3147] Built LeanCert.Engine.TaylorModel.Integral (3.3s)
✔ [3108/3147] Built LeanCert.Engine.Affine.Environment (4.0s)
✔ [3109/3147] Built LeanCert.Engine.AD.Transcendental (4.5s)
✔ [3110/3147] Built LeanCert.Engine.TaylorModel.Special (2.9s)
✔ [3111/3147] Built LeanCert.Engine.AD.Eval (4.6s)
✔ [3112/3147] Built LeanCert.Engine.TaylorModel.ExpLog (8.3s)
✔ [3113/3147] Built LeanCert.Engine.AD.Correctness (4.9s)
✔ [3114/3147] Built LeanCert.Engine.TaylorModel.Trig (10s)
✔ [3115/3147] Built LeanCert.Engine.TaylorModel.Hyperbolic (12s)
✔ [3116/3147] Built LeanCert.Engine.AD.Computable (3.4s)
✔ [3117/3147] Built LeanCert.Engine.TaylorModel.Functions (2.2s)
✔ [3118/3147] Built LeanCert.Engine.AD.PartialCorrectness (5.0s)
✔ [3119/3147] Built LeanCert.Engine.AD.DomainChecked (2.7s)
✔ [3120/3147] Built LeanCert.Engine.TaylorModel.Expr (3.6s)
✔ [3121/3147] Built LeanCert.Engine.AD.Dyadic (2.0s)
✔ [3122/3147] Built LeanCert.Engine.TaylorModel (1.9s)
✔ [3123/3147] Built LeanCert.Engine.AD (1.6s)
✔ [3124/3147] Built LeanCert.Meta.ProveSupported (3.6s)
✔ [3125/3147] Built LeanCert.Validity.Bounds.Smart (3.6s)
✔ [3126/3147] Built LeanCert.Engine.IntervalEvalRefined (3.9s)
✔ [3127/3147] Built LeanCert.Engine.Optimize (5.0s)
✔ [3128/3147] Built LeanCert.Validity.Bounds.Bridge (3.5s)
✔ [3129/3147] Built LeanCert.Meta.ProveContinuous (4.8s)
✔ [3130/3147] Built LeanCert.Tactic.IntervalAuto.ProveCommon (5.3s)
✔ [3131/3147] Built LeanCert.Validity.Bounds.Basic (3.1s)
✔ [3132/3147] Built LeanCert.Engine.Optimization.Gradient (5.9s)
✔ [3133/3147] Built LeanCert.Engine.RootFinding.Newton (4.9s)
✔ [3134/3147] Built LeanCert.Tactic.IntervalAuto.Basic (3.2s)
✔ [3135/3147] Built LeanCert.Validity.Integration (5.8s)
✔ [3136/3147] Built LeanCert.Engine.RootFinding.Krawczyk (6.2s)
✔ [3137/3147] Built LeanCert.Engine.RootFinding.MVTBounds (8.2s)
✔ [3138/3147] Built LeanCert.Engine.RootFinding.Contraction (3.8s)
✔ [3139/3147] Built LeanCert.Engine.RootFinding.Main (1.7s)
✔ [3140/3147] Built LeanCert.Engine.Optimization.Global (16s)
✔ [3141/3147] Built LeanCert.Engine.Optimization.BoundVerify (2.3s)
✔ [3142/3147] Built LeanCert.Validity.Bounds (3.0s)
✔ [3143/3147] Built LeanCert.Tactic.IntervalAuto.Bound (9.0s)
✔ [3144/3147] Built LeanCert.Tactic.IntervalAuto.PointIneq (5.5s)
ℹ [3145/3147] Built NLA.MI21.Proof (5.2s)
info: NLA/MI21/Proof.lean:376:0: 'NLA.MI21.operatorNorm_isUnitaryInvariant_proved' depends on axioms: [propext, Classical.choice, Quot.sound]
info: NLA/MI21/Proof.lean:377:0: 'NLA.MI21.geometricMean_eq_of_riccati' depends on axioms: [propext, Classical.choice, Quot.sound]
info: NLA/MI21/Proof.lean:378:0: 'NLA.MI21.mean_squared_of_scaled_riccati' depends on axioms: [propext, Classical.choice, Quot.sound]
info: NLA/MI21/Proof.lean:379:0: 'NLA.MI21.witness_left_matrix' depends on axioms: [propext, Classical.choice, Quot.sound]
info: NLA/MI21/Proof.lean:380:0: 'NLA.MI21.real_eigenvalue_le_operatorNorm' depends on axioms: [propext, Classical.choice, Quot.sound]
info: NLA/MI21/Proof.lean:381:0: 'NLA.MI21.witness_eigenvalue_gt_one' depends on axioms: [propext, Classical.choice, Quot.sound]
info: NLA/MI21/Proof.lean:382:0: 'NLA.MI21.counterexample_proved' depends on axioms: [propext, Classical.choice, Quot.sound]
info: NLA/MI21/Proof.lean:383:0: 'NLA.MI21.not_geometricMeanNormConjecture_proved' depends on axioms: [propext, Classical.choice, Quot.sound]
ℹ [3146/3147] Built Solution (2.1s)
info: Solution.lean:50:0: 'NLA.MI21.operatorNorm_isUnitaryInvariant' depends on axioms: [propext, Classical.choice, Quot.sound]
info: Solution.lean:51:0: 'NLA.MI21.counterexample' depends on axioms: [propext, Classical.choice, Quot.sound]
info: Solution.lean:52:0: 'NLA.MI21.not_geometricMeanNormConjecture' depends on axioms: [propext, Classical.choice, Quot.sound]
Build completed successfully (3147 jobs).
Exporting #[Quot, Quot.mk, Quot.lift, Quot.ind, NLA.MI21.operatorNorm_isUnitaryInvariant, NLA.MI21.counterexample, NLA.MI21.not_geometricMeanNormConjecture, propext, Classical.choice, Quot.sound, Nat.add, Nat.sub, Nat.mul, Nat.pow, Nat.gcd, Nat.div, Nat.mod, Nat.beq, Nat.ble, Nat.land, Nat.lor, Nat.xor, Nat.shiftLeft, Nat.shiftRight, String.ofList, Char.ofNat, List, eagerReduce, Nat, String, String.mk, Char, optParam, autoParam, semiOutParam, outParam] from Solution
Running Lean default kernel on solution.
Lean default kernel accepts the solution
Your solution is okay!

EXIT_STATUS=0
