Independent partial module review by AI /root/infrastructure_audit, no authorship in the reviewed modules, authored other IE22 and vendored IE21 modules; cached dependencies, no full Linux claim.
COMMAND ["/private/tmp/nla-campaign-toolchain/lean-4.33.1-darwin_aarch64/bin/lean", "-o", "/private/tmp/nla-ie22-supremum-spherical-referee-v3fepi2b/NLA/IE22/Definitions.olean", "NLA/IE22/Definitions.lean"]
EXIT 0
COMMAND ["/private/tmp/nla-campaign-toolchain/lean-4.33.1-darwin_aarch64/bin/lean", "-o", "/private/tmp/nla-ie22-supremum-spherical-referee-v3fepi2b/NLA/IE22/SupremumSemantics.olean", "NLA/IE22/SupremumSemantics.lean"]
EXIT 0
COMMAND ["/private/tmp/nla-campaign-toolchain/lean-4.33.1-darwin_aarch64/bin/lean", "-o", "/private/tmp/nla-ie22-supremum-spherical-referee-v3fepi2b/NLA/IE22/SphericalRealization.olean", "NLA/IE22/SphericalRealization.lean"]
EXIT 0
COMMAND ["/private/tmp/nla-campaign-toolchain/lean-4.33.1-darwin_aarch64/bin/lean", "-o", "/private/tmp/nla-ie22-supremum-spherical-referee-v3fepi2b/reviews/supremum-spherical-referee-infrastructure-evidence/ExactTypesAndAxioms.olean", "reviews/supremum-spherical-referee-infrastructure-evidence/ExactTypesAndAxioms.lean"]
'NLA.IE22.continuous_normalizedSingular' depends on axioms: [propext, Classical.choice, Quot.sound]
'NLA.IE22.isCompact_unitRows' depends on axioms: [propext, Classical.choice, Quot.sound]
'NLA.IE22.unitRows_nonempty' depends on axioms: [propext, Classical.choice, Quot.sound]
'NLA.IE22.unitRowValues_eq_image' depends on axioms: [propext, Classical.choice, Quot.sound]
'NLA.IE22.normalizedSingular_nonneg_sq' depends on axioms: [propext, Classical.choice, Quot.sound]
'NLA.IE22.normalizedSingular_le_sqrt_dim' depends on axioms: [propext, Classical.choice, Quot.sound]
'NLA.IE22.supremum_semantics' depends on axioms: [propext, Classical.choice, Quot.sound]
'NLA.IE22.constant_semantics' depends on axioms: [propext, Classical.choice, Quot.sound]
'NLA.IE22.spherical_realization_from_finite_bound' depends on axioms: [propext, Classical.choice, Quot.sound]
'NLA.IE22.trimming_error_le_ratio_error' depends on axioms: [propext, Classical.choice, Quot.sound]
'NLA.IE22.high_aspect_near_extremizers' depends on axioms: [propext, Classical.choice, Quot.sound]
EXIT 0
