Definitions

GaussianNull
'NLA.IE06.GaussianNull.polynomial_ne_zero_ae' depends on axioms: [propext, Classical.choice, Quot.sound]
'NLA.IE06.GaussianNull.gaussian_minor_det_ne_zero' depends on axioms: [propext, Classical.choice, Quot.sound]
'NLA.IE06.gaussianMatrix_singular_null_proved' depends on axioms: [propext, Classical.choice, Quot.sound]

GaussianQuadratic
'NLA.IE06.GaussianQuadratic.scalar_quadratic_mgf' depends on axioms: [propext, Classical.choice, Quot.sound]
'NLA.IE06.GaussianQuadratic.weighted_quadratic_mgf' depends on axioms: [propext, Classical.choice, Quot.sound]
'NLA.IE06.GaussianQuadratic.scalar_mgf_bound' depends on axioms: [propext, Classical.choice, Quot.sound]
'NLA.IE06.GaussianQuadratic.weighted_mgf_bound' depends on axioms: [propext, Classical.choice, Quot.sound]
'NLA.IE06.GaussianQuadratic.weighted_square_tail' depends on axioms: [propext, Classical.choice, Quot.sound]

GaussianFrobenius
'NLA.IE06.GaussianFrobenius.centered_gaussian_frobenius_tail' depends on axioms: [propext, Classical.choice, Quot.sound]

GaussianSmallest
'NLA.IE06.GaussianSmallest.stdGaussian_density' depends on axioms: [propext, Classical.choice, Quot.sound]
'NLA.IE06.GaussianSmallest.gaussian_norm_moment' depends on axioms: [propext, Classical.choice, Quot.sound]
'NLA.IE06.GaussianSmallest.gaussian_inverse_norm_moment' depends on axioms: [propext, Classical.choice, Quot.sound]
'NLA.IE06.GaussianSmallest.gaussian_sumSquares_moment' depends on axioms: [propext, Classical.choice, Quot.sound]
'NLA.IE06.GaussianSmallest.gaussian_inverse_sumSquares_moment' depends on axioms: [propext,
 Classical.choice,
 Quot.sound]

GaussianRegression
'NLA.IE06.GaussianRegression.gram_posDef_ae' depends on axioms: [propext, Classical.choice, Quot.sound]
'NLA.IE06.GaussianRegression.rotateColumns_measurePreserving' depends on axioms: [propext, Classical.choice, Quot.sound]
'NLA.IE06.GaussianRegression.inverse_gram_first_diagonal' depends on axioms: [propext, Classical.choice, Quot.sound]
'NLA.IE06.GaussianRegression.projected_inverse_norm_moment' depends on axioms: [propext, Classical.choice, Quot.sound]
'NLA.IE06.GaussianRegression.residual_inverse_norm_moment' depends on axioms: [propext, Classical.choice, Quot.sound]
'NLA.IE06.GaussianRegression.inverse_gram_first_moment' depends on axioms: [propext, Classical.choice, Quot.sound]
'NLA.IE06.GaussianRegression.directionalQuadratic_rotateColumns' depends on axioms: [propext,
 Classical.choice,
 Quot.sound]
'NLA.IE06.GaussianRegression.directional_inverse_gram_moment' depends on axioms: [propext, Classical.choice, Quot.sound]

GaussianDeterminantMoments
'NLA.IE06.GaussianDeterminantMoments.gaussian_inverse_gram_det_moment' depends on axioms: [propext,
 Classical.choice,
 Quot.sound]

GaussianPrincipalMoments
'NLA.IE06.GaussianPrincipalMoments.gaussian_detRatio_moment' depends on axioms: [propext, Classical.choice, Quot.sound]
'NLA.IE06.GaussianPrincipalMoments.gaussian_principal_inverse_det_moment' depends on axioms: [propext,
 Classical.choice,
 Quot.sound]
'NLA.IE06.GaussianPrincipalMoments.gaussian_principal_submatrix_moment' depends on axioms: [propext,
 Classical.choice,
 Quot.sound]
'NLA.IE06.GaussianPrincipalMoments.gaussian_principal_subset_moment' depends on axioms: [propext,
 Classical.choice,
 Quot.sound]

GaussianOvercrowdingScalars
'NLA.IE06.GaussianOvercrowdingScalars.dimensions' depends on axioms: [propext, Classical.choice, Quot.sound]
'NLA.IE06.GaussianOvercrowdingScalars.exponent_bound' depends on axioms: [propext, Classical.choice, Quot.sound]
'NLA.IE06.GaussianOvercrowdingScalars.factorial_inverse_le' depends on axioms: [propext, Classical.choice, Quot.sound]
'NLA.IE06.GaussianOvercrowdingScalars.choose_le_exp_bound' depends on axioms: [propext, Classical.choice, Quot.sound]
'NLA.IE06.GaussianOvercrowdingScalars.factorial_le_moment_denominator' depends on axioms: [propext,
 Classical.choice,
 Quot.sound]
'NLA.IE06.GaussianOvercrowdingScalars.inverse_moment_denominator_le' depends on axioms: [propext,
 Classical.choice,
 Quot.sound]
'NLA.IE06.GaussianOvercrowdingScalars.scalar_threshold' depends on axioms: [propext, Classical.choice, Quot.sound]
'NLA.IE06.GaussianOvercrowdingScalars.moment_union_scalar' depends on axioms: [propext, Classical.choice, Quot.sound]
'NLA.IE06.GaussianOvercrowdingScalars.overcrowding_scalar' depends on axioms: [propext, Classical.choice, Quot.sound]

GaussianPrincipalTail
'NLA.IE06.GaussianPrincipalTail.principal_union_tail' depends on axioms: [propext, Classical.choice, Quot.sound]

Spectral
'NLA.IE06.Spectral.euclideanMap' depends on axioms: [propext, Classical.choice, Quot.sound]
'NLA.IE06.Spectral.opNorm' depends on axioms: [propext, Classical.choice, Quot.sound]
'NLA.IE06.Spectral.singularValue' depends on axioms: [propext, Classical.choice, Quot.sound]
'NLA.IE06.Spectral.pinv' depends on axioms: [propext, Classical.choice, Quot.sound]
'NLA.IE06.Spectral.opNorm_eq_l2' depends on axioms: [propext, Classical.choice, Quot.sound]
'NLA.IE06.Spectral.opNorm_nonneg' depends on axioms: [propext, Classical.choice, Quot.sound]
'NLA.IE06.Spectral.singularValue_nonneg' depends on axioms: [propext, Classical.choice, Quot.sound]
'NLA.IE06.Spectral.singularValue_antitone' depends on axioms: [propext, Classical.choice, Quot.sound]
'NLA.IE06.Spectral.singularValue_pos_iff' depends on axioms: [propext, Classical.choice, Quot.sound]
'NLA.IE06.Spectral.singularValue_eq_zero_iff' depends on axioms: [propext, Classical.choice, Quot.sound]
'NLA.IE06.Spectral.pinv_spectral_formula' depends on axioms: [propext, Classical.choice, Quot.sound]
'NLA.IE06.Spectral.pinv_eq_gram_inverse' depends on axioms: [propext, Classical.choice, Quot.sound]
'NLA.IE06.Spectral.mul_pinv_eq_one' depends on axioms: [propext, Classical.choice, Quot.sound]
'NLA.IE06.Spectral.pinv_gram' depends on axioms: [propext, Classical.choice, Quot.sound]
'NLA.IE06.Spectral.opNorm_pinv_sq_eq_gram_inverse' depends on axioms: [propext, Classical.choice, Quot.sound]
'NLA.IE06.Spectral.pinv_eq_gram_inverse_of_posDef' depends on axioms: [propext, Classical.choice, Quot.sound]
'NLA.IE06.Spectral.opNorm_pinv_sq_eq_gram_inverse_of_posDef' depends on axioms: [propext, Classical.choice, Quot.sound]
'NLA.IE06.Spectral.gram_posDef_of_surjective' depends on axioms: [propext, Classical.choice, Quot.sound]

Vendor/SLT/MatrixInfra/Basic
'Matrix.singularValues' depends on axioms: [propext, Classical.choice, Quot.sound]
'Matrix.singularValues_toEuclideanLin' depends on axioms: [propext, Classical.choice, Quot.sound]
'Matrix.singularValues_nonneg' depends on axioms: [propext, Classical.choice, Quot.sound]
'Matrix.singularValues_antitone' depends on axioms: [propext, Classical.choice, Quot.sound]
'Matrix.singularValues_fin' depends on axioms: [propext, Classical.choice, Quot.sound]
'Matrix.singularValues_of_card_le' depends on axioms: [propext, Classical.choice, Quot.sound]
'Matrix.sq_singularValues_fin' depends on axioms: [propext, Classical.choice, Quot.sound]
'Matrix.hasEigenvalue_adjoint_comp_self_sq_singularValues' depends on axioms: [propext, Classical.choice, Quot.sound]
'Matrix.conjTranspose_mul_self_toEuclideanLin' depends on axioms: [propext, Classical.choice, Quot.sound]
'Matrix.hasEigenvalue_conjTranspose_mul_self_sq_singularValues' depends on axioms: [propext,
 Classical.choice,
 Quot.sound]
'Matrix.support_singularValues' depends on axioms: [propext, Classical.choice, Quot.sound]
'Matrix.singularValues_pos_iff_lt_finrank_range' depends on axioms: [propext, Classical.choice, Quot.sound]
'Matrix.singularValues_eq_zero_iff_le_finrank_range' depends on axioms: [propext, Classical.choice, Quot.sound]
'Matrix.injective_toEuclideanLin_iff_singularValues_pos' depends on axioms: [propext, Classical.choice, Quot.sound]
'Matrix.rightSingularVectorBasis' depends on axioms: [propext, Classical.choice, Quot.sound]
'Matrix.adjoint_comp_self_apply_rightSingularVectorBasis' depends on axioms: [propext, Classical.choice, Quot.sound]
'Matrix.leftSingularVector' depends on axioms: [propext, Classical.choice, Quot.sound]
'Matrix.apply_rightSingularVectorBasis_eq_smul_leftSingularVector' depends on axioms: [propext,
 Classical.choice,
 Quot.sound]
'Matrix.apply_rightSingularVectorBasis_eq_zero_of_singularValues_eq_zero' depends on axioms: [propext,
 Classical.choice,
 Quot.sound]
'Matrix.apply_rightSingularVectorBasis_eq_smul_leftSingularVector'' depends on axioms: [propext,
 Classical.choice,
 Quot.sound]
'Matrix.norm_apply_rightSingularVectorBasis' depends on axioms: [propext, Classical.choice, Quot.sound]
'Matrix.norm_leftSingularVector_of_singularValues_ne_zero' depends on axioms: [propext, Classical.choice, Quot.sound]
'Matrix.orthonormal_leftSingularVector_of_singularValues_ne_zero' depends on axioms: [propext,
 Classical.choice,
 Quot.sound]
'Matrix.toEuclideanLin_apply_eq_sum_singularValue_leftSingularVector' depends on axioms: [propext,
 Classical.choice,
 Quot.sound]
'Matrix.toEuclideanLin_apply_eq_sum_singularValue_rankOne' depends on axioms: [propext, Classical.choice, Quot.sound]
'Matrix.vecMulVec_star_toEuclideanLin_eq_rankOne' depends on axioms: [propext, Classical.choice, Quot.sound]
'Matrix.eq_sum_singularValue_vecMulVec' depends on axioms: [propext, Classical.choice, Quot.sound]
'Matrix.leftSingularMatrix' depends on axioms: [propext, Classical.choice, Quot.sound]
'Matrix.singularValueDiagonalMatrix' depends on axioms: [propext, Classical.choice, Quot.sound]
'Matrix.rightSingularMatrix' depends on axioms: [propext, Classical.choice, Quot.sound]
'Matrix.rightSingularMatrix_conjTranspose_mul_self' depends on axioms: [propext, Classical.choice, Quot.sound]
'Matrix.rightSingularMatrix_mul_conjTranspose' depends on axioms: [propext, Classical.choice, Quot.sound]
'Matrix.eq_leftSingularMatrix_mul_diagonal_mul_conjTranspose_rightSingularMatrix' depends on axioms: [propext,
 Classical.choice,
 Quot.sound]
'Matrix.adjoint_comp_self_apply_eq_sum_sq_singularValue_rankOne' depends on axioms: [propext,
 Classical.choice,
 Quot.sound]
'Matrix.conjTranspose_mul_self_eq_sum_sq_singularValue_vecMulVec' depends on axioms: [propext,
 Classical.choice,
 Quot.sound]
'Matrix.mul_conjTranspose_toEuclideanLin' depends on axioms: [propext, Classical.choice, Quot.sound]
'Matrix.self_adjoint_apply_eq_sum_sq_singularValue_leftRankOne' depends on axioms: [propext,
 Classical.choice,
 Quot.sound]
'Matrix.mul_conjTranspose_eq_sum_sq_singularValue_vecMulVec' depends on axioms: [propext, Classical.choice, Quot.sound]
'Matrix.self_adjoint_apply_leftSingularVector' depends on axioms: [propext, Classical.choice, Quot.sound]
'Matrix.IsHermitian.eigenvaluesToEuclideanLin' depends on axioms: [propext, Classical.choice, Quot.sound]
'Matrix.IsHermitian.eigenvectorBasisToEuclideanLin' depends on axioms: [propext, Classical.choice, Quot.sound]
'Matrix.IsHermitian.apply_eigenvectorBasisToEuclideanLin' depends on axioms: [propext, Classical.choice, Quot.sound]
'Matrix.IsHermitian.spectral_decomposition_toEuclideanLin' depends on axioms: [propext, Classical.choice, Quot.sound]
'Matrix.IsHermitian.eq_sum_eigenvalue_vecMulVec' depends on axioms: [propext, Classical.choice, Quot.sound]
'Submodule.starProjection_isSymmetricProjection' depends on axioms: [propext, Classical.choice, Quot.sound]
'Submodule.starProjection_eq_self_iff_mem' depends on axioms: [propext, Classical.choice, Quot.sound]
'Submodule.orthogonalProjectionOnto_apply_eq_sum' depends on axioms: [propext, Classical.choice, Quot.sound]
'Submodule.orthogonalProjectionOnto_eq_sum_rankOne' depends on axioms: [propext, Classical.choice, Quot.sound]
'Submodule.starProjection_apply_eq_sum' depends on axioms: [propext, Classical.choice, Quot.sound]
'Submodule.starProjection_eq_sum_rankOne' depends on axioms: [propext, Classical.choice, Quot.sound]

Vendor/SLT/MatrixInfra/CourantFischer
NLA/IE06/Vendor/SLT/MatrixInfra/CourantFischer.lean:195:2: warning: Try this: 
  haveI̵

The goal is a proposition, so `have` is preferred over `haveI`.
The difference between `have` and `haveI` is that `haveI` inlines the value.
But this is not relevant for proofs because of proof irrelevance.

Note: This linter can be disabled with `set_option linter.style.haveILetI false`
NLA/IE06/Vendor/SLT/MatrixInfra/CourantFischer.lean:208:2: warning: Try this: 
  haveI̵

The goal is a proposition, so `have` is preferred over `haveI`.
The difference between `have` and `haveI` is that `haveI` inlines the value.
But this is not relevant for proofs because of proof irrelevance.

Note: This linter can be disabled with `set_option linter.style.haveILetI false`
NLA/IE06/Vendor/SLT/MatrixInfra/CourantFischer.lean:222:2: warning: Try this: 
  haveI̵

The goal is a proposition, so `have` is preferred over `haveI`.
The difference between `have` and `haveI` is that `haveI` inlines the value.
But this is not relevant for proofs because of proof irrelevance.

Note: This linter can be disabled with `set_option linter.style.haveILetI false`
NLA/IE06/Vendor/SLT/MatrixInfra/CourantFischer.lean:225:2: warning: Try this: 
  haveI̵

The goal is a proposition, so `have` is preferred over `haveI`.
The difference between `have` and `haveI` is that `haveI` inlines the value.
But this is not relevant for proofs because of proof irrelevance.

Note: This linter can be disabled with `set_option linter.style.haveILetI false`
NLA/IE06/Vendor/SLT/MatrixInfra/CourantFischer.lean:241:2: warning: Try this: 
  haveI̵

The goal is a proposition, so `have` is preferred over `haveI`.
The difference between `have` and `haveI` is that `haveI` inlines the value.
But this is not relevant for proofs because of proof irrelevance.

Note: This linter can be disabled with `set_option linter.style.haveILetI false`
NLA/IE06/Vendor/SLT/MatrixInfra/CourantFischer.lean:244:2: warning: Try this: 
  haveI̵

The goal is a proposition, so `have` is preferred over `haveI`.
The difference between `have` and `haveI` is that `haveI` inlines the value.
But this is not relevant for proofs because of proof irrelevance.

Note: This linter can be disabled with `set_option linter.style.haveILetI false`
NLA/IE06/Vendor/SLT/MatrixInfra/CourantFischer.lean:278:2: warning: Try this: 
  haveI̵

The goal is a proposition, so `have` is preferred over `haveI`.
The difference between `have` and `haveI` is that `haveI` inlines the value.
But this is not relevant for proofs because of proof irrelevance.

Note: This linter can be disabled with `set_option linter.style.haveILetI false`
NLA/IE06/Vendor/SLT/MatrixInfra/CourantFischer.lean:309:2: warning: Try this: 
  haveI̵

The goal is a proposition, so `have` is preferred over `haveI`.
The difference between `have` and `haveI` is that `haveI` inlines the value.
But this is not relevant for proofs because of proof irrelevance.

Note: This linter can be disabled with `set_option linter.style.haveILetI false`
NLA/IE06/Vendor/SLT/MatrixInfra/CourantFischer.lean:340:2: warning: Try this: 
  haveI̵

The goal is a proposition, so `have` is preferred over `haveI`.
The difference between `have` and `haveI` is that `haveI` inlines the value.
But this is not relevant for proofs because of proof irrelevance.

Note: This linter can be disabled with `set_option linter.style.haveILetI false`
NLA/IE06/Vendor/SLT/MatrixInfra/CourantFischer.lean:343:2: warning: Try this: 
  haveI̵

The goal is a proposition, so `have` is preferred over `haveI`.
The difference between `have` and `haveI` is that `haveI` inlines the value.
But this is not relevant for proofs because of proof irrelevance.

Note: This linter can be disabled with `set_option linter.style.haveILetI false`
NLA/IE06/Vendor/SLT/MatrixInfra/CourantFischer.lean:381:2: warning: Try this: 
  haveI̵

The goal is a proposition, so `have` is preferred over `haveI`.
The difference between `have` and `haveI` is that `haveI` inlines the value.
But this is not relevant for proofs because of proof irrelevance.

Note: This linter can be disabled with `set_option linter.style.haveILetI false`
NLA/IE06/Vendor/SLT/MatrixInfra/CourantFischer.lean:384:2: warning: Try this: 
  haveI̵

The goal is a proposition, so `have` is preferred over `haveI`.
The difference between `have` and `haveI` is that `haveI` inlines the value.
But this is not relevant for proofs because of proof irrelevance.

Note: This linter can be disabled with `set_option linter.style.haveILetI false`
NLA/IE06/Vendor/SLT/MatrixInfra/CourantFischer.lean:508:2: warning: Try this: 
  haveI̵

The goal is a proposition, so `have` is preferred over `haveI`.
The difference between `have` and `haveI` is that `haveI` inlines the value.
But this is not relevant for proofs because of proof irrelevance.

Note: This linter can be disabled with `set_option linter.style.haveILetI false`
NLA/IE06/Vendor/SLT/MatrixInfra/CourantFischer.lean:521:2: warning: Try this: 
  haveI̵

The goal is a proposition, so `have` is preferred over `haveI`.
The difference between `have` and `haveI` is that `haveI` inlines the value.
But this is not relevant for proofs because of proof irrelevance.

Note: This linter can be disabled with `set_option linter.style.haveILetI false`
NLA/IE06/Vendor/SLT/MatrixInfra/CourantFischer.lean:535:2: warning: Try this: 
  haveI̵

The goal is a proposition, so `have` is preferred over `haveI`.
The difference between `have` and `haveI` is that `haveI` inlines the value.
But this is not relevant for proofs because of proof irrelevance.

Note: This linter can be disabled with `set_option linter.style.haveILetI false`
NLA/IE06/Vendor/SLT/MatrixInfra/CourantFischer.lean:538:2: warning: Try this: 
  haveI̵

The goal is a proposition, so `have` is preferred over `haveI`.
The difference between `have` and `haveI` is that `haveI` inlines the value.
But this is not relevant for proofs because of proof irrelevance.

Note: This linter can be disabled with `set_option linter.style.haveILetI false`
NLA/IE06/Vendor/SLT/MatrixInfra/CourantFischer.lean:554:2: warning: Try this: 
  haveI̵

The goal is a proposition, so `have` is preferred over `haveI`.
The difference between `have` and `haveI` is that `haveI` inlines the value.
But this is not relevant for proofs because of proof irrelevance.

Note: This linter can be disabled with `set_option linter.style.haveILetI false`
NLA/IE06/Vendor/SLT/MatrixInfra/CourantFischer.lean:557:2: warning: Try this: 
  haveI̵

The goal is a proposition, so `have` is preferred over `haveI`.
The difference between `have` and `haveI` is that `haveI` inlines the value.
But this is not relevant for proofs because of proof irrelevance.

Note: This linter can be disabled with `set_option linter.style.haveILetI false`
NLA/IE06/Vendor/SLT/MatrixInfra/CourantFischer.lean:590:2: warning: Try this: 
  haveI̵

The goal is a proposition, so `have` is preferred over `haveI`.
The difference between `have` and `haveI` is that `haveI` inlines the value.
But this is not relevant for proofs because of proof irrelevance.

Note: This linter can be disabled with `set_option linter.style.haveILetI false`
NLA/IE06/Vendor/SLT/MatrixInfra/CourantFischer.lean:621:2: warning: Try this: 
  haveI̵

The goal is a proposition, so `have` is preferred over `haveI`.
The difference between `have` and `haveI` is that `haveI` inlines the value.
But this is not relevant for proofs because of proof irrelevance.

Note: This linter can be disabled with `set_option linter.style.haveILetI false`
NLA/IE06/Vendor/SLT/MatrixInfra/CourantFischer.lean:652:2: warning: Try this: 
  haveI̵

The goal is a proposition, so `have` is preferred over `haveI`.
The difference between `have` and `haveI` is that `haveI` inlines the value.
But this is not relevant for proofs because of proof irrelevance.

Note: This linter can be disabled with `set_option linter.style.haveILetI false`
NLA/IE06/Vendor/SLT/MatrixInfra/CourantFischer.lean:655:2: warning: Try this: 
  haveI̵

The goal is a proposition, so `have` is preferred over `haveI`.
The difference between `have` and `haveI` is that `haveI` inlines the value.
But this is not relevant for proofs because of proof irrelevance.

Note: This linter can be disabled with `set_option linter.style.haveILetI false`
NLA/IE06/Vendor/SLT/MatrixInfra/CourantFischer.lean:693:2: warning: Try this: 
  haveI̵

The goal is a proposition, so `have` is preferred over `haveI`.
The difference between `have` and `haveI` is that `haveI` inlines the value.
But this is not relevant for proofs because of proof irrelevance.

Note: This linter can be disabled with `set_option linter.style.haveILetI false`
NLA/IE06/Vendor/SLT/MatrixInfra/CourantFischer.lean:696:2: warning: Try this: 
  haveI̵

The goal is a proposition, so `have` is preferred over `haveI`.
The difference between `have` and `haveI` is that `haveI` inlines the value.
But this is not relevant for proofs because of proof irrelevance.

Note: This linter can be disabled with `set_option linter.style.haveILetI false`
NLA/IE06/Vendor/SLT/MatrixInfra/CourantFischer.lean:1023:2: warning: Try this: 
  haveI̵

The goal is a proposition, so `have` is preferred over `haveI`.
The difference between `have` and `haveI` is that `haveI` inlines the value.
But this is not relevant for proofs because of proof irrelevance.

Note: This linter can be disabled with `set_option linter.style.haveILetI false`
NLA/IE06/Vendor/SLT/MatrixInfra/CourantFischer.lean:1025:2: warning: Try this: 
  haveI̵

The goal is a proposition, so `have` is preferred over `haveI`.
The difference between `have` and `haveI` is that `haveI` inlines the value.
But this is not relevant for proofs because of proof irrelevance.

Note: This linter can be disabled with `set_option linter.style.haveILetI false`
NLA/IE06/Vendor/SLT/MatrixInfra/CourantFischer.lean:1035:4: warning: Try this: 
  haveI̵

The goal is a proposition, so `have` is preferred over `haveI`.
The difference between `have` and `haveI` is that `haveI` inlines the value.
But this is not relevant for proofs because of proof irrelevance.

Note: This linter can be disabled with `set_option linter.style.haveILetI false`
NLA/IE06/Vendor/SLT/MatrixInfra/CourantFischer.lean:1087:2: warning: Try this: 
  haveI̵

The goal is a proposition, so `have` is preferred over `haveI`.
The difference between `have` and `haveI` is that `haveI` inlines the value.
But this is not relevant for proofs because of proof irrelevance.

Note: This linter can be disabled with `set_option linter.style.haveILetI false`
NLA/IE06/Vendor/SLT/MatrixInfra/CourantFischer.lean:1089:2: warning: Try this: 
  haveI̵

The goal is a proposition, so `have` is preferred over `haveI`.
The difference between `have` and `haveI` is that `haveI` inlines the value.
But this is not relevant for proofs because of proof irrelevance.

Note: This linter can be disabled with `set_option linter.style.haveILetI false`
NLA/IE06/Vendor/SLT/MatrixInfra/CourantFischer.lean:1099:4: warning: Try this: 
  haveI̵

The goal is a proposition, so `have` is preferred over `haveI`.
The difference between `have` and `haveI` is that `haveI` inlines the value.
But this is not relevant for proofs because of proof irrelevance.

Note: This linter can be disabled with `set_option linter.style.haveILetI false`
NLA/IE06/Vendor/SLT/MatrixInfra/CourantFischer.lean:1395:2: warning: Try this: 
  haveI̵

The goal is a proposition, so `have` is preferred over `haveI`.
The difference between `have` and `haveI` is that `haveI` inlines the value.
But this is not relevant for proofs because of proof irrelevance.

Note: This linter can be disabled with `set_option linter.style.haveILetI false`
NLA/IE06/Vendor/SLT/MatrixInfra/CourantFischer.lean:1397:2: warning: Try this: 
  haveI̵

The goal is a proposition, so `have` is preferred over `haveI`.
The difference between `have` and `haveI` is that `haveI` inlines the value.
But this is not relevant for proofs because of proof irrelevance.

Note: This linter can be disabled with `set_option linter.style.haveILetI false`
NLA/IE06/Vendor/SLT/MatrixInfra/CourantFischer.lean:1407:4: warning: Try this: 
  haveI̵

The goal is a proposition, so `have` is preferred over `haveI`.
The difference between `have` and `haveI` is that `haveI` inlines the value.
But this is not relevant for proofs because of proof irrelevance.

Note: This linter can be disabled with `set_option linter.style.haveILetI false`
NLA/IE06/Vendor/SLT/MatrixInfra/CourantFischer.lean:1461:2: warning: Try this: 
  haveI̵

The goal is a proposition, so `have` is preferred over `haveI`.
The difference between `have` and `haveI` is that `haveI` inlines the value.
But this is not relevant for proofs because of proof irrelevance.

Note: This linter can be disabled with `set_option linter.style.haveILetI false`
NLA/IE06/Vendor/SLT/MatrixInfra/CourantFischer.lean:1463:2: warning: Try this: 
  haveI̵

The goal is a proposition, so `have` is preferred over `haveI`.
The difference between `have` and `haveI` is that `haveI` inlines the value.
But this is not relevant for proofs because of proof irrelevance.

Note: This linter can be disabled with `set_option linter.style.haveILetI false`
NLA/IE06/Vendor/SLT/MatrixInfra/CourantFischer.lean:1473:4: warning: Try this: 
  haveI̵

The goal is a proposition, so `have` is preferred over `haveI`.
The difference between `have` and `haveI` is that `haveI` inlines the value.
But this is not relevant for proofs because of proof irrelevance.

Note: This linter can be disabled with `set_option linter.style.haveILetI false`
'Submodule.exists_ne_zero_mem_inf_of_finrank_lt_add_finrank' depends on axioms: [propext, Classical.choice, Quot.sound]
'Submodule.exists_span_singleton_eq_of_finrank_eq_one' depends on axioms: [propext, Classical.choice, Quot.sound]
'LinearMap.rayleighQuotient' depends on axioms: [propext, Classical.choice, Quot.sound]
'LinearMap.rayleighQuotient_toContinuousLinearMap' depends on axioms: [propext, Classical.choice, Quot.sound]
'LinearMap.rayleighQuotient_smul' depends on axioms: [propext, Classical.choice, Quot.sound]
'LinearMap.bddAbove_range_rayleighQuotient' depends on axioms: [propext, Classical.choice, Quot.sound]
'LinearMap.bddBelow_range_rayleighQuotient' depends on axioms: [propext, Classical.choice, Quot.sound]
'LinearMap.minRayleighQuotientOn' depends on axioms: [propext, Classical.choice, Quot.sound]
'LinearMap.maxRayleighQuotientOn' depends on axioms: [propext, Classical.choice, Quot.sound]
'LinearMap.bddAbove_range_rayleighQuotientOn' depends on axioms: [propext, Classical.choice, Quot.sound]
'LinearMap.bddBelow_range_rayleighQuotientOn' depends on axioms: [propext, Classical.choice, Quot.sound]
'LinearMap.minRayleighQuotientOn_le_of_mem' depends on axioms: [propext, Classical.choice, Quot.sound]
'LinearMap.le_maxRayleighQuotientOn_of_mem' depends on axioms: [propext, Classical.choice, Quot.sound]
'LinearMap.rayleighQuotient_eq_of_mem_span_singleton' depends on axioms: [propext, Classical.choice, Quot.sound]
'LinearMap.minRayleighQuotientOn_span_singleton' depends on axioms: [propext, Classical.choice, Quot.sound]
'LinearMap.maxRayleighQuotientOn_span_singleton' depends on axioms: [propext, Classical.choice, Quot.sound]
'LinearMap.minRayleighQuotientOn_top' depends on axioms: [propext, Classical.choice, Quot.sound]
'LinearMap.maxRayleighQuotientOn_top' depends on axioms: [propext, Classical.choice, Quot.sound]
'LinearMap.courantFischerMaxMin' depends on axioms: [propext, Classical.choice, Quot.sound]
'LinearMap.courantFischerMinMax' depends on axioms: [propext, Classical.choice, Quot.sound]
'LinearMap.courantFischerMaxMin_finrank' depends on axioms: [propext, Classical.choice, Quot.sound]
'LinearMap.courantFischerMinMax_finrank' depends on axioms: [propext, Classical.choice, Quot.sound]
'LinearMap.courantFischerMaxMin_one' depends on axioms: [propext, Classical.choice, Quot.sound]
'LinearMap.courantFischerMinMax_one' depends on axioms: [propext, Classical.choice, Quot.sound]
'LinearMap.singularQuotient' depends on axioms: [propext, Classical.choice, Quot.sound]
'LinearMap.sq_singularQuotient_eq_rayleighQuotient_adjoint_comp_self' depends on axioms: [propext,
 Classical.choice,
 Quot.sound]
'LinearMap.singularQuotient_smul' depends on axioms: [propext, Classical.choice, Quot.sound]
'LinearMap.minSingularQuotientOn' depends on axioms: [propext, Classical.choice, Quot.sound]
'LinearMap.maxSingularQuotientOn' depends on axioms: [propext, Classical.choice, Quot.sound]
'LinearMap.bddAbove_range_singularQuotient' depends on axioms: [propext, Classical.choice, Quot.sound]
'LinearMap.bddBelow_range_singularQuotient' depends on axioms: [propext, Classical.choice, Quot.sound]
'LinearMap.bddAbove_range_singularQuotientOn' depends on axioms: [propext, Classical.choice, Quot.sound]
'LinearMap.bddBelow_range_singularQuotientOn' depends on axioms: [propext, Classical.choice, Quot.sound]
'LinearMap.minSingularQuotientOn_le_of_mem' depends on axioms: [propext, Classical.choice, Quot.sound]
'LinearMap.le_maxSingularQuotientOn_of_mem' depends on axioms: [propext, Classical.choice, Quot.sound]
'LinearMap.singularQuotient_eq_of_mem_span_singleton' depends on axioms: [propext, Classical.choice, Quot.sound]
'LinearMap.minSingularQuotientOn_span_singleton' depends on axioms: [propext, Classical.choice, Quot.sound]
'LinearMap.maxSingularQuotientOn_span_singleton' depends on axioms: [propext, Classical.choice, Quot.sound]
'LinearMap.minSingularQuotientOn_top' depends on axioms: [propext, Classical.choice, Quot.sound]
'LinearMap.maxSingularQuotientOn_top' depends on axioms: [propext, Classical.choice, Quot.sound]
'LinearMap.singularCourantFischerMaxMin' depends on axioms: [propext, Classical.choice, Quot.sound]
'LinearMap.singularCourantFischerMinMax' depends on axioms: [propext, Classical.choice, Quot.sound]
'LinearMap.singularCourantFischerMaxMin_finrank' depends on axioms: [propext, Classical.choice, Quot.sound]
'LinearMap.singularCourantFischerMinMax_finrank' depends on axioms: [propext, Classical.choice, Quot.sound]
'LinearMap.singularCourantFischerMaxMin_one' depends on axioms: [propext, Classical.choice, Quot.sound]
'LinearMap.singularCourantFischerMinMax_one' depends on axioms: [propext, Classical.choice, Quot.sound]
'LinearMap.IsSymmetric.leadingEigenSubspace' depends on axioms: [propext, Classical.choice, Quot.sound]
'LinearMap.IsSymmetric.eigenvectorBasis_mem_leadingEigenSubspace' depends on axioms: [propext,
 Classical.choice,
 Quot.sound]
'LinearMap.IsSymmetric.finrank_leadingEigenSubspace' depends on axioms: [propext, Classical.choice, Quot.sound]
'LinearMap.IsSymmetric.trailingEigenSubspace' depends on axioms: [propext, Classical.choice, Quot.sound]
'LinearMap.IsSymmetric.eigenvectorBasis_mem_trailingEigenSubspace' depends on axioms: [propext,
 Classical.choice,
 Quot.sound]
'LinearMap.IsSymmetric.finrank_trailingEigenSubspace' depends on axioms: [propext, Classical.choice, Quot.sound]
'LinearMap.IsSymmetric.exists_ne_zero_mem_inf_trailingEigenSubspace_of_finrank_eq_succ' depends on axioms: [propext,
 Classical.choice,
 Quot.sound]
'LinearMap.IsSymmetric.exists_ne_zero_mem_inf_leadingEigenSubspace_of_finrank_eq_sub' depends on axioms: [propext,
 Classical.choice,
 Quot.sound]
'LinearMap.IsSymmetric.eigenvalues_le_leadingEigenSubspace_index' depends on axioms: [propext,
 Classical.choice,
 Quot.sound]
'LinearMap.IsSymmetric.eigenvalues_trailingEigenSubspace_index_le' depends on axioms: [propext,
 Classical.choice,
 Quot.sound]
'LinearMap.IsSymmetric.re_inner_apply_self_eq_sum_eigenvalues_mul_norm_sq_repr' depends on axioms: [propext,
 Classical.choice,
 Quot.sound]
'LinearMap.IsSymmetric.norm_sq_eq_sum_norm_sq_repr' depends on axioms: [propext, Classical.choice, Quot.sound]
'LinearMap.IsSymmetric.eigenvectorBasis_repr_eq_zero_of_mem_leadingEigenSubspace' depends on axioms: [propext,
 Classical.choice,
 Quot.sound]
'LinearMap.IsSymmetric.eigenvectorBasis_repr_eq_zero_of_mem_trailingEigenSubspace' depends on axioms: [propext,
 Classical.choice,
 Quot.sound]
'LinearMap.IsSymmetric.eigenvalues_le_rayleighQuotient_of_mem_leadingEigenSubspace' depends on axioms: [propext,
 Classical.choice,
 Quot.sound]
'LinearMap.IsSymmetric.rayleighQuotient_le_eigenvalues_of_mem_trailingEigenSubspace' depends on axioms: [propext,
 Classical.choice,
 Quot.sound]
'LinearMap.IsSymmetric.eigenvalues_eq_courantFischerMaxMin_succ' depends on axioms: [propext,
 Classical.choice,
 Quot.sound]
'LinearMap.IsSymmetric.eigenvalues_eq_courantFischerMinMax_sub' depends on axioms: [propext,
 Classical.choice,
 Quot.sound]
'LinearMap.IsSymmetric.hasEigenvalue_iSup_rayleigh' depends on axioms: [propext, Classical.choice, Quot.sound]
'LinearMap.IsSymmetric.hasEigenvalue_iInf_rayleigh' depends on axioms: [propext, Classical.choice, Quot.sound]
'LinearMap.IsSymmetric.rayleighQuotient_eigenvectorBasis' depends on axioms: [propext, Classical.choice, Quot.sound]
'LinearMap.IsSymmetric.eigenvalues_zero_eq_iSup_rayleighQuotient' depends on axioms: [propext,
 Classical.choice,
 Quot.sound]
'LinearMap.IsSymmetric.eigenvalues_last_eq_iInf_rayleighQuotient' depends on axioms: [propext,
 Classical.choice,
 Quot.sound]
'LinearMap.IsSymmetric.eigenvalues_zero_eq_courantFischerMinMax_finrank' depends on axioms: [propext,
 Classical.choice,
 Quot.sound]
'LinearMap.IsSymmetric.eigenvalues_last_eq_courantFischerMaxMin_finrank' depends on axioms: [propext,
 Classical.choice,
 Quot.sound]
'LinearMap.IsSymmetric.eigenvalues_zero_eq_courantFischerMaxMin_one' depends on axioms: [propext,
 Classical.choice,
 Quot.sound]
'LinearMap.IsSymmetric.eigenvalues_last_eq_courantFischerMinMax_one' depends on axioms: [propext,
 Classical.choice,
 Quot.sound]
'LinearMap.IsSymmetric.apply_eq_sum_eigenvalue_rankOne' depends on axioms: [propext, Classical.choice, Quot.sound]
'LinearMap.IsSymmetric.spectral_decomposition_toMatrix' depends on axioms: [propext, Classical.choice, Quot.sound]
'LinearMap.singularValues_le_singularQuotient_of_mem_gram_leadingEigenSubspace' depends on axioms: [propext,
 Classical.choice,
 Quot.sound]
'LinearMap.singularQuotient_le_singularValues_of_mem_gram_trailingEigenSubspace' depends on axioms: [propext,
 Classical.choice,
 Quot.sound]
'LinearMap.singularValues_eq_singularCourantFischerMaxMin_succ' depends on axioms: [propext,
 Classical.choice,
 Quot.sound]
'LinearMap.singularValues_eq_singularCourantFischerMinMax_sub' depends on axioms: [propext,
 Classical.choice,
 Quot.sound]
'Matrix.singularQuotient_rightSingularVectorBasis' depends on axioms: [propext, Classical.choice, Quot.sound]

SpectralStacking
'NLA.IE06.SpectralStacking.singular_lower_of_subspace' depends on axioms: [propext, Classical.choice, Quot.sound]
'NLA.IE06.SpectralStacking.norm_le_singularValue_mul_of_mem_trailing' depends on axioms: [propext,
 Classical.choice,
 Quot.sound]
'NLA.IE06.SpectralStacking.singularValue_mul_norm_le_of_mem_leading' depends on axioms: [propext,
 Classical.choice,
 Quot.sound]
'NLA.IE06.SpectralStacking.adjoint_lower_on_image' depends on axioms: [propext, Classical.choice, Quot.sound]
'NLA.IE06.SpectralStacking.adjoint_upper_off_image' depends on axioms: [propext, Classical.choice, Quot.sound]
'NLA.IE06.SpectralStacking.injective_of_norm_lower' depends on axioms: [propext, Classical.choice, Quot.sound]
'NLA.IE06.SpectralStacking.exists_good_subspace' depends on axioms: [propext, Classical.choice, Quot.sound]
'NLA.IE06.SpectralStacking.exists_bounded_rightInverse' depends on axioms: [propext, Classical.choice, Quot.sound]
'NLA.IE06.SpectralStacking.projection_comp_adjoint' depends on axioms: [propext, Classical.choice, Quot.sound]
'NLA.IE06.SpectralStacking.projection_norm_le_of_adjoint' depends on axioms: [propext, Classical.choice, Quot.sound]
'NLA.IE06.SpectralStacking.exists_lifted_subspace' depends on axioms: [propext, Classical.choice, Quot.sound]
'NLA.IE06.SpectralStacking.norm_stack_sq' depends on axioms: [propext, Classical.choice, Quot.sound]
'NLA.IE06.SpectralStacking.norm_map_of_orthonormal_columns' depends on axioms: [propext, Classical.choice, Quot.sound]
'NLA.IE06.SpectralStacking.spectral_stacking' depends on axioms: [propext, Classical.choice, Quot.sound]

GaussianOvercrowdingSpectral
'NLA.IE06.GaussianOvercrowdingSpectral.singularValue_le_of_norm_le' depends on axioms: [propext,
 Classical.choice,
 Quot.sound]
'NLA.IE06.GaussianOvercrowdingSpectral.row_restriction_norm_le' depends on axioms: [propext,
 Classical.choice,
 Quot.sound]
'NLA.IE06.GaussianOvercrowdingSpectral.singularValue_rows_le' depends on axioms: [propext, Classical.choice, Quot.sound]
'NLA.IE06.GaussianOvercrowdingSpectral.eigenvalue_lower_of_subspace' depends on axioms: [propext,
 Classical.choice,
 Quot.sound]
'NLA.IE06.GaussianOvercrowdingSpectral.inverse_gram_quadratic_lower' depends on axioms: [propext,
 Classical.choice,
 Quot.sound]
'NLA.IE06.GaussianOvercrowdingSpectral.sortedEigenvalues' depends on axioms: [propext, Classical.choice, Quot.sound]
'NLA.IE06.GaussianOvercrowdingSpectral.charpoly_eq_diagonal_sorted' depends on axioms: [propext,
 Classical.choice,
 Quot.sound]
'NLA.IE06.GaussianOvercrowdingSpectral.sum_principal_minors_eq_eigen_products' depends on axioms: [propext,
 Classical.choice,
 Quot.sound]
'NLA.IE06.GaussianOvercrowdingSpectral.inverse_gram_eigenvalue_lower' depends on axioms: [propext,
 Classical.choice,
 Quot.sound]
'NLA.IE06.GaussianOvercrowdingSpectral.exists_large_principal_minor' depends on axioms: [propext,
 Classical.choice,
 Quot.sound]
'NLA.IE06.GaussianOvercrowdingSpectral.singular_event_implies_large_inverse_gram_minor' depends on axioms: [propext,
 Classical.choice,
 Quot.sound]

GaussianOvercrowding
'NLA.IE06.GaussianOvercrowding.gaussian_overcrowding' depends on axioms: [propext, Classical.choice, Quot.sound]

Pivot
'NLA.IE06.firstPivotIndex_spec_proved' depends on axioms: [propext, Classical.choice, Quot.sound]
'NLA.IE06.firstPivotIndex_eq_of_firstAvailable_proved' depends on axioms: [propext, Classical.choice, Quot.sound]
'NLA.IE06.firstPivotIndex_firstAvailable_proved' depends on axioms: [propext, Classical.choice, Quot.sound]
'NLA.IE06.trajectory_firstPath_eq_proved' depends on axioms: [propext, Classical.choice, Quot.sound]
'NLA.IE06.firstPath_eq_of_firstAvailable_proved' depends on axioms: [propext, Classical.choice, Quot.sound]

Elimination
'NLA.IE06.trajectory_columns_congr' depends on axioms: [propext, Classical.choice, Quot.sound]
'NLA.IE06.eliminationRows_columns_congr' depends on axioms: [propext, Classical.choice, Quot.sound]
'NLA.IE06.eliminationRows_depends_on_prefix' depends on axioms: [propext, Classical.choice, Quot.sound]
'NLA.IE06.eliminationRows_mul' depends on axioms: [propext, Classical.choice, Quot.sound]
'NLA.IE06.eliminationRows_inactive' depends on axioms: [propext, Classical.choice, Quot.sound]
'NLA.IE06.eliminationRows_terminal' depends on axioms: [propext, Classical.choice, Quot.sound]
'NLA.IE06.admissible_multiplier_le_one' depends on axioms: [propext, Classical.choice, Quot.sound]
'NLA.IE06.eliminationStep_rowL1_le' depends on axioms: [propext, Classical.choice, Quot.sound]
'NLA.IE06.eliminationRows_rowL1_le' depends on axioms: [propext, Classical.choice, Quot.sound]

Measurability
'NLA.IE06.measurable_matrix_entries' depends on axioms: [propext, Classical.choice, Quot.sound]
'NLA.IE06.measurable_matrix_entry' depends on axioms: [propext, Classical.choice, Quot.sound]
'NLA.IE06.measurable_schur_fixed' depends on axioms: [propext, Classical.choice, Quot.sound]
'NLA.IE06.measurable_trajectory_fixed' depends on axioms: [propext, Classical.choice, Quot.sound]
'_private.NLA.IE06.Measurability.0.NLA.IE06.measurable_nnreal_finset_sup' depends on axioms: [propext,
 Classical.choice,
 Quot.sound]
'NLA.IE06.measurable_entryMax' depends on axioms: [propext, Classical.choice, Quot.sound]
'NLA.IE06.measurable_activeMaxNN' depends on axioms: [propext, Classical.choice, Quot.sound]
'NLA.IE06.measurable_growth_fixed' depends on axioms: [propext, Classical.choice, Quot.sound]
'NLA.IE06.measurableSet_admissiblePath_fixed' depends on axioms: [propext, Classical.choice, Quot.sound]
'NLA.IE06.measurable_matrix_det' depends on axioms: [propext, Classical.choice, Quot.sound]
'NLA.IE06.exceedanceEvent_measurable_proved' depends on axioms: [propext, Classical.choice, Quot.sound]

Statements
'NLA.IE06.SquareRootUpperBound' depends on axioms: [propext, Classical.choice, Quot.sound]
'NLA.IE06.SchurSubpolynomialTail' depends on axioms: [propext, Classical.choice, Quot.sound]

Semantics
'NLA.IE06.gaussianMatrix_probability_proved' depends on axioms: [propext, Classical.choice, Quot.sound]
'NLA.IE06.exceedanceEvent_zero' depends on axioms: [propext, Classical.choice, Quot.sound]
'NLA.IE06.exceedanceEvent_antitone' depends on axioms: [propext, Classical.choice, Quot.sound]
'NLA.IE06.growth_one' depends on axioms: [propext, Classical.choice, Quot.sound]

PivotFiltration
'NLA.IE06.PivotFiltration.pastMatrix' depends on axioms: [propext, Classical.choice, Quot.sound]
'NLA.IE06.PivotFiltration.column' depends on axioms: [propext, Classical.choice, Quot.sound]
'NLA.IE06.PivotFiltration.selectedRows' depends on axioms: [propext, Classical.choice, Quot.sound]
'NLA.IE06.PivotFiltration.firstPivotIndex_column_congr' depends on axioms: [propext, Classical.choice, Quot.sound]
'NLA.IE06.PivotFiltration.firstTrajectory_columns_congr' depends on axioms: [propext, Classical.choice, Quot.sound]
'NLA.IE06.PivotFiltration.firstPath_prefix_congr' depends on axioms: [propext, Classical.choice, Quot.sound]
'NLA.IE06.PivotFiltration.selectedRows_columns_congr' depends on axioms: [propext, Classical.choice, Quot.sound]
'NLA.IE06.PivotFiltration.selectedRows_pastMatrix' depends on axioms: [propext, Classical.choice, Quot.sound]
'NLA.IE06.PivotFiltration.measurable_pastMatrix' depends on axioms: [propext, Classical.choice, Quot.sound]
'NLA.IE06.PivotFiltration.measurable_column' depends on axioms: [propext, Classical.choice, Quot.sound]
'_private.NLA.IE06.PivotFiltration.0.NLA.IE06.PivotFiltration.measurable_selected_entry' depends on axioms: [propext,
 Classical.choice,
 Quot.sound]
'NLA.IE06.PivotFiltration.measurable_firstPivotIndex' depends on axioms: [propext, Classical.choice, Quot.sound]
'NLA.IE06.PivotFiltration.measurable_firstTrajectory' depends on axioms: [propext, Classical.choice, Quot.sound]
'NLA.IE06.PivotFiltration.measurable_firstPath' depends on axioms: [propext, Classical.choice, Quot.sound]
'_private.NLA.IE06.PivotFiltration.0.NLA.IE06.PivotFiltration.measurable_eliminationStep_fixed' depends on axioms: [propext,
 Classical.choice,
 Quot.sound]
'NLA.IE06.PivotFiltration.measurable_eliminationRows_fixed' depends on axioms: [propext, Classical.choice, Quot.sound]
'NLA.IE06.PivotFiltration.measurable_selectedRows' depends on axioms: [propext, Classical.choice, Quot.sound]
'NLA.IE06.PivotFiltration.gaussian_columns_map' depends on axioms: [propext, Classical.choice, Quot.sound]
'NLA.IE06.PivotFiltration.gaussian_column_map' depends on axioms: [propext, Classical.choice, Quot.sound]
'NLA.IE06.PivotFiltration.gaussian_columns_independent' depends on axioms: [propext, Classical.choice, Quot.sound]
'NLA.IE06.PivotFiltration.pastMatrix_independent_column' depends on axioms: [propext, Classical.choice, Quot.sound]
'NLA.IE06.PivotFiltration.selectedRows_independent_column' depends on axioms: [propext, Classical.choice, Quot.sound]
'NLA.IE06.PivotFiltration.selectedRows_column_joint_law' depends on axioms: [propext, Classical.choice, Quot.sound]
'NLA.IE06.PivotFiltration.futureColumns' depends on axioms: [propext, Classical.choice, Quot.sound]
'NLA.IE06.PivotFiltration.measurable_futureColumns' depends on axioms: [propext, Classical.choice, Quot.sound]
'NLA.IE06.PivotFiltration.gaussian_futureColumns_map' depends on axioms: [propext, Classical.choice, Quot.sound]
'NLA.IE06.PivotFiltration.pastMatrix_independent_futureColumns' depends on axioms: [propext,
 Classical.choice,
 Quot.sound]
'NLA.IE06.PivotFiltration.selectedRows_independent_futureColumns' depends on axioms: [propext,
 Classical.choice,
 Quot.sound]
'NLA.IE06.PivotFiltration.selectedRows_futureColumns_joint_law' depends on axioms: [propext,
 Classical.choice,
 Quot.sound]

Vendor/Isoperimetric/Basic
'NLA.IE06.PrekopaLeindler.biSup_add_biSup' depends on axioms: [propext, Classical.choice, Quot.sound]
'NLA.IE06.PrekopaLeindler.iSup_nonzero_of_nonzero' depends on axioms: [propext, Classical.choice, Quot.sound]
'NLA.IE06.PrekopaLeindler.iSup_min_nat' depends on axioms: [propext, Classical.choice, Quot.sound]
'NLA.IE06.PrekopaLeindler.iSup_min_nat_ne_top' depends on axioms: [propext, Classical.choice, Quot.sound]
'NLA.IE06.PrekopaLeindler.iSup_rpow_of_pos' depends on axioms: [propext, Classical.choice, Quot.sound]

Vendor/Isoperimetric/PrekopaLeindler
'NLA.IE06.PrekopaLeindler.brunn_minkowski_1d_compact' depends on axioms: [propext, Classical.choice, Quot.sound]
'NLA.IE06.PrekopaLeindler.brunn_minkowski_1d_infinite' depends on axioms: [propext, Classical.choice, Quot.sound]
'NLA.IE06.PrekopaLeindler.brunn_minkowski_1d' depends on axioms: [propext, Classical.choice, Quot.sound]
'NLA.IE06.PrekopaLeindler.vol_superlevelset_measurable' depends on axioms: [propext, Classical.choice, Quot.sound]
'NLA.IE06.PrekopaLeindler.layercake' depends on axioms: [propext, Classical.choice, Quot.sound]
'NLA.IE06.PrekopaLeindler.lintegral_eq_vol_superlevelset_lintegral_01' depends on axioms: [propext,
 Classical.choice,
 Quot.sound]
'NLA.IE06.PrekopaLeindler.weighted_amgm' depends on axioms: [propext, Classical.choice, Quot.sound]
'NLA.IE06.PrekopaLeindler.prekopa_leindler_1d_normalized' depends on axioms: [propext, Classical.choice, Quot.sound]
'NLA.IE06.PrekopaLeindler.prekopa_leindler_1d_bounded' depends on axioms: [propext, Classical.choice, Quot.sound]
'NLA.IE06.PrekopaLeindler.prekopa_leindler_1d' depends on axioms: [propext, Classical.choice, Quot.sound]
'NLA.IE06.PrekopaLeindler.lintegral_fin1' depends on axioms: [propext, Classical.choice, Quot.sound]
'NLA.IE06.PrekopaLeindler.append' depends on axioms: [propext, Classical.choice, Quot.sound]
'NLA.IE06.PrekopaLeindler.append_measurable' depends on axioms: [propext, Classical.choice, Quot.sound]
'NLA.IE06.PrekopaLeindler.append_linear' depends on axioms: [propext, Classical.choice, Quot.sound]
'NLA.IE06.PrekopaLeindler.fix' depends on axioms: [propext, Classical.choice, Quot.sound]
'NLA.IE06.PrekopaLeindler.fix_measurable' depends on axioms: [propext, Classical.choice, Quot.sound]
'NLA.IE06.PrekopaLeindler.fix_apply' depends on axioms: [propext, Classical.choice, Quot.sound]
'NLA.IE06.PrekopaLeindler.lintegral_fix_eq_lmarginal' depends on axioms: [propext, Classical.choice, Quot.sound]
'NLA.IE06.PrekopaLeindler.lintegral_fix_lintegral_eq_lintegral' depends on axioms: [propext,
 Classical.choice,
 Quot.sound]
'NLA.IE06.PrekopaLeindler.PLConditions' depends on axioms: [propext, Classical.choice, Quot.sound]
'NLA.IE06.PrekopaLeindler.prekopa_leindler_1d_fin1' depends on axioms: [propext, Classical.choice, Quot.sound]
'NLA.IE06.PrekopaLeindler.prekopa_leindler' depends on axioms: [propext, Classical.choice, Quot.sound]

GaussianShiftGeometry
'NLA.IE06.GaussianShiftGeometry.translatedIntersection' does not depend on any axioms
'NLA.IE06.GaussianShiftGeometry.CentrallySymmetric' does not depend on any axioms
'NLA.IE06.GaussianShiftGeometry.reflected_mem' depends on axioms: [propext]
'NLA.IE06.GaussianShiftGeometry.neg_preimage_intersection' depends on axioms: [propext, Quot.sound]
'NLA.IE06.GaussianShiftGeometry.midpoint_mem_intersection' depends on axioms: [propext, Classical.choice, Quot.sound]
'NLA.IE06.GaussianShiftGeometry.midpoints_subset_intersection' depends on axioms: [propext,
 Classical.choice,
 Quot.sound]
'NLA.IE06.GaussianShiftGeometry.translatedIntersection_measurable' depends on axioms: [propext,
 Classical.choice,
 Quot.sound]
'NLA.IE06.GaussianShiftGeometry.translatedIntersection_volume_reflection' depends on axioms: [propext,
 Classical.choice,
 Quot.sound]

GaussianShift
'NLA.IE06.GaussianShift.lintegral_half_smul' depends on axioms: [propext, Classical.choice, Quot.sound]
'NLA.IE06.GaussianShift.half_factor' depends on axioms: [propext, Classical.choice, Quot.sound]
'NLA.IE06.GaussianShift.midpoint_prekopa' depends on axioms: [propext, Classical.choice, Quot.sound]
'NLA.IE06.GaussianShift.squareNorm' depends on axioms: [propext, Classical.choice, Quot.sound]
'NLA.IE06.GaussianShift.gaussianWeight' depends on axioms: [propext, Classical.choice, Quot.sound]
'NLA.IE06.GaussianShift.gaussianWeight_measurable' depends on axioms: [propext, Classical.choice, Quot.sound]
'NLA.IE06.GaussianShift.gaussianWeight_neg' depends on axioms: [propext, Classical.choice, Quot.sound]
'NLA.IE06.GaussianShift.gaussianWeight_midpoint' depends on axioms: [propext, Classical.choice, Quot.sound]
'NLA.IE06.GaussianShift.shiftedWeight' depends on axioms: [propext, Classical.choice, Quot.sound]
'NLA.IE06.GaussianShift.shiftedWeight_measurable' depends on axioms: [propext, Classical.choice, Quot.sound]
'NLA.IE06.GaussianShift.shiftedWeight_reflection' depends on axioms: [propext, Classical.choice, Quot.sound]
'NLA.IE06.GaussianShift.shiftedWeight_integral_reflection' depends on axioms: [propext, Classical.choice, Quot.sound]
'NLA.IE06.GaussianShift.shiftedWeight_midpoint' depends on axioms: [propext, Classical.choice, Quot.sound]
'NLA.IE06.GaussianShift.gaussian_weight_shift_le' depends on axioms: [propext, Classical.choice, Quot.sound]
'NLA.IE06.GaussianShift.normalizer' depends on axioms: [propext, Classical.choice, Quot.sound]
'NLA.IE06.GaussianShift.normalizer_ne_zero' depends on axioms: [propext, Classical.choice, Quot.sound]
'NLA.IE06.GaussianShift.normalizer_ne_top' depends on axioms: [propext, Classical.choice, Quot.sound]
'NLA.IE06.GaussianShift.gaussianVector_eq_weight' depends on axioms: [propext, Classical.choice, Quot.sound]
'NLA.IE06.GaussianShift.gaussian_shift_mass' depends on axioms: [propext, Classical.choice, Quot.sound]
'NLA.IE06.GaussianShift.gaussian_shift_le' depends on axioms: [propext, Classical.choice, Quot.sound]

SubGaussianQuadratic
'NLA.IE06.SubGaussianQuadratic.gaussian_density_square_identity' depends on axioms: [propext,
 Classical.choice,
 Quot.sound]
'NLA.IE06.SubGaussianQuadratic.gaussian_exp_square_integrable' depends on axioms: [propext,
 Classical.choice,
 Quot.sound]
'NLA.IE06.SubGaussianQuadratic.gaussian_exp_square_integral' depends on axioms: [propext, Classical.choice, Quot.sound]
'NLA.IE06.SubGaussianQuadratic.scalar_exp_square' depends on axioms: [propext, Classical.choice, Quot.sound]
'NLA.IE06.SubGaussianQuadratic.columnSq' depends on axioms: [propext, Classical.choice, Quot.sound]
'NLA.IE06.SubGaussianQuadratic.frobeniusSq' depends on axioms: [propext, Classical.choice, Quot.sound]
'NLA.IE06.SubGaussianQuadratic.projection' depends on axioms: [propext, Classical.choice, Quot.sound]
'NLA.IE06.SubGaussianQuadratic.quadratic' depends on axioms: [propext, Classical.choice, Quot.sound]
'NLA.IE06.SubGaussianQuadratic.DirectionalSubGaussian' depends on axioms: [propext, Classical.choice, Quot.sound]
'NLA.IE06.SubGaussianQuadratic.columnSq_nonneg' depends on axioms: [propext, Classical.choice, Quot.sound]
'NLA.IE06.SubGaussianQuadratic.frobeniusSq_nonneg' depends on axioms: [propext, Classical.choice, Quot.sound]
'NLA.IE06.SubGaussianQuadratic.column_eq_zero_of_columnSq_zero' depends on axioms: [propext,
 Classical.choice,
 Quot.sound]
'NLA.IE06.SubGaussianQuadratic.normalized_sum_squares_le' depends on axioms: [propext, Classical.choice, Quot.sound]
'NLA.IE06.SubGaussianQuadratic.normalized_projection_subGaussian' depends on axioms: [propext,
 Classical.choice,
 Quot.sound]
'NLA.IE06.SubGaussianQuadratic.weighted_normalized_square' depends on axioms: [propext, Classical.choice, Quot.sound]
'NLA.IE06.SubGaussianQuadratic.frobenius_exp_square' depends on axioms: [propext, Classical.choice, Quot.sound]
'NLA.IE06.SubGaussianQuadratic.sqrt_two_le_exp_half' depends on axioms: [propext, Classical.choice, Quot.sound]
'NLA.IE06.SubGaussianQuadratic.quadratic_zero_of_frobeniusSq_zero' depends on axioms: [propext,
 Classical.choice,
 Quot.sound]
'NLA.IE06.SubGaussianQuadratic.quadratic_tail' depends on axioms: [propext, Classical.choice, Quot.sound]

GaussianLinear
'NLA.IE06.GaussianLinear.linear_mgf' depends on axioms: [propext, Classical.choice, Quot.sound]
'NLA.IE06.GaussianLinear.gaussianVector_directional_subGaussian' depends on axioms: [propext,
 Classical.choice,
 Quot.sound]
'NLA.IE06.GaussianLinear.linear_two_sided_tail' depends on axioms: [propext, Classical.choice, Quot.sound]
'NLA.IE06.GaussianLinear.rows_tail' depends on axioms: [propext, Classical.choice, Quot.sound]

GaussianRestriction
'NLA.IE06.GaussianRestriction.restrictedGaussian' depends on axioms: [propext, Classical.choice, Quot.sound]
'NLA.IE06.GaussianRestriction.restrictedGaussian_probability' depends on axioms: [propext, Classical.choice, Quot.sound]
'NLA.IE06.GaussianRestriction.complete_square' depends on axioms: [propext, Classical.choice, Quot.sound]
'NLA.IE06.GaussianRestriction.set_lintegral_exp_dot' depends on axioms: [propext, Classical.choice, Quot.sound]
'NLA.IE06.GaussianRestriction.restricted_exp_integrable' depends on axioms: [propext, Classical.choice, Quot.sound]
'NLA.IE06.GaussianRestriction.restricted_lintegral_exp_le' depends on axioms: [propext, Classical.choice, Quot.sound]
'NLA.IE06.GaussianRestriction.restricted_mgf_le' depends on axioms: [propext, Classical.choice, Quot.sound]
'NLA.IE06.GaussianRestriction.restricted_directional_subGaussian' depends on axioms: [propext,
 Classical.choice,
 Quot.sound]
'NLA.IE06.GaussianRestriction.restricted_quadratic_tail' depends on axioms: [propext, Classical.choice, Quot.sound]

GEPP
'NLA.IE06.activeInjective_initial_proved' depends on axioms: [propext, Classical.choice, Quot.sound]
'NLA.IE06.activeInjective_nonzero_column_proved' depends on axioms: [propext, Classical.choice, Quot.sound]
'NLA.IE06.activeInjective_rowSwap_proved' depends on axioms: [propext, Classical.choice, Quot.sound]
'NLA.IE06.schurStep_mulVec_proved' depends on axioms: [propext, Classical.choice, Quot.sound]
'NLA.IE06.activeInjective_schur_proved' depends on axioms: [propext, Classical.choice, Quot.sound]
'NLA.IE06.firstTrajectory_activeInjective_proved' depends on axioms: [propext, Classical.choice, Quot.sound]
'NLA.IE06.firstPath_semantics_proved' depends on axioms: [propext, Classical.choice, Quot.sound]
'NLA.IE06.firstPath_admissible_proved' depends on axioms: [propext, Classical.choice, Quot.sound]
'NLA.IE06.admissiblePath_exists_proved' depends on axioms: [propext, Classical.choice, Quot.sound]

GaussianTies
'NLA.IE06.GaussianTies.symbolicState_eval' depends on axioms: [propext, Classical.choice, Quot.sound]
'NLA.IE06.GaussianTies.liftTail_pivot' depends on axioms: [propext, Classical.choice, Quot.sound]
'NLA.IE06.GaussianTies.liftTail_supported' depends on axioms: [propext, Classical.choice, Quot.sound]
'NLA.IE06.GaussianTies.schurStep_liftTail' depends on axioms: [propext, Classical.choice, Quot.sound]
'NLA.IE06.GaussianTies.exists_prefix_realizer' depends on axioms: [propext, Classical.choice, Quot.sound]
'NLA.IE06.GaussianTies.tiePolynomial_ne_zero' depends on axioms: [propext, Classical.choice, Quot.sound]
'NLA.IE06.GaussianTies.tie_implies_polynomial_zero' depends on axioms: [propext, Classical.choice, Quot.sound]
'NLA.IE06.GaussianTies.polynomial_ne_zero_gaussian_ae' depends on axioms: [propext, Classical.choice, Quot.sound]
'NLA.IE06.GaussianTies.columnsSeparated_ae' depends on axioms: [propext, Classical.choice, Quot.sound]
'NLA.IE06.GaussianTies.admissiblePath_unique_of_columnsSeparated' depends on axioms: [propext,
 Classical.choice,
 Quot.sound]
'NLA.IE06.gaussianMatrix_admissiblePath_unique_ae' depends on axioms: [propext, Classical.choice, Quot.sound]
'NLA.IE06.gaussianMatrix_admissiblePath_eq_firstPath_ae' depends on axioms: [propext, Classical.choice, Quot.sound]

GaussianPivotConditioning
'NLA.IE06.GaussianPivotConditioning.rowLabels' depends on axioms: [propext, Classical.choice, Quot.sound]
'NLA.IE06.GaussianPivotConditioning.rowLabels_succ' depends on axioms: [propext, Classical.choice, Quot.sound]
'NLA.IE06.GaussianPivotConditioning.rowLabels_prefix_congr' depends on axioms: [propext, Classical.choice, Quot.sound]
'NLA.IE06.GaussianPivotConditioning.rowLabels_earlier' depends on axioms: [propext, Classical.choice, Quot.sound]
'NLA.IE06.GaussianPivotConditioning.pivotOrder' depends on axioms: [propext, Classical.choice, Quot.sound]
'NLA.IE06.GaussianPivotConditioning.pivotOrder_stage' depends on axioms: [propext, Classical.choice, Quot.sound]
'NLA.IE06.GaussianPivotConditioning.pivotOrder_columns_congr' depends on axioms: [propext, Classical.choice, Quot.sound]
'NLA.IE06.GaussianPivotConditioning.measurable_pivotOrder_coordinate' depends on axioms: [propext,
 Classical.choice,
 Quot.sound]
'NLA.IE06.GaussianPivotConditioning.orderEvent' depends on axioms: [propext, Classical.choice, Quot.sound]
'NLA.IE06.GaussianPivotConditioning.measurableSet_orderEvent' depends on axioms: [propext, Classical.choice, Quot.sound]
'NLA.IE06.GaussianPivotConditioning.orderEvent_partition' depends on axioms: [propext, Classical.choice, Quot.sound]
'NLA.IE06.GaussianPivotConditioning.orderEvent_disjoint' depends on axioms: [propext, Classical.choice, Quot.sound]
'NLA.IE06.GaussianPivotConditioning.RemainingRows' does not depend on any axioms
'NLA.IE06.GaussianPivotConditioning.prefixRows' depends on axioms: [propext, Classical.choice, Quot.sound]
'NLA.IE06.GaussianPivotConditioning.selectedBlock' depends on axioms: [propext, Classical.choice, Quot.sound]
'NLA.IE06.GaussianPivotConditioning.remainingBlock' depends on axioms: [propext, Classical.choice, Quot.sound]
'NLA.IE06.GaussianPivotConditioning.gaussian_coordinates_map' depends on axioms: [propext, Classical.choice, Quot.sound]
'NLA.IE06.GaussianPivotConditioning.gaussian_prefixRows_map' depends on axioms: [propext, Classical.choice, Quot.sound]
'NLA.IE06.GaussianPivotConditioning.fixed_blocks_joint_law' depends on axioms: [propext, Classical.choice, Quot.sound]
'NLA.IE06.GaussianPivotConditioning.upperRow' depends on axioms: [propext, Classical.choice, Quot.sound]
'NLA.IE06.GaussianPivotConditioning.pivotValue' depends on axioms: [propext, Classical.choice, Quot.sound]
'NLA.IE06.GaussianPivotConditioning.residualMap' depends on axioms: [propext, Classical.choice, Quot.sound]
'NLA.IE06.GaussianPivotConditioning.multiplier' depends on axioms: [propext, Classical.choice, Quot.sound]
'NLA.IE06.GaussianPivotConditioning.residualMap_succ' depends on axioms: [propext, Classical.choice, Quot.sound]
'NLA.IE06.GaussianPivotConditioning.truncationBody' depends on axioms: [propext, Classical.choice, Quot.sound]
'NLA.IE06.GaussianPivotConditioning.strictTruncationBody' depends on axioms: [propext, Classical.choice, Quot.sound]
'NLA.IE06.GaussianPivotConditioning.truncationBody_closed' depends on axioms: [propext, Classical.choice, Quot.sound]
'NLA.IE06.GaussianPivotConditioning.truncationBody_convex' depends on axioms: [propext, Classical.choice, Quot.sound]
'NLA.IE06.GaussianPivotConditioning.truncationBody_symmetric' depends on axioms: [propext, Classical.choice, Quot.sound]
'NLA.IE06.GaussianPivotConditioning.strictTruncationBody_open' depends on axioms: [propext,
 Classical.choice,
 Quot.sound]
'NLA.IE06.GaussianPivotConditioning.zero_mem_strictTruncationBody' depends on axioms: [propext,
 Classical.choice,
 Quot.sound]
'NLA.IE06.GaussianPivotConditioning.strictTruncationBody_subset' depends on axioms: [propext,
 Classical.choice,
 Quot.sound]
'NLA.IE06.GaussianPivotConditioning.measurable_upperRow' depends on axioms: [propext, Classical.choice, Quot.sound]
'NLA.IE06.GaussianPivotConditioning.measurable_pivotValue' depends on axioms: [propext, Classical.choice, Quot.sound]
'NLA.IE06.GaussianPivotConditioning.measurable_residualMap_apply' depends on axioms: [propext,
 Classical.choice,
 Quot.sound]
'NLA.IE06.GaussianPivotConditioning.measurable_multiplier' depends on axioms: [propext, Classical.choice, Quot.sound]
'NLA.IE06.GaussianPivotConditioning.measurableSet_truncationBody_joint' depends on axioms: [propext,
 Classical.choice,
 Quot.sound]
'NLA.IE06.GaussianPivotConditioning.gaussianVector_open_positive' depends on axioms: [propext,
 Classical.choice,
 Quot.sound]
'NLA.IE06.GaussianPivotConditioning.truncationBody_mass_pos' depends on axioms: [propext, Classical.choice, Quot.sound]
'NLA.IE06.GaussianPivotConditioning.linear_nonzero_level_null' depends on axioms: [propext,
 Classical.choice,
 Quot.sound]
'NLA.IE06.GaussianPivotConditioning.truncationBody_boundary_null' depends on axioms: [propext,
 Classical.choice,
 Quot.sound]
'NLA.IE06.GaussianPivotConditioning.remainingRows_card' depends on axioms: [propext, Classical.choice, Quot.sound]
'NLA.IE06.GaussianPivotConditioning.product_restriction_normalized' depends on axioms: [propext,
 Classical.choice,
 Quot.sound]
'NLA.IE06.GaussianPivotConditioning.product_restriction_lintegral' depends on axioms: [propext,
 Classical.choice,
 Quot.sound]
'NLA.IE06.GaussianPivotConditioning.fiber_directional_subGaussian' depends on axioms: [propext,
 Classical.choice,
 Quot.sound]
'NLA.IE06.GaussianPivotConditioning.fiber_quadratic_tail' depends on axioms: [propext, Classical.choice, Quot.sound]
'NLA.IE06.GaussianPivotConditioning.residualMap_row_eq_trajectory' depends on axioms: [propext,
 Classical.choice,
 Quot.sound]
'NLA.IE06.GaussianPivotConditioning.measurable_truncationBody_mass' depends on axioms: [propext,
 Classical.choice,
 Quot.sound]
'NLA.IE06.GaussianPivotConditioning.trajectory_prefix_residual' depends on axioms: [propext,
 Classical.choice,
 Quot.sound]
'NLA.IE06.GaussianPivotConditioning.firstTrajectory_prefix_residual' depends on axioms: [propext,
 Classical.choice,
 Quot.sound]
'NLA.IE06.GaussianPivotConditioning.multiplier_apply' depends on axioms: [propext, Classical.choice, Quot.sound]
'NLA.IE06.GaussianPivotConditioning.unselected_position_active' depends on axioms: [propext,
 Classical.choice,
 Quot.sound]
'NLA.IE06.GaussianPivotConditioning.firstTrajectory_pivot_entry' depends on axioms: [propext,
 Classical.choice,
 Quot.sound]
'NLA.IE06.GaussianPivotConditioning.actual_remaining_mem_truncationBody' depends on axioms: [propext,
 Classical.choice,
 Quot.sound]
'NLA.IE06.GaussianPivotConditioning.Good' depends on axioms: [propext, Classical.choice, Quot.sound]
'NLA.IE06.GaussianPivotConditioning.measurableSet_good' depends on axioms: [propext, Classical.choice, Quot.sound]
'NLA.IE06.GaussianPivotConditioning.selected_label_position' depends on axioms: [propext, Classical.choice, Quot.sound]
'NLA.IE06.GaussianPivotConditioning.strict_fiber_implies_order' depends on axioms: [propext,
 Classical.choice,
 Quot.sound]
'NLA.IE06.GaussianPivotConditioning.actual_good_of_nonsingular_separated' depends on axioms: [propext,
 Classical.choice,
 Quot.sound]
'NLA.IE06.GaussianPivotConditioning.actual_good_ae' depends on axioms: [propext, Classical.choice, Quot.sound]
'NLA.IE06.GaussianPivotConditioning.measurableSet_strictTruncationBody_joint' depends on axioms: [propext,
 Classical.choice,
 Quot.sound]
'NLA.IE06.GaussianPivotConditioning.measurableSet_product_body' depends on axioms: [propext,
 Classical.choice,
 Quot.sound]
'NLA.IE06.GaussianPivotConditioning.measurableSet_product_strict_body' depends on axioms: [propext,
 Classical.choice,
 Quot.sound]
'NLA.IE06.GaussianPivotConditioning.product_body_strict_ae' depends on axioms: [propext, Classical.choice, Quot.sound]
'NLA.IE06.GaussianPivotConditioning.fiberRegion' depends on axioms: [propext, Classical.choice, Quot.sound]
'NLA.IE06.GaussianPivotConditioning.measurableSet_fiberRegion' depends on axioms: [propext,
 Classical.choice,
 Quot.sound]
'NLA.IE06.GaussianPivotConditioning.measurable_fixed_blocks' depends on axioms: [propext, Classical.choice, Quot.sound]
'NLA.IE06.GaussianPivotConditioning.orderEvent_ae_eq_fiber' depends on axioms: [propext, Classical.choice, Quot.sound]
'NLA.IE06.GaussianPivotConditioning.fixed_order_restricted_law' depends on axioms: [propext,
 Classical.choice,
 Quot.sound]
'NLA.IE06.GaussianPivotConditioning.fixed_order_lintegral' depends on axioms: [propext, Classical.choice, Quot.sound]
'NLA.IE06.GaussianPivotConditioning.orderWeight' depends on axioms: [propext, Classical.choice, Quot.sound]
'NLA.IE06.GaussianPivotConditioning.orderEvent_measure' depends on axioms: [propext, Classical.choice, Quot.sound]
'NLA.IE06.GaussianPivotConditioning.orderWeights_sum_one' depends on axioms: [propext, Classical.choice, Quot.sound]
'NLA.IE06.GaussianPivotConditioning.adaptive_lintegral_le' depends on axioms: [propext, Classical.choice, Quot.sound]
'NLA.IE06.GaussianPivotConditioning.adaptive_event_le' depends on axioms: [propext, Classical.choice, Quot.sound]
'NLA.IE06.GaussianPivotConditioning.upperMatrix' depends on axioms: [propext, Classical.choice, Quot.sound]
'NLA.IE06.GaussianPivotConditioning.multiplierVector' depends on axioms: [propext, Classical.choice, Quot.sound]
'NLA.IE06.GaussianPivotConditioning.trajectory_inactive_column' depends on axioms: [propext,
 Classical.choice,
 Quot.sound]
'NLA.IE06.GaussianPivotConditioning.upperMatrix_triangular' depends on axioms: [propext, Classical.choice, Quot.sound]
'NLA.IE06.GaussianPivotConditioning.upperMatrix_det_ne_zero' depends on axioms: [propext, Classical.choice, Quot.sound]
'NLA.IE06.GaussianPivotConditioning.residualMap_earlier_zero' depends on axioms: [propext, Classical.choice, Quot.sound]
'NLA.IE06.GaussianPivotConditioning.residualMap_terminal_zero' depends on axioms: [propext,
 Classical.choice,
 Quot.sound]
'NLA.IE06.GaussianPivotConditioning.residualMap_telescoping' depends on axioms: [propext, Classical.choice, Quot.sound]
'NLA.IE06.GaussianPivotConditioning.multiplierVector_vecMul_upper' depends on axioms: [propext,
 Classical.choice,
 Quot.sound]
'NLA.IE06.GaussianPivotConditioning.multiplierVector_eq_vecMul_inv' depends on axioms: [propext,
 Classical.choice,
 Quot.sound]
'NLA.IE06.GaussianPivotConditioning.truncationBody_eq_inverse_upper' depends on axioms: [propext,
 Classical.choice,
 Quot.sound]

ScalarRecurrence
'NLA.IE06.ScalarRecurrence.step' depends on axioms: [propext, Classical.choice, Quot.sound]
'NLA.IE06.ScalarRecurrence.orbit' depends on axioms: [propext, Classical.choice, Quot.sound]
'NLA.IE06.ScalarRecurrence.cost' depends on axioms: [propext, Classical.choice, Quot.sound]
'NLA.IE06.ScalarRecurrence.step_ge_linear' depends on axioms: [propext, Classical.choice, Quot.sound]
'NLA.IE06.ScalarRecurrence.step_ge_self' depends on axioms: [propext, Classical.choice, Quot.sound]
'NLA.IE06.ScalarRecurrence.step_pos' depends on axioms: [propext, Classical.choice, Quot.sound]
'NLA.IE06.ScalarRecurrence.step_monotone' depends on axioms: [propext, Classical.choice, Quot.sound]
'NLA.IE06.ScalarRecurrence.step_ge_quadratic' depends on axioms: [propext, Classical.choice, Quot.sound]
'NLA.IE06.ScalarRecurrence.orbit_ge_start' depends on axioms: [propext, Classical.choice, Quot.sound]
'NLA.IE06.ScalarRecurrence.orbit_pos' depends on axioms: [propext, Classical.choice, Quot.sound]
'NLA.IE06.ScalarRecurrence.orbit_monotone_start' depends on axioms: [propext, Classical.choice, Quot.sound]
'NLA.IE06.ScalarRecurrence.orbit_monotone_index' depends on axioms: [propext, Classical.choice, Quot.sound]
'NLA.IE06.ScalarRecurrence.orbit_shift' depends on axioms: [propext, Classical.choice, Quot.sound]
'NLA.IE06.ScalarRecurrence.orbit_add' depends on axioms: [propext, Classical.choice, Quot.sound]
'NLA.IE06.ScalarRecurrence.orbit_ge_geometric' depends on axioms: [propext, Classical.choice, Quot.sound]
'NLA.IE06.ScalarRecurrence.orbit_ge_add' depends on axioms: [propext, Classical.choice, Quot.sound]
'NLA.IE06.ScalarRecurrence.orbit_terminated' depends on axioms: [propext, Classical.choice, Quot.sound]
'NLA.IE06.ScalarRecurrence.cost_zero_of_ge' depends on axioms: [propext, Classical.choice, Quot.sound]
'NLA.IE06.ScalarRecurrence.cost_antitone' depends on axioms: [propext, Classical.choice, Quot.sound]
'NLA.IE06.ScalarRecurrence.cost_recurrence' depends on axioms: [propext, Classical.choice, Quot.sound]
'NLA.IE06.ScalarRecurrence.reciprocal_sum_le' depends on axioms: [propext, Classical.choice, Quot.sound]
'NLA.IE06.ScalarRecurrence.hundred_mul_le_pow' depends on axioms: [propext, Classical.choice, Quot.sound]
'NLA.IE06.ScalarRecurrence.sq_le_two_pow' depends on axioms: [propext, Classical.choice, Quot.sound]
'NLA.IE06.ScalarRecurrence.quadratic_orbit_lower' depends on axioms: [propext, Classical.choice, Quot.sound]
'NLA.IE06.ScalarRecurrence.stopped_count_le' depends on axioms: [propext, Classical.choice, Quot.sound]
'NLA.IE06.ScalarRecurrence.cost_le_count_and_reciprocal' depends on axioms: [propext, Classical.choice, Quot.sound]
'NLA.IE06.ScalarRecurrence.orbit_reaches_dimension' depends on axioms: [propext, Classical.choice, Quot.sound]
'NLA.IE06.ScalarRecurrence.cost_le_six_sqrt' depends on axioms: [propext, Classical.choice, Quot.sound]
'NLA.IE06.ScalarRecurrence.profile' depends on axioms: [propext, Classical.choice, Quot.sound]
'NLA.IE06.ScalarRecurrence.profile_pos' depends on axioms: [propext, Classical.choice, Quot.sound]
'NLA.IE06.ScalarRecurrence.profile_div_eq' depends on axioms: [propext, Classical.choice, Quot.sound]
'NLA.IE06.ScalarRecurrence.profile_ratio_monotone' depends on axioms: [propext, Classical.choice, Quot.sound]
'NLA.IE06.ScalarRecurrence.profile_recurrence' depends on axioms: [propext, Classical.choice, Quot.sound]
'NLA.IE06.ScalarRecurrence.step_cast_upper' depends on axioms: [propext, Classical.choice, Quot.sound]
'NLA.IE06.ScalarRecurrence.step_loss_le' depends on axioms: [propext, Classical.choice, Quot.sound]

SpectralRecursionScalars
'NLA.IE06.SpectralRecursionScalars.cost_nonneg' depends on axioms: [propext, Classical.choice, Quot.sound]
'NLA.IE06.SpectralRecursionScalars.cost_ge_first' depends on axioms: [propext, Classical.choice, Quot.sound]
'NLA.IE06.SpectralRecursionScalars.profile_le_linear' depends on axioms: [propext, Classical.choice, Quot.sound]
'NLA.IE06.SpectralRecursionScalars.profile_lt_sqrt' depends on axioms: [propext, Classical.choice, Quot.sound]
'NLA.IE06.SpectralRecursionScalars.baseTheta' depends on axioms: [propext, Classical.choice, Quot.sound]
'NLA.IE06.SpectralRecursionScalars.baseTheta_pos' depends on axioms: [propext, Classical.choice, Quot.sound]
'NLA.IE06.SpectralRecursionScalars.baseTheta_le_one' depends on axioms: [propext, Classical.choice, Quot.sound]
'NLA.IE06.SpectralRecursionScalars.four_exp_one_le_exp_four' depends on axioms: [propext, Classical.choice, Quot.sound]
'NLA.IE06.SpectralRecursionScalars.profile_le_base_threshold' depends on axioms: [propext, Classical.choice, Quot.sound]
'NLA.IE06.SpectralRecursionScalars.base_step_dimension' depends on axioms: [propext, Classical.choice, Quot.sound]
'NLA.IE06.SpectralRecursionScalars.base_exponent_bound' depends on axioms: [propext, Classical.choice, Quot.sound]
'NLA.IE06.SpectralRecursionScalars.base_union_bound' depends on axioms: [propext, Classical.choice, Quot.sound]
'NLA.IE06.SpectralRecursionScalars.profile_recurrence_le' depends on axioms: [propext, Classical.choice, Quot.sound]
'NLA.IE06.SpectralRecursionScalars.sixteen_le_ceil_sqrt' depends on axioms: [propext, Classical.choice, Quot.sound]

GaussianSpectralBase
'NLA.IE06.GaussianSpectralBase.block' depends on axioms: [propext, Classical.choice, Quot.sound]
'NLA.IE06.GaussianSpectralBase.fixed_block_measurePreserving' depends on axioms: [propext, Classical.choice, Quot.sound]
'NLA.IE06.GaussianSpectralBase.card_rowOrders_le' depends on axioms: [propext, Classical.choice, Quot.sound]
'NLA.IE06.GaussianSpectralBase.fixed_block_tail' depends on axioms: [propext, Classical.choice, Quot.sound]
'NLA.IE06.GaussianSpectralBase.measure_finite_iUnion_le' depends on axioms: [propext, Classical.choice, Quot.sound]
'NLA.IE06.GaussianSpectralBase.rowOrder_union_le' depends on axioms: [propext, Classical.choice, Quot.sound]
'NLA.IE06.GaussianSpectralBase.adaptive_rowOrder_union_le' depends on axioms: [propext, Classical.choice, Quot.sound]
'NLA.IE06.GaussianSpectralBase.adaptive_block_tail' depends on axioms: [propext, Classical.choice, Quot.sound]
'NLA.IE06.GaussianSpectralBase.selected_block_tail' depends on axioms: [propext, Classical.choice, Quot.sound]
'NLA.IE06.GaussianSpectralBase.selected_block_profile_base' depends on axioms: [propext, Classical.choice, Quot.sound]

KyFan
'NLA.IE06.KyFan.frobeniusNorm' depends on axioms: [propext, Classical.choice, Quot.sound]
'NLA.IE06.KyFan.frobeniusNorm_eq_sqrt_sq' depends on axioms: [propext, Classical.choice, Quot.sound]
'NLA.IE06.KyFan.frobeniusNorm_eq_norm' depends on axioms: [propext, Classical.choice, Quot.sound]
'NLA.IE06.KyFan.frobeniusNorm_nonneg' depends on axioms: [propext, Classical.choice, Quot.sound]
'NLA.IE06.KyFan.frobeniusNorm_sq' depends on axioms: [propext, Classical.choice, Quot.sound]
'NLA.IE06.KyFan.entries' depends on axioms: [propext, Classical.choice, Quot.sound]
'NLA.IE06.KyFan.norm_entries' depends on axioms: [propext, Classical.choice, Quot.sound]
'NLA.IE06.KyFan.frobeniusNorm_conjTranspose' depends on axioms: [propext, Classical.choice, Quot.sound]
'NLA.IE06.KyFan.opNorm_conjTranspose' depends on axioms: [propext, Classical.choice, Quot.sound]
'NLA.IE06.KyFan.frobeniusNorm_sq_columns' depends on axioms: [propext, Classical.choice, Quot.sound]
'NLA.IE06.KyFan.frobeniusNorm_mul_left' depends on axioms: [propext, Classical.choice, Quot.sound]
'NLA.IE06.KyFan.frobeniusNorm_mul_right' depends on axioms: [propext, Classical.choice, Quot.sound]
'NLA.IE06.KyFan.frobeniusNorm_one' depends on axioms: [propext, Classical.choice, Quot.sound]
'NLA.IE06.KyFan.frobeniusNorm_le_sqrt_rows_opNorm' depends on axioms: [propext, Classical.choice, Quot.sound]
'NLA.IE06.KyFan.contractionValues' depends on axioms: [propext, Classical.choice, Quot.sound]
'NLA.IE06.KyFan.kyFan' depends on axioms: [propext, Classical.choice, Quot.sound]
'NLA.IE06.KyFan.contractionValues_nonempty' depends on axioms: [propext, Classical.choice, Quot.sound]
'NLA.IE06.KyFan.contraction_frobenius_le' depends on axioms: [propext, Classical.choice, Quot.sound]
'NLA.IE06.KyFan.contractionValues_bddAbove' depends on axioms: [propext, Classical.choice, Quot.sound]
'NLA.IE06.KyFan.contraction_le_kyFan' depends on axioms: [propext, Classical.choice, Quot.sound]
'NLA.IE06.KyFan.kyFan_le_sqrt_mul_opNorm' depends on axioms: [propext, Classical.choice, Quot.sound]
'NLA.IE06.KyFan.kyFan_nonneg' depends on axioms: [propext, Classical.choice, Quot.sound]
'NLA.IE06.KyFan.kyFan_zero' depends on axioms: [propext, Classical.choice, Quot.sound]
'NLA.IE06.KyFan.kyFan_le_add' depends on axioms: [propext, Classical.choice, Quot.sound]
'NLA.IE06.KyFan.kyFan_abs_sub_le' depends on axioms: [propext, Classical.choice, Quot.sound]
'NLA.IE06.KyFan.kyFan_mul_abs_sub_le' depends on axioms: [propext, Classical.choice, Quot.sound]
'NLA.IE06.KyFan.rowMatrix' depends on axioms: [propext, Classical.choice, Quot.sound]
'NLA.IE06.KyFan.rowMatrix_apply' depends on axioms: [propext, Classical.choice, Quot.sound]
'NLA.IE06.KyFan.rowMatrix_contraction' depends on axioms: [propext, Classical.choice, Quot.sound]
'NLA.IE06.KyFan.rowMatrix_mul_row' depends on axioms: [propext, Classical.choice, Quot.sound]
'NLA.IE06.KyFan.frobeniusNorm_sq_rowMatrix_mul' depends on axioms: [propext, Classical.choice, Quot.sound]
'NLA.IE06.KyFan.adjoint_leftSingularVector' depends on axioms: [propext, Classical.choice, Quot.sound]
'NLA.IE06.KyFan.sqrt_mul_singularValue_le_kyFan' depends on axioms: [propext, Classical.choice, Quot.sound]
'NLA.IE06.KyFan.matrixOfEntries' depends on axioms: [propext, Classical.choice, Quot.sound]
'NLA.IE06.KyFan.frobeniusNorm_matrixOfEntries_sub' depends on axioms: [propext, Classical.choice, Quot.sound]
'NLA.IE06.KyFan.kyFan_lipschitz' depends on axioms: [propext, Classical.choice, Quot.sound]
'NLA.IE06.KyFan.kyFan_mul_lipschitz' depends on axioms: [propext, Classical.choice, Quot.sound]
'NLA.IE06.KyFan.opNorm_le_frobeniusNorm' depends on axioms: [propext, Classical.choice, Quot.sound]
'NLA.IE06.KyFan.opNorm_abs_sub_le_frobeniusNorm' depends on axioms: [propext, Classical.choice, Quot.sound]
'NLA.IE06.KyFan.opNorm_mul_lipschitz' depends on axioms: [propext, Classical.choice, Quot.sound]

TruncatedInverse
'NLA.IE06.TruncatedInverse.sigmaInvSum' depends on axioms: [propext, Classical.choice, Quot.sound]
'NLA.IE06.TruncatedInverse.sigmaInvSum_nonneg' depends on axioms: [propext, Classical.choice, Quot.sound]
'NLA.IE06.TruncatedInverse.sigmaInvSum_eq_zero_of_le' depends on axioms: [propext, Classical.choice, Quot.sound]
'NLA.IE06.TruncatedInverse.retained_singularValue_ge' depends on axioms: [propext, Classical.choice, Quot.sound]
'NLA.IE06.TruncatedInverse.retained_singularValue_pos' depends on axioms: [propext, Classical.choice, Quot.sound]
'NLA.IE06.TruncatedInverse.frobeniusNorm_sq_eq_sum_basis' depends on axioms: [propext, Classical.choice, Quot.sound]
'NLA.IE06.TruncatedInverse.euclideanMap_injective_of_det_ne_zero' depends on axioms: [propext,
 Classical.choice,
 Quot.sound]
'NLA.IE06.TruncatedInverse.singularValues_pos_of_det_ne_zero' depends on axioms: [propext, Classical.choice, Quot.sound]
'NLA.IE06.TruncatedInverse.leftVectors' depends on axioms: [propext, Classical.choice, Quot.sound]
'NLA.IE06.TruncatedInverse.leftVectors_orthonormal' depends on axioms: [propext, Classical.choice, Quot.sound]
'NLA.IE06.TruncatedInverse.leftBasis' depends on axioms: [propext, Classical.choice, Quot.sound]
'NLA.IE06.TruncatedInverse.leftBasis_apply' depends on axioms: [propext, Classical.choice, Quot.sound]
'NLA.IE06.TruncatedInverse.inverse_apply_leftBasis' depends on axioms: [propext, Classical.choice, Quot.sound]
'NLA.IE06.TruncatedInverse.exists_retained_leftBasis' depends on axioms: [propext, Classical.choice, Quot.sound]
'NLA.IE06.TruncatedInverse.rightVectors' depends on axioms: [propext, Classical.choice, Quot.sound]
'NLA.IE06.TruncatedInverse.rightVectors_orthonormal' depends on axioms: [propext, Classical.choice, Quot.sound]
'NLA.IE06.TruncatedInverse.retainedMatrix' depends on axioms: [propext, Classical.choice, Quot.sound]
'NLA.IE06.TruncatedInverse.retainedMatrix_apply_basis' depends on axioms: [propext, Classical.choice, Quot.sound]
'NLA.IE06.TruncatedInverse.sum_fin_ite_lt' depends on axioms: [propext, Classical.choice, Quot.sound]
'NLA.IE06.TruncatedInverse.retainedMatrix_frobenius_sq' depends on axioms: [propext, Classical.choice, Quot.sound]
'NLA.IE06.TruncatedInverse.badIndex' depends on axioms: [propext, Quot.sound]
'NLA.IE06.TruncatedInverse.badIndex_injective' depends on axioms: [propext, Quot.sound]
'NLA.IE06.TruncatedInverse.badColumns' depends on axioms: [propext, Classical.choice, Quot.sound]
'NLA.IE06.TruncatedInverse.badColumns_conjTranspose' depends on axioms: [propext, Classical.choice, Quot.sound]
'NLA.IE06.TruncatedInverse.badColumns_orthonormal' depends on axioms: [propext, Classical.choice, Quot.sound]
'NLA.IE06.TruncatedInverse.badColumns_apply' depends on axioms: [propext, Classical.choice, Quot.sound]
'NLA.IE06.TruncatedInverse.badProjection_apply_basis' depends on axioms: [propext, Classical.choice, Quot.sound]
'NLA.IE06.TruncatedInverse.retainedMatrix_apply' depends on axioms: [propext, Classical.choice, Quot.sound]
'NLA.IE06.TruncatedInverse.retainedMatrix_opNorm_le' depends on axioms: [propext, Classical.choice, Quot.sound]
'NLA.IE06.TruncatedInverse.mul_retainedMatrix' depends on axioms: [propext, Classical.choice, Quot.sound]
'NLA.IE06.TruncatedInverse.retainedMatrix_mul_badColumns' depends on axioms: [propext, Classical.choice, Quot.sound]
'NLA.IE06.TruncatedInverse.exists_retained_decomposition' depends on axioms: [propext, Classical.choice, Quot.sound]
'NLA.IE06.TruncatedInverse.exists_inverse_decomposition' depends on axioms: [propext, Classical.choice, Quot.sound]

ProfileSum
'NLA.IE06.ProfileSum.inv_sq_le_telescoping' depends on axioms: [propext, Classical.choice, Quot.sound]
'NLA.IE06.ProfileSum.sum_inv_sq_le_telescoping' depends on axioms: [propext, Classical.choice, Quot.sound]
'NLA.IE06.ProfileSum.sum_inv_sq_le' depends on axioms: [propext, Classical.choice, Quot.sound]
'NLA.IE06.ProfileSum.sigmaInvSum_eq_sum_Ico' depends on axioms: [propext, Classical.choice, Quot.sound]
'NLA.IE06.ProfileSum.inv_singularValue_le_profile' depends on axioms: [propext, Classical.choice, Quot.sound]
'NLA.IE06.ProfileSum.sigmaInvSum_le_profile' depends on axioms: [propext, Classical.choice, Quot.sound]
'NLA.IE06.ProfileSum.sigmaInvSum_le_scalarProfile' depends on axioms: [propext, Classical.choice, Quot.sound]

GaussianSpectralRecursion
'NLA.IE06.GaussianSpectralRecursion.block_singularValue_congr' depends on axioms: [propext,
 Classical.choice,
 Quot.sound]
'NLA.IE06.GaussianSpectralRecursion.stageGood' depends on axioms: [propext, Classical.choice, Quot.sound]
'NLA.IE06.GaussianSpectralRecursion.globalBad' depends on axioms: [propext, Classical.choice, Quot.sound]
'NLA.IE06.GaussianSpectralRecursion.localBad' depends on axioms: [propext, Classical.choice, Quot.sound]
'NLA.IE06.GaussianSpectralRecursion.globalBad_subset_localBad' depends on axioms: [propext,
 Classical.choice,
 Quot.sound]
'NLA.IE06.GaussianSpectralRecursion.ExtensionBound' depends on axioms: [propext, Classical.choice, Quot.sound]
'NLA.IE06.GaussianSpectralRecursion.localBad_tail_of_extension_bound' depends on axioms: [propext,
 Classical.choice,
 Quot.sound]
'NLA.IE06.GaussianSpectralRecursion.dimension_union_exponential' depends on axioms: [propext,
 Classical.choice,
 Quot.sound]
'NLA.IE06.GaussianSpectralRecursion.profile_tail_of_extension_bound' depends on axioms: [propext,
 Classical.choice,
 Quot.sound]
'NLA.IE06.GaussianSpectralRecursion.profile_inverse_identity' depends on axioms: [propext, Classical.choice, Quot.sound]
'NLA.IE06.GaussianSpectralRecursion.profile_inverse_bound' depends on axioms: [propext, Classical.choice, Quot.sound]
'NLA.IE06.GaussianSpectralRecursion.inverseBad' depends on axioms: [propext, Classical.choice, Quot.sound]
'NLA.IE06.GaussianSpectralRecursion.inverseBad_subset_globalBad' depends on axioms: [propext,
 Classical.choice,
 Quot.sound]
'NLA.IE06.GaussianSpectralRecursion.inverse_tail_of_extension_bound' depends on axioms: [propext,
 Classical.choice,
 Quot.sound]
