⚠ [3328/3348] Replayed Challenge
warning: Challenge.lean:18:8: declaration uses `sorry`
warning: Challenge.lean:24:8: declaration uses `sorry`
warning: Challenge.lean:30:8: declaration uses `sorry`
warning: Challenge.lean:36:8: declaration uses `sorry`
✔ [3330/3348] Built NLA.FR05.Geometry.LeastSingular (7.0s)
✔ [3331/3348] Built NLA.FR05.SmallBall.RowDistanceProbability (5.7s)
✔ [3332/3348] Built NLA.FR05.Planted.SourceJacobianMatrix (6.9s)
✔ [3333/3348] Built NLA.FR05.Planted.ImbalancePerturbation (7.0s)
✔ [3334/3348] Built NLA.FR05.SmallBall.SourceRowSmallBall (7.5s)
✔ [3335/3348] Built NLA.FR05.Planted.SourceMatrixPerturbation (6.4s)
✔ [3336/3348] Built NLA.FR05.Planted.SourceRowDistance (6.6s)
✔ [3337/3348] Built NLA.FR05.Planted.SourceLocalControl (7.4s)
✔ [3338/3348] Built NLA.FR05.Planted.SourceHighProbability (6.0s)
✔ [3339/3348] Built NLA.FR05.Proposition31 (6.0s)
✔ [3340/3348] Built NLA.FR05.Planted.PlantedHaarFailure (6.6s)
✔ [3341/3348] Built NLA.FR05.Bridges.SourceHaarPlantedDensity (22s)
✔ [3342/3348] Built NLA.FR05.Bridges.SourceReferenceFrameDensity (6.8s)
✔ [3343/3348] Built NLA.FR05.Bridges.SourceReferenceLawBridge (21s)
✔ [3344/3348] Built NLA.FR05.FinalAssembly (6.9s)
✔ [3345/3348] Built NLA.FR05.Proof (6.5s)
ℹ [3347/3348] Built Solution (6.5s)
info: Solution.lean:110:0: 'NLA.FR05.proposition_3_1' depends on axioms: [propext, Classical.choice, Quot.sound]
info: Solution.lean:111:0: 'NLA.FR05.proposition_3_1_haar' depends on axioms: [propext, Classical.choice, Quot.sound]
info: Solution.lean:112:0: 'NLA.FR05.proposition_3_2' depends on axioms: [propext, Classical.choice, Quot.sound]
info: Solution.lean:113:0: 'NLA.FR05.explicit_noninjective_frame' depends on axioms: [propext, Classical.choice, Quot.sound]
info: Solution.lean:114:0: 'NLA.FR05.source_planted_frame_law_representation' depends on axioms: [propext, Classical.choice, Quot.sound]
info: Solution.lean:115:0: 'NLA.FR05.source_planted_radial_tail' depends on axioms: [propext, Classical.choice, Quot.sound]
info: Solution.lean:116:0: 'NLA.FR05.source_planted_radial_density' depends on axioms: [propext, Classical.choice, Quot.sound]
info: Solution.lean:117:0: 'NLA.FR05.source_planted_column_density_head_tail' depends on axioms: [propext, Classical.choice, Quot.sound]
info: Solution.lean:118:0: 'NLA.FR05.source_haar_planted_frame_law_eq_likelihood' depends on axioms: [propext, Classical.choice, Quot.sound]
info: Solution.lean:119:0: 'NLA.FR05.source_reference_frame_law_eq_likelihood' depends on axioms: [propext, Classical.choice, Quot.sound]
info: Solution.lean:120:0: 'NLA.FR05.source_reference_injective_probability' depends on axioms: [propext, Classical.choice, Quot.sound]
info: Solution.lean:121:0: 'NLA.FR05.source_reference_injective_integral' depends on axioms: [propext, Classical.choice, Quot.sound]
info: Solution.lean:122:0: 'NLA.FR05.likelihood_l2_bound_of_second_moment_estimates' depends on axioms: [propext, Classical.choice, Quot.sound]
info: Solution.lean:123:0: 'NLA.FR05.phaseRetrieval_injective_probability_le_inv_of_source_comparison' depends on axioms: [propext,
 Classical.choice,
 Quot.sound]
info: Solution.lean:124:0: 'NLA.FR05.phaseRetrieval_probability_le_planted_add_sqrt' depends on axioms: [propext, Classical.choice, Quot.sound]
info: Solution.lean:125:0: 'NLA.FR05.phaseRetrieval_injective_probability_le_inv' depends on axioms: [propext, Classical.choice, Quot.sound]
info: Solution.lean:126:0: 'NLA.FR05.phaseRetrieval_injective_probability_tendsto_zero' depends on axioms: [propext, Classical.choice, Quot.sound]
Build completed successfully (3348 jobs).
-- Found 0 errors in 14 declarations (plus 2 automatically generated ones) in NLA.FR05.Definitions with 15 linters


-- All linting checks passed!
-- Found 0 errors in 17 declarations (plus 12 automatically generated ones) in NLA.FR05.Geometry.Obstruction with 15 linters


-- All linting checks passed!
-- Found 0 errors in 8 declarations (plus 1 automatically generated ones) in NLA.FR05.Measure.Comparison with 15 linters


-- All linting checks passed!
-- Found 0 errors in 16 declarations (plus 9 automatically generated ones) in NLA.FR05.Gaussian.GaussianFrameRows with 15 linters


-- All linting checks passed!
-- Found 0 errors in 12 declarations (plus 3 automatically generated ones) in NLA.FR05.Gaussian.GaussianGram with 15 linters


-- All linting checks passed!
-- Found 0 errors in 11 declarations (plus 15 automatically generated ones) in NLA.FR05.SmallBall.GaussianSmallBall with 15 linters


-- All linting checks passed!
-- Found 0 errors in 5 declarations (plus 3 automatically generated ones) in NLA.FR05.Overlap.HaarCorner with 15 linters


-- All linting checks passed!
-- Found 0 errors in 30 declarations (plus 17 automatically generated ones) in NLA.FR05.Overlap.Spectrum with 15 linters


-- All linting checks passed!
'MeasureTheory.Measure.map_prod_eq_withDensity' depends on axioms: [propext, Classical.choice, Quot.sound]
'MeasureTheory.Measure.pi_withDensity_ofReal' depends on axioms: [propext, Classical.choice, Quot.sound]
'MeasureTheory.Measure.map_prod_eq_withDensity_ofReal' depends on axioms: [propext, Classical.choice, Quot.sound]
'MeasureTheory.Measure.map_prod_eq_withDensity_of_inv' depends on axioms: [propext, Classical.choice, Quot.sound]
'MeasureTheory.abs_setIntegral_le_sqrt_setIntegral_sq' depends on axioms: [propext, Classical.choice, Quot.sound]
'MeasureTheory.abs_setIntegral_le_sqrt_integral_sq' depends on axioms: [propext, Classical.choice, Quot.sound]
'NLA.FR05.phaseRetrievalInjective_iff_of_linearEquiv' depends on axioms: [propext, Classical.choice, Quot.sound]
'NLA.FR05.phaseRetrievalInjective_mul_diagonal' depends on axioms: [propext, Classical.choice, Quot.sound]
'NLA.FR05.measurePreserving_real_star_dotProduct' depends on axioms: [propext, Classical.choice, Quot.sound]
'Matrix.IsHermitian.det_one_add_smul_eq_prod' depends on axioms: [propext, Classical.choice, Quot.sound]
'NLA.FR05.standardComplexGaussianTail_map_splitSum' depends on axioms: [propext, Classical.choice, Quot.sound]
'NLA.FR05.gaussianMatrixProjection_law_eq_of_gram' depends on axioms: [propext, Classical.choice, Quot.sound]
'NLA.FR05.gaussianReal_abs_add_smallBall_uniform' depends on axioms: [propext, Classical.choice, Quot.sound]
'NLA.FR05.sourceOverlapLaw_eq_haarCorner' depends on axioms: [propext, Classical.choice, Quot.sound]
'NLA.FR05.volume_phaseCircle_preimage' depends on axioms: [propext, Classical.choice, Quot.sound]
'NLA.FR05.sourceUniformInterval_phase_preimage' depends on axioms: [propext, Classical.choice, Quot.sound]
'NLA.FR05.exists_row_mem_otherRowSpan_of_not_isUnit_det' depends on axioms: [propext, Classical.choice, Quot.sound]
'NLA.FR05.exists_unit_mem_otherRowSpan_orthogonal' depends on axioms: [propext, Classical.choice, Quot.sound]
'NLA.FR05.cone_integral_sq_le' depends on axioms: [propext, Classical.choice, Quot.sound]
'NLA.FR05.kernelEvenExp_factor_bound' depends on axioms: [propext, Classical.choice, Quot.sound]
'NLA.FR05.kernel_even_exp_remainder' depends on axioms: [propext, Classical.choice, Quot.sound]
'NLA.FR05.sourceEquation_midpoint_difference_identity' depends on axioms: [propext, Classical.choice, Quot.sound]
'NLA.FR05.sourceEquation_nonlinear_difference_le' depends on axioms: [propext, Classical.choice, Quot.sound]
'NLA.FR05.arccos_gap_sq_le' depends on axioms: [propext, Classical.choice, Quot.sound]
'NLA.FR05.arccos_gap_le_pi_sqrt' depends on axioms: [propext, Classical.choice, Quot.sound]
'NLA.FR05.volume_cosineBandPhaseSublevel_le' depends on axioms: [propext, Classical.choice, Quot.sound]
'NLA.FR05.affineTrig_cosine_normalForm' depends on axioms: [propext, Classical.choice, Quot.sound]
'NLA.FR05.norm_sq_le_squaredEuclideanNorm' depends on axioms: [propext, Classical.choice, Quot.sound]
'NLA.FR05.euclideanNorm_le_sqrt_card_mul_of_abs_le' depends on axioms: [propext, Classical.choice, Quot.sound]
'NLA.FR05.abs_plantedEquationLinear_sub_sourceRowJacobianForm_le_of_radial_tail' depends on axioms: [propext,
 Classical.choice,
 Quot.sound]
'NLA.FR05.proposition_3_1' depends on axioms: [propext, Classical.choice, Quot.sound]
'NLA.FR05.proposition_3_1_haar' depends on axioms: [propext, Classical.choice, Quot.sound]
'NLA.FR05.proposition_3_2' depends on axioms: [propext, Classical.choice, Quot.sound]
'NLA.FR05.source_haar_planted_frame_law_eq_likelihood' depends on axioms: [propext, Classical.choice, Quot.sound]
'NLA.FR05.source_reference_frame_law_eq_likelihood' depends on axioms: [propext, Classical.choice, Quot.sound]
'NLA.FR05.source_reference_injective_probability' depends on axioms: [propext, Classical.choice, Quot.sound]
'NLA.FR05.phaseRetrieval_probability_le_planted_add_sqrt' depends on axioms: [propext, Classical.choice, Quot.sound]
'NLA.FR05.phaseRetrieval_injective_probability_le_inv' depends on axioms: [propext, Classical.choice, Quot.sound]
'NLA.FR05.phaseRetrieval_injective_probability_tendsto_zero' depends on axioms: [propext, Classical.choice, Quot.sound]
All 18 new API lemmas occur in the final proof dependency closure.
