'NLA.IE06.SubGaussianQuadratic.gaussian_density_square_identity' depends on axioms: [propext,
 Classical.choice,
 Quot.sound]
'NLA.IE06.SubGaussianQuadratic.gaussian_exp_square_integrable' depends on axioms: [propext,
 Classical.choice,
 Quot.sound]
'NLA.IE06.SubGaussianQuadratic.gaussian_exp_square_integral' depends on axioms: [propext, Classical.choice, Quot.sound]
'NLA.IE06.SubGaussianQuadratic.scalar_exp_square' depends on axioms: [propext, Classical.choice, Quot.sound]
'NLA.IE06.SubGaussianQuadratic.columnSq' depends on axioms: [propext, Classical.choice, Quot.sound]
'NLA.IE06.SubGaussianQuadratic.frobeniusSq' depends on axioms: [propext, Classical.choice, Quot.sound]
'NLA.IE06.SubGaussianQuadratic.projection' depends on axioms: [propext, Classical.choice, Quot.sound]
'NLA.IE06.SubGaussianQuadratic.quadratic' depends on axioms: [propext, Classical.choice, Quot.sound]
'NLA.IE06.SubGaussianQuadratic.DirectionalSubGaussian' depends on axioms: [propext, Classical.choice, Quot.sound]
'NLA.IE06.SubGaussianQuadratic.columnSq_nonneg' depends on axioms: [propext, Classical.choice, Quot.sound]
'NLA.IE06.SubGaussianQuadratic.frobeniusSq_nonneg' depends on axioms: [propext, Classical.choice, Quot.sound]
'NLA.IE06.SubGaussianQuadratic.column_eq_zero_of_columnSq_zero' depends on axioms: [propext,
 Classical.choice,
 Quot.sound]
'NLA.IE06.SubGaussianQuadratic.normalized_sum_squares_le' depends on axioms: [propext, Classical.choice, Quot.sound]
'NLA.IE06.SubGaussianQuadratic.normalized_projection_subGaussian' depends on axioms: [propext,
 Classical.choice,
 Quot.sound]
'NLA.IE06.SubGaussianQuadratic.weighted_normalized_square' depends on axioms: [propext, Classical.choice, Quot.sound]
'NLA.IE06.SubGaussianQuadratic.frobenius_exp_square' depends on axioms: [propext, Classical.choice, Quot.sound]
'NLA.IE06.SubGaussianQuadratic.sqrt_two_le_exp_half' depends on axioms: [propext, Classical.choice, Quot.sound]
'NLA.IE06.SubGaussianQuadratic.quadratic_zero_of_frobeniusSq_zero' depends on axioms: [propext,
 Classical.choice,
 Quot.sound]
'NLA.IE06.SubGaussianQuadratic.quadratic_tail' depends on axioms: [propext, Classical.choice, Quot.sound]
