'NLA.IE06.TruncatedInverse.sigmaInvSum' depends on axioms: [propext, Classical.choice, Quot.sound]
'NLA.IE06.TruncatedInverse.sigmaInvSum_nonneg' depends on axioms: [propext, Classical.choice, Quot.sound]
'NLA.IE06.TruncatedInverse.sigmaInvSum_eq_zero_of_le' depends on axioms: [propext, Classical.choice, Quot.sound]
'NLA.IE06.TruncatedInverse.retained_singularValue_ge' depends on axioms: [propext, Classical.choice, Quot.sound]
'NLA.IE06.TruncatedInverse.retained_singularValue_pos' depends on axioms: [propext, Classical.choice, Quot.sound]
'NLA.IE06.TruncatedInverse.frobeniusNorm_sq_eq_sum_basis' depends on axioms: [propext, Classical.choice, Quot.sound]
'NLA.IE06.TruncatedInverse.euclideanMap_injective_of_det_ne_zero' depends on axioms: [propext,
 Classical.choice,
 Quot.sound]
'NLA.IE06.TruncatedInverse.singularValues_pos_of_det_ne_zero' depends on axioms: [propext, Classical.choice, Quot.sound]
'NLA.IE06.TruncatedInverse.leftVectors' depends on axioms: [propext, Classical.choice, Quot.sound]
'NLA.IE06.TruncatedInverse.leftVectors_orthonormal' depends on axioms: [propext, Classical.choice, Quot.sound]
'NLA.IE06.TruncatedInverse.leftBasis' depends on axioms: [propext, Classical.choice, Quot.sound]
'NLA.IE06.TruncatedInverse.leftBasis_apply' depends on axioms: [propext, Classical.choice, Quot.sound]
'NLA.IE06.TruncatedInverse.inverse_apply_leftBasis' depends on axioms: [propext, Classical.choice, Quot.sound]
'NLA.IE06.TruncatedInverse.exists_retained_leftBasis' depends on axioms: [propext, Classical.choice, Quot.sound]
'NLA.IE06.TruncatedInverse.rightVectors' depends on axioms: [propext, Classical.choice, Quot.sound]
'NLA.IE06.TruncatedInverse.rightVectors_orthonormal' depends on axioms: [propext, Classical.choice, Quot.sound]
'NLA.IE06.TruncatedInverse.retainedMatrix' depends on axioms: [propext, Classical.choice, Quot.sound]
'NLA.IE06.TruncatedInverse.retainedMatrix_apply_basis' depends on axioms: [propext, Classical.choice, Quot.sound]
'NLA.IE06.TruncatedInverse.sum_fin_ite_lt' depends on axioms: [propext, Classical.choice, Quot.sound]
'NLA.IE06.TruncatedInverse.retainedMatrix_frobenius_sq' depends on axioms: [propext, Classical.choice, Quot.sound]
'NLA.IE06.TruncatedInverse.badIndex' depends on axioms: [propext, Quot.sound]
'NLA.IE06.TruncatedInverse.badIndex_injective' depends on axioms: [propext, Quot.sound]
'NLA.IE06.TruncatedInverse.badColumns' depends on axioms: [propext, Classical.choice, Quot.sound]
'NLA.IE06.TruncatedInverse.badColumns_conjTranspose' depends on axioms: [propext, Classical.choice, Quot.sound]
'NLA.IE06.TruncatedInverse.badColumns_orthonormal' depends on axioms: [propext, Classical.choice, Quot.sound]
'NLA.IE06.TruncatedInverse.badColumns_apply' depends on axioms: [propext, Classical.choice, Quot.sound]
'NLA.IE06.TruncatedInverse.badProjection_apply_basis' depends on axioms: [propext, Classical.choice, Quot.sound]
'NLA.IE06.TruncatedInverse.retainedMatrix_apply' depends on axioms: [propext, Classical.choice, Quot.sound]
'NLA.IE06.TruncatedInverse.retainedMatrix_opNorm_le' depends on axioms: [propext, Classical.choice, Quot.sound]
'NLA.IE06.TruncatedInverse.mul_retainedMatrix' depends on axioms: [propext, Classical.choice, Quot.sound]
'NLA.IE06.TruncatedInverse.retainedMatrix_mul_badColumns' depends on axioms: [propext, Classical.choice, Quot.sound]
'NLA.IE06.TruncatedInverse.exists_retained_decomposition' depends on axioms: [propext, Classical.choice, Quot.sound]
'NLA.IE06.TruncatedInverse.exists_inverse_decomposition' depends on axioms: [propext, Classical.choice, Quot.sound]
