'NLA.IE06.GaussianShift.lintegral_half_smul' depends on axioms: [propext, Classical.choice, Quot.sound]
'NLA.IE06.GaussianShift.half_factor' depends on axioms: [propext, Classical.choice, Quot.sound]
'NLA.IE06.GaussianShift.midpoint_prekopa' depends on axioms: [propext, Classical.choice, Quot.sound]
'NLA.IE06.GaussianShift.squareNorm' depends on axioms: [propext, Classical.choice, Quot.sound]
'NLA.IE06.GaussianShift.gaussianWeight' depends on axioms: [propext, Classical.choice, Quot.sound]
'NLA.IE06.GaussianShift.gaussianWeight_measurable' depends on axioms: [propext, Classical.choice, Quot.sound]
'NLA.IE06.GaussianShift.gaussianWeight_neg' depends on axioms: [propext, Classical.choice, Quot.sound]
'NLA.IE06.GaussianShift.gaussianWeight_midpoint' depends on axioms: [propext, Classical.choice, Quot.sound]
'NLA.IE06.GaussianShift.shiftedWeight' depends on axioms: [propext, Classical.choice, Quot.sound]
'NLA.IE06.GaussianShift.shiftedWeight_measurable' depends on axioms: [propext, Classical.choice, Quot.sound]
'NLA.IE06.GaussianShift.shiftedWeight_reflection' depends on axioms: [propext, Classical.choice, Quot.sound]
'NLA.IE06.GaussianShift.shiftedWeight_integral_reflection' depends on axioms: [propext, Classical.choice, Quot.sound]
'NLA.IE06.GaussianShift.shiftedWeight_midpoint' depends on axioms: [propext, Classical.choice, Quot.sound]
'NLA.IE06.GaussianShift.gaussian_weight_shift_le' depends on axioms: [propext, Classical.choice, Quot.sound]
'NLA.IE06.GaussianShift.normalizer' depends on axioms: [propext, Classical.choice, Quot.sound]
'NLA.IE06.GaussianShift.normalizer_ne_zero' depends on axioms: [propext, Classical.choice, Quot.sound]
'NLA.IE06.GaussianShift.normalizer_ne_top' depends on axioms: [propext, Classical.choice, Quot.sound]
'NLA.IE06.GaussianShift.gaussianVector_eq_weight' depends on axioms: [propext, Classical.choice, Quot.sound]
'NLA.IE06.GaussianShift.gaussian_shift_mass' depends on axioms: [propext, Classical.choice, Quot.sound]
'NLA.IE06.GaussianShift.gaussian_shift_le' depends on axioms: [propext, Classical.choice, Quot.sound]
