'NLA.IE06.SelectedBlockExtensionScalars.loss' depends on axioms: [propext, Classical.choice, Quot.sound]
'NLA.IE06.SelectedBlockExtensionScalars.thetaCoefficient' depends on axioms: [propext, Classical.choice, Quot.sound]
'NLA.IE06.SelectedBlockExtensionScalars.theta' depends on axioms: [propext, Classical.choice, Quot.sound]
'NLA.IE06.SelectedBlockExtensionScalars.firstBudget' depends on axioms: [propext, Classical.choice, Quot.sound]
'NLA.IE06.SelectedBlockExtensionScalars.candidateBudget' depends on axioms: [propext, Classical.choice, Quot.sound]
'NLA.IE06.SelectedBlockExtensionScalars.scale' depends on axioms: [propext, Classical.choice, Quot.sound]
'NLA.IE06.SelectedBlockExtensionScalars.denominatorConstant' depends on axioms: [propext, Classical.choice, Quot.sound]
'NLA.IE06.SelectedBlockExtensionScalars.extensionConstant' depends on axioms: [propext, Classical.choice, Quot.sound]
'NLA.IE06.SelectedBlockExtensionScalars.dimensions' depends on axioms: [propext, Classical.choice, Quot.sound]
'NLA.IE06.SelectedBlockExtensionScalars.loss_nonneg' depends on axioms: [propext, Classical.choice, Quot.sound]
'NLA.IE06.SelectedBlockExtensionScalars.theta_pos' depends on axioms: [propext, Classical.choice, Quot.sound]
'NLA.IE06.SelectedBlockExtensionScalars.theta_le_one' depends on axioms: [propext, Classical.choice, Quot.sound]
'NLA.IE06.SelectedBlockExtensionScalars.budgets_pos' depends on axioms: [propext, Classical.choice, Quot.sound]
'NLA.IE06.SelectedBlockExtensionScalars.scale_pos' depends on axioms: [propext, Classical.choice, Quot.sound]
'NLA.IE06.SelectedBlockExtensionScalars.denominatorConstant_ge_one' depends on axioms: [propext,
 Classical.choice,
 Quot.sound]
'NLA.IE06.SelectedBlockExtensionScalars.extensionConstant_pos' depends on axioms: [propext,
 Classical.choice,
 Quot.sound]
'NLA.IE06.SelectedBlockExtensionScalars.candidate_exponent_bound' depends on axioms: [propext,
 Classical.choice,
 Quot.sound]
'NLA.IE06.SelectedBlockExtensionScalars.overcrowding_term_le' depends on axioms: [propext, Classical.choice, Quot.sound]
'NLA.IE06.SelectedBlockExtensionScalars.probability_accounting' depends on axioms: [propext,
 Classical.choice,
 Quot.sound]
'NLA.IE06.SelectedBlockExtensionScalars.loss_comparisons' depends on axioms: [propext, Classical.choice, Quot.sound]
'NLA.IE06.SelectedBlockExtensionScalars.candidate_root_le' depends on axioms: [propext, Classical.choice, Quot.sound]
'NLA.IE06.SelectedBlockExtensionScalars.two_sqrt_le_exp' depends on axioms: [propext, Classical.choice, Quot.sound]
'NLA.IE06.SelectedBlockExtensionScalars.product_threshold_le' depends on axioms: [propext, Classical.choice, Quot.sound]
'NLA.IE06.SelectedBlockExtensionScalars.compression_pos' depends on axioms: [propext, Classical.choice, Quot.sound]
'NLA.IE06.SelectedBlockExtensionScalars.compression_inverse_le' depends on axioms: [propext,
 Classical.choice,
 Quot.sound]
'NLA.IE06.SelectedBlockExtensionScalars.stacking_denominator_le' depends on axioms: [propext,
 Classical.choice,
 Quot.sound]
'NLA.IE06.SelectedBlockExtensionScalars.exponential_absorption' depends on axioms: [propext,
 Classical.choice,
 Quot.sound]
'NLA.IE06.SelectedBlockExtensionScalars.source_threshold_le' depends on axioms: [propext, Classical.choice, Quot.sound]
