'NLA.IE06.GaussianSpectralRecursion.block_singularValue_congr' depends on axioms: [propext,
 Classical.choice,
 Quot.sound]
'NLA.IE06.GaussianSpectralRecursion.stageGood' depends on axioms: [propext, Classical.choice, Quot.sound]
'NLA.IE06.GaussianSpectralRecursion.globalBad' depends on axioms: [propext, Classical.choice, Quot.sound]
'NLA.IE06.GaussianSpectralRecursion.localBad' depends on axioms: [propext, Classical.choice, Quot.sound]
'NLA.IE06.GaussianSpectralRecursion.globalBad_subset_localBad' depends on axioms: [propext,
 Classical.choice,
 Quot.sound]
'NLA.IE06.GaussianSpectralRecursion.ExtensionBound' depends on axioms: [propext, Classical.choice, Quot.sound]
'NLA.IE06.GaussianSpectralRecursion.localBad_tail_of_extension_bound' depends on axioms: [propext,
 Classical.choice,
 Quot.sound]
'NLA.IE06.GaussianSpectralRecursion.dimension_union_exponential' depends on axioms: [propext,
 Classical.choice,
 Quot.sound]
'NLA.IE06.GaussianSpectralRecursion.profile_tail_of_extension_bound' depends on axioms: [propext,
 Classical.choice,
 Quot.sound]
'NLA.IE06.GaussianSpectralRecursion.profile_inverse_identity' depends on axioms: [propext, Classical.choice, Quot.sound]
'NLA.IE06.GaussianSpectralRecursion.profile_inverse_bound' depends on axioms: [propext, Classical.choice, Quot.sound]
'NLA.IE06.GaussianSpectralRecursion.inverseBad' depends on axioms: [propext, Classical.choice, Quot.sound]
'NLA.IE06.GaussianSpectralRecursion.inverseBad_subset_globalBad' depends on axioms: [propext,
 Classical.choice,
 Quot.sound]
'NLA.IE06.GaussianSpectralRecursion.inverse_tail_of_extension_bound' depends on axioms: [propext,
 Classical.choice,
 Quot.sound]
