'NLA.IE06.SelectedBlockTruncation.coordinateEmbedding' depends on axioms: [propext, Classical.choice, Quot.sound]
'NLA.IE06.SelectedBlockTruncation.coordinateEmbedding_orthonormal' depends on axioms: [propext,
 Classical.choice,
 Quot.sound]
'NLA.IE06.SelectedBlockTruncation.mul_embedding_conjTranspose' depends on axioms: [propext,
 Classical.choice,
 Quot.sound]
'NLA.IE06.SelectedBlockTruncation.activePrefixRows' depends on axioms: [propext, Classical.choice, Quot.sound]
'NLA.IE06.SelectedBlockTruncation.activeIdentityRows' depends on axioms: [propext, Classical.choice, Quot.sound]
'NLA.IE06.SelectedBlockTruncation.retainedRows' depends on axioms: [propext, Classical.choice, Quot.sound]
'NLA.IE06.SelectedBlockTruncation.discardedRows' depends on axioms: [propext, Classical.choice, Quot.sound]
'NLA.IE06.SelectedBlockTruncation.discardedFrame' depends on axioms: [propext, Classical.choice, Quot.sound]
'NLA.IE06.SelectedBlockTruncation.discardedFrame_orthonormal' depends on axioms: [propext, Classical.choice, Quot.sound]
'NLA.IE06.SelectedBlockTruncation.activePrefixRows_mul_apply' depends on axioms: [propext, Classical.choice, Quot.sound]
'NLA.IE06.SelectedBlockTruncation.retainedRows_apply' depends on axioms: [propext, Classical.choice, Quot.sound]
'NLA.IE06.SelectedBlockTruncation.discardedRows_apply' depends on axioms: [propext, Classical.choice, Quot.sound]
'NLA.IE06.SelectedBlockTruncation.eliminationRows_eq_full_inverse' depends on axioms: [propext,
 Classical.choice,
 Quot.sound]
'NLA.IE06.SelectedBlockTruncation.eliminationRows_decomposition' depends on axioms: [propext,
 Classical.choice,
 Quot.sound]
'NLA.IE06.SelectedBlockTruncation.retainedRows_rowNorm_sq' depends on axioms: [propext, Classical.choice, Quot.sound]
'NLA.IE06.SelectedBlockTruncation.retainedRows_inactive' depends on axioms: [propext, Classical.choice, Quot.sound]
'NLA.IE06.SelectedBlockTruncation.discardedRows_inactive' depends on axioms: [propext, Classical.choice, Quot.sound]
