'NLA.IE06.RightInverseBounds.opNorm_projection_le_one' depends on axioms: [propext, Classical.choice, Quot.sound]
'NLA.IE06.RightInverseBounds.gram_posDef_of_rightInverse' depends on axioms: [propext, Classical.choice, Quot.sound]
'NLA.IE06.RightInverseBounds.pinv_projection' depends on axioms: [propext, Classical.choice, Quot.sound]
'NLA.IE06.RightInverseBounds.pinv_norms_le_rightInverse' depends on axioms: [propext, Classical.choice, Quot.sound]
'NLA.IE06.RightInverseBounds.append' depends on axioms: [propext, Classical.choice, Quot.sound]
'NLA.IE06.RightInverseBounds.stack' depends on axioms: [propext, Classical.choice, Quot.sound]
'NLA.IE06.RightInverseBounds.append_mul_stack' depends on axioms: [propext, Classical.choice, Quot.sound]
'NLA.IE06.RightInverseBounds.stack_gram' depends on axioms: [propext, Classical.choice, Quot.sound]
'NLA.IE06.RightInverseBounds.opNorm_stack_sq_le' depends on axioms: [propext, Classical.choice, Quot.sound]
'NLA.IE06.RightInverseBounds.frobeniusNorm_stack_sq' depends on axioms: [propext, Classical.choice, Quot.sound]
'NLA.IE06.RightInverseBounds.opNorm_orthonormal_columns_le_one' depends on axioms: [propext,
 Classical.choice,
 Quot.sound]
'NLA.IE06.RightInverseBounds.frobeniusNorm_le_sqrt_columns_opNorm' depends on axioms: [propext,
 Classical.choice,
 Quot.sound]
'NLA.IE06.RightInverseBounds.frobeniusNorm_sub_mul_sq' depends on axioms: [propext, Classical.choice, Quot.sound]
'NLA.IE06.RightInverseBounds.appendRightInverse' depends on axioms: [propext, Classical.choice, Quot.sound]
'NLA.IE06.RightInverseBounds.append_mul_rightInverse' depends on axioms: [propext, Classical.choice, Quot.sound]
'NLA.IE06.RightInverseBounds.appendRightInverse_bounds' depends on axioms: [propext, Classical.choice, Quot.sound]
