'NLA.IE06.PrekopaLeindler.brunn_minkowski_1d_compact' depends on axioms: [propext, Classical.choice, Quot.sound]
'NLA.IE06.PrekopaLeindler.brunn_minkowski_1d_infinite' depends on axioms: [propext, Classical.choice, Quot.sound]
'NLA.IE06.PrekopaLeindler.brunn_minkowski_1d' depends on axioms: [propext, Classical.choice, Quot.sound]
'NLA.IE06.PrekopaLeindler.vol_superlevelset_measurable' depends on axioms: [propext, Classical.choice, Quot.sound]
'NLA.IE06.PrekopaLeindler.layercake' depends on axioms: [propext, Classical.choice, Quot.sound]
'NLA.IE06.PrekopaLeindler.lintegral_eq_vol_superlevelset_lintegral_01' depends on axioms: [propext,
 Classical.choice,
 Quot.sound]
'NLA.IE06.PrekopaLeindler.weighted_amgm' depends on axioms: [propext, Classical.choice, Quot.sound]
'NLA.IE06.PrekopaLeindler.prekopa_leindler_1d_normalized' depends on axioms: [propext, Classical.choice, Quot.sound]
'NLA.IE06.PrekopaLeindler.prekopa_leindler_1d_bounded' depends on axioms: [propext, Classical.choice, Quot.sound]
'NLA.IE06.PrekopaLeindler.prekopa_leindler_1d' depends on axioms: [propext, Classical.choice, Quot.sound]
'NLA.IE06.PrekopaLeindler.lintegral_fin1' depends on axioms: [propext, Classical.choice, Quot.sound]
'NLA.IE06.PrekopaLeindler.append' depends on axioms: [propext, Classical.choice, Quot.sound]
'NLA.IE06.PrekopaLeindler.append_measurable' depends on axioms: [propext, Classical.choice, Quot.sound]
'NLA.IE06.PrekopaLeindler.append_linear' depends on axioms: [propext, Classical.choice, Quot.sound]
'NLA.IE06.PrekopaLeindler.fix' depends on axioms: [propext, Classical.choice, Quot.sound]
'NLA.IE06.PrekopaLeindler.fix_measurable' depends on axioms: [propext, Classical.choice, Quot.sound]
'NLA.IE06.PrekopaLeindler.fix_apply' depends on axioms: [propext, Classical.choice, Quot.sound]
'NLA.IE06.PrekopaLeindler.lintegral_fix_eq_lmarginal' depends on axioms: [propext, Classical.choice, Quot.sound]
'NLA.IE06.PrekopaLeindler.lintegral_fix_lintegral_eq_lintegral' depends on axioms: [propext,
 Classical.choice,
 Quot.sound]
'NLA.IE06.PrekopaLeindler.PLConditions' depends on axioms: [propext, Classical.choice, Quot.sound]
'NLA.IE06.PrekopaLeindler.prekopa_leindler_1d_fin1' depends on axioms: [propext, Classical.choice, Quot.sound]
'NLA.IE06.PrekopaLeindler.prekopa_leindler' depends on axioms: [propext, Classical.choice, Quot.sound]
