IE22 author local cached development build only; unchanged verified IE21 source hashes checked. No authoritative Linux verification claim.
COMMAND ["/private/tmp/nla-campaign-toolchain/lean-4.33.1-darwin_aarch64/bin/lean", "-o", "/private/tmp/nla-ie22-threshold-mean-author-build/NLA/IE22/ProjectionEvent.olean", "NLA/IE22/ProjectionEvent.lean"]
NLA/IE22/ProjectionEvent.lean:176:61: error: unsolved goals
case hbc
θ : ℝ
hθ : 0 < θ ∧ θ < 1
m d r : ℕ
hm : 1 ≤ m
hd : 1 ≤ d
B : Mat m d
hrows : ∀ (i : Fin m), ‖matrixRow B i‖ ≤ 1
hop : operatorNorm B ^ 2 ≤ ↑m / (↑r + 1)
δ : ℝ
hδ : 0 < δ
hE : MemLp (projectedEnergy B) 2 (stdGaussian (Space d))
hEmean : ∫ (g : Space d), projectedEnergy B g ∂stdGaussian (Space d) ≤ 1
hEvar : Var[projectedEnergy B; stdGaussian (Space d)] ≤ 2 / (↑r + 1)
hV :
  ∀ (t : ℝ),
    0 ≤ t →
      MemLp (projectedObjective θ B t) 2 (stdGaussian (Space d)) ∧
        Var[projectedObjective θ B t; stdGaussian (Space d)] ≤ 4 * t * operatorNorm B ^ 2 / ↑m
hmpos : 0 < ↑m
hm0 : ↑m ≠ 0
hrpos : 0 < ↑r + 1
hgap : 0 < 1 - θ
hL : 0 ≤ truncationScale θ
henergy : (stdGaussian (Space d)).real {g | 2 < projectedEnergy B g} ≤ 2 / (↑r + 1)
BT : ℝ := ⋯
hBT : 0 ≤ BT
t : ℝ
ht : t ∈ Icc 0 (truncationScale θ)
hmean : ∫ (g : Space d), projectedObjective θ B t g ∂stdGaussian (Space d) ≤ gaussianTrim θ
hv :
  MemLp (projectedObjective θ B t) 2 (stdGaussian (Space d)) ∧
    Var[projectedObjective θ B t; stdGaussian (Space d)] ≤ 4 * t * operatorNorm B ^ 2 / ↑m
⊢ t ≤ truncationScale θ
Try this:
  [apply] ring_nf
  
  The `ring` tactic failed to close the goal. Use `ring_nf` to obtain a normal form.
    
  Note that `ring` works primarily in *commutative* rings. If you have a noncommutative ring, abelian group or module, consider using `noncomm_ring`, `abel` or `module` instead.
NLA/IE22/ProjectionEvent.lean:184:16: error: unsolved goals
θ : ℝ
hθ : 0 < θ ∧ θ < 1
m d r : ℕ
hm : 1 ≤ m
hd : 1 ≤ d
B : Mat m d
hrows : ∀ (i : Fin m), ‖matrixRow B i‖ ≤ 1
hop : operatorNorm B ^ 2 ≤ ↑m / (↑r + 1)
δ : ℝ
hδ : 0 < δ
hE : MemLp (projectedEnergy B) 2 (stdGaussian (Space d))
hEmean : ∫ (g : Space d), projectedEnergy B g ∂stdGaussian (Space d) ≤ 1
hEvar : Var[projectedEnergy B; stdGaussian (Space d)] ≤ 2 / (↑r + 1)
hV :
  ∀ (t : ℝ),
    0 ≤ t →
      MemLp (projectedObjective θ B t) 2 (stdGaussian (Space d)) ∧
        Var[projectedObjective θ B t; stdGaussian (Space d)] ≤ 4 * t * operatorNorm B ^ 2 / ↑m
hmpos : 0 < ↑m
hm0 : ↑m ≠ 0
hrpos : 0 < ↑r + 1
hgap : 0 < 1 - θ
hL : 0 ≤ truncationScale θ
henergy : (stdGaussian (Space d)).real {g | 2 < projectedEnergy B g} ≤ 2 / (↑r + 1)
BT : ℝ := 4 * truncationScale θ / ((↑r + 1) * δ ^ 2)
hBT : 0 ≤ BT
t : ℝ
ht : t ∈ Icc 0 (truncationScale θ)
hmean : ∫ (g : Space d), projectedObjective θ B t g ∂stdGaussian (Space d) ≤ gaussianTrim θ
hv :
  MemLp (projectedObjective θ B t) 2 (stdGaussian (Space d)) ∧
    Var[projectedObjective θ B t; stdGaussian (Space d)] ≤ 4 * t * operatorNorm B ^ 2 / ↑m
hvariance : Var[projectedObjective θ B t; stdGaussian (Space d)] ≤ 4 * truncationScale θ / (↑r + 1)
hprob :
  (stdGaussian (Space d)).real {ω | gaussianTrim θ + δ < projectedObjective θ B t ω} ≤
    Var[projectedObjective θ B t; stdGaussian (Space d)] / δ ^ 2
⊢ truncationScale θ * (1 + ↑r)⁻¹ * δ⁻¹ ^ 2 * 4 = truncationScale θ * (↑r * δ ^ 2 + δ ^ 2)⁻¹ * 4
EXIT 1
