✖ [2142/2144] Building NLA.MI19.Definitions (11s)
trace: .> LEAN_PATH=/private/tmp/nla-lean-mi19-worktree/matrix-inequalities-and-norms/MI-19/lean/.lake/packages/Cli/.lake/build/lib/lean:/private/tmp/nla-lean-mi19-worktree/matrix-inequalities-and-norms/MI-19/lean/.lake/packages/batteries/.lake/build/lib/lean:/private/tmp/nla-lean-mi19-worktree/matrix-inequalities-and-norms/MI-19/lean/.lake/packages/Qq/.lake/build/lib/lean:/private/tmp/nla-lean-mi19-worktree/matrix-inequalities-and-norms/MI-19/lean/.lake/packages/aesop/.lake/build/lib/lean:/private/tmp/nla-lean-mi19-worktree/matrix-inequalities-and-norms/MI-19/lean/.lake/packages/proofwidgets/.lake/build/lib/lean:/private/tmp/nla-lean-mi19-worktree/matrix-inequalities-and-norms/MI-19/lean/.lake/packages/importGraph/.lake/build/lib/lean:/private/tmp/nla-lean-mi19-worktree/matrix-inequalities-and-norms/MI-19/lean/.lake/packages/LeanSearchClient/.lake/build/lib/lean:/private/tmp/nla-lean-mi19-worktree/matrix-inequalities-and-norms/MI-19/lean/.lake/packages/plausible/.lake/build/lib/lean:/private/tmp/nla-lean-mi19-worktree/matrix-inequalities-and-norms/MI-19/lean/.lake/packages/mathlib/.lake/build/lib/lean:/private/tmp/nla-lean-mi19-worktree/matrix-inequalities-and-norms/MI-19/lean/.lake/packages/leancert/.lake/build/lib/lean:/private/tmp/nla-lean-mi19-worktree/matrix-inequalities-and-norms/MI-19/lean/.lake/build/lib/lean /Users/georgestepaniants/.elan/toolchains/leanprover--lean4---v4.33.1/bin/lean /private/tmp/nla-lean-mi19-worktree/matrix-inequalities-and-norms/MI-19/lean/NLA/MI19/Definitions.lean -o /private/tmp/nla-lean-mi19-worktree/matrix-inequalities-and-norms/MI-19/lean/.lake/build/lib/lean/NLA/MI19/Definitions.olean -i /private/tmp/nla-lean-mi19-worktree/matrix-inequalities-and-norms/MI-19/lean/.lake/build/lib/lean/NLA/MI19/Definitions.ilean -c /private/tmp/nla-lean-mi19-worktree/matrix-inequalities-and-norms/MI-19/lean/.lake/build/ir/NLA/MI19/Definitions.c --setup /private/tmp/nla-lean-mi19-worktree/matrix-inequalities-and-norms/MI-19/lean/.lake/build/ir/NLA/MI19/Definitions.setup.json --json
error: NLA/MI19/Definitions.lean:29:63: Unknown identifier `ℂ`

Note: It is not possible to treat `ℂ` as an implicitly bound variable here because the `autoImplicit` option is set to `false`.
error: NLA/MI19/Definitions.lean:30:31: Unknown identifier `ℂ`

Note: It is not possible to treat `ℂ` as an implicitly bound variable here because the `autoImplicit` option is set to `false`.
error: NLA/MI19/Definitions.lean:31:7: Unknown identifier `ℂ`
error: NLA/MI19/Definitions.lean:34:59: Unknown identifier `ℂ`

Note: It is not possible to treat `ℂ` as an implicitly bound variable here because the `autoImplicit` option is set to `false`.
error: NLA/MI19/Definitions.lean:34:64: Unknown identifier `ℂ`

Note: It is not possible to treat `ℂ` as an implicitly bound variable here because the `autoImplicit` option is set to `false`.
error: NLA/MI19/Definitions.lean:43:69: Unknown identifier `ℂ`

Note: It is not possible to treat `ℂ` as an implicitly bound variable here because the `autoImplicit` option is set to `false`.
error: NLA/MI19/Definitions.lean:44:27: Unknown identifier `ℂ`

Note: It is not possible to treat `ℂ` as an implicitly bound variable here because the `autoImplicit` option is set to `false`.
error: NLA/MI19/Definitions.lean:45:8: failed to synthesize instance of type class
  DecidablePred fun σ => PreservesSubset σ S

Hint: Type class instance resolution failures can be inspected with the `set_option trace.Meta.synthInstance true` command.
error: NLA/MI19/Definitions.lean:52:48: Unknown identifier `ℂ`
error: NLA/MI19/Definitions.lean:57:37: Unknown identifier `ℂ`

Note: It is not possible to treat `ℂ` as an implicitly bound variable here because the `autoImplicit` option is set to `false`.
error: NLA/MI19/Definitions.lean:61:40: Unknown identifier `ℂ`

Note: It is not possible to treat `ℂ` as an implicitly bound variable here because the `autoImplicit` option is set to `false`.
error: Lean exited with code 1
Some required targets logged failures:
- NLA.MI19.Definitions
error: build failed
