$ systemd-run --user --quiet --wait --pipe --collect -p 'RestrictAddressFamilies=~AF_UNIX' --working-directory /home/runner/work/_temp/nla-lean-tools/.verification-tmp/nla-fresh-proof-g88ulw3a/project /usr/bin/env -i PATH=/home/runner/.elan/toolchains/leanprover--lean4---v4.33.1/bin:/home/runner/.elan/bin:/home/runner/go/bin:/opt/hostedtoolcache/go/1.27.1/x64/bin:/snap/bin:/home/runner/.local/bin:/opt/pipx_bin:/home/runner/.cargo/bin:/home/runner/.config/composer/vendor/bin:/usr/local/.ghcup/bin:/home/runner/.dotnet/tools:/usr/local/sbin:/usr/local/bin:/usr/sbin:/usr/bin:/sbin:/bin:/usr/games:/usr/local/games:/snap/bin HOME=/home/runner LANG=C.UTF-8 XDG_RUNTIME_DIR=/run/user/1001 DBUS_SESSION_BUS_ADDRESS=unix:path=/run/user/1001/bus GIT_TERMINAL_PROMPT=0 GIT_CONFIG_NOSYSTEM=1 GIT_CONFIG_GLOBAL=/dev/null COMPARATOR_BIN=/home/runner/work/_temp/nla-lean-tools/.tools/comparator/.lake/build/bin/comparator COMPARATOR_LEAN4EXPORT=/home/runner/work/_temp/nla-lean-tools/.tools/lean4export/.lake/build/bin/lean4export COMPARATOR_LANDRUN=/home/runner/work/_temp/nla-lean-tools/scripts/strict_landrun.py XDG_CACHE_HOME=/home/runner/work/_temp/nla-lean-tools/.tools/cache TMPDIR=/home/runner/work/_temp/nla-lean-tools/.verification-tmp lake env /home/runner/work/_temp/nla-lean-tools/.tools/comparator/.lake/build/bin/comparator comparator.json
Building Challenge
✔ [3006/3008] Built NLA.IE14.Definitions (2.2s)
⚠ [3007/3008] Built Challenge (1.8s)
warning: Challenge.lean:14:8: declaration uses `sorry`
warning: Challenge.lean:17:8: declaration uses `sorry`
warning: Challenge.lean:22:8: declaration uses `sorry`
warning: Challenge.lean:26:8: declaration uses `sorry`
warning: Challenge.lean:32:8: declaration uses `sorry`
warning: Challenge.lean:36:8: declaration uses `sorry`
warning: Challenge.lean:41:8: declaration uses `sorry`
Build completed successfully (3008 jobs).
Exporting #[Quot, Quot.mk, Quot.lift, Quot.ind, NLA.IE14.numerical_bounds, NLA.IE14.entryMax_semantics, NLA.IE14.admissible_path_exists, NLA.IE14.all_active_entries_bound, NLA.IE14.witness_data, NLA.IE14.witness_attainment, NLA.IE14.canonical_result, propext, Classical.choice, Quot.sound, Nat.add, Nat.sub, Nat.mul, Nat.pow, Nat.gcd, Nat.div, Nat.mod, Nat.beq, Nat.ble, Nat.land, Nat.lor, Nat.xor, Nat.shiftLeft, Nat.shiftRight, String.ofList, Char.ofNat, List, eagerReduce, Nat, String, String.mk, Char, optParam, autoParam, semiOutParam, outParam] from Challenge
Building Solution
✔ [3436/3474] Built NLA.IE14.Basic (3.4s)
✔ [3442/3475] Built LeanCert.Core.Interval (3.3s)
✔ [3443/3475] Built LeanCert.Core.DerivativeIntervals (3.3s)
✔ [3444/3481] Built LeanCert.Core.Expr (5.8s)
✔ [3445/3481] Built LeanCert.Contrib.Sinc (5.8s)
✔ [3446/3481] Built LeanCert.Core.Taylor (9.3s)
✔ [3447/3482] Built LeanCert.Core.IntervalRat.LogReduction (6.9s)
✔ [3448/3482] Built LeanCert.Core.IntervalRat.Basic (9.7s)
✔ [3449/3486] Built LeanCert.Core.Support (4.9s)
✔ [3450/3486] Built LeanCert.Meta.Numeral (3.0s)
✔ [3451/3486] Built LeanCert.Core.Dyadic (3.8s)
✔ [3452/3486] Built LeanCert.Tactic.Verification (3.8s)
✔ [3453/3486] Built LeanCert.Engine.Eval.Result (3.3s)
✔ [3454/3486] Built LeanCert.Core.TrigReduction (3.5s)
✔ [3455/3486] Built LeanCert.Tactic.IntervalAuto.Types (4.5s)
✔ [3456/3486] Built LeanCert.Core.IntervalRat.Transcendental (5.2s)
✔ [3457/3487] Built LeanCert.Tactic.LeanCert.Bridge.Environment (4.2s)
✔ [3458/3487] Built LeanCert.Tactic.IntervalAuto.Extract (4.9s)
✔ [3459/3588] Built LeanCert.Tactic.NumericalRefinement (885ms)
✔ [3510/3589] Built LeanCert.Meta.ToExpr (6.8s)
✔ [3511/3589] Built LeanCert.Tactic.IntervalAuto.Norm (5.5s)
✔ [3512/3590] Built LeanCert.Tactic.VecUtil (2.0s)
✔ [3513/3590] Built LeanCert.Tactic.FinSumExpand (2.6s)
✔ [3514/3594] Built LeanCert.Tactic.LeanCert.Normalize (3.7s)
✔ [3515/3596] Built LeanCert.Tactic.IntervalAuto.Parse (5.2s)
✔ [3516/3596] Built LeanCert.Core.IntervalRat.Taylor (18s)
✔ [3517/3596] Built LeanCert.Tactic.BridgeNative (1.7s)
✔ [3518/3596] Built LeanCert.Tactic.FinsetParse (3.3s)
✔ [3519/3598] Built LeanCert.Tactic.IntervalAuto.Diagnostic (3.1s)
✔ [3520/3602] Built LeanCert.Core.IntervalReal (2.5s)
✔ [3521/3602] Built LeanCert.Validity.Eventual (2.9s)
✔ [3522/3602] Built LeanCert.Tactic.LeanCert.Semantic.Domain (1.5s)
✔ [3523/3605] Built LeanCert.Core.IntervalRat.TrigReduced (2.7s)
✔ [3524/3605] Built LeanCert.Core.IntervalRealEndpoints (5.0s)
✔ [3525/3605] Built LeanCert.Engine.Affine.Basic (7.2s)
✔ [3526/3605] Built LeanCert.Tactic.LeanCert.Semantic.Goal (2.4s)
✔ [3527/3605] Built LeanCert.Core.IntervalDyadic (8.2s)
✔ [3528/3605] Built LeanCert.Tactic.EventualBound (7.0s)
✔ [3529/3605] Built LeanCert.Tactic.VecSimp (1.9s)
✔ [3530/3609] Built LeanCert.Tactic.LeanCert.Semantic.Parse.Comparison (1.4s)
✔ [3531/3609] Built LeanCert.Engine.Affine.Nonlinear (5.8s)
✔ [3532/3610] Built LeanCert.Core.DyadicCell (5.1s)
✔ [3533/3610] Built LeanCert.Tactic.LeanCert.Semantic.Parse.Bound (4.6s)
✔ [3534/3613] Built LeanCert.Engine.Eval.Core (7.8s)
✔ [3535/3613] Built LeanCert.Core.DyadicFrontier (2.9s)
✔ [3536/3613] Built LeanCert.Tactic.Extension.Protocol (2.9s)
✔ [3537/3617] Built LeanCert.Tactic.LeanCert.Diagnostic.Evidence (3.3s)
✔ [3539/3626] Built LeanCert.Tactic.LeanCert.Config (2.1s)
✔ [3540/3634] Built LeanCert.Engine.Eval.Extended (3.9s)
✔ [3541/3634] Built LeanCert.Tactic.Extension.Registry (3.2s)
✔ [3543/3642] Built LeanCert.Engine.FloatEval (2.7s)
✔ [3544/3642] Built LeanCert.Engine.Algebra.QPoly (4.1s)
✔ [3545/3642] Built LeanCert.Engine.Bounds.Lemmas (2.9s)
✔ [3546/3642] Built LeanCert.Tactic.Extension.Command (2.9s)
✔ [3547/3642] Built NLA.IE14.GEPP (3.2s)
✔ [3548/3642] Built LeanCert.Engine.Algebra.QPolyIntegral (3.2s)
✔ [3549/3642] Built LeanCert.Engine.IntervalEval (2.4s)
✔ [3550/3642] Built LeanCert.Tactic.Extension (2.4s)
✔ [3551/3642] Built LeanCert.Validity.Bounds.Checked (2.7s)
✔ [3552/3642] Built LeanCert.Validity.Bounds.Core (2.9s)
✔ [3553/3642] Built LeanCert.Engine.Affine.Transcendental (4.3s)
✔ [3554/3642] Built LeanCert.Engine.IntervalEvalDyadic (6.3s)
✔ [3555/3642] Built LeanCert.Engine.Optimization.Box (3.8s)
✔ [3556/3642] Built LeanCert.Engine.RootFinding.Basic (5.6s)
✔ [3557/3642] Built LeanCert.Engine.AD.Basic (3.3s)
✔ [3558/3642] Built LeanCert.Engine.Integrate (6.6s)
✔ [3559/3642] Built LeanCert.Engine.IntervalEvalAffine (6.5s)
✔ [3560/3642] Built LeanCert.Validity.DyadicBounds (4.1s)
✔ [3561/3642] Built LeanCert.Engine.FinSumDyadic (5.2s)
✔ [3562/3642] Built LeanCert.Engine.TaylorModel.Core (9.2s)
✔ [3563/3642] Built LeanCert.Engine.Search.Heuristic (3.0s)
✔ [3564/3642] Built LeanCert.Engine.Affine.Environment (3.7s)
✔ [3565/3642] Built LeanCert.Engine.AD.Transcendental (4.1s)
✔ [3566/3642] Built LeanCert.Engine.RootFinding.Bisection (4.8s)
✔ [3567/3642] Built LeanCert.Engine.WitnessSum (3.4s)
✔ [3568/3642] Built LeanCert.Engine.TaylorModel.Special (2.6s)
✔ [3569/3642] Built LeanCert.Engine.TaylorModel.Integral (3.5s)
✔ [3570/3642] Built LeanCert.Engine.AD.Eval (5.4s)
✔ [3571/3642] Built LeanCert.Engine.TaylorModel.ExpLog (8.8s)
✔ [3572/3642] Built LeanCert.Engine.TaylorModel.Trig (10s)
✔ [3573/3642] Built LeanCert.Engine.AD.Correctness (4.1s)
✔ [3574/3642] Built LeanCert.Engine.TaylorModel.Hyperbolic (12s)
✔ [3575/3642] Built LeanCert.Engine.TaylorModel.Functions (2.1s)
✔ [3576/3642] Built LeanCert.Engine.AD.Computable (3.4s)
✔ [3577/3642] Built LeanCert.Engine.AD.PartialCorrectness (4.5s)
✔ [3578/3642] Built LeanCert.Engine.TaylorModel.Expr (3.9s)
✔ [3579/3642] Built LeanCert.Engine.AD.DomainChecked (3.1s)
✔ [3580/3642] Built LeanCert.Engine.TaylorModel (1.7s)
✔ [3581/3642] Built LeanCert.Engine.AD.Dyadic (2.6s)
✔ [3582/3642] Built LeanCert.Engine.AD (1.6s)
✔ [3583/3642] Built LeanCert.Validity.Bounds.Smart (3.3s)
✔ [3584/3642] Built LeanCert.Meta.ProveSupported (3.9s)
✔ [3585/3642] Built LeanCert.Engine.IntervalEvalRefined (4.6s)
✔ [3586/3642] Built LeanCert.Engine.Optimize (5.5s)
✔ [3587/3642] Built LeanCert.Validity.Bounds.Bridge (3.3s)
✔ [3588/3642] Built LeanCert.Meta.ProveContinuous (4.5s)
✔ [3589/3642] Built LeanCert.Tactic.IntervalAuto.ProveCommon (5.4s)
✔ [3590/3642] Built LeanCert.Engine.Optimization.Gradient (5.9s)
✔ [3591/3642] Built LeanCert.Engine.RootFinding.Newton (4.0s)
✔ [3592/3642] Built LeanCert.Validity.Bounds.Basic (3.1s)
✔ [3593/3642] Built LeanCert.Tactic.IntervalAuto.Basic (3.1s)
✔ [3594/3642] Built LeanCert.Tactic.LeanCert.Bridge.ReifiedFunction (3.6s)
✔ [3595/3642] Built LeanCert.Validity.Integration (6.1s)
✔ [3596/3642] Built LeanCert.Tactic.LeanCert.Semantic.Prepare (7.7s)
✔ [3597/3642] Built LeanCert.Engine.RootFinding.Krawczyk (9.0s)
✔ [3598/3642] Built LeanCert.Engine.RootFinding.MVTBounds (10s)
✔ [3599/3642] Built LeanCert.Tactic.LeanCert.Integral (7.6s)
✔ [3600/3642] Built LeanCert.Tactic.LeanCert.Solver.Protocol (6.3s)
✔ [3601/3642] Built LeanCert.Tactic.Extension.Execute (7.0s)
✔ [3602/3642] Built LeanCert.Engine.Optimization.Global (22s)
✔ [3603/3642] Built LeanCert.Engine.RootFinding.KrawczykCandidate (3.3s)
✔ [3604/3642] Built LeanCert.Validity.Krawczyk (2.6s)
✔ [3605/3642] Built LeanCert.Engine.RootFinding.Contraction (4.5s)
✔ [3606/3642] Built LeanCert.Tactic.LeanCert.Diagnostic.Render (3.6s)
✔ [3607/3642] Built LeanCert.Validity.Types (3.2s)
✔ [3608/3642] Built LeanCert.Tactic.Enclosure (3.4s)
✔ [3609/3642] Built LeanCert.Engine.Search.CounterExample (2.8s)
✔ [3610/3642] Built LeanCert.Engine.Optimization.Guided (2.9s)
✔ [3611/3642] Built LeanCert.Engine.RootFinding.Main (2.2s)
✔ [3612/3642] Built LeanCert.Engine.Optimization.BoundVerify (2.8s)
✔ [3613/3642] Built LeanCert.Validity.Bounds (3.9s)
✔ [3614/3642] Built LeanCert.Discovery.Find (3.3s)
✔ [3615/3642] Built LeanCert.Tactic.IntervalAuto.RootBound (3.8s)
✔ [3616/3642] Built LeanCert.Tactic.IntervalAuto.OptBound (4.1s)
✔ [3617/3642] Built LeanCert.Tactic.IntervalAuto.Multivariate (5.1s)
✔ [3618/3642] Built LeanCert.Tactic.IntervalAuto.Bound (10s)
✔ [3619/3642] Built LeanCert.Tactic.IntervalAuto.Subdiv (3.7s)
✔ [3620/3642] Built LeanCert.Tactic.IntervalAuto.Adaptive (5.8s)
✔ [3621/3642] Built LeanCert.Tactic.IntervalAuto.PointIneq (7.2s)
✔ [3622/3642] Built LeanCert.Tactic.IntervalAuto (2.0s)
✔ [3623/3642] Built LeanCert.Tactic.Refute (3.4s)
✔ [3624/3642] Built LeanCert.Tactic.FinSumWitness (4.1s)
✔ [3625/3642] Built LeanCert.Tactic.FinSumBound (3.5s)
✔ [3626/3642] Built LeanCert.Tactic.LeanCert.Semantic.Parse (2.7s)
✔ [3627/3642] Built LeanCert.Tactic.Discovery (10s)
✔ [3628/3642] Built LeanCert.Tactic.Krawczyk (2.7s)
✔ [3629/3642] Built LeanCert.Tactic.LeanCert.Router (6.0s)
✔ [3630/3642] Built LeanCert.Tactic.LeanCert (2.2s)
✔ [3631/3642] Built LeanCert.Tactic (2.2s)
ℹ [3632/3642] Built NLA.IE14.Certificates (2.5s)
info: NLA/IE14/Certificates.lean:19:0: 'NLA.IE14.half_bounds_certificate' depends on axioms: [propext, Classical.choice, Quot.sound]
ℹ [3633/3642] Built NLA.IE14.Front (3.0s)
info: NLA/IE14/Front.lean:286:0: 'NLA.IE14.frontInvariant_all' depends on axioms: [propext, Classical.choice, Quot.sound]
✔ [3634/3642] Built NLA.IE14.Factors (2.7s)
ℹ [3635/3642] Built NLA.IE14.FrontBounds (3.1s)
info: NLA/IE14/FrontBounds.lean:202:0: 'NLA.IE14.front_step_bounds' depends on axioms: [propext, Classical.choice, Quot.sound]
info: NLA/IE14/FrontBounds.lean:204:0: 'NLA.IE14.final_scalar_le_frontSum' depends on axioms: [propext, Classical.choice, Quot.sound]
✔ [3636/3642] Built NLA.IE14.Tail (2.0s)
ℹ [3637/3642] Built NLA.IE14.ColumnBounds (4.7s)
info: NLA/IE14/ColumnBounds.lean:336:0: 'NLA.IE14.front_fibonacci_run' depends on axioms: [propext, Classical.choice, Quot.sound]
info: NLA/IE14/ColumnBounds.lean:338:0: 'NLA.IE14.last_column_sum_bound' depends on axioms: [propext, Classical.choice, Quot.sound]
info: NLA/IE14/ColumnBounds.lean:340:0: 'NLA.IE14.penultimate_column_front_bound' depends on axioms: [propext, Classical.choice, Quot.sound]
info: NLA/IE14/ColumnBounds.lean:342:0: 'NLA.IE14.all_active_entries_bound_proved' depends on axioms: [propext, Classical.choice, Quot.sound]
✔ [3638/3642] Built NLA.IE14.WitnessEntries (3.6s)
✔ [3639/3642] Built NLA.IE14.Attainment (2.4s)
ℹ [3640/3642] Built NLA.IE14.Proof (2.2s)
info: NLA/IE14/Proof.lean:38:0: 'NLA.IE14.numerical_bounds' depends on axioms: [propext, Classical.choice, Quot.sound]
info: NLA/IE14/Proof.lean:40:0: 'NLA.IE14.entryMax_semantics' depends on axioms: [propext, Classical.choice, Quot.sound]
info: NLA/IE14/Proof.lean:42:0: 'NLA.IE14.admissible_path_exists' depends on axioms: [propext, Classical.choice, Quot.sound]
info: NLA/IE14/Proof.lean:44:0: 'NLA.IE14.all_active_entries_bound' depends on axioms: [propext, Classical.choice, Quot.sound]
info: NLA/IE14/Proof.lean:46:0: 'NLA.IE14.witness_data' depends on axioms: [propext, Classical.choice, Quot.sound]
info: NLA/IE14/Proof.lean:48:0: 'NLA.IE14.witness_attainment' depends on axioms: [propext, Classical.choice, Quot.sound]
info: NLA/IE14/Proof.lean:50:0: 'NLA.IE14.canonical_result' depends on axioms: [propext, Classical.choice, Quot.sound]
✔ [3641/3642] Built Solution (2.2s)
Build completed successfully (3642 jobs).
Exporting #[Quot, Quot.mk, Quot.lift, Quot.ind, NLA.IE14.numerical_bounds, NLA.IE14.entryMax_semantics, NLA.IE14.admissible_path_exists, NLA.IE14.all_active_entries_bound, NLA.IE14.witness_data, NLA.IE14.witness_attainment, NLA.IE14.canonical_result, propext, Classical.choice, Quot.sound, Nat.add, Nat.sub, Nat.mul, Nat.pow, Nat.gcd, Nat.div, Nat.mod, Nat.beq, Nat.ble, Nat.land, Nat.lor, Nat.xor, Nat.shiftLeft, Nat.shiftRight, String.ofList, Char.ofNat, List, eagerReduce, Nat, String, String.mk, Char, optParam, autoParam, semiOutParam, outParam] from Solution
Running Lean default kernel on solution.
Lean default kernel accepts the solution
Your solution is okay!

EXIT_STATUS=0
