$ systemd-run --user --quiet --wait --pipe --collect -p 'RestrictAddressFamilies=~AF_UNIX' --working-directory /home/admin/nla-lean-tools/.verification-tmp/nla-fresh-proof-5aja1cza/project /usr/bin/env -i PATH=/home/admin/.elan/toolchains/leanprover--lean4---v4.33.1/bin:/home/admin/.elan/bin:/home/admin/mf21-tools/go/bin:/usr/local/sbin:/usr/local/bin:/usr/sbin:/usr/bin:/sbin:/bin HOME=/home/admin LANG=C.UTF-8 XDG_RUNTIME_DIR=/run/user/1000 DBUS_SESSION_BUS_ADDRESS=unix:path=/run/user/1000/bus GIT_TERMINAL_PROMPT=0 GIT_CONFIG_NOSYSTEM=1 GIT_CONFIG_GLOBAL=/dev/null COMPARATOR_BIN=/home/admin/nla-lean-tools/.tools/comparator/.lake/build/bin/comparator COMPARATOR_LEAN4EXPORT=/home/admin/nla-lean-tools/.tools/lean4export/.lake/build/bin/lean4export COMPARATOR_LANDRUN=/home/admin/nla-lean-tools/scripts/strict_landrun.py XDG_CACHE_HOME=/home/admin/nla-lean-tools/.tools/cache TMPDIR=/home/admin/nla-lean-tools/.verification-tmp lake env /home/admin/nla-lean-tools/.tools/comparator/.lake/build/bin/comparator comparator.json
Building Challenge
✔ [2914/2916] Built NLA.TR27.Definitions (3.4s)
⚠ [2915/2916] Built Challenge (959ms)
warning: Challenge.lean:20:8: declaration uses `sorry`
warning: Challenge.lean:25:8: declaration uses `sorry`
warning: Challenge.lean:30:8: declaration uses `sorry`
warning: Challenge.lean:34:8: declaration uses `sorry`
warning: Challenge.lean:40:8: declaration uses `sorry`
warning: Challenge.lean:48:8: declaration uses `sorry`
warning: Challenge.lean:55:8: declaration uses `sorry`
warning: Challenge.lean:60:8: declaration uses `sorry`
warning: Challenge.lean:65:8: declaration uses `sorry`
warning: Challenge.lean:73:8: declaration uses `sorry`
warning: Challenge.lean:83:8: declaration uses `sorry`
warning: Challenge.lean:89:8: declaration uses `sorry`
warning: Challenge.lean:95:8: declaration uses `sorry`
warning: Challenge.lean:100:8: declaration uses `sorry`
warning: Challenge.lean:105:8: declaration uses `sorry`
warning: Challenge.lean:109:8: declaration uses `sorry`
warning: Challenge.lean:112:8: declaration uses `sorry`
warning: Challenge.lean:115:8: declaration uses `sorry`
warning: Challenge.lean:119:8: declaration uses `sorry`
warning: Challenge.lean:126:8: declaration uses `sorry`
warning: Challenge.lean:133:8: declaration uses `sorry`
warning: Challenge.lean:138:8: declaration uses `sorry`
warning: Challenge.lean:146:8: declaration uses `sorry`
warning: Challenge.lean:151:8: declaration uses `sorry`
warning: Challenge.lean:159:8: declaration uses `sorry`
Build completed successfully (2916 jobs).
Exporting #[Quot, Quot.mk, Quot.lift, Quot.ind, NLA.TR27.finite_coordinates, NLA.TR27.admissible_geometry, NLA.TR27.cone_projective_membership, NLA.TR27.projective_cone_rank, NLA.TR27.rank_minima, NLA.TR27.projective_affine_border, NLA.TR27.tensor_representatives, NLA.TR27.segre_cone_rank, NLA.TR27.segre_rank_minimum, NLA.TR27.coordinate_transport, NLA.TR27.quotient_semantics, NLA.TR27.homogeneous_parameter_semantics, NLA.TR27.integral_quadratic, NLA.TR27.substitution_integral, NLA.TR27.whole_closed_image, NLA.TR27.witness_admissible, NLA.TR27.curve_nonzero, NLA.TR27.eight_point_independence, NLA.TR27.witness_three_terms, NLA.TR27.border_curve_semantics, NLA.TR27.border_two, NLA.TR27.square_nine_terms, NLA.TR27.square_not_eight, NLA.TR27.projective_counterexample, NLA.TR27.original_conjecture_false, propext, Classical.choice, Quot.sound, Nat.add, Nat.sub, Nat.mul, Nat.pow, Nat.gcd, Nat.div, Nat.mod, Nat.beq, Nat.ble, Nat.land, Nat.lor, Nat.xor, Nat.shiftLeft, Nat.shiftRight, String.ofList, Char.ofNat, List, eagerReduce, Nat, String, String.mk, Char, optParam, autoParam, semiOutParam, outParam] from Challenge
Building Solution
ℹ [3407/3421] Built NLA.TR27.Semantics (1.6s)
info: NLA/TR27/Semantics.lean:234:0: 'NLA.TR27.rank_minima' depends on axioms: [propext, Classical.choice, Quot.sound]
info: NLA/TR27/Semantics.lean:235:0: 'NLA.TR27.projective_cone_rank' depends on axioms: [propext, Classical.choice, Quot.sound]
info: NLA/TR27/Semantics.lean:236:0: 'NLA.TR27.projective_span_range' depends on axioms: [propext, Classical.choice, Quot.sound]
info: NLA/TR27/Semantics.lean:237:0: 'NLA.TR27.cone_projective_membership' depends on axioms: [propext, Classical.choice, Quot.sound]
info: NLA/TR27/Semantics.lean:238:0: 'NLA.TR27.finite_coordinates' depends on axioms: [propext, Classical.choice, Quot.sound]
info: NLA/TR27/Semantics.lean:239:0: 'NLA.TR27.tensor_representatives' depends on axioms: [propext, Classical.choice, Quot.sound]
✔ [3408/3421] Built LeanCert.Tactic.Verification (1.9s)
ℹ [3409/3421] Built NLA.TR27.AffineBorder (1.9s)
info: NLA/TR27/AffineBorder.lean:105:0: 'NLA.TR27.projective_affine_border' depends on axioms: [propext, Classical.choice, Quot.sound]
info: NLA/TR27/AffineBorder.lean:106:0: 'NLA.TR27.homogeneousComponent_vanishes' depends on axioms: [propext, Classical.choice, Quot.sound]
ℹ [3410/3421] Built NLA.TR27.ProjectiveGeometry (2.0s)
info: NLA/TR27/ProjectiveGeometry.lean:135:0: 'NLA.TR27.admissible_geometry' depends on axioms: [propext, Classical.choice, Quot.sound]
✔ [3411/3421] Built NLA.TR27.Algebra (3.9s)
ℹ [3412/3421] Built NLA.TR27.SegreSemantics (1.0s)
info: NLA/TR27/SegreSemantics.lean:108:0: 'NLA.TR27.segre_rank_minimum' depends on axioms: [propext, Classical.choice, Quot.sound]
info: NLA/TR27/SegreSemantics.lean:109:0: 'NLA.TR27.segre_cone_rank' depends on axioms: [propext, Classical.choice, Quot.sound]
ℹ [3413/3421] Built NLA.TR27.CoordinateTransport (1.1s)
info: NLA/TR27/CoordinateTransport.lean:105:0: 'NLA.TR27.coordinate_transport' depends on axioms: [propext, Classical.choice, Quot.sound]
✔ [3414/3421] Built NLA.TR27.IntegralImage (1.5s)
✔ [3415/3421] Built NLA.TR27.Geometry (1.2s)
✔ [3416/3421] Built NLA.TR27.Independence (1.4s)
✔ [3417/3421] Built NLA.TR27.BorderWitness (1.0s)
✔ [3418/3421] Built NLA.TR27.RankWitness (1.4s)
ℹ [3419/3421] Built NLA.TR27.Counterexample (954ms)
info: NLA/TR27/Counterexample.lean:66:0: 'NLA.TR27.projective_counterexample' depends on axioms: [propext, Classical.choice, Quot.sound]
info: NLA/TR27/Counterexample.lean:67:0: 'NLA.TR27.original_conjecture_false' depends on axioms: [propext, Classical.choice, Quot.sound]
ℹ [3420/3421] Built Solution (1.4s)
info: Solution.lean:14:0: 'NLA.TR27.finite_coordinates' depends on axioms: [propext, Classical.choice, Quot.sound]
info: Solution.lean:16:0: 'NLA.TR27.admissible_geometry' depends on axioms: [propext, Classical.choice, Quot.sound]
info: Solution.lean:18:0: 'NLA.TR27.cone_projective_membership' depends on axioms: [propext, Classical.choice, Quot.sound]
info: Solution.lean:20:0: 'NLA.TR27.projective_cone_rank' depends on axioms: [propext, Classical.choice, Quot.sound]
info: Solution.lean:22:0: 'NLA.TR27.rank_minima' depends on axioms: [propext, Classical.choice, Quot.sound]
info: Solution.lean:24:0: 'NLA.TR27.projective_affine_border' depends on axioms: [propext, Classical.choice, Quot.sound]
info: Solution.lean:26:0: 'NLA.TR27.tensor_representatives' depends on axioms: [propext, Classical.choice, Quot.sound]
info: Solution.lean:28:0: 'NLA.TR27.segre_cone_rank' depends on axioms: [propext, Classical.choice, Quot.sound]
info: Solution.lean:30:0: 'NLA.TR27.segre_rank_minimum' depends on axioms: [propext, Classical.choice, Quot.sound]
info: Solution.lean:32:0: 'NLA.TR27.coordinate_transport' depends on axioms: [propext, Classical.choice, Quot.sound]
info: Solution.lean:34:0: 'NLA.TR27.quotient_semantics' depends on axioms: [propext, Classical.choice, Quot.sound]
info: Solution.lean:36:0: 'NLA.TR27.homogeneous_parameter_semantics' depends on axioms: [propext, Classical.choice, Quot.sound]
info: Solution.lean:38:0: 'NLA.TR27.integral_quadratic' depends on axioms: [propext, Classical.choice, Quot.sound]
info: Solution.lean:40:0: 'NLA.TR27.substitution_integral' depends on axioms: [propext, Classical.choice, Quot.sound]
info: Solution.lean:42:0: 'NLA.TR27.whole_closed_image' depends on axioms: [propext, Classical.choice, Quot.sound]
info: Solution.lean:44:0: 'NLA.TR27.witness_admissible' depends on axioms: [propext, Classical.choice, Quot.sound]
info: Solution.lean:46:0: 'NLA.TR27.curve_nonzero' depends on axioms: [propext, Classical.choice, Quot.sound]
info: Solution.lean:48:0: 'NLA.TR27.eight_point_independence' depends on axioms: [propext, Classical.choice, Quot.sound]
info: Solution.lean:50:0: 'NLA.TR27.witness_three_terms' depends on axioms: [propext, Classical.choice, Quot.sound]
info: Solution.lean:52:0: 'NLA.TR27.border_curve_semantics' depends on axioms: [propext, Classical.choice, Quot.sound]
info: Solution.lean:54:0: 'NLA.TR27.border_two' depends on axioms: [propext, Classical.choice, Quot.sound]
info: Solution.lean:56:0: 'NLA.TR27.square_nine_terms' depends on axioms: [propext, Classical.choice, Quot.sound]
info: Solution.lean:58:0: 'NLA.TR27.square_not_eight' depends on axioms: [propext, Classical.choice, Quot.sound]
info: Solution.lean:60:0: 'NLA.TR27.projective_counterexample' depends on axioms: [propext, Classical.choice, Quot.sound]
info: Solution.lean:62:0: 'NLA.TR27.original_conjecture_false' depends on axioms: [propext, Classical.choice, Quot.sound]
Build completed successfully (3421 jobs).
Exporting #[Quot, Quot.mk, Quot.lift, Quot.ind, NLA.TR27.finite_coordinates, NLA.TR27.admissible_geometry, NLA.TR27.cone_projective_membership, NLA.TR27.projective_cone_rank, NLA.TR27.rank_minima, NLA.TR27.projective_affine_border, NLA.TR27.tensor_representatives, NLA.TR27.segre_cone_rank, NLA.TR27.segre_rank_minimum, NLA.TR27.coordinate_transport, NLA.TR27.quotient_semantics, NLA.TR27.homogeneous_parameter_semantics, NLA.TR27.integral_quadratic, NLA.TR27.substitution_integral, NLA.TR27.whole_closed_image, NLA.TR27.witness_admissible, NLA.TR27.curve_nonzero, NLA.TR27.eight_point_independence, NLA.TR27.witness_three_terms, NLA.TR27.border_curve_semantics, NLA.TR27.border_two, NLA.TR27.square_nine_terms, NLA.TR27.square_not_eight, NLA.TR27.projective_counterexample, NLA.TR27.original_conjecture_false, propext, Classical.choice, Quot.sound, Nat.add, Nat.sub, Nat.mul, Nat.pow, Nat.gcd, Nat.div, Nat.mod, Nat.beq, Nat.ble, Nat.land, Nat.lor, Nat.xor, Nat.shiftLeft, Nat.shiftRight, String.ofList, Char.ofNat, List, eagerReduce, Nat, String, String.mk, Char, optParam, autoParam, semiOutParam, outParam] from Solution
Running Lean default kernel on solution.
Lean default kernel accepts the solution
Your solution is okay!

EXIT_STATUS=0
