$ lake exe cache get
✔ [1/5] Built Cache.Cli (118ms)
✔ [2/5] Built Cache.Lean (134ms)
✔ [6/26] Built Cache.Cli:c.o (118ms)
✔ [7/26] Built Cache.Lean:c.o (124ms)
✔ [8/26] Built Cache.Infra (182ms)
✔ [9/26] Built Cache.Infra:c.o (70ms)
✔ [10/26] Built Batteries.Tactic.OpenPrivate (360ms)
✔ [11/26] Built Cache.IO (501ms)
✔ [12/26] Built Batteries.Tactic.OpenPrivate:c.o (472ms)
✔ [13/26] Built Cache.Hashing (283ms)
✔ [14/26] Built Cache.Hashing:c.o (174ms)
✔ [15/26] Built Cache.IO:c.o (623ms)
✔ [16/26] Built Cache.Requests (745ms)
✔ [17/26] Built Cache.Marker (220ms)
✔ [18/26] Built Cache.Marker:c.o (47ms)
✔ [19/26] Built Cache.Query (250ms)
✔ [20/26] Built Cache.Query:c.o (127ms)
✔ [21/26] Built Cache.Warning (247ms)
✔ [22/26] Built Cache.Warning:c.o (108ms)
✔ [23/26] Built Cache.Main (470ms)
✔ [24/26] Built Cache.Requests:c.o (1.2s)
✔ [25/26] Built Cache.Main:c.o (361ms)
✔ [26/26] Built cache:exe (518ms)
Current branch: HEAD
Using cache from origin: (some leanprover-community/mathlib4)
Decompressing 8689 already-cached file(s) (1 already decompressed)
No files to download
Decompressed 8689 already-cached file(s)
Completed successfully in 12106 ms!

EXIT_STATUS=0
