Author development-only macOS typecheck; no full verification claim.
Lean (version 4.33.1, arm64-apple-darwin24.6.0, commit 819816b2e0a3bf405af45ae5c7af2491d8f5bee6, Release)
COMMAND: /private/tmp/nla-campaign-toolchain/lean-4.33.1-darwin_aarch64/bin/lean -o /private/tmp/nla-ie21-uniform-trimming-helper-final-build/NLA/IE21/Definitions.olean NLA/IE21/Definitions.lean
EXIT: 0
COMMAND: /private/tmp/nla-campaign-toolchain/lean-4.33.1-darwin_aarch64/bin/lean -o /private/tmp/nla-ie21-uniform-trimming-helper-final-build/NLA/IE21/MatrixSemantics.olean NLA/IE21/MatrixSemantics.lean
EXIT: 0
COMMAND: /private/tmp/nla-campaign-toolchain/lean-4.33.1-darwin_aarch64/bin/lean -o /private/tmp/nla-ie21-uniform-trimming-helper-final-build/NLA/IE21/FiniteTrimming.olean NLA/IE21/FiniteTrimming.lean
EXIT: 0
COMMAND: /private/tmp/nla-campaign-toolchain/lean-4.33.1-darwin_aarch64/bin/lean -o /private/tmp/nla-ie21-uniform-trimming-helper-final-build/NLA/IE21/SphereNet.olean NLA/IE21/SphereNet.lean
'NLA.IE21.sphere_net' depends on axioms: [propext, Classical.choice, Quot.sound]
EXIT: 0
COMMAND: /private/tmp/nla-campaign-toolchain/lean-4.33.1-darwin_aarch64/bin/lean -o /private/tmp/nla-ie21-uniform-trimming-helper-final-build/NLA/IE21/QuadraticNet.olean NLA/IE21/QuadraticNet.lean
EXIT: 0
COMMAND: /private/tmp/nla-campaign-toolchain/lean-4.33.1-darwin_aarch64/bin/lean -o /private/tmp/nla-ie21-uniform-trimming-helper-final-build/NLA/IE21/UniformTrimmingGeometry.olean NLA/IE21/UniformTrimmingGeometry.lean
EXIT: 0
COMMAND: /private/tmp/nla-campaign-toolchain/lean-4.33.1-darwin_aarch64/bin/lean -o /private/tmp/nla-ie21-uniform-trimming-helper-final-build/NLA/IE21/UniformTrimmingBound.olean NLA/IE21/UniformTrimmingBound.lean
EXIT: 0
COMMAND: /private/tmp/nla-campaign-toolchain/lean-4.33.1-darwin_aarch64/bin/lean -o /private/tmp/nla-ie21-uniform-trimming-helper-final-build/reviews/uniform-trimming-author-evidence/Axioms.olean reviews/uniform-trimming-author-evidence/Axioms.lean
'NLA.IE21.normalizedOperator_nonneg' depends on axioms: [propext, Classical.choice, Quot.sound]
'NLA.IE21.normalizedOperator_eq_norm' depends on axioms: [propext, Classical.choice, Quot.sound]
'NLA.IE21.normalizedOperator_le_covarianceError_add_one' depends on axioms: [propext, Classical.choice, Quot.sound]
'NLA.IE21.normalizedOperator_le_of_covariance' depends on axioms: [propext, Classical.choice, Quot.sound]
'NLA.IE21.abs_normalizedOperator_sub_one_le_covarianceError' depends on axioms: [propext, Classical.choice, Quot.sound]
'NLA.IE21.retainedLinearMap' depends on axioms: [propext, Classical.choice, Quot.sound]
'NLA.IE21.retainedNorm_le_matrixNorm' depends on axioms: [propext, Classical.choice, Quot.sound]
'NLA.IE21.retainedLinearMap_norm_le' depends on axioms: [propext, Classical.choice, Quot.sound]
'NLA.IE21.retainedNorm_sq_lipschitz' depends on axioms: [propext, Classical.choice, Quot.sound]
'NLA.IE21.directionalTrim_lipschitz' depends on axioms: [propext, Classical.choice, Quot.sound]
'NLA.IE21.directionalTrim_lipschitz_of_covariance' depends on axioms: [propext, Classical.choice, Quot.sound]
'NLA.IE21.goodEvent_of_net' depends on axioms: [propext, Classical.choice, Quot.sound]
'NLA.IE21.uniform_trim_probability_of_bounds' depends on axioms: [propext, Classical.choice, Quot.sound]
EXIT: 0
