$ systemd-run --user --quiet --wait --pipe --collect -p 'RestrictAddressFamilies=~AF_UNIX' --working-directory /home/runner/work/_temp/nla-lean-tools/.verification-tmp/nla-fresh-proof-01x0_sr3/project /usr/bin/env -i PATH=/home/runner/.elan/toolchains/leanprover--lean4---v4.33.1/bin:/home/runner/.elan/bin:/home/runner/go/bin:/opt/hostedtoolcache/go/1.27.1/x64/bin:/snap/bin:/home/runner/.local/bin:/opt/pipx_bin:/home/runner/.cargo/bin:/home/runner/.config/composer/vendor/bin:/usr/local/.ghcup/bin:/home/runner/.dotnet/tools:/usr/local/sbin:/usr/local/bin:/usr/sbin:/usr/bin:/sbin:/bin:/usr/games:/usr/local/games:/snap/bin HOME=/home/runner LANG=C.UTF-8 XDG_RUNTIME_DIR=/run/user/1001 DBUS_SESSION_BUS_ADDRESS=unix:path=/run/user/1001/bus GIT_TERMINAL_PROMPT=0 GIT_CONFIG_NOSYSTEM=1 GIT_CONFIG_GLOBAL=/dev/null COMPARATOR_BIN=/home/runner/work/_temp/nla-lean-tools/.tools/comparator/.lake/build/bin/comparator COMPARATOR_LEAN4EXPORT=/home/runner/work/_temp/nla-lean-tools/.tools/lean4export/.lake/build/bin/lean4export COMPARATOR_LANDRUN=/home/runner/work/_temp/nla-lean-tools/scripts/strict_landrun.py XDG_CACHE_HOME=/home/runner/work/_temp/nla-lean-tools/.tools/cache TMPDIR=/home/runner/work/_temp/nla-lean-tools/.verification-tmp lake env /home/runner/work/_temp/nla-lean-tools/.tools/comparator/.lake/build/bin/comparator comparator.json
Building Challenge
✔ [3104/3106] Built NLA.IE04.Definitions (1.6s)
⚠ [3105/3106] Built Challenge (1.5s)
warning: Challenge.lean:17:8: declaration uses `sorry`
warning: Challenge.lean:21:8: declaration uses `sorry`
warning: Challenge.lean:26:8: declaration uses `sorry`
warning: Challenge.lean:29:8: declaration uses `sorry`
warning: Challenge.lean:32:8: declaration uses `sorry`
warning: Challenge.lean:36:8: declaration uses `sorry`
warning: Challenge.lean:39:8: declaration uses `sorry`
warning: Challenge.lean:44:8: declaration uses `sorry`
warning: Challenge.lean:51:8: declaration uses `sorry`
warning: Challenge.lean:56:8: declaration uses `sorry`
warning: Challenge.lean:62:8: declaration uses `sorry`
warning: Challenge.lean:70:8: declaration uses `sorry`
warning: Challenge.lean:75:8: declaration uses `sorry`
warning: Challenge.lean:78:8: declaration uses `sorry`
warning: Challenge.lean:82:8: declaration uses `sorry`
warning: Challenge.lean:90:8: declaration uses `sorry`
warning: Challenge.lean:94:8: declaration uses `sorry`
warning: Challenge.lean:98:8: declaration uses `sorry`
warning: Challenge.lean:103:8: declaration uses `sorry`
warning: Challenge.lean:107:8: declaration uses `sorry`
warning: Challenge.lean:113:8: declaration uses `sorry`
Build completed successfully (3106 jobs).
Exporting #[Quot, Quot.mk, Quot.lift, Quot.ind, NLA.IE04.entryMax_semantics, NLA.IE04.firstPath_semantics, NLA.IE04.firstPath_admissibleRule, NLA.IE04.gaussianMatrix_probability, NLA.IE04.exceedanceEvent_measurable, NLA.IE04.witness_trajectory, NLA.IE04.witness_strict_growth, NLA.IE04.scalar_budgets, NLA.IE04.quotient_bounds, NLA.IE04.scalar_schur_error, NLA.IE04.full_box_robust, NLA.IE04.growth_on_box, NLA.IE04.standard_normal_density_lower, NLA.IE04.gaussian_interval_lower, NLA.IE04.gaussian_box_product, NLA.IE04.gaussian_box_probability, NLA.IE04.gaussian_box_in_actual_event, NLA.IE04.gepp_gaussian_tail_lower, NLA.IE04.contradiction_dimension, NLA.IE04.counterexample, NLA.IE04.not_uniformExponentialTail, propext, Classical.choice, Quot.sound, Nat.add, Nat.sub, Nat.mul, Nat.pow, Nat.gcd, Nat.div, Nat.mod, Nat.beq, Nat.ble, Nat.land, Nat.lor, Nat.xor, Nat.shiftLeft, Nat.shiftRight, String.ofList, Char.ofNat, List, eagerReduce, Nat, String, String.mk, Char, optParam, autoParam, semiOutParam, outParam] from Challenge
Building Solution
✔ [3642/3675] Built LeanCert.Core.DerivativeIntervals (2.8s)
✔ [3643/3675] Built LeanCert.Core.Interval (3.0s)
✔ [3644/3682] Built LeanCert.Contrib.Sinc (4.8s)
✔ [3645/3682] Built LeanCert.Core.Expr (5.6s)
✔ [3646/3686] Built LeanCert.Core.Dyadic (4.2s)
✔ [3647/3686] Built LeanCert.Tactic.Verification (5.1s)
✔ [3648/3686] Built LeanCert.Core.Taylor (8.4s)
✔ [3649/3686] Built LeanCert.Core.IntervalRat.Basic (8.6s)
✔ [3650/3686] Built LeanCert.Core.IntervalRat.LogReduction (4.5s)
✔ [3651/3686] Built LeanCert.Core.Support (3.1s)
✔ [3652/3686] Built LeanCert.Tactic.LeanCert.Bridge.Environment (2.2s)
✔ [3653/3686] Built LeanCert.Meta.Numeral (3.2s)
✔ [3654/3687] Built LeanCert.Engine.Eval.Result (2.4s)
✔ [3655/3687] Built LeanCert.Core.TrigReduction (2.8s)
✔ [3656/3687] Built LeanCert.Tactic.IntervalAuto.Types (2.9s)
✔ [3657/3687] Built LeanCert.Core.IntervalRat.Transcendental (4.1s)
✔ [3658/3687] Built LeanCert.Tactic.NumericalRefinement (467ms)
✔ [3659/3758] Built LeanCert.Tactic.IntervalAuto.Extract (2.8s)
✔ [3681/3765] Built LeanCert.Tactic.IntervalAuto.Norm (3.7s)
✔ [3683/3769] Built LeanCert.Meta.ToExpr (5.4s)
ℹ [3684/3769] Built NLA.IE04.Pivot (4.7s)
info: NLA/IE04/Pivot.lean:159:0: 'NLA.IE04.firstPivotIndex_spec_proved' depends on axioms: [propext, Classical.choice, Quot.sound]
info: NLA/IE04/Pivot.lean:161:0: 'NLA.IE04.firstPivotIndex_eq_of_firstAvailable_proved' depends on axioms: [propext, Classical.choice, Quot.sound]
info: NLA/IE04/Pivot.lean:163:0: 'NLA.IE04.firstPivotIndex_firstAvailable_proved' depends on axioms: [propext, Classical.choice, Quot.sound]
info: NLA/IE04/Pivot.lean:165:0: 'NLA.IE04.trajectory_firstPath_eq_proved' depends on axioms: [propext, Classical.choice, Quot.sound]
info: NLA/IE04/Pivot.lean:167:0: 'NLA.IE04.firstPath_eq_of_firstAvailable_proved' depends on axioms: [propext, Classical.choice, Quot.sound]
ℹ [3685/3769] Built NLA.IE04.Scalars (7.0s)
info: NLA/IE04/Scalars.lean:124:0: 'NLA.IE04.scalar_budgets' depends on axioms: [propext, Classical.choice, Quot.sound]
info: NLA/IE04/Scalars.lean:125:0: 'NLA.IE04.quotient_bounds' depends on axioms: [propext, Classical.choice, Quot.sound]
info: NLA/IE04/Scalars.lean:126:0: 'NLA.IE04.scalar_schur_error' depends on axioms: [propext, Classical.choice, Quot.sound]
✔ [3686/3769] Built LeanCert.Tactic.IntervalAuto.Parse (6.4s)
✔ [3687/3769] Built LeanCert.Tactic.LeanCert.Normalize (3.1s)
⚠ [3688/3769] Built NLA.IE04.Asymptotics (4.1s)
warning: NLA/IE04/Asymptotics.lean:54:45: Variable name `hc₁` is not explicitly referenced.

Hint: The binding can be removed (if unused) or named `_` (if used implicitly). Alternatively, prefix the name with `_` to silence this warning:
  [apply] _hc₁

Note: This linter can be disabled with `set_option linter.unusedVariables false`
info: NLA/IE04/Asymptotics.lean:89:0: 'NLA.IE04.contradiction_dimension' depends on axioms: [propext, Classical.choice, Quot.sound]
✔ [3689/3769] Built LeanCert.Tactic.IntervalAuto.Diagnostic (2.6s)
ℹ [3690/3769] Built NLA.IE04.GEPP (3.4s)
info: NLA/IE04/GEPP.lean:294:0: 'NLA.IE04.entryMax_semantics_proved' depends on axioms: [propext, Classical.choice, Quot.sound]
info: NLA/IE04/GEPP.lean:296:0: 'NLA.IE04.schurStep_bound_proved' depends on axioms: [propext, Classical.choice, Quot.sound]
info: NLA/IE04/GEPP.lean:298:0: 'NLA.IE04.gepp_growth_bound_proved' depends on axioms: [propext, Classical.choice, Quot.sound]
info: NLA/IE04/GEPP.lean:300:0: 'NLA.IE04.activeInjective_initial_proved' depends on axioms: [propext, Classical.choice, Quot.sound]
info: NLA/IE04/GEPP.lean:302:0: 'NLA.IE04.activeInjective_nonzero_column_proved' depends on axioms: [propext, Classical.choice, Quot.sound]
info: NLA/IE04/GEPP.lean:304:0: 'NLA.IE04.activeInjective_rowSwap_proved' depends on axioms: [propext, Classical.choice, Quot.sound]
info: NLA/IE04/GEPP.lean:306:0: 'NLA.IE04.schurStep_mulVec_proved' depends on axioms: [propext, Classical.choice, Quot.sound]
info: NLA/IE04/GEPP.lean:308:0: 'NLA.IE04.activeInjective_schur_proved' depends on axioms: [propext, Classical.choice, Quot.sound]
info: NLA/IE04/GEPP.lean:310:0: 'NLA.IE04.firstTrajectory_activeInjective_proved' depends on axioms: [propext, Classical.choice, Quot.sound]
info: NLA/IE04/GEPP.lean:312:0: 'NLA.IE04.firstPath_semantics_proved' depends on axioms: [propext, Classical.choice, Quot.sound]
✔ [3691/3769] Built LeanCert.Core.IntervalRat.Taylor (17s)
✔ [3692/3769] Built LeanCert.Core.IntervalReal (1.9s)
✔ [3693/3769] Built LeanCert.Core.IntervalRat.TrigReduced (2.4s)
ℹ [3694/3769] Built NLA.IE04.StrictPivots (3.1s)
info: NLA/IE04/StrictPivots.lean:125:0: 'NLA.IE04.noSwap_nonsingular_of_pivots' depends on axioms: [propext, Classical.choice, Quot.sound]
info: NLA/IE04/StrictPivots.lean:127:0: 'NLA.IE04.strictNoSwap_path_unique' depends on axioms: [propext, Classical.choice, Quot.sound]
ℹ [3695/3769] Built NLA.IE04.Measurability (3.1s)
info: NLA/IE04/Measurability.lean:194:0: 'NLA.IE04.firstPath_admissibleRule_proved' depends on axioms: [propext, Classical.choice, Quot.sound]
info: NLA/IE04/Measurability.lean:196:0: 'NLA.IE04.gaussianMatrix_probability_proved' depends on axioms: [propext, Classical.choice, Quot.sound]
info: NLA/IE04/Measurability.lean:198:0: 'NLA.IE04.exceedanceEvent_measurable_proved' depends on axioms: [propext, Classical.choice, Quot.sound]
✔ [3696/3769] Built LeanCert.Core.IntervalRealEndpoints (4.2s)
⚠ [3697/3769] Built NLA.IE04.Witness (4.8s)
warning: NLA/IE04/Witness.lean:47:15: This simp argument is unused:
  Fin.val_mk

Hint: Omit it from the simp argument list.
  [apply] simp only at hv

Note: This linter can be disabled with `set_option linter.unusedSimpArgs false`
warning: NLA/IE04/Witness.lean:70:36: Variable name `hn` is not explicitly referenced.

Hint: The binding can be removed (if unused) or named `_` (if used implicitly). Alternatively, prefix the name with `_` to silence this warning:
  [apply] _hn

Note: This linter can be disabled with `set_option linter.unusedVariables false`
info: NLA/IE04/Witness.lean:144:0: 'NLA.IE04.witness_trajectory' depends on axioms: [propext, Classical.choice, Quot.sound]
info: NLA/IE04/Witness.lean:146:0: 'NLA.IE04.witness_strict_growth' depends on axioms: [propext, Classical.choice, Quot.sound]
✔ [3698/3769] Built LeanCert.Engine.Affine.Basic (7.1s)
✔ [3699/3769] Built LeanCert.Core.IntervalDyadic (7.8s)
ℹ [3700/3769] Built NLA.IE04.Robustness (5.0s)
info: NLA/IE04/Robustness.lean:180:0: 'NLA.IE04.full_box_robust' depends on axioms: [propext, Classical.choice, Quot.sound]
info: NLA/IE04/Robustness.lean:182:0: 'NLA.IE04.growth_on_box' depends on axioms: [propext, Classical.choice, Quot.sound]
✔ [3701/3769] Built LeanCert.Engine.Affine.Nonlinear (5.3s)
✔ [3702/3769] Built LeanCert.Engine.Eval.Core (7.7s)
✔ [3703/3769] Built LeanCert.Core.DyadicCell (4.5s)
✔ [3704/3769] Built LeanCert.Core.DyadicFrontier (1.6s)
✔ [3705/3769] Built LeanCert.Engine.Eval.Extended (2.2s)
✔ [3706/3769] Built LeanCert.Engine.Bounds.Lemmas (1.4s)
✔ [3707/3769] Built LeanCert.Engine.IntervalEval (1.3s)
✔ [3708/3769] Built LeanCert.Validity.Bounds.Core (2.5s)
✔ [3709/3769] Built LeanCert.Validity.Bounds.Checked (2.4s)
✔ [3710/3769] Built LeanCert.Engine.Affine.Transcendental (3.4s)
✔ [3711/3769] Built LeanCert.Engine.Optimization.Box (2.0s)
✔ [3712/3769] Built LeanCert.Engine.IntervalEvalDyadic (5.9s)
✔ [3713/3769] Built LeanCert.Engine.RootFinding.Basic (4.7s)
✔ [3714/3769] Built LeanCert.Engine.AD.Basic (2.9s)
✔ [3715/3769] Built LeanCert.Engine.Integrate (6.4s)
✔ [3716/3769] Built LeanCert.Validity.DyadicBounds (3.7s)
✔ [3717/3769] Built LeanCert.Engine.IntervalEvalAffine (5.9s)
✔ [3718/3769] Built LeanCert.Engine.TaylorModel.Core (8.3s)
✔ [3719/3769] Built LeanCert.Engine.RootFinding.Bisection (5.1s)
✔ [3720/3769] Built LeanCert.Engine.Affine.Environment (3.3s)
✔ [3721/3769] Built LeanCert.Engine.AD.Transcendental (3.9s)
✔ [3722/3769] Built LeanCert.Engine.TaylorModel.Integral (2.9s)
✔ [3723/3769] Built LeanCert.Engine.TaylorModel.Special (2.3s)
✔ [3724/3769] Built LeanCert.Engine.AD.Eval (3.3s)
✔ [3725/3769] Built LeanCert.Engine.TaylorModel.ExpLog (7.5s)
✔ [3726/3769] Built LeanCert.Engine.AD.Correctness (4.9s)
✔ [3727/3769] Built LeanCert.Engine.TaylorModel.Trig (9.0s)
✔ [3728/3769] Built LeanCert.Engine.TaylorModel.Hyperbolic (11s)
✔ [3729/3769] Built LeanCert.Engine.AD.Computable (2.0s)
✔ [3730/3769] Built LeanCert.Engine.TaylorModel.Functions (2.0s)
✔ [3731/3769] Built LeanCert.Engine.AD.PartialCorrectness (4.9s)
✔ [3732/3769] Built LeanCert.Engine.AD.DomainChecked (2.1s)
✔ [3733/3769] Built LeanCert.Engine.TaylorModel.Expr (3.2s)
✔ [3734/3769] Built LeanCert.Engine.AD.Dyadic (2.9s)
✔ [3735/3769] Built LeanCert.Engine.TaylorModel (1.3s)
✔ [3736/3769] Built LeanCert.Engine.AD (1.3s)
✔ [3737/3769] Built LeanCert.Validity.Bounds.Smart (2.9s)
✔ [3738/3769] Built LeanCert.Meta.ProveSupported (3.4s)
✔ [3739/3769] Built LeanCert.Engine.IntervalEvalRefined (3.4s)
✔ [3740/3769] Built LeanCert.Engine.Optimize (5.3s)
✔ [3741/3769] Built LeanCert.Validity.Bounds.Bridge (2.7s)
✔ [3742/3769] Built LeanCert.Meta.ProveContinuous (3.8s)
✔ [3743/3769] Built LeanCert.Tactic.IntervalAuto.ProveCommon (4.8s)
✔ [3744/3769] Built LeanCert.Validity.Bounds.Basic (2.5s)
✔ [3745/3769] Built LeanCert.Engine.RootFinding.Newton (4.3s)
✔ [3746/3769] Built LeanCert.Engine.Optimization.Gradient (5.6s)
✔ [3747/3769] Built LeanCert.Tactic.IntervalAuto.Basic (2.4s)
✔ [3748/3769] Built LeanCert.Validity.Integration (5.8s)
✔ [3749/3769] Built LeanCert.Engine.RootFinding.MVTBounds (6.9s)
✔ [3750/3769] Built LeanCert.Engine.RootFinding.Krawczyk (6.2s)
✔ [3751/3769] Built LeanCert.Engine.RootFinding.Contraction (5.2s)
✔ [3752/3769] Built LeanCert.Engine.RootFinding.Main (1.4s)
✔ [3753/3769] Built LeanCert.Engine.Optimization.Global (15s)
✔ [3754/3769] Built LeanCert.Engine.Optimization.BoundVerify (1.0s)
✔ [3755/3769] Built LeanCert.Validity.Bounds (3.5s)
✔ [3756/3769] Built LeanCert.Tactic.IntervalAuto.OptBound (3.2s)
✔ [3757/3769] Built LeanCert.Tactic.IntervalAuto.RootBound (3.2s)
✔ [3758/3769] Built LeanCert.Tactic.IntervalAuto.Multivariate (4.5s)
✔ [3759/3769] Built LeanCert.Tactic.IntervalAuto.Bound (10s)
✔ [3760/3769] Built LeanCert.Tactic.IntervalAuto.Subdiv (4.0s)
✔ [3761/3769] Built LeanCert.Tactic.IntervalAuto.Adaptive (4.8s)
✔ [3762/3769] Built LeanCert.Tactic.IntervalAuto.PointIneq (6.6s)
✔ [3763/3769] Built LeanCert.Tactic.IntervalAuto (1.6s)
ℹ [3764/3769] Built NLA.IE04.GaussianDensity (2.4s)
info: NLA/IE04/GaussianDensity.lean:71:0: 'NLA.IE04.exp_neg_two_lower' depends on axioms: [propext, Classical.choice, Quot.sound]
info: NLA/IE04/GaussianDensity.lean:73:0: 'NLA.IE04.standard_normal_density_lower' depends on axioms: [propext, Classical.choice, Quot.sound]
info: NLA/IE04/GaussianDensity.lean:75:0: 'NLA.IE04.gaussian_interval_lower' depends on axioms: [propext, Classical.choice, Quot.sound]
ℹ [3765/3769] Built NLA.IE04.GaussianBox (1.0s)
info: NLA/IE04/GaussianBox.lean:106:0: 'NLA.IE04.gaussian_box_product' depends on axioms: [propext, Classical.choice, Quot.sound]
info: NLA/IE04/GaussianBox.lean:108:0: 'NLA.IE04.gaussian_box_probability' depends on axioms: [propext, Classical.choice, Quot.sound]
ℹ [3766/3769] Built NLA.IE04.ProbabilityTail (1.8s)
info: NLA/IE04/ProbabilityTail.lean:55:0: 'NLA.IE04.gaussian_box_in_actual_event' depends on axioms: [propext, Classical.choice, Quot.sound]
info: NLA/IE04/ProbabilityTail.lean:57:0: 'NLA.IE04.gepp_gaussian_tail_lower' depends on axioms: [propext, Classical.choice, Quot.sound]
⚠ [3767/3769] Built NLA.IE04.Final (1.9s)
warning: NLA/IE04/Final.lean:27:2: Try this: 
  letI̵

The goal is a proposition, so `let` is preferred over `letI`.
The difference between `let` and `letI` is that `letI` inlines the value.
But this is not relevant for proofs because of proof irrelevance.

Note: This linter can be disabled with `set_option linter.style.haveILetI false`
info: NLA/IE04/Final.lean:70:0: 'NLA.IE04.counterexample' depends on axioms: [propext, Classical.choice, Quot.sound]
info: NLA/IE04/Final.lean:72:0: 'NLA.IE04.not_uniformExponentialTail' depends on axioms: [propext, Classical.choice, Quot.sound]
ℹ [3768/3769] Built Solution (1.8s)
info: Solution.lean:45:0: 'NLA.IE04.entryMax_semantics' depends on axioms: [propext, Classical.choice, Quot.sound]
info: Solution.lean:47:0: 'NLA.IE04.firstPath_semantics' depends on axioms: [propext, Classical.choice, Quot.sound]
info: Solution.lean:49:0: 'NLA.IE04.firstPath_admissibleRule' depends on axioms: [propext, Classical.choice, Quot.sound]
info: Solution.lean:51:0: 'NLA.IE04.gaussianMatrix_probability' depends on axioms: [propext, Classical.choice, Quot.sound]
info: Solution.lean:53:0: 'NLA.IE04.exceedanceEvent_measurable' depends on axioms: [propext, Classical.choice, Quot.sound]
info: Solution.lean:55:0: 'NLA.IE04.witness_trajectory' depends on axioms: [propext, Classical.choice, Quot.sound]
info: Solution.lean:57:0: 'NLA.IE04.witness_strict_growth' depends on axioms: [propext, Classical.choice, Quot.sound]
info: Solution.lean:59:0: 'NLA.IE04.scalar_budgets' depends on axioms: [propext, Classical.choice, Quot.sound]
info: Solution.lean:61:0: 'NLA.IE04.quotient_bounds' depends on axioms: [propext, Classical.choice, Quot.sound]
info: Solution.lean:63:0: 'NLA.IE04.scalar_schur_error' depends on axioms: [propext, Classical.choice, Quot.sound]
info: Solution.lean:65:0: 'NLA.IE04.full_box_robust' depends on axioms: [propext, Classical.choice, Quot.sound]
info: Solution.lean:67:0: 'NLA.IE04.growth_on_box' depends on axioms: [propext, Classical.choice, Quot.sound]
info: Solution.lean:69:0: 'NLA.IE04.standard_normal_density_lower' depends on axioms: [propext, Classical.choice, Quot.sound]
info: Solution.lean:71:0: 'NLA.IE04.gaussian_interval_lower' depends on axioms: [propext, Classical.choice, Quot.sound]
info: Solution.lean:73:0: 'NLA.IE04.gaussian_box_product' depends on axioms: [propext, Classical.choice, Quot.sound]
info: Solution.lean:75:0: 'NLA.IE04.gaussian_box_probability' depends on axioms: [propext, Classical.choice, Quot.sound]
info: Solution.lean:77:0: 'NLA.IE04.gaussian_box_in_actual_event' depends on axioms: [propext, Classical.choice, Quot.sound]
info: Solution.lean:79:0: 'NLA.IE04.gepp_gaussian_tail_lower' depends on axioms: [propext, Classical.choice, Quot.sound]
info: Solution.lean:81:0: 'NLA.IE04.contradiction_dimension' depends on axioms: [propext, Classical.choice, Quot.sound]
info: Solution.lean:83:0: 'NLA.IE04.counterexample' depends on axioms: [propext, Classical.choice, Quot.sound]
info: Solution.lean:85:0: 'NLA.IE04.not_uniformExponentialTail' depends on axioms: [propext, Classical.choice, Quot.sound]
Build completed successfully (3769 jobs).
Exporting #[Quot, Quot.mk, Quot.lift, Quot.ind, NLA.IE04.entryMax_semantics, NLA.IE04.firstPath_semantics, NLA.IE04.firstPath_admissibleRule, NLA.IE04.gaussianMatrix_probability, NLA.IE04.exceedanceEvent_measurable, NLA.IE04.witness_trajectory, NLA.IE04.witness_strict_growth, NLA.IE04.scalar_budgets, NLA.IE04.quotient_bounds, NLA.IE04.scalar_schur_error, NLA.IE04.full_box_robust, NLA.IE04.growth_on_box, NLA.IE04.standard_normal_density_lower, NLA.IE04.gaussian_interval_lower, NLA.IE04.gaussian_box_product, NLA.IE04.gaussian_box_probability, NLA.IE04.gaussian_box_in_actual_event, NLA.IE04.gepp_gaussian_tail_lower, NLA.IE04.contradiction_dimension, NLA.IE04.counterexample, NLA.IE04.not_uniformExponentialTail, propext, Classical.choice, Quot.sound, Nat.add, Nat.sub, Nat.mul, Nat.pow, Nat.gcd, Nat.div, Nat.mod, Nat.beq, Nat.ble, Nat.land, Nat.lor, Nat.xor, Nat.shiftLeft, Nat.shiftRight, String.ofList, Char.ofNat, List, eagerReduce, Nat, String, String.mk, Char, optParam, autoParam, semiOutParam, outParam] from Solution
Running Lean default kernel on solution.
Lean default kernel accepts the solution
Your solution is okay!

EXIT_STATUS=0
