Definitions

GaussianNull
'NLA.IE06.GaussianNull.polynomial_ne_zero_ae' depends on axioms: [propext, Classical.choice, Quot.sound]
'NLA.IE06.GaussianNull.gaussian_minor_det_ne_zero' depends on axioms: [propext, Classical.choice, Quot.sound]
'NLA.IE06.gaussianMatrix_singular_null_proved' depends on axioms: [propext, Classical.choice, Quot.sound]

GaussianQuadratic
'NLA.IE06.GaussianQuadratic.scalar_quadratic_mgf' depends on axioms: [propext, Classical.choice, Quot.sound]
'NLA.IE06.GaussianQuadratic.weighted_quadratic_mgf' depends on axioms: [propext, Classical.choice, Quot.sound]
'NLA.IE06.GaussianQuadratic.scalar_mgf_bound' depends on axioms: [propext, Classical.choice, Quot.sound]
'NLA.IE06.GaussianQuadratic.weighted_mgf_bound' depends on axioms: [propext, Classical.choice, Quot.sound]
'NLA.IE06.GaussianQuadratic.weighted_square_tail' depends on axioms: [propext, Classical.choice, Quot.sound]

GaussianFrobenius
'NLA.IE06.GaussianFrobenius.centered_gaussian_frobenius_tail' depends on axioms: [propext, Classical.choice, Quot.sound]

GaussianSmallest
'NLA.IE06.GaussianSmallest.stdGaussian_density' depends on axioms: [propext, Classical.choice, Quot.sound]
'NLA.IE06.GaussianSmallest.gaussian_norm_moment' depends on axioms: [propext, Classical.choice, Quot.sound]
'NLA.IE06.GaussianSmallest.gaussian_inverse_norm_moment' depends on axioms: [propext, Classical.choice, Quot.sound]
'NLA.IE06.GaussianSmallest.gaussian_sumSquares_moment' depends on axioms: [propext, Classical.choice, Quot.sound]
'NLA.IE06.GaussianSmallest.gaussian_inverse_sumSquares_moment' depends on axioms: [propext,
 Classical.choice,
 Quot.sound]

GaussianRegression
'NLA.IE06.GaussianRegression.gram_posDef_ae' depends on axioms: [propext, Classical.choice, Quot.sound]
'NLA.IE06.GaussianRegression.rotateColumns_measurePreserving' depends on axioms: [propext, Classical.choice, Quot.sound]
'NLA.IE06.GaussianRegression.inverse_gram_first_diagonal' depends on axioms: [propext, Classical.choice, Quot.sound]
'NLA.IE06.GaussianRegression.projected_inverse_norm_moment' depends on axioms: [propext, Classical.choice, Quot.sound]
'NLA.IE06.GaussianRegression.residual_inverse_norm_moment' depends on axioms: [propext, Classical.choice, Quot.sound]
'NLA.IE06.GaussianRegression.inverse_gram_first_moment' depends on axioms: [propext, Classical.choice, Quot.sound]
'NLA.IE06.GaussianRegression.directionalQuadratic_rotateColumns' depends on axioms: [propext,
 Classical.choice,
 Quot.sound]
'NLA.IE06.GaussianRegression.directional_inverse_gram_moment' depends on axioms: [propext, Classical.choice, Quot.sound]

Spectral
'NLA.IE06.Spectral.euclideanMap' depends on axioms: [propext, Classical.choice, Quot.sound]
'NLA.IE06.Spectral.opNorm' depends on axioms: [propext, Classical.choice, Quot.sound]
'NLA.IE06.Spectral.singularValue' depends on axioms: [propext, Classical.choice, Quot.sound]
'NLA.IE06.Spectral.pinv' depends on axioms: [propext, Classical.choice, Quot.sound]
'NLA.IE06.Spectral.opNorm_eq_l2' depends on axioms: [propext, Classical.choice, Quot.sound]
'NLA.IE06.Spectral.opNorm_nonneg' depends on axioms: [propext, Classical.choice, Quot.sound]
'NLA.IE06.Spectral.singularValue_nonneg' depends on axioms: [propext, Classical.choice, Quot.sound]
'NLA.IE06.Spectral.singularValue_antitone' depends on axioms: [propext, Classical.choice, Quot.sound]
'NLA.IE06.Spectral.singularValue_pos_iff' depends on axioms: [propext, Classical.choice, Quot.sound]
'NLA.IE06.Spectral.singularValue_eq_zero_iff' depends on axioms: [propext, Classical.choice, Quot.sound]
'NLA.IE06.Spectral.pinv_spectral_formula' depends on axioms: [propext, Classical.choice, Quot.sound]
'NLA.IE06.Spectral.pinv_eq_gram_inverse' depends on axioms: [propext, Classical.choice, Quot.sound]
'NLA.IE06.Spectral.mul_pinv_eq_one' depends on axioms: [propext, Classical.choice, Quot.sound]
'NLA.IE06.Spectral.pinv_gram' depends on axioms: [propext, Classical.choice, Quot.sound]
'NLA.IE06.Spectral.opNorm_pinv_sq_eq_gram_inverse' depends on axioms: [propext, Classical.choice, Quot.sound]
'NLA.IE06.Spectral.pinv_eq_gram_inverse_of_posDef' depends on axioms: [propext, Classical.choice, Quot.sound]
'NLA.IE06.Spectral.opNorm_pinv_sq_eq_gram_inverse_of_posDef' depends on axioms: [propext, Classical.choice, Quot.sound]
'NLA.IE06.Spectral.gram_posDef_of_surjective' depends on axioms: [propext, Classical.choice, Quot.sound]

Vendor/SLT/MatrixInfra/Basic
'Matrix.singularValues' depends on axioms: [propext, Classical.choice, Quot.sound]
'Matrix.singularValues_toEuclideanLin' depends on axioms: [propext, Classical.choice, Quot.sound]
'Matrix.singularValues_nonneg' depends on axioms: [propext, Classical.choice, Quot.sound]
'Matrix.singularValues_antitone' depends on axioms: [propext, Classical.choice, Quot.sound]
'Matrix.singularValues_fin' depends on axioms: [propext, Classical.choice, Quot.sound]
'Matrix.singularValues_of_card_le' depends on axioms: [propext, Classical.choice, Quot.sound]
'Matrix.sq_singularValues_fin' depends on axioms: [propext, Classical.choice, Quot.sound]
'Matrix.hasEigenvalue_adjoint_comp_self_sq_singularValues' depends on axioms: [propext, Classical.choice, Quot.sound]
'Matrix.conjTranspose_mul_self_toEuclideanLin' depends on axioms: [propext, Classical.choice, Quot.sound]
'Matrix.hasEigenvalue_conjTranspose_mul_self_sq_singularValues' depends on axioms: [propext,
 Classical.choice,
 Quot.sound]
'Matrix.support_singularValues' depends on axioms: [propext, Classical.choice, Quot.sound]
'Matrix.singularValues_pos_iff_lt_finrank_range' depends on axioms: [propext, Classical.choice, Quot.sound]
'Matrix.singularValues_eq_zero_iff_le_finrank_range' depends on axioms: [propext, Classical.choice, Quot.sound]
'Matrix.injective_toEuclideanLin_iff_singularValues_pos' depends on axioms: [propext, Classical.choice, Quot.sound]
'Matrix.rightSingularVectorBasis' depends on axioms: [propext, Classical.choice, Quot.sound]
'Matrix.adjoint_comp_self_apply_rightSingularVectorBasis' depends on axioms: [propext, Classical.choice, Quot.sound]
'Matrix.leftSingularVector' depends on axioms: [propext, Classical.choice, Quot.sound]
'Matrix.apply_rightSingularVectorBasis_eq_smul_leftSingularVector' depends on axioms: [propext,
 Classical.choice,
 Quot.sound]
'Matrix.apply_rightSingularVectorBasis_eq_zero_of_singularValues_eq_zero' depends on axioms: [propext,
 Classical.choice,
 Quot.sound]
'Matrix.apply_rightSingularVectorBasis_eq_smul_leftSingularVector'' depends on axioms: [propext,
 Classical.choice,
 Quot.sound]
'Matrix.norm_apply_rightSingularVectorBasis' depends on axioms: [propext, Classical.choice, Quot.sound]
'Matrix.norm_leftSingularVector_of_singularValues_ne_zero' depends on axioms: [propext, Classical.choice, Quot.sound]
'Matrix.orthonormal_leftSingularVector_of_singularValues_ne_zero' depends on axioms: [propext,
 Classical.choice,
 Quot.sound]
'Matrix.toEuclideanLin_apply_eq_sum_singularValue_leftSingularVector' depends on axioms: [propext,
 Classical.choice,
 Quot.sound]
'Matrix.toEuclideanLin_apply_eq_sum_singularValue_rankOne' depends on axioms: [propext, Classical.choice, Quot.sound]
'Matrix.vecMulVec_star_toEuclideanLin_eq_rankOne' depends on axioms: [propext, Classical.choice, Quot.sound]
'Matrix.eq_sum_singularValue_vecMulVec' depends on axioms: [propext, Classical.choice, Quot.sound]
'Matrix.leftSingularMatrix' depends on axioms: [propext, Classical.choice, Quot.sound]
'Matrix.singularValueDiagonalMatrix' depends on axioms: [propext, Classical.choice, Quot.sound]
'Matrix.rightSingularMatrix' depends on axioms: [propext, Classical.choice, Quot.sound]
'Matrix.rightSingularMatrix_conjTranspose_mul_self' depends on axioms: [propext, Classical.choice, Quot.sound]
'Matrix.rightSingularMatrix_mul_conjTranspose' depends on axioms: [propext, Classical.choice, Quot.sound]
'Matrix.eq_leftSingularMatrix_mul_diagonal_mul_conjTranspose_rightSingularMatrix' depends on axioms: [propext,
 Classical.choice,
 Quot.sound]
'Matrix.adjoint_comp_self_apply_eq_sum_sq_singularValue_rankOne' depends on axioms: [propext,
 Classical.choice,
 Quot.sound]
'Matrix.conjTranspose_mul_self_eq_sum_sq_singularValue_vecMulVec' depends on axioms: [propext,
 Classical.choice,
 Quot.sound]
'Matrix.mul_conjTranspose_toEuclideanLin' depends on axioms: [propext, Classical.choice, Quot.sound]
'Matrix.self_adjoint_apply_eq_sum_sq_singularValue_leftRankOne' depends on axioms: [propext,
 Classical.choice,
 Quot.sound]
'Matrix.mul_conjTranspose_eq_sum_sq_singularValue_vecMulVec' depends on axioms: [propext, Classical.choice, Quot.sound]
'Matrix.self_adjoint_apply_leftSingularVector' depends on axioms: [propext, Classical.choice, Quot.sound]
'Matrix.IsHermitian.eigenvaluesToEuclideanLin' depends on axioms: [propext, Classical.choice, Quot.sound]
'Matrix.IsHermitian.eigenvectorBasisToEuclideanLin' depends on axioms: [propext, Classical.choice, Quot.sound]
'Matrix.IsHermitian.apply_eigenvectorBasisToEuclideanLin' depends on axioms: [propext, Classical.choice, Quot.sound]
'Matrix.IsHermitian.spectral_decomposition_toEuclideanLin' depends on axioms: [propext, Classical.choice, Quot.sound]
'Matrix.IsHermitian.eq_sum_eigenvalue_vecMulVec' depends on axioms: [propext, Classical.choice, Quot.sound]
'Submodule.starProjection_isSymmetricProjection' depends on axioms: [propext, Classical.choice, Quot.sound]
'Submodule.starProjection_eq_self_iff_mem' depends on axioms: [propext, Classical.choice, Quot.sound]
'Submodule.orthogonalProjectionOnto_apply_eq_sum' depends on axioms: [propext, Classical.choice, Quot.sound]
'Submodule.orthogonalProjectionOnto_eq_sum_rankOne' depends on axioms: [propext, Classical.choice, Quot.sound]
'Submodule.starProjection_apply_eq_sum' depends on axioms: [propext, Classical.choice, Quot.sound]
'Submodule.starProjection_eq_sum_rankOne' depends on axioms: [propext, Classical.choice, Quot.sound]

Vendor/SLT/MatrixInfra/CourantFischer
NLA/IE06/Vendor/SLT/MatrixInfra/CourantFischer.lean:195:2: warning: Try this: 
  haveI̵

The goal is a proposition, so `have` is preferred over `haveI`.
The difference between `have` and `haveI` is that `haveI` inlines the value.
But this is not relevant for proofs because of proof irrelevance.

Note: This linter can be disabled with `set_option linter.style.haveILetI false`
NLA/IE06/Vendor/SLT/MatrixInfra/CourantFischer.lean:208:2: warning: Try this: 
  haveI̵

The goal is a proposition, so `have` is preferred over `haveI`.
The difference between `have` and `haveI` is that `haveI` inlines the value.
But this is not relevant for proofs because of proof irrelevance.

Note: This linter can be disabled with `set_option linter.style.haveILetI false`
NLA/IE06/Vendor/SLT/MatrixInfra/CourantFischer.lean:222:2: warning: Try this: 
  haveI̵

The goal is a proposition, so `have` is preferred over `haveI`.
The difference between `have` and `haveI` is that `haveI` inlines the value.
But this is not relevant for proofs because of proof irrelevance.

Note: This linter can be disabled with `set_option linter.style.haveILetI false`
NLA/IE06/Vendor/SLT/MatrixInfra/CourantFischer.lean:225:2: warning: Try this: 
  haveI̵

The goal is a proposition, so `have` is preferred over `haveI`.
The difference between `have` and `haveI` is that `haveI` inlines the value.
But this is not relevant for proofs because of proof irrelevance.

Note: This linter can be disabled with `set_option linter.style.haveILetI false`
NLA/IE06/Vendor/SLT/MatrixInfra/CourantFischer.lean:241:2: warning: Try this: 
  haveI̵

The goal is a proposition, so `have` is preferred over `haveI`.
The difference between `have` and `haveI` is that `haveI` inlines the value.
But this is not relevant for proofs because of proof irrelevance.

Note: This linter can be disabled with `set_option linter.style.haveILetI false`
NLA/IE06/Vendor/SLT/MatrixInfra/CourantFischer.lean:244:2: warning: Try this: 
  haveI̵

The goal is a proposition, so `have` is preferred over `haveI`.
The difference between `have` and `haveI` is that `haveI` inlines the value.
But this is not relevant for proofs because of proof irrelevance.

Note: This linter can be disabled with `set_option linter.style.haveILetI false`
NLA/IE06/Vendor/SLT/MatrixInfra/CourantFischer.lean:278:2: warning: Try this: 
  haveI̵

The goal is a proposition, so `have` is preferred over `haveI`.
The difference between `have` and `haveI` is that `haveI` inlines the value.
But this is not relevant for proofs because of proof irrelevance.

Note: This linter can be disabled with `set_option linter.style.haveILetI false`
NLA/IE06/Vendor/SLT/MatrixInfra/CourantFischer.lean:309:2: warning: Try this: 
  haveI̵

The goal is a proposition, so `have` is preferred over `haveI`.
The difference between `have` and `haveI` is that `haveI` inlines the value.
But this is not relevant for proofs because of proof irrelevance.

Note: This linter can be disabled with `set_option linter.style.haveILetI false`
NLA/IE06/Vendor/SLT/MatrixInfra/CourantFischer.lean:340:2: warning: Try this: 
  haveI̵

The goal is a proposition, so `have` is preferred over `haveI`.
The difference between `have` and `haveI` is that `haveI` inlines the value.
But this is not relevant for proofs because of proof irrelevance.

Note: This linter can be disabled with `set_option linter.style.haveILetI false`
NLA/IE06/Vendor/SLT/MatrixInfra/CourantFischer.lean:343:2: warning: Try this: 
  haveI̵

The goal is a proposition, so `have` is preferred over `haveI`.
The difference between `have` and `haveI` is that `haveI` inlines the value.
But this is not relevant for proofs because of proof irrelevance.

Note: This linter can be disabled with `set_option linter.style.haveILetI false`
NLA/IE06/Vendor/SLT/MatrixInfra/CourantFischer.lean:381:2: warning: Try this: 
  haveI̵

The goal is a proposition, so `have` is preferred over `haveI`.
The difference between `have` and `haveI` is that `haveI` inlines the value.
But this is not relevant for proofs because of proof irrelevance.

Note: This linter can be disabled with `set_option linter.style.haveILetI false`
NLA/IE06/Vendor/SLT/MatrixInfra/CourantFischer.lean:384:2: warning: Try this: 
  haveI̵

The goal is a proposition, so `have` is preferred over `haveI`.
The difference between `have` and `haveI` is that `haveI` inlines the value.
But this is not relevant for proofs because of proof irrelevance.

Note: This linter can be disabled with `set_option linter.style.haveILetI false`
NLA/IE06/Vendor/SLT/MatrixInfra/CourantFischer.lean:508:2: warning: Try this: 
  haveI̵

The goal is a proposition, so `have` is preferred over `haveI`.
The difference between `have` and `haveI` is that `haveI` inlines the value.
But this is not relevant for proofs because of proof irrelevance.

Note: This linter can be disabled with `set_option linter.style.haveILetI false`
NLA/IE06/Vendor/SLT/MatrixInfra/CourantFischer.lean:521:2: warning: Try this: 
  haveI̵

The goal is a proposition, so `have` is preferred over `haveI`.
The difference between `have` and `haveI` is that `haveI` inlines the value.
But this is not relevant for proofs because of proof irrelevance.

Note: This linter can be disabled with `set_option linter.style.haveILetI false`
NLA/IE06/Vendor/SLT/MatrixInfra/CourantFischer.lean:535:2: warning: Try this: 
  haveI̵

The goal is a proposition, so `have` is preferred over `haveI`.
The difference between `have` and `haveI` is that `haveI` inlines the value.
But this is not relevant for proofs because of proof irrelevance.

Note: This linter can be disabled with `set_option linter.style.haveILetI false`
NLA/IE06/Vendor/SLT/MatrixInfra/CourantFischer.lean:538:2: warning: Try this: 
  haveI̵

The goal is a proposition, so `have` is preferred over `haveI`.
The difference between `have` and `haveI` is that `haveI` inlines the value.
But this is not relevant for proofs because of proof irrelevance.

Note: This linter can be disabled with `set_option linter.style.haveILetI false`
NLA/IE06/Vendor/SLT/MatrixInfra/CourantFischer.lean:554:2: warning: Try this: 
  haveI̵

The goal is a proposition, so `have` is preferred over `haveI`.
The difference between `have` and `haveI` is that `haveI` inlines the value.
But this is not relevant for proofs because of proof irrelevance.

Note: This linter can be disabled with `set_option linter.style.haveILetI false`
NLA/IE06/Vendor/SLT/MatrixInfra/CourantFischer.lean:557:2: warning: Try this: 
  haveI̵

The goal is a proposition, so `have` is preferred over `haveI`.
The difference between `have` and `haveI` is that `haveI` inlines the value.
But this is not relevant for proofs because of proof irrelevance.

Note: This linter can be disabled with `set_option linter.style.haveILetI false`
NLA/IE06/Vendor/SLT/MatrixInfra/CourantFischer.lean:590:2: warning: Try this: 
  haveI̵

The goal is a proposition, so `have` is preferred over `haveI`.
The difference between `have` and `haveI` is that `haveI` inlines the value.
But this is not relevant for proofs because of proof irrelevance.

Note: This linter can be disabled with `set_option linter.style.haveILetI false`
NLA/IE06/Vendor/SLT/MatrixInfra/CourantFischer.lean:621:2: warning: Try this: 
  haveI̵

The goal is a proposition, so `have` is preferred over `haveI`.
The difference between `have` and `haveI` is that `haveI` inlines the value.
But this is not relevant for proofs because of proof irrelevance.

Note: This linter can be disabled with `set_option linter.style.haveILetI false`
NLA/IE06/Vendor/SLT/MatrixInfra/CourantFischer.lean:652:2: warning: Try this: 
  haveI̵

The goal is a proposition, so `have` is preferred over `haveI`.
The difference between `have` and `haveI` is that `haveI` inlines the value.
But this is not relevant for proofs because of proof irrelevance.

Note: This linter can be disabled with `set_option linter.style.haveILetI false`
NLA/IE06/Vendor/SLT/MatrixInfra/CourantFischer.lean:655:2: warning: Try this: 
  haveI̵

The goal is a proposition, so `have` is preferred over `haveI`.
The difference between `have` and `haveI` is that `haveI` inlines the value.
But this is not relevant for proofs because of proof irrelevance.

Note: This linter can be disabled with `set_option linter.style.haveILetI false`
NLA/IE06/Vendor/SLT/MatrixInfra/CourantFischer.lean:693:2: warning: Try this: 
  haveI̵

The goal is a proposition, so `have` is preferred over `haveI`.
The difference between `have` and `haveI` is that `haveI` inlines the value.
But this is not relevant for proofs because of proof irrelevance.

Note: This linter can be disabled with `set_option linter.style.haveILetI false`
NLA/IE06/Vendor/SLT/MatrixInfra/CourantFischer.lean:696:2: warning: Try this: 
  haveI̵

The goal is a proposition, so `have` is preferred over `haveI`.
The difference between `have` and `haveI` is that `haveI` inlines the value.
But this is not relevant for proofs because of proof irrelevance.

Note: This linter can be disabled with `set_option linter.style.haveILetI false`
NLA/IE06/Vendor/SLT/MatrixInfra/CourantFischer.lean:1023:2: warning: Try this: 
  haveI̵

The goal is a proposition, so `have` is preferred over `haveI`.
The difference between `have` and `haveI` is that `haveI` inlines the value.
But this is not relevant for proofs because of proof irrelevance.

Note: This linter can be disabled with `set_option linter.style.haveILetI false`
NLA/IE06/Vendor/SLT/MatrixInfra/CourantFischer.lean:1025:2: warning: Try this: 
  haveI̵

The goal is a proposition, so `have` is preferred over `haveI`.
The difference between `have` and `haveI` is that `haveI` inlines the value.
But this is not relevant for proofs because of proof irrelevance.

Note: This linter can be disabled with `set_option linter.style.haveILetI false`
NLA/IE06/Vendor/SLT/MatrixInfra/CourantFischer.lean:1035:4: warning: Try this: 
  haveI̵

The goal is a proposition, so `have` is preferred over `haveI`.
The difference between `have` and `haveI` is that `haveI` inlines the value.
But this is not relevant for proofs because of proof irrelevance.

Note: This linter can be disabled with `set_option linter.style.haveILetI false`
NLA/IE06/Vendor/SLT/MatrixInfra/CourantFischer.lean:1087:2: warning: Try this: 
  haveI̵

The goal is a proposition, so `have` is preferred over `haveI`.
The difference between `have` and `haveI` is that `haveI` inlines the value.
But this is not relevant for proofs because of proof irrelevance.

Note: This linter can be disabled with `set_option linter.style.haveILetI false`
NLA/IE06/Vendor/SLT/MatrixInfra/CourantFischer.lean:1089:2: warning: Try this: 
  haveI̵

The goal is a proposition, so `have` is preferred over `haveI`.
The difference between `have` and `haveI` is that `haveI` inlines the value.
But this is not relevant for proofs because of proof irrelevance.

Note: This linter can be disabled with `set_option linter.style.haveILetI false`
NLA/IE06/Vendor/SLT/MatrixInfra/CourantFischer.lean:1099:4: warning: Try this: 
  haveI̵

The goal is a proposition, so `have` is preferred over `haveI`.
The difference between `have` and `haveI` is that `haveI` inlines the value.
But this is not relevant for proofs because of proof irrelevance.

Note: This linter can be disabled with `set_option linter.style.haveILetI false`
NLA/IE06/Vendor/SLT/MatrixInfra/CourantFischer.lean:1395:2: warning: Try this: 
  haveI̵

The goal is a proposition, so `have` is preferred over `haveI`.
The difference between `have` and `haveI` is that `haveI` inlines the value.
But this is not relevant for proofs because of proof irrelevance.

Note: This linter can be disabled with `set_option linter.style.haveILetI false`
NLA/IE06/Vendor/SLT/MatrixInfra/CourantFischer.lean:1397:2: warning: Try this: 
  haveI̵

The goal is a proposition, so `have` is preferred over `haveI`.
The difference between `have` and `haveI` is that `haveI` inlines the value.
But this is not relevant for proofs because of proof irrelevance.

Note: This linter can be disabled with `set_option linter.style.haveILetI false`
NLA/IE06/Vendor/SLT/MatrixInfra/CourantFischer.lean:1407:4: warning: Try this: 
  haveI̵

The goal is a proposition, so `have` is preferred over `haveI`.
The difference between `have` and `haveI` is that `haveI` inlines the value.
But this is not relevant for proofs because of proof irrelevance.

Note: This linter can be disabled with `set_option linter.style.haveILetI false`
NLA/IE06/Vendor/SLT/MatrixInfra/CourantFischer.lean:1461:2: warning: Try this: 
  haveI̵

The goal is a proposition, so `have` is preferred over `haveI`.
The difference between `have` and `haveI` is that `haveI` inlines the value.
But this is not relevant for proofs because of proof irrelevance.

Note: This linter can be disabled with `set_option linter.style.haveILetI false`
NLA/IE06/Vendor/SLT/MatrixInfra/CourantFischer.lean:1463:2: warning: Try this: 
  haveI̵

The goal is a proposition, so `have` is preferred over `haveI`.
The difference between `have` and `haveI` is that `haveI` inlines the value.
But this is not relevant for proofs because of proof irrelevance.

Note: This linter can be disabled with `set_option linter.style.haveILetI false`
NLA/IE06/Vendor/SLT/MatrixInfra/CourantFischer.lean:1473:4: warning: Try this: 
  haveI̵

The goal is a proposition, so `have` is preferred over `haveI`.
The difference between `have` and `haveI` is that `haveI` inlines the value.
But this is not relevant for proofs because of proof irrelevance.

Note: This linter can be disabled with `set_option linter.style.haveILetI false`
'Submodule.exists_ne_zero_mem_inf_of_finrank_lt_add_finrank' depends on axioms: [propext, Classical.choice, Quot.sound]
'Submodule.exists_span_singleton_eq_of_finrank_eq_one' depends on axioms: [propext, Classical.choice, Quot.sound]
'LinearMap.rayleighQuotient' depends on axioms: [propext, Classical.choice, Quot.sound]
'LinearMap.rayleighQuotient_toContinuousLinearMap' depends on axioms: [propext, Classical.choice, Quot.sound]
'LinearMap.rayleighQuotient_smul' depends on axioms: [propext, Classical.choice, Quot.sound]
'LinearMap.bddAbove_range_rayleighQuotient' depends on axioms: [propext, Classical.choice, Quot.sound]
'LinearMap.bddBelow_range_rayleighQuotient' depends on axioms: [propext, Classical.choice, Quot.sound]
'LinearMap.minRayleighQuotientOn' depends on axioms: [propext, Classical.choice, Quot.sound]
'LinearMap.maxRayleighQuotientOn' depends on axioms: [propext, Classical.choice, Quot.sound]
'LinearMap.bddAbove_range_rayleighQuotientOn' depends on axioms: [propext, Classical.choice, Quot.sound]
'LinearMap.bddBelow_range_rayleighQuotientOn' depends on axioms: [propext, Classical.choice, Quot.sound]
'LinearMap.minRayleighQuotientOn_le_of_mem' depends on axioms: [propext, Classical.choice, Quot.sound]
'LinearMap.le_maxRayleighQuotientOn_of_mem' depends on axioms: [propext, Classical.choice, Quot.sound]
'LinearMap.rayleighQuotient_eq_of_mem_span_singleton' depends on axioms: [propext, Classical.choice, Quot.sound]
'LinearMap.minRayleighQuotientOn_span_singleton' depends on axioms: [propext, Classical.choice, Quot.sound]
'LinearMap.maxRayleighQuotientOn_span_singleton' depends on axioms: [propext, Classical.choice, Quot.sound]
'LinearMap.minRayleighQuotientOn_top' depends on axioms: [propext, Classical.choice, Quot.sound]
'LinearMap.maxRayleighQuotientOn_top' depends on axioms: [propext, Classical.choice, Quot.sound]
'LinearMap.courantFischerMaxMin' depends on axioms: [propext, Classical.choice, Quot.sound]
'LinearMap.courantFischerMinMax' depends on axioms: [propext, Classical.choice, Quot.sound]
'LinearMap.courantFischerMaxMin_finrank' depends on axioms: [propext, Classical.choice, Quot.sound]
'LinearMap.courantFischerMinMax_finrank' depends on axioms: [propext, Classical.choice, Quot.sound]
'LinearMap.courantFischerMaxMin_one' depends on axioms: [propext, Classical.choice, Quot.sound]
'LinearMap.courantFischerMinMax_one' depends on axioms: [propext, Classical.choice, Quot.sound]
'LinearMap.singularQuotient' depends on axioms: [propext, Classical.choice, Quot.sound]
'LinearMap.sq_singularQuotient_eq_rayleighQuotient_adjoint_comp_self' depends on axioms: [propext,
 Classical.choice,
 Quot.sound]
'LinearMap.singularQuotient_smul' depends on axioms: [propext, Classical.choice, Quot.sound]
'LinearMap.minSingularQuotientOn' depends on axioms: [propext, Classical.choice, Quot.sound]
'LinearMap.maxSingularQuotientOn' depends on axioms: [propext, Classical.choice, Quot.sound]
'LinearMap.bddAbove_range_singularQuotient' depends on axioms: [propext, Classical.choice, Quot.sound]
'LinearMap.bddBelow_range_singularQuotient' depends on axioms: [propext, Classical.choice, Quot.sound]
'LinearMap.bddAbove_range_singularQuotientOn' depends on axioms: [propext, Classical.choice, Quot.sound]
'LinearMap.bddBelow_range_singularQuotientOn' depends on axioms: [propext, Classical.choice, Quot.sound]
'LinearMap.minSingularQuotientOn_le_of_mem' depends on axioms: [propext, Classical.choice, Quot.sound]
'LinearMap.le_maxSingularQuotientOn_of_mem' depends on axioms: [propext, Classical.choice, Quot.sound]
'LinearMap.singularQuotient_eq_of_mem_span_singleton' depends on axioms: [propext, Classical.choice, Quot.sound]
'LinearMap.minSingularQuotientOn_span_singleton' depends on axioms: [propext, Classical.choice, Quot.sound]
'LinearMap.maxSingularQuotientOn_span_singleton' depends on axioms: [propext, Classical.choice, Quot.sound]
'LinearMap.minSingularQuotientOn_top' depends on axioms: [propext, Classical.choice, Quot.sound]
'LinearMap.maxSingularQuotientOn_top' depends on axioms: [propext, Classical.choice, Quot.sound]
'LinearMap.singularCourantFischerMaxMin' depends on axioms: [propext, Classical.choice, Quot.sound]
'LinearMap.singularCourantFischerMinMax' depends on axioms: [propext, Classical.choice, Quot.sound]
'LinearMap.singularCourantFischerMaxMin_finrank' depends on axioms: [propext, Classical.choice, Quot.sound]
'LinearMap.singularCourantFischerMinMax_finrank' depends on axioms: [propext, Classical.choice, Quot.sound]
'LinearMap.singularCourantFischerMaxMin_one' depends on axioms: [propext, Classical.choice, Quot.sound]
'LinearMap.singularCourantFischerMinMax_one' depends on axioms: [propext, Classical.choice, Quot.sound]
'LinearMap.IsSymmetric.leadingEigenSubspace' depends on axioms: [propext, Classical.choice, Quot.sound]
'LinearMap.IsSymmetric.eigenvectorBasis_mem_leadingEigenSubspace' depends on axioms: [propext,
 Classical.choice,
 Quot.sound]
'LinearMap.IsSymmetric.finrank_leadingEigenSubspace' depends on axioms: [propext, Classical.choice, Quot.sound]
'LinearMap.IsSymmetric.trailingEigenSubspace' depends on axioms: [propext, Classical.choice, Quot.sound]
'LinearMap.IsSymmetric.eigenvectorBasis_mem_trailingEigenSubspace' depends on axioms: [propext,
 Classical.choice,
 Quot.sound]
'LinearMap.IsSymmetric.finrank_trailingEigenSubspace' depends on axioms: [propext, Classical.choice, Quot.sound]
'LinearMap.IsSymmetric.exists_ne_zero_mem_inf_trailingEigenSubspace_of_finrank_eq_succ' depends on axioms: [propext,
 Classical.choice,
 Quot.sound]
'LinearMap.IsSymmetric.exists_ne_zero_mem_inf_leadingEigenSubspace_of_finrank_eq_sub' depends on axioms: [propext,
 Classical.choice,
 Quot.sound]
'LinearMap.IsSymmetric.eigenvalues_le_leadingEigenSubspace_index' depends on axioms: [propext,
 Classical.choice,
 Quot.sound]
'LinearMap.IsSymmetric.eigenvalues_trailingEigenSubspace_index_le' depends on axioms: [propext,
 Classical.choice,
 Quot.sound]
'LinearMap.IsSymmetric.re_inner_apply_self_eq_sum_eigenvalues_mul_norm_sq_repr' depends on axioms: [propext,
 Classical.choice,
 Quot.sound]
'LinearMap.IsSymmetric.norm_sq_eq_sum_norm_sq_repr' depends on axioms: [propext, Classical.choice, Quot.sound]
'LinearMap.IsSymmetric.eigenvectorBasis_repr_eq_zero_of_mem_leadingEigenSubspace' depends on axioms: [propext,
 Classical.choice,
 Quot.sound]
'LinearMap.IsSymmetric.eigenvectorBasis_repr_eq_zero_of_mem_trailingEigenSubspace' depends on axioms: [propext,
 Classical.choice,
 Quot.sound]
'LinearMap.IsSymmetric.eigenvalues_le_rayleighQuotient_of_mem_leadingEigenSubspace' depends on axioms: [propext,
 Classical.choice,
 Quot.sound]
'LinearMap.IsSymmetric.rayleighQuotient_le_eigenvalues_of_mem_trailingEigenSubspace' depends on axioms: [propext,
 Classical.choice,
 Quot.sound]
'LinearMap.IsSymmetric.eigenvalues_eq_courantFischerMaxMin_succ' depends on axioms: [propext,
 Classical.choice,
 Quot.sound]
'LinearMap.IsSymmetric.eigenvalues_eq_courantFischerMinMax_sub' depends on axioms: [propext,
 Classical.choice,
 Quot.sound]
'LinearMap.IsSymmetric.hasEigenvalue_iSup_rayleigh' depends on axioms: [propext, Classical.choice, Quot.sound]
'LinearMap.IsSymmetric.hasEigenvalue_iInf_rayleigh' depends on axioms: [propext, Classical.choice, Quot.sound]
'LinearMap.IsSymmetric.rayleighQuotient_eigenvectorBasis' depends on axioms: [propext, Classical.choice, Quot.sound]
'LinearMap.IsSymmetric.eigenvalues_zero_eq_iSup_rayleighQuotient' depends on axioms: [propext,
 Classical.choice,
 Quot.sound]
'LinearMap.IsSymmetric.eigenvalues_last_eq_iInf_rayleighQuotient' depends on axioms: [propext,
 Classical.choice,
 Quot.sound]
'LinearMap.IsSymmetric.eigenvalues_zero_eq_courantFischerMinMax_finrank' depends on axioms: [propext,
 Classical.choice,
 Quot.sound]
'LinearMap.IsSymmetric.eigenvalues_last_eq_courantFischerMaxMin_finrank' depends on axioms: [propext,
 Classical.choice,
 Quot.sound]
'LinearMap.IsSymmetric.eigenvalues_zero_eq_courantFischerMaxMin_one' depends on axioms: [propext,
 Classical.choice,
 Quot.sound]
'LinearMap.IsSymmetric.eigenvalues_last_eq_courantFischerMinMax_one' depends on axioms: [propext,
 Classical.choice,
 Quot.sound]
'LinearMap.IsSymmetric.apply_eq_sum_eigenvalue_rankOne' depends on axioms: [propext, Classical.choice, Quot.sound]
'LinearMap.IsSymmetric.spectral_decomposition_toMatrix' depends on axioms: [propext, Classical.choice, Quot.sound]
'LinearMap.singularValues_le_singularQuotient_of_mem_gram_leadingEigenSubspace' depends on axioms: [propext,
 Classical.choice,
 Quot.sound]
'LinearMap.singularQuotient_le_singularValues_of_mem_gram_trailingEigenSubspace' depends on axioms: [propext,
 Classical.choice,
 Quot.sound]
'LinearMap.singularValues_eq_singularCourantFischerMaxMin_succ' depends on axioms: [propext,
 Classical.choice,
 Quot.sound]
'LinearMap.singularValues_eq_singularCourantFischerMinMax_sub' depends on axioms: [propext,
 Classical.choice,
 Quot.sound]
'Matrix.singularQuotient_rightSingularVectorBasis' depends on axioms: [propext, Classical.choice, Quot.sound]

SpectralStacking
'NLA.IE06.SpectralStacking.singular_lower_of_subspace' depends on axioms: [propext, Classical.choice, Quot.sound]
'NLA.IE06.SpectralStacking.norm_le_singularValue_mul_of_mem_trailing' depends on axioms: [propext,
 Classical.choice,
 Quot.sound]
'NLA.IE06.SpectralStacking.singularValue_mul_norm_le_of_mem_leading' depends on axioms: [propext,
 Classical.choice,
 Quot.sound]
'NLA.IE06.SpectralStacking.adjoint_lower_on_image' depends on axioms: [propext, Classical.choice, Quot.sound]
'NLA.IE06.SpectralStacking.adjoint_upper_off_image' depends on axioms: [propext, Classical.choice, Quot.sound]
'NLA.IE06.SpectralStacking.injective_of_norm_lower' depends on axioms: [propext, Classical.choice, Quot.sound]
'NLA.IE06.SpectralStacking.exists_good_subspace' depends on axioms: [propext, Classical.choice, Quot.sound]
'NLA.IE06.SpectralStacking.exists_bounded_rightInverse' depends on axioms: [propext, Classical.choice, Quot.sound]
'NLA.IE06.SpectralStacking.projection_comp_adjoint' depends on axioms: [propext, Classical.choice, Quot.sound]
'NLA.IE06.SpectralStacking.projection_norm_le_of_adjoint' depends on axioms: [propext, Classical.choice, Quot.sound]
'NLA.IE06.SpectralStacking.exists_lifted_subspace' depends on axioms: [propext, Classical.choice, Quot.sound]
'NLA.IE06.SpectralStacking.norm_stack_sq' depends on axioms: [propext, Classical.choice, Quot.sound]
'NLA.IE06.SpectralStacking.norm_map_of_orthonormal_columns' depends on axioms: [propext, Classical.choice, Quot.sound]
'NLA.IE06.SpectralStacking.spectral_stacking' depends on axioms: [propext, Classical.choice, Quot.sound]

GaussianCompression
'NLA.IE06.GaussianCompression.stdGaussian_adjoint' depends on axioms: [propext, Classical.choice, Quot.sound]
'NLA.IE06.GaussianCompression.compress_measurePreserving' depends on axioms: [propext, Classical.choice, Quot.sound]

KyFan
'NLA.IE06.KyFan.frobeniusNorm' depends on axioms: [propext, Classical.choice, Quot.sound]
'NLA.IE06.KyFan.frobeniusNorm_eq_sqrt_sq' depends on axioms: [propext, Classical.choice, Quot.sound]
'NLA.IE06.KyFan.frobeniusNorm_eq_norm' depends on axioms: [propext, Classical.choice, Quot.sound]
'NLA.IE06.KyFan.frobeniusNorm_nonneg' depends on axioms: [propext, Classical.choice, Quot.sound]
'NLA.IE06.KyFan.frobeniusNorm_sq' depends on axioms: [propext, Classical.choice, Quot.sound]
'NLA.IE06.KyFan.entries' depends on axioms: [propext, Classical.choice, Quot.sound]
'NLA.IE06.KyFan.norm_entries' depends on axioms: [propext, Classical.choice, Quot.sound]
'NLA.IE06.KyFan.frobeniusNorm_conjTranspose' depends on axioms: [propext, Classical.choice, Quot.sound]
'NLA.IE06.KyFan.opNorm_conjTranspose' depends on axioms: [propext, Classical.choice, Quot.sound]
'NLA.IE06.KyFan.frobeniusNorm_sq_columns' depends on axioms: [propext, Classical.choice, Quot.sound]
'NLA.IE06.KyFan.frobeniusNorm_mul_left' depends on axioms: [propext, Classical.choice, Quot.sound]
'NLA.IE06.KyFan.frobeniusNorm_mul_right' depends on axioms: [propext, Classical.choice, Quot.sound]
'NLA.IE06.KyFan.frobeniusNorm_one' depends on axioms: [propext, Classical.choice, Quot.sound]
'NLA.IE06.KyFan.frobeniusNorm_le_sqrt_rows_opNorm' depends on axioms: [propext, Classical.choice, Quot.sound]
'NLA.IE06.KyFan.contractionValues' depends on axioms: [propext, Classical.choice, Quot.sound]
'NLA.IE06.KyFan.kyFan' depends on axioms: [propext, Classical.choice, Quot.sound]
'NLA.IE06.KyFan.contractionValues_nonempty' depends on axioms: [propext, Classical.choice, Quot.sound]
'NLA.IE06.KyFan.contraction_frobenius_le' depends on axioms: [propext, Classical.choice, Quot.sound]
'NLA.IE06.KyFan.contractionValues_bddAbove' depends on axioms: [propext, Classical.choice, Quot.sound]
'NLA.IE06.KyFan.contraction_le_kyFan' depends on axioms: [propext, Classical.choice, Quot.sound]
'NLA.IE06.KyFan.kyFan_le_sqrt_mul_opNorm' depends on axioms: [propext, Classical.choice, Quot.sound]
'NLA.IE06.KyFan.kyFan_nonneg' depends on axioms: [propext, Classical.choice, Quot.sound]
'NLA.IE06.KyFan.kyFan_zero' depends on axioms: [propext, Classical.choice, Quot.sound]
'NLA.IE06.KyFan.kyFan_le_add' depends on axioms: [propext, Classical.choice, Quot.sound]
'NLA.IE06.KyFan.kyFan_abs_sub_le' depends on axioms: [propext, Classical.choice, Quot.sound]
'NLA.IE06.KyFan.kyFan_mul_abs_sub_le' depends on axioms: [propext, Classical.choice, Quot.sound]
'NLA.IE06.KyFan.rowMatrix' depends on axioms: [propext, Classical.choice, Quot.sound]
'NLA.IE06.KyFan.rowMatrix_apply' depends on axioms: [propext, Classical.choice, Quot.sound]
'NLA.IE06.KyFan.rowMatrix_contraction' depends on axioms: [propext, Classical.choice, Quot.sound]
'NLA.IE06.KyFan.rowMatrix_mul_row' depends on axioms: [propext, Classical.choice, Quot.sound]
'NLA.IE06.KyFan.frobeniusNorm_sq_rowMatrix_mul' depends on axioms: [propext, Classical.choice, Quot.sound]
'NLA.IE06.KyFan.adjoint_leftSingularVector' depends on axioms: [propext, Classical.choice, Quot.sound]
'NLA.IE06.KyFan.sqrt_mul_singularValue_le_kyFan' depends on axioms: [propext, Classical.choice, Quot.sound]
'NLA.IE06.KyFan.matrixOfEntries' depends on axioms: [propext, Classical.choice, Quot.sound]
'NLA.IE06.KyFan.frobeniusNorm_matrixOfEntries_sub' depends on axioms: [propext, Classical.choice, Quot.sound]
'NLA.IE06.KyFan.kyFan_lipschitz' depends on axioms: [propext, Classical.choice, Quot.sound]
'NLA.IE06.KyFan.kyFan_mul_lipschitz' depends on axioms: [propext, Classical.choice, Quot.sound]
'NLA.IE06.KyFan.opNorm_le_frobeniusNorm' depends on axioms: [propext, Classical.choice, Quot.sound]
'NLA.IE06.KyFan.opNorm_abs_sub_le_frobeniusNorm' depends on axioms: [propext, Classical.choice, Quot.sound]
'NLA.IE06.KyFan.opNorm_mul_lipschitz' depends on axioms: [propext, Classical.choice, Quot.sound]

RightInverseBounds
'NLA.IE06.RightInverseBounds.opNorm_projection_le_one' depends on axioms: [propext, Classical.choice, Quot.sound]
'NLA.IE06.RightInverseBounds.gram_posDef_of_rightInverse' depends on axioms: [propext, Classical.choice, Quot.sound]
'NLA.IE06.RightInverseBounds.pinv_projection' depends on axioms: [propext, Classical.choice, Quot.sound]
'NLA.IE06.RightInverseBounds.pinv_norms_le_rightInverse' depends on axioms: [propext, Classical.choice, Quot.sound]
'NLA.IE06.RightInverseBounds.append' depends on axioms: [propext, Classical.choice, Quot.sound]
'NLA.IE06.RightInverseBounds.stack' depends on axioms: [propext, Classical.choice, Quot.sound]
'NLA.IE06.RightInverseBounds.append_mul_stack' depends on axioms: [propext, Classical.choice, Quot.sound]
'NLA.IE06.RightInverseBounds.stack_gram' depends on axioms: [propext, Classical.choice, Quot.sound]
'NLA.IE06.RightInverseBounds.opNorm_stack_sq_le' depends on axioms: [propext, Classical.choice, Quot.sound]
'NLA.IE06.RightInverseBounds.frobeniusNorm_stack_sq' depends on axioms: [propext, Classical.choice, Quot.sound]
'NLA.IE06.RightInverseBounds.opNorm_orthonormal_columns_le_one' depends on axioms: [propext,
 Classical.choice,
 Quot.sound]
'NLA.IE06.RightInverseBounds.frobeniusNorm_le_sqrt_columns_opNorm' depends on axioms: [propext,
 Classical.choice,
 Quot.sound]
'NLA.IE06.RightInverseBounds.frobeniusNorm_sub_mul_sq' depends on axioms: [propext, Classical.choice, Quot.sound]
'NLA.IE06.RightInverseBounds.appendRightInverse' depends on axioms: [propext, Classical.choice, Quot.sound]
'NLA.IE06.RightInverseBounds.append_mul_rightInverse' depends on axioms: [propext, Classical.choice, Quot.sound]
'NLA.IE06.RightInverseBounds.appendRightInverse_bounds' depends on axioms: [propext, Classical.choice, Quot.sound]

GaussianOvercrowdingScalars
'NLA.IE06.GaussianOvercrowdingScalars.dimensions' depends on axioms: [propext, Classical.choice, Quot.sound]
'NLA.IE06.GaussianOvercrowdingScalars.exponent_bound' depends on axioms: [propext, Classical.choice, Quot.sound]
'NLA.IE06.GaussianOvercrowdingScalars.factorial_inverse_le' depends on axioms: [propext, Classical.choice, Quot.sound]
'NLA.IE06.GaussianOvercrowdingScalars.choose_le_exp_bound' depends on axioms: [propext, Classical.choice, Quot.sound]
'NLA.IE06.GaussianOvercrowdingScalars.factorial_le_moment_denominator' depends on axioms: [propext,
 Classical.choice,
 Quot.sound]
'NLA.IE06.GaussianOvercrowdingScalars.inverse_moment_denominator_le' depends on axioms: [propext,
 Classical.choice,
 Quot.sound]
'NLA.IE06.GaussianOvercrowdingScalars.scalar_threshold' depends on axioms: [propext, Classical.choice, Quot.sound]
'NLA.IE06.GaussianOvercrowdingScalars.moment_union_scalar' depends on axioms: [propext, Classical.choice, Quot.sound]
'NLA.IE06.GaussianOvercrowdingScalars.overcrowding_scalar' depends on axioms: [propext, Classical.choice, Quot.sound]

GaussianOperatorInverse
'NLA.IE06.GaussianOperatorInverse.inverse_gram_opNorm_moment' depends on axioms: [propext, Classical.choice, Quot.sound]
'NLA.IE06.GaussianOperatorInverse.gaussian_pinv_tail' depends on axioms: [propext, Classical.choice, Quot.sound]

FiniteNet
'NLA.IE06.FiniteNet.half_separated_card' depends on axioms: [propext, Classical.choice, Quot.sound]
'NLA.IE06.FiniteNet.exists_half_net' depends on axioms: [propext, Classical.choice, Quot.sound]
'NLA.IE06.FiniteNet.opNorm_le_twice' depends on axioms: [propext, Classical.choice, Quot.sound]

Vendor/SLT/MeasureInfrastructure
NLA/IE06/Vendor/SLT/MeasureInfrastructure.lean:94:15: warning: `Set.mem_setOf_eq` has been deprecated: Use `Set.mem_ofPred_eq` instead
NLA/IE06/Vendor/SLT/MeasureInfrastructure.lean:100:17: warning: `Set.mem_setOf_eq` has been deprecated: Use `Set.mem_ofPred_eq` instead

Vendor/SLT/GaussianMeasure
NLA/IE06/Vendor/SLT/GaussianMeasure.lean:256:15: warning: `Set.mem_setOf_eq` has been deprecated: Use `Set.mem_ofPred_eq` instead
NLA/IE06/Vendor/SLT/GaussianMeasure.lean:257:30: warning: `Set.mem_setOf_eq` has been deprecated: Use `Set.mem_ofPred_eq` instead

Vendor/SLT/GaussianSobolevDense/Defs
NLA/IE06/Vendor/SLT/GaussianSobolevDense/Defs.lean:302:13: warning: `Set.mem_setOf_eq` has been deprecated: Use `Set.mem_ofPred_eq` instead

Vendor/SLT/GaussianSobolevDense/Cutoff

Vendor/SLT/GaussianSobolevDense/Mollification
NLA/IE06/Vendor/SLT/GaussianSobolevDense/Mollification.lean:191:10: warning: Try this: 
  haveI̵

The goal is a proposition, so `have` is preferred over `haveI`.
The difference between `have` and `haveI` is that `haveI` inlines the value.
But this is not relevant for proofs because of proof irrelevance.

Note: This linter can be disabled with `set_option linter.style.haveILetI false`
NLA/IE06/Vendor/SLT/GaussianSobolevDense/Mollification.lean:192:10: warning: Try this: 
  haveI̵

The goal is a proposition, so `have` is preferred over `haveI`.
The difference between `have` and `haveI` is that `haveI` inlines the value.
But this is not relevant for proofs because of proof irrelevance.

Note: This linter can be disabled with `set_option linter.style.haveILetI false`
NLA/IE06/Vendor/SLT/GaussianSobolevDense/Mollification.lean:190:8: warning: Try this: 
  haveI̵

The goal is a proposition, so `have` is preferred over `haveI`.
The difference between `have` and `haveI` is that `haveI` inlines the value.
But this is not relevant for proofs because of proof irrelevance.

Note: This linter can be disabled with `set_option linter.style.haveILetI false`
NLA/IE06/Vendor/SLT/GaussianSobolevDense/Mollification.lean:685:12: warning: Try this: 
  haveI̵

The goal is a proposition, so `have` is preferred over `haveI`.
The difference between `have` and `haveI` is that `haveI` inlines the value.
But this is not relevant for proofs because of proof irrelevance.

Note: This linter can be disabled with `set_option linter.style.haveILetI false`
NLA/IE06/Vendor/SLT/GaussianSobolevDense/Mollification.lean:686:12: warning: Try this: 
  haveI̵

The goal is a proposition, so `have` is preferred over `haveI`.
The difference between `have` and `haveI` is that `haveI` inlines the value.
But this is not relevant for proofs because of proof irrelevance.

Note: This linter can be disabled with `set_option linter.style.haveILetI false`
NLA/IE06/Vendor/SLT/GaussianSobolevDense/Mollification.lean:692:12: warning: Try this: 
  haveI̵

The goal is a proposition, so `have` is preferred over `haveI`.
The difference between `have` and `haveI` is that `haveI` inlines the value.
But this is not relevant for proofs because of proof irrelevance.

Note: This linter can be disabled with `set_option linter.style.haveILetI false`
NLA/IE06/Vendor/SLT/GaussianSobolevDense/Mollification.lean:784:4: warning: Try this: 
  haveI̵

The goal is a proposition, so `have` is preferred over `haveI`.
The difference between `have` and `haveI` is that `haveI` inlines the value.
But this is not relevant for proofs because of proof irrelevance.

Note: This linter can be disabled with `set_option linter.style.haveILetI false`
NLA/IE06/Vendor/SLT/GaussianSobolevDense/Mollification.lean:848:47: warning: `Set.mem_setOf` has been deprecated: Use `Set.mem_ofPred` instead

Vendor/SLT/GaussianSobolevDense/Density

Vendor/SLT/GaussianLSI/Entropy

Vendor/SLT/GaussianPoincare/RademacherApprox

Vendor/SLT/EfronStein
NLA/IE06/Vendor/SLT/EfronStein.lean:1236:4: warning: Try this: 
  haveI̵

The goal is a proposition, so `have` is preferred over `haveI`.
The difference between `have` and `haveI` is that `haveI` inlines the value.
But this is not relevant for proofs because of proof irrelevance.

Note: This linter can be disabled with `set_option linter.style.haveILetI false`
NLA/IE06/Vendor/SLT/EfronStein.lean:1237:4: warning: Try this: 
  haveI̵

The goal is a proposition, so `have` is preferred over `haveI`.
The difference between `have` and `haveI` is that `haveI` inlines the value.
But this is not relevant for proofs because of proof irrelevance.

Note: This linter can be disabled with `set_option linter.style.haveILetI false`
NLA/IE06/Vendor/SLT/EfronStein.lean:1291:4: warning: Try this: 
  haveI̵

The goal is a proposition, so `have` is preferred over `haveI`.
The difference between `have` and `haveI` is that `haveI` inlines the value.
But this is not relevant for proofs because of proof irrelevance.

Note: This linter can be disabled with `set_option linter.style.haveILetI false`
NLA/IE06/Vendor/SLT/EfronStein.lean:1292:4: warning: Try this: 
  haveI̵

The goal is a proposition, so `have` is preferred over `haveI`.
The difference between `have` and `haveI` is that `haveI` inlines the value.
But this is not relevant for proofs because of proof irrelevance.

Note: This linter can be disabled with `set_option linter.style.haveILetI false`
NLA/IE06/Vendor/SLT/EfronStein.lean:1293:4: warning: Try this: 
  haveI̵

The goal is a proposition, so `have` is preferred over `haveI`.
The difference between `have` and `haveI` is that `haveI` inlines the value.
But this is not relevant for proofs because of proof irrelevance.

Note: This linter can be disabled with `set_option linter.style.haveILetI false`
NLA/IE06/Vendor/SLT/EfronStein.lean:1294:4: warning: Try this: 
  haveI̵

The goal is a proposition, so `have` is preferred over `haveI`.
The difference between `have` and `haveI` is that `haveI` inlines the value.
But this is not relevant for proofs because of proof irrelevance.

Note: This linter can be disabled with `set_option linter.style.haveILetI false`
NLA/IE06/Vendor/SLT/EfronStein.lean:1295:4: warning: Try this: 
  haveI̵

The goal is a proposition, so `have` is preferred over `haveI`.
The difference between `have` and `haveI` is that `haveI` inlines the value.
But this is not relevant for proofs because of proof irrelevance.

Note: This linter can be disabled with `set_option linter.style.haveILetI false`

Vendor/SLT/GaussianPoincare/EfronSteinApp

Vendor/SLT/GaussianPoincare/TaylorBound

Vendor/SLT/GaussianPoincare/LevyContinuity
NLA/IE06/Vendor/SLT/GaussianPoincare/LevyContinuity.lean:154:15: warning: `Set.mem_setOf_eq` has been deprecated: Use `Set.mem_ofPred_eq` instead

Vendor/SLT/GaussianPoincare/Limit

Vendor/SLT/GaussianLSI/TwoPoint

Vendor/SLT/GaussianLSI/BernoulliLSI
NLA/IE06/Vendor/SLT/GaussianLSI/BernoulliLSI.lean:1478:4: warning: Try this: 
  haveI̵

The goal is a proposition, so `have` is preferred over `haveI`.
The difference between `have` and `haveI` is that `haveI` inlines the value.
But this is not relevant for proofs because of proof irrelevance.

Note: This linter can be disabled with `set_option linter.style.haveILetI false`

Vendor/SLT/GaussianLSI/OneDimGLSICompSmo

Vendor/SLT/ConvergenceL1Subseq

Vendor/SLT/GaussianLSI/OneDimGLSI

Vendor/SLT/GaussianLSI/SubAddEnt/Basic

Vendor/SLT/GaussianLSI/SubAddEnt/Decomposition

Vendor/SLT/GaussianLSI/DualityEntropy

Vendor/SLT/GaussianLSI/DualEntApp

Vendor/SLT/GaussianLSI/SubAddEnt/Subadditivity
NLA/IE06/Vendor/SLT/GaussianLSI/SubAddEnt/Subadditivity.lean:891:23: warning: `Set.mem_setOf_eq` has been deprecated: Use `Set.mem_ofPred_eq` instead
NLA/IE06/Vendor/SLT/GaussianLSI/SubAddEnt/Subadditivity.lean:921:38: warning: `Set.mem_setOf_eq` has been deprecated: Use `Set.mem_ofPred_eq` instead
NLA/IE06/Vendor/SLT/GaussianLSI/SubAddEnt/Subadditivity.lean:985:19: warning: `Set.mem_setOf_eq` has been deprecated: Use `Set.mem_ofPred_eq` instead
NLA/IE06/Vendor/SLT/GaussianLSI/SubAddEnt/Subadditivity.lean:1025:24: warning: `Set.mem_setOf_eq` has been deprecated: Use `Set.mem_ofPred_eq` instead

Vendor/SLT/GaussianLSI/TensorizedGLSI
NLA/IE06/Vendor/SLT/GaussianLSI/TensorizedGLSI.lean:307:4: warning: Try this: 
  haveI̵

The goal is a proposition, so `have` is preferred over `haveI`.
The difference between `have` and `haveI` is that `haveI` inlines the value.
But this is not relevant for proofs because of proof irrelevance.

Note: This linter can be disabled with `set_option linter.style.haveILetI false`
NLA/IE06/Vendor/SLT/GaussianLSI/TensorizedGLSI.lean:309:4: warning: Try this: 
  haveI̵

The goal is a proposition, so `have` is preferred over `haveI`.
The difference between `have` and `haveI` is that `haveI` inlines the value.
But this is not relevant for proofs because of proof irrelevance.

Note: This linter can be disabled with `set_option linter.style.haveILetI false`
NLA/IE06/Vendor/SLT/GaussianLSI/TensorizedGLSI.lean:361:4: warning: Try this: 
  haveI̵

The goal is a proposition, so `have` is preferred over `haveI`.
The difference between `have` and `haveI` is that `haveI` inlines the value.
But this is not relevant for proofs because of proof irrelevance.

Note: This linter can be disabled with `set_option linter.style.haveILetI false`
NLA/IE06/Vendor/SLT/GaussianLSI/TensorizedGLSI.lean:363:4: warning: Try this: 
  haveI̵

The goal is a proposition, so `have` is preferred over `haveI`.
The difference between `have` and `haveI` is that `haveI` inlines the value.
But this is not relevant for proofs because of proof irrelevance.

Note: This linter can be disabled with `set_option linter.style.haveILetI false`

Vendor/SLT/LipschitzProperty
NLA/IE06/Vendor/SLT/LipschitzProperty.lean:114:2: warning: Try this: 
  haveI̵

The goal is a proposition, so `have` is preferred over `haveI`.
The difference between `have` and `haveI` is that `haveI` inlines the value.
But this is not relevant for proofs because of proof irrelevance.

Note: This linter can be disabled with `set_option linter.style.haveILetI false`

Vendor/SLT/GaussianSobolevDense/LipschitzMollification

Vendor/SLT/GaussianLipConcen
NLA/IE06/Vendor/SLT/GaussianLipConcen.lean:90:4: warning: Try this: 
  haveI̵

The goal is a proposition, so `have` is preferred over `haveI`.
The difference between `have` and `haveI` is that `haveI` inlines the value.
But this is not relevant for proofs because of proof irrelevance.

Note: This linter can be disabled with `set_option linter.style.haveILetI false`
NLA/IE06/Vendor/SLT/GaussianLipConcen.lean:152:2: warning: Try this: 
  haveI̵

The goal is a proposition, so `have` is preferred over `haveI`.
The difference between `have` and `haveI` is that `haveI` inlines the value.
But this is not relevant for proofs because of proof irrelevance.

Note: This linter can be disabled with `set_option linter.style.haveILetI false`
NLA/IE06/Vendor/SLT/GaussianLipConcen.lean:311:4: warning: Try this: 
  haveI̵

The goal is a proposition, so `have` is preferred over `haveI`.
The difference between `have` and `haveI` is that `haveI` inlines the value.
But this is not relevant for proofs because of proof irrelevance.

Note: This linter can be disabled with `set_option linter.style.haveILetI false`
NLA/IE06/Vendor/SLT/GaussianLipConcen.lean:554:2: warning: Try this: 
  haveI̵

The goal is a proposition, so `have` is preferred over `haveI`.
The difference between `have` and `haveI` is that `haveI` inlines the value.
But this is not relevant for proofs because of proof irrelevance.

Note: This linter can be disabled with `set_option linter.style.haveILetI false`
NLA/IE06/Vendor/SLT/GaussianLipConcen.lean:575:33: warning: `Set.mem_setOf_eq` has been deprecated: Use `Set.mem_ofPred_eq` instead
NLA/IE06/Vendor/SLT/GaussianLipConcen.lean:826:4: warning: Try this: 
  haveI̵

The goal is a proposition, so `have` is preferred over `haveI`.
The difference between `have` and `haveI` is that `haveI` inlines the value.
But this is not relevant for proofs because of proof irrelevance.

Note: This linter can be disabled with `set_option linter.style.haveILetI false`
NLA/IE06/Vendor/SLT/GaussianLipConcen.lean:1106:2: warning: Try this: 
  haveI̵

The goal is a proposition, so `have` is preferred over `haveI`.
The difference between `have` and `haveI` is that `haveI` inlines the value.
But this is not relevant for proofs because of proof irrelevance.

Note: This linter can be disabled with `set_option linter.style.haveILetI false`
NLA/IE06/Vendor/SLT/GaussianLipConcen.lean:1289:2: warning: Try this: 
  haveI̵

The goal is a proposition, so `have` is preferred over `haveI`.
The difference between `have` and `haveI` is that `haveI` inlines the value.
But this is not relevant for proofs because of proof irrelevance.

Note: This linter can be disabled with `set_option linter.style.haveILetI false`
NLA/IE06/Vendor/SLT/GaussianLipConcen.lean:1302:2: warning: Try this: 
  haveI̵

The goal is a proposition, so `have` is preferred over `haveI`.
The difference between `have` and `haveI` is that `haveI` inlines the value.
But this is not relevant for proofs because of proof irrelevance.

Note: This linter can be disabled with `set_option linter.style.haveILetI false`
NLA/IE06/Vendor/SLT/GaussianLipConcen.lean:1307:15: warning: `Set.mem_setOf_eq` has been deprecated: Use `Set.mem_ofPred_eq` instead
NLA/IE06/Vendor/SLT/GaussianLipConcen.lean:1308:30: warning: `Set.mem_setOf_eq` has been deprecated: Use `Set.mem_ofPred_eq` instead
NLA/IE06/Vendor/SLT/GaussianLipConcen.lean:1328:24: warning: `Set.mem_setOf_eq` has been deprecated: Use `Set.mem_ofPred_eq` instead
'GaussianLipConcen.lipschitz_cgf_bound' depends on axioms: [propext, Classical.choice, Quot.sound]
'GaussianLipConcen.lipschitz_exp_centered_integrable_E' depends on axioms: [propext, Classical.choice, Quot.sound]
'GaussianLipConcen.gaussian_lipschitz_concentration_one_sided' depends on axioms: [propext,
 Classical.choice,
 Quot.sound]
'GaussianLipConcen.gaussian_lipschitz_concentration' depends on axioms: [propext, Classical.choice, Quot.sound]

GaussianConcentration
'NLA.IE06.GaussianConcentration.gaussian_measure_eq' depends on axioms: [propext, Classical.choice, Quot.sound]
'NLA.IE06.GaussianConcentration.lipschitz_integrable' depends on axioms: [propext, Classical.choice, Quot.sound]
'NLA.IE06.GaussianConcentration.lipschitz_upper_tail' depends on axioms: [propext, Classical.choice, Quot.sound]

GaussianConcentrationSpace
'NLA.IE06.GaussianConcentrationSpace.lipschitz_integrable' depends on axioms: [propext, Classical.choice, Quot.sound]
'NLA.IE06.GaussianConcentrationSpace.lipschitz_upper_tail' depends on axioms: [propext, Classical.choice, Quot.sound]
'NLA.IE06.GaussianConcentrationSpace.lipschitz_lower_tail' depends on axioms: [propext, Classical.choice, Quot.sound]
'NLA.IE06.GaussianConcentrationSpace.mean_le_of_upper_tail' depends on axioms: [propext, Classical.choice, Quot.sound]

GaussianOperatorNet
'NLA.IE06.GaussianOperatorNet.unit_inner_gaussian' depends on axioms: [propext, Classical.choice, Quot.sound]
'NLA.IE06.GaussianOperatorNet.unitProjection_gaussian' depends on axioms: [propext, Classical.choice, Quot.sound]
'NLA.IE06.GaussianOperatorNet.operator_net_tail_shift' depends on axioms: [propext, Classical.choice, Quot.sound]

TruncatedInverse
'NLA.IE06.TruncatedInverse.sigmaInvSum' depends on axioms: [propext, Classical.choice, Quot.sound]
'NLA.IE06.TruncatedInverse.sigmaInvSum_nonneg' depends on axioms: [propext, Classical.choice, Quot.sound]
'NLA.IE06.TruncatedInverse.sigmaInvSum_eq_zero_of_le' depends on axioms: [propext, Classical.choice, Quot.sound]
'NLA.IE06.TruncatedInverse.retained_singularValue_ge' depends on axioms: [propext, Classical.choice, Quot.sound]
'NLA.IE06.TruncatedInverse.retained_singularValue_pos' depends on axioms: [propext, Classical.choice, Quot.sound]
'NLA.IE06.TruncatedInverse.frobeniusNorm_sq_eq_sum_basis' depends on axioms: [propext, Classical.choice, Quot.sound]
'NLA.IE06.TruncatedInverse.euclideanMap_injective_of_det_ne_zero' depends on axioms: [propext,
 Classical.choice,
 Quot.sound]
'NLA.IE06.TruncatedInverse.singularValues_pos_of_det_ne_zero' depends on axioms: [propext, Classical.choice, Quot.sound]
'NLA.IE06.TruncatedInverse.leftVectors' depends on axioms: [propext, Classical.choice, Quot.sound]
'NLA.IE06.TruncatedInverse.leftVectors_orthonormal' depends on axioms: [propext, Classical.choice, Quot.sound]
'NLA.IE06.TruncatedInverse.leftBasis' depends on axioms: [propext, Classical.choice, Quot.sound]
'NLA.IE06.TruncatedInverse.leftBasis_apply' depends on axioms: [propext, Classical.choice, Quot.sound]
'NLA.IE06.TruncatedInverse.inverse_apply_leftBasis' depends on axioms: [propext, Classical.choice, Quot.sound]
'NLA.IE06.TruncatedInverse.exists_retained_leftBasis' depends on axioms: [propext, Classical.choice, Quot.sound]
'NLA.IE06.TruncatedInverse.rightVectors' depends on axioms: [propext, Classical.choice, Quot.sound]
'NLA.IE06.TruncatedInverse.rightVectors_orthonormal' depends on axioms: [propext, Classical.choice, Quot.sound]
'NLA.IE06.TruncatedInverse.retainedMatrix' depends on axioms: [propext, Classical.choice, Quot.sound]
'NLA.IE06.TruncatedInverse.retainedMatrix_apply_basis' depends on axioms: [propext, Classical.choice, Quot.sound]
'NLA.IE06.TruncatedInverse.sum_fin_ite_lt' depends on axioms: [propext, Classical.choice, Quot.sound]
'NLA.IE06.TruncatedInverse.retainedMatrix_frobenius_sq' depends on axioms: [propext, Classical.choice, Quot.sound]
'NLA.IE06.TruncatedInverse.badIndex' depends on axioms: [propext, Quot.sound]
'NLA.IE06.TruncatedInverse.badIndex_injective' depends on axioms: [propext, Quot.sound]
'NLA.IE06.TruncatedInverse.badColumns' depends on axioms: [propext, Classical.choice, Quot.sound]
'NLA.IE06.TruncatedInverse.badColumns_conjTranspose' depends on axioms: [propext, Classical.choice, Quot.sound]
'NLA.IE06.TruncatedInverse.badColumns_orthonormal' depends on axioms: [propext, Classical.choice, Quot.sound]
'NLA.IE06.TruncatedInverse.badColumns_apply' depends on axioms: [propext, Classical.choice, Quot.sound]
'NLA.IE06.TruncatedInverse.badProjection_apply_basis' depends on axioms: [propext, Classical.choice, Quot.sound]
'NLA.IE06.TruncatedInverse.retainedMatrix_apply' depends on axioms: [propext, Classical.choice, Quot.sound]
'NLA.IE06.TruncatedInverse.retainedMatrix_opNorm_le' depends on axioms: [propext, Classical.choice, Quot.sound]
'NLA.IE06.TruncatedInverse.mul_retainedMatrix' depends on axioms: [propext, Classical.choice, Quot.sound]
'NLA.IE06.TruncatedInverse.retainedMatrix_mul_badColumns' depends on axioms: [propext, Classical.choice, Quot.sound]
'NLA.IE06.TruncatedInverse.exists_retained_decomposition' depends on axioms: [propext, Classical.choice, Quot.sound]
'NLA.IE06.TruncatedInverse.exists_inverse_decomposition' depends on axioms: [propext, Classical.choice, Quot.sound]

GaussianAppend
'NLA.IE06.GaussianAppend.appendConstant' depends on axioms: [propext, Classical.choice, Quot.sound]
'NLA.IE06.GaussianAppend.appendConstant_pos' depends on axioms: [propext, Classical.choice, Quot.sound]
'NLA.IE06.GaussianAppend.append_scalar_bounds' depends on axioms: [propext, Classical.choice, Quot.sound]
'NLA.IE06.GaussianAppend.retained_product_tail' depends on axioms: [propext, Classical.choice, Quot.sound]
'NLA.IE06.GaussianAppend.gaussian_append_tail' depends on axioms: [propext, Classical.choice, Quot.sound]
'NLA.IE06.GaussianAppend.gaussian_append_tail_source' depends on axioms: [propext, Classical.choice, Quot.sound]

SpectralMeasurability
'NLA.IE06.SpectralMeasurability.matrixMeasurable' depends on axioms: [propext, Classical.choice, Quot.sound]
'NLA.IE06.SpectralMeasurability.matrixBorel' depends on axioms: [propext, Classical.choice, Quot.sound]
'NLA.IE06.SpectralMeasurability.singularValues_le_add_opNorm' depends on axioms: [propext, Classical.choice, Quot.sound]
'NLA.IE06.SpectralMeasurability.singularValues_lipschitz' depends on axioms: [propext, Classical.choice, Quot.sound]
'NLA.IE06.SpectralMeasurability.singularValues_le_of_norm_le' depends on axioms: [propext, Classical.choice, Quot.sound]
'NLA.IE06.SpectralMeasurability.singularValues_eq_of_norm_eq' depends on axioms: [propext, Classical.choice, Quot.sound]
'NLA.IE06.SpectralMeasurability.continuous_euclideanMap' depends on axioms: [propext, Classical.choice, Quot.sound]
'NLA.IE06.SpectralMeasurability.continuous_singularValue' depends on axioms: [propext, Classical.choice, Quot.sound]
'NLA.IE06.SpectralMeasurability.measurable_singularValue' depends on axioms: [propext, Classical.choice, Quot.sound]
'NLA.IE06.SpectralMeasurability.continuous_opNorm' depends on axioms: [propext, Classical.choice, Quot.sound]
'NLA.IE06.SpectralMeasurability.measurable_opNorm' depends on axioms: [propext, Classical.choice, Quot.sound]
'NLA.IE06.SpectralMeasurability.measurable_frobeniusNorm' depends on axioms: [propext, Classical.choice, Quot.sound]
'NLA.IE06.SpectralMeasurability.gramInverse' depends on axioms: [propext, Classical.choice, Quot.sound]
'NLA.IE06.SpectralMeasurability.measurable_gramInverse' depends on axioms: [propext, Classical.choice, Quot.sound]
'NLA.IE06.SpectralMeasurability.gramInverse_eq_pinv' depends on axioms: [propext, Classical.choice, Quot.sound]
'NLA.IE06.SpectralMeasurability.surjective_iff_gram_det_ne_zero' depends on axioms: [propext,
 Classical.choice,
 Quot.sound]
'NLA.IE06.SpectralMeasurability.measurableSet_surjective' depends on axioms: [propext, Classical.choice, Quot.sound]
'NLA.IE06.SpectralMeasurability.singularValue_rowEquiv' depends on axioms: [propext, Classical.choice, Quot.sound]

KernelFrame
'NLA.IE06.KernelFrame.exists_kernel_frame' depends on axioms: [propext, Classical.choice, Quot.sound]

GaussianSpectralTail
'NLA.IE06.GaussianSpectralTail.operator_mean_le' depends on axioms: [propext, Classical.choice, Quot.sound]
'NLA.IE06.GaussianSpectralTail.gaussian_singular_tail' depends on axioms: [propext, Classical.choice, Quot.sound]

GaussianDeterminantMoments
'NLA.IE06.GaussianDeterminantMoments.gaussian_inverse_gram_det_moment' depends on axioms: [propext,
 Classical.choice,
 Quot.sound]

GaussianPrincipalMoments
'NLA.IE06.GaussianPrincipalMoments.gaussian_detRatio_moment' depends on axioms: [propext, Classical.choice, Quot.sound]
'NLA.IE06.GaussianPrincipalMoments.gaussian_principal_inverse_det_moment' depends on axioms: [propext,
 Classical.choice,
 Quot.sound]
'NLA.IE06.GaussianPrincipalMoments.gaussian_principal_submatrix_moment' depends on axioms: [propext,
 Classical.choice,
 Quot.sound]
'NLA.IE06.GaussianPrincipalMoments.gaussian_principal_subset_moment' depends on axioms: [propext,
 Classical.choice,
 Quot.sound]

GaussianPrincipalTail
'NLA.IE06.GaussianPrincipalTail.principal_union_tail' depends on axioms: [propext, Classical.choice, Quot.sound]

GaussianOvercrowdingSpectral
'NLA.IE06.GaussianOvercrowdingSpectral.singularValue_le_of_norm_le' depends on axioms: [propext,
 Classical.choice,
 Quot.sound]
'NLA.IE06.GaussianOvercrowdingSpectral.row_restriction_norm_le' depends on axioms: [propext,
 Classical.choice,
 Quot.sound]
'NLA.IE06.GaussianOvercrowdingSpectral.singularValue_rows_le' depends on axioms: [propext, Classical.choice, Quot.sound]
'NLA.IE06.GaussianOvercrowdingSpectral.eigenvalue_lower_of_subspace' depends on axioms: [propext,
 Classical.choice,
 Quot.sound]
'NLA.IE06.GaussianOvercrowdingSpectral.inverse_gram_quadratic_lower' depends on axioms: [propext,
 Classical.choice,
 Quot.sound]
'NLA.IE06.GaussianOvercrowdingSpectral.sortedEigenvalues' depends on axioms: [propext, Classical.choice, Quot.sound]
'NLA.IE06.GaussianOvercrowdingSpectral.charpoly_eq_diagonal_sorted' depends on axioms: [propext,
 Classical.choice,
 Quot.sound]
'NLA.IE06.GaussianOvercrowdingSpectral.sum_principal_minors_eq_eigen_products' depends on axioms: [propext,
 Classical.choice,
 Quot.sound]
'NLA.IE06.GaussianOvercrowdingSpectral.inverse_gram_eigenvalue_lower' depends on axioms: [propext,
 Classical.choice,
 Quot.sound]
'NLA.IE06.GaussianOvercrowdingSpectral.exists_large_principal_minor' depends on axioms: [propext,
 Classical.choice,
 Quot.sound]
'NLA.IE06.GaussianOvercrowdingSpectral.singular_event_implies_large_inverse_gram_minor' depends on axioms: [propext,
 Classical.choice,
 Quot.sound]

GaussianOvercrowding
'NLA.IE06.GaussianOvercrowding.gaussian_overcrowding' depends on axioms: [propext, Classical.choice, Quot.sound]

GaussianStackingTail
'NLA.IE06.GaussianStackingTail.productThreshold' depends on axioms: [propext, Classical.choice, Quot.sound]
'NLA.IE06.GaussianStackingTail.compressionThreshold' depends on axioms: [propext, Classical.choice, Quot.sound]
'NLA.IE06.GaussianStackingTail.stackingThreshold' depends on axioms: [propext, Classical.choice, Quot.sound]
'NLA.IE06.GaussianStackingTail.compressRows_eq_mul' depends on axioms: [propext, Classical.choice, Quot.sound]
'NLA.IE06.GaussianStackingTail.gaussian_stacking_tail' depends on axioms: [propext, Classical.choice, Quot.sound]

SelectedBlockExtensionScalars
'NLA.IE06.SelectedBlockExtensionScalars.loss' depends on axioms: [propext, Classical.choice, Quot.sound]
'NLA.IE06.SelectedBlockExtensionScalars.thetaCoefficient' depends on axioms: [propext, Classical.choice, Quot.sound]
'NLA.IE06.SelectedBlockExtensionScalars.theta' depends on axioms: [propext, Classical.choice, Quot.sound]
'NLA.IE06.SelectedBlockExtensionScalars.firstBudget' depends on axioms: [propext, Classical.choice, Quot.sound]
'NLA.IE06.SelectedBlockExtensionScalars.candidateBudget' depends on axioms: [propext, Classical.choice, Quot.sound]
'NLA.IE06.SelectedBlockExtensionScalars.scale' depends on axioms: [propext, Classical.choice, Quot.sound]
'NLA.IE06.SelectedBlockExtensionScalars.denominatorConstant' depends on axioms: [propext, Classical.choice, Quot.sound]
'NLA.IE06.SelectedBlockExtensionScalars.extensionConstant' depends on axioms: [propext, Classical.choice, Quot.sound]
'NLA.IE06.SelectedBlockExtensionScalars.dimensions' depends on axioms: [propext, Classical.choice, Quot.sound]
'NLA.IE06.SelectedBlockExtensionScalars.loss_nonneg' depends on axioms: [propext, Classical.choice, Quot.sound]
'NLA.IE06.SelectedBlockExtensionScalars.theta_pos' depends on axioms: [propext, Classical.choice, Quot.sound]
'NLA.IE06.SelectedBlockExtensionScalars.theta_le_one' depends on axioms: [propext, Classical.choice, Quot.sound]
'NLA.IE06.SelectedBlockExtensionScalars.budgets_pos' depends on axioms: [propext, Classical.choice, Quot.sound]
'NLA.IE06.SelectedBlockExtensionScalars.scale_pos' depends on axioms: [propext, Classical.choice, Quot.sound]
'NLA.IE06.SelectedBlockExtensionScalars.denominatorConstant_ge_one' depends on axioms: [propext,
 Classical.choice,
 Quot.sound]
'NLA.IE06.SelectedBlockExtensionScalars.extensionConstant_pos' depends on axioms: [propext,
 Classical.choice,
 Quot.sound]
'NLA.IE06.SelectedBlockExtensionScalars.candidate_exponent_bound' depends on axioms: [propext,
 Classical.choice,
 Quot.sound]
'NLA.IE06.SelectedBlockExtensionScalars.overcrowding_term_le' depends on axioms: [propext, Classical.choice, Quot.sound]
'NLA.IE06.SelectedBlockExtensionScalars.probability_accounting' depends on axioms: [propext,
 Classical.choice,
 Quot.sound]
'NLA.IE06.SelectedBlockExtensionScalars.loss_comparisons' depends on axioms: [propext, Classical.choice, Quot.sound]
'NLA.IE06.SelectedBlockExtensionScalars.candidate_root_le' depends on axioms: [propext, Classical.choice, Quot.sound]
'NLA.IE06.SelectedBlockExtensionScalars.two_sqrt_le_exp' depends on axioms: [propext, Classical.choice, Quot.sound]
'NLA.IE06.SelectedBlockExtensionScalars.product_threshold_le' depends on axioms: [propext, Classical.choice, Quot.sound]
'NLA.IE06.SelectedBlockExtensionScalars.compression_pos' depends on axioms: [propext, Classical.choice, Quot.sound]
'NLA.IE06.SelectedBlockExtensionScalars.compression_inverse_le' depends on axioms: [propext,
 Classical.choice,
 Quot.sound]
'NLA.IE06.SelectedBlockExtensionScalars.stacking_denominator_le' depends on axioms: [propext,
 Classical.choice,
 Quot.sound]
'NLA.IE06.SelectedBlockExtensionScalars.exponential_absorption' depends on axioms: [propext,
 Classical.choice,
 Quot.sound]
'NLA.IE06.SelectedBlockExtensionScalars.source_threshold_le' depends on axioms: [propext, Classical.choice, Quot.sound]
