Author development-only macOS typecheck; no full verification claim.
Lean (version 4.33.1, arm64-apple-darwin24.6.0, commit 819816b2e0a3bf405af45ae5c7af2491d8f5bee6, Release)
COMMAND: /private/tmp/nla-campaign-toolchain/lean-4.33.1-darwin_aarch64/bin/lean -o /private/tmp/nla-tr27-border-witness-final-build/NLA/TR27/Definitions.olean NLA/TR27/Definitions.lean
EXIT: 0
COMMAND: /private/tmp/nla-campaign-toolchain/lean-4.33.1-darwin_aarch64/bin/lean -o /private/tmp/nla-tr27-border-witness-final-build/NLA/TR27/Algebra.olean NLA/TR27/Algebra.lean
EXIT: 0
COMMAND: /private/tmp/nla-campaign-toolchain/lean-4.33.1-darwin_aarch64/bin/lean -o /private/tmp/nla-tr27-border-witness-final-build/NLA/TR27/IntegralImage.olean NLA/TR27/IntegralImage.lean
EXIT: 0
COMMAND: /private/tmp/nla-campaign-toolchain/lean-4.33.1-darwin_aarch64/bin/lean -o /private/tmp/nla-tr27-border-witness-final-build/NLA/TR27/Geometry.olean NLA/TR27/Geometry.lean
EXIT: 0
COMMAND: /private/tmp/nla-campaign-toolchain/lean-4.33.1-darwin_aarch64/bin/lean -o /private/tmp/nla-tr27-border-witness-final-build/NLA/TR27/BorderWitness.olean NLA/TR27/BorderWitness.lean
EXIT: 0
COMMAND: /private/tmp/nla-campaign-toolchain/lean-4.33.1-darwin_aarch64/bin/lean -o /private/tmp/nla-tr27-border-witness-final-build/reviews/border-witness-author-evidence/Axioms.olean reviews/border-witness-author-evidence/Axioms.lean
'NLA.TR27.borderCurve_rank_two' depends on axioms: [propext, Classical.choice, Quot.sound]
'NLA.TR27.border_curve_semantics' depends on axioms: [propext, Classical.choice, Quot.sound]
'NLA.TR27.borderCoordinatePolynomial' depends on axioms: [propext, Classical.choice, Quot.sound]
'NLA.TR27.eval_borderCoordinatePolynomial' depends on axioms: [propext, Classical.choice, Quot.sound]
'NLA.TR27.borderSubstitution' depends on axioms: [propext, Classical.choice, Quot.sound]
'NLA.TR27.eval_borderSubstitution' depends on axioms: [propext, Classical.choice, Quot.sound]
'NLA.TR27.polynomial_eq_zero_of_eval_nonzero' depends on axioms: [propext, Classical.choice, Quot.sound]
'NLA.TR27.polynomial_vanishes_borderCurve' depends on axioms: [propext, Classical.choice, Quot.sound]
'NLA.TR27.border_two' depends on axioms: [propext, Classical.choice, Quot.sound]
EXIT: 0
