Author semantic module audit; not independent or full IE-21 verification.
BUILD: /private/tmp/nla-ie21-pointwise-semantics-author-tepqbv_0
Lean (version 4.33.1, arm64-apple-darwin24.6.0, commit 819816b2e0a3bf405af45ae5c7af2491d8f5bee6, Release)
COMMAND: /private/tmp/nla-campaign-toolchain/lean-4.33.1-darwin_aarch64/bin/lean -o /private/tmp/nla-ie21-pointwise-semantics-author-tepqbv_0/NLA/IE21/Definitions.olean NLA/IE21/Definitions.lean
EXIT: 0
COMMAND: /private/tmp/nla-campaign-toolchain/lean-4.33.1-darwin_aarch64/bin/lean -o /private/tmp/nla-ie21-pointwise-semantics-author-tepqbv_0/NLA/IE21/MatrixSemantics.olean NLA/IE21/MatrixSemantics.lean
EXIT: 0
COMMAND: /private/tmp/nla-campaign-toolchain/lean-4.33.1-darwin_aarch64/bin/lean -o /private/tmp/nla-ie21-pointwise-semantics-author-tepqbv_0/NLA/IE21/FiniteTrimming.olean NLA/IE21/FiniteTrimming.lean
EXIT: 0
COMMAND: /private/tmp/nla-campaign-toolchain/lean-4.33.1-darwin_aarch64/bin/lean -o /private/tmp/nla-ie21-pointwise-semantics-author-tepqbv_0/NLA/IE21/SphereNet.olean NLA/IE21/SphereNet.lean
'NLA.IE21.sphere_net' depends on axioms: [propext, Classical.choice, Quot.sound]
EXIT: 0
COMMAND: /private/tmp/nla-campaign-toolchain/lean-4.33.1-darwin_aarch64/bin/lean -o /private/tmp/nla-ie21-pointwise-semantics-author-tepqbv_0/NLA/IE21/QuadraticNet.olean NLA/IE21/QuadraticNet.lean
EXIT: 0
COMMAND: /private/tmp/nla-campaign-toolchain/lean-4.33.1-darwin_aarch64/bin/lean -o /private/tmp/nla-ie21-pointwise-semantics-author-tepqbv_0/NLA/IE21/PointwiseTrimmingSemantics.olean NLA/IE21/PointwiseTrimmingSemantics.lean
EXIT: 0
COMMAND: /private/tmp/nla-campaign-toolchain/lean-4.33.1-darwin_aarch64/bin/lean -o /private/tmp/nla-ie21-pointwise-semantics-author-tepqbv_0/reviews/pointwise-semantics-author-evidence/SignatureCheck.olean reviews/pointwise-semantics-author-evidence/SignatureCheck.lean
EXIT: 0
COMMAND: /private/tmp/nla-campaign-toolchain/lean-4.33.1-darwin_aarch64/bin/lean -o /private/tmp/nla-ie21-pointwise-semantics-author-tepqbv_0/reviews/pointwise-semantics-author-evidence/Axioms.olean reviews/pointwise-semantics-author-evidence/Axioms.lean
'NLA.IE21.finiteTrim_smul_nonneg' depends on axioms: [propext, Classical.choice, Quot.sound]
'NLA.IE21.directionalTrim_eq_energy_trim' depends on axioms: [propext, Classical.choice, Quot.sound]
EXIT: 0
