$ systemd-run --user --quiet --wait --pipe --collect -p 'RestrictAddressFamilies=~AF_UNIX' --working-directory /home/runner/work/_temp/nla-lean-tools/.verification-tmp/nla-fresh-proof-46x3ty5r/project /usr/bin/env -i PATH=/home/runner/.elan/toolchains/leanprover--lean4---v4.33.1/bin:/home/runner/.elan/bin:/home/runner/go/bin:/opt/hostedtoolcache/go/1.27.1/x64/bin:/snap/bin:/home/runner/.local/bin:/opt/pipx_bin:/home/runner/.cargo/bin:/home/runner/.config/composer/vendor/bin:/usr/local/.ghcup/bin:/home/runner/.dotnet/tools:/usr/local/sbin:/usr/local/bin:/usr/sbin:/usr/bin:/sbin:/bin:/usr/games:/usr/local/games:/snap/bin HOME=/home/runner LANG=C.UTF-8 XDG_RUNTIME_DIR=/run/user/1001 DBUS_SESSION_BUS_ADDRESS=unix:path=/run/user/1001/bus GIT_TERMINAL_PROMPT=0 GIT_CONFIG_NOSYSTEM=1 GIT_CONFIG_GLOBAL=/dev/null COMPARATOR_BIN=/home/runner/work/_temp/nla-lean-tools/.tools/comparator/.lake/build/bin/comparator COMPARATOR_LEAN4EXPORT=/home/runner/work/_temp/nla-lean-tools/.tools/lean4export/.lake/build/bin/lean4export COMPARATOR_LANDRUN=/home/runner/work/_temp/nla-lean-tools/scripts/strict_landrun.py XDG_CACHE_HOME=/home/runner/work/_temp/nla-lean-tools/.tools/cache TMPDIR=/home/runner/work/_temp/nla-lean-tools/.verification-tmp lake env /home/runner/work/_temp/nla-lean-tools/.tools/comparator/.lake/build/bin/comparator comparator.json
Building Challenge
✔ [2399/2401] Built NLA.KE03.Definitions (1.0s)
⚠ [2400/2401] Built Challenge (1.6s)
warning: Challenge.lean:6:8: declaration uses `sorry`
Build completed successfully (2401 jobs).
Exporting #[Quot, Quot.mk, Quot.lift, Quot.ind, NLA.KE03.complete_query_algorithm, propext, Classical.choice, Quot.sound, Nat.add, Nat.sub, Nat.mul, Nat.pow, Nat.gcd, Nat.div, Nat.mod, Nat.beq, Nat.ble, Nat.land, Nat.lor, Nat.xor, Nat.shiftLeft, Nat.shiftRight, String.ofList, Char.ofNat, List, eagerReduce, Nat, String, String.mk, Char, optParam, autoParam, semiOutParam, outParam] from Challenge
Building Solution
✔ [3096/3107] Built NLA.KE03.Search (3.1s)
✔ [3097/3107] Built NLA.KE03.Probability (4.7s)
✔ [3098/3107] Built NLA.KE03.PowerEstimates (4.9s)
✔ [3099/3107] Built NLA.KE03.CircleNet (6.4s)
✔ [3100/3107] Built NLA.KE03.Degree (6.6s)
✔ [3101/3107] Built NLA.KE03.Selection (3.1s)
✔ [3102/3107] Built NLA.KE03.MatrixBounds (10s)
✔ [3103/3107] Built NLA.KE03.History (2.6s)
✔ [3104/3107] Built NLA.KE03.Geometry (10s)
✔ [3105/3107] Built NLA.KE03.Correctness (3.0s)
✔ [3106/3107] Built Solution (1.0s)
Build completed successfully (3107 jobs).
Exporting #[Quot, Quot.mk, Quot.lift, Quot.ind, NLA.KE03.complete_query_algorithm, propext, Classical.choice, Quot.sound, Nat.add, Nat.sub, Nat.mul, Nat.pow, Nat.gcd, Nat.div, Nat.mod, Nat.beq, Nat.ble, Nat.land, Nat.lor, Nat.xor, Nat.shiftLeft, Nat.shiftRight, String.ofList, Char.ofNat, List, eagerReduce, Nat, String, String.mk, Char, optParam, autoParam, semiOutParam, outParam] from Solution
Running Lean default kernel on solution.
Lean default kernel accepts the solution
Your solution is okay!

EXIT_STATUS=0
