$ lake exe cache get
✔ [1/5] Built Cache.Cli (313ms)
✔ [2/5] Built Cache.Lean (369ms)
✔ [6/26] Built Cache.Cli:c.o (208ms)
✔ [7/26] Built Cache.Lean:c.o (200ms)
✔ [8/26] Built Cache.Infra (384ms)
✔ [9/26] Built Cache.Infra:c.o (168ms)
✔ [10/26] Built Batteries.Tactic.OpenPrivate (860ms)
✔ [11/26] Built Batteries.Tactic.OpenPrivate:c.o (1.0s)
✔ [12/26] Built Cache.IO (1.2s)
✔ [13/26] Built Cache.Hashing (697ms)
✔ [14/26] Built Cache.Hashing:c.o (509ms)
✔ [15/26] Built Cache.IO:c.o (1.5s)
✔ [16/26] Built Cache.Requests (1.6s)
✔ [17/26] Built Cache.Marker (501ms)
✔ [18/26] Built Cache.Marker:c.o (108ms)
✔ [19/26] Built Cache.Query (634ms)
✔ [20/26] Built Cache.Query:c.o (321ms)
✔ [21/26] Built Cache.Warning (677ms)
✔ [22/26] Built Cache.Warning:c.o (206ms)
✔ [23/26] Built Cache.Requests:c.o (2.3s)
✔ [24/26] Built Cache.Main (977ms)
✔ [25/26] Built Cache.Main:c.o (700ms)
✔ [26/26] Built cache:exe (660ms)
Current branch: HEAD
Using cache from origin: (some leanprover-community/mathlib4)
Attempting to download 8690 file(s) from leanprover-community/mathlib4 cache at https://lakecache.blob.core.windows.net/mathlib4-master

Downloaded: 1 file(s) [attempted 1/8690 = 0%, 18 KB/s], Decompressed: 0
Downloaded: 70 file(s) [attempted 70/8690 = 0%, 102 KB/s], Decompressed: 26
Downloaded: 111 file(s) [attempted 111/8690 = 1%, 1291 KB/s], Decompressed: 26
Downloaded: 203 file(s) [attempted 203/8690 = 2%, 1145 KB/s], Decompressed: 46
Downloaded: 299 file(s) [attempted 299/8690 = 3%, 334 KB/s], Decompressed: 46
Downloaded: 398 file(s) [attempted 398/8690 = 4%, 610 KB/s], Decompressed: 118
Downloaded: 510 file(s) [attempted 510/8690 = 5%, 469 KB/s], Decompressed: 118
Downloaded: 622 file(s) [attempted 622/8690 = 7%, 1861 KB/s], Decompressed: 118
Downloaded: 736 file(s) [attempted 736/8690 = 8%, 153 KB/s], Decompressed: 118
Downloaded: 775 file(s) [attempted 775/8690 = 8%, 676 KB/s], Decompressed: 118
Downloaded: 812 file(s) [attempted 812/8690 = 9%, 973 KB/s], Decompressed: 118
Downloaded: 910 file(s) [attempted 910/8690 = 10%, 123 KB/s], Decompressed: 308
Downloaded: 1013 file(s) [attempted 1013/8690 = 11%, 109 KB/s], Decompressed: 308
Downloaded: 1121 file(s) [attempted 1121/8690 = 12%, 1363 KB/s], Decompressed: 308
Downloaded: 1219 file(s) [attempted 1219/8690 = 14%, 501 KB/s], Decompressed: 308
Downloaded: 1320 file(s) [attempted 1320/8690 = 15%, 437 KB/s], Decompressed: 308
Downloaded: 1453 file(s) [attempted 1453/8690 = 16%, 2038 KB/s], Decompressed: 308
Downloaded: 1555 file(s) [attempted 1555/8690 = 17%, 3606 KB/s], Decompressed: 308
Downloaded: 1633 file(s) [attempted 1633/8690 = 18%, 463 KB/s], Decompressed: 308
Downloaded: 1718 file(s) [attempted 1718/8690 = 19%, 3116 KB/s], Decompressed: 308
Downloaded: 1818 file(s) [attempted 1818/8690 = 20%, 2246 KB/s], Decompressed: 308
Downloaded: 1866 file(s) [attempted 1866/8690 = 21%, 309 KB/s], Decompressed: 308
Downloaded: 1972 file(s) [attempted 1972/8690 = 22%, 2374 KB/s], Decompressed: 308
Downloaded: 2070 file(s) [attempted 2070/8690 = 23%, 365 KB/s], Decompressed: 308
Downloaded: 2177 file(s) [attempted 2177/8690 = 25%, 374 KB/s], Decompressed: 308
Downloaded: 2278 file(s) [attempted 2278/8690 = 26%, 312 KB/s], Decompressed: 308
Downloaded: 2379 file(s) [attempted 2379/8690 = 27%, 969 KB/s], Decompressed: 308
Downloaded: 2479 file(s) [attempted 2479/8690 = 28%, 854 KB/s], Decompressed: 308
Downloaded: 2582 file(s) [attempted 2582/8690 = 29%, 148 KB/s], Decompressed: 308
Downloaded: 2703 file(s) [attempted 2703/8690 = 31%, 79 KB/s], Decompressed: 862
Downloaded: 2805 file(s) [attempted 2805/8690 = 32%, 567 KB/s], Decompressed: 862
Downloaded: 2900 file(s) [attempted 2900/8690 = 33%, 277 KB/s], Decompressed: 862
Downloaded: 3012 file(s) [attempted 3012/8690 = 34%, 134 KB/s], Decompressed: 862
Downloaded: 3111 file(s) [attempted 3111/8690 = 35%, 3299 KB/s], Decompressed: 862
Downloaded: 3117 file(s) [attempted 3117/8690 = 35%, 455 KB/s], Decompressed: 862
Downloaded: 3223 file(s) [attempted 3223/8690 = 37%, 3687 KB/s], Decompressed: 862
Downloaded: 3332 file(s) [attempted 3332/8690 = 38%, 799 KB/s], Decompressed: 862
Downloaded: 3431 file(s) [attempted 3431/8690 = 39%, 174 KB/s], Decompressed: 862
Downloaded: 3520 file(s) [attempted 3520/8690 = 40%, 117 KB/s], Decompressed: 862
Downloaded: 3620 file(s) [attempted 3620/8690 = 41%, 385 KB/s], Decompressed: 862
Downloaded: 3726 file(s) [attempted 3726/8690 = 42%, 744 KB/s], Decompressed: 862
Downloaded: 3826 file(s) [attempted 3826/8690 = 44%, 721 KB/s], Decompressed: 862
Downloaded: 3877 file(s) [attempted 3877/8690 = 44%, 1186 KB/s], Decompressed: 862
Downloaded: 3977 file(s) [attempted 3977/8690 = 45%, 2739 KB/s], Decompressed: 862
Downloaded: 4087 file(s) [attempted 4087/8690 = 47%, 923 KB/s], Decompressed: 862
Downloaded: 4183 file(s) [attempted 4183/8690 = 48%, 905 KB/s], Decompressed: 862
Downloaded: 4288 file(s) [attempted 4288/8690 = 49%, 79 KB/s], Decompressed: 862
Downloaded: 4389 file(s) [attempted 4389/8690 = 50%, 3639 KB/s], Decompressed: 862
Downloaded: 4496 file(s) [attempted 4496/8690 = 51%, 339 KB/s], Decompressed: 862
Downloaded: 4602 file(s) [attempted 4602/8690 = 52%, 466 KB/s], Decompressed: 862
Downloaded: 4700 file(s) [attempted 4700/8690 = 54%, 4410 KB/s], Decompressed: 862
Downloaded: 4798 file(s) [attempted 4798/8690 = 55%, 583 KB/s], Decompressed: 862
Downloaded: 4901 file(s) [attempted 4901/8690 = 56%, 1155 KB/s], Decompressed: 862
Downloaded: 5002 file(s) [attempted 5002/8690 = 57%, 5491 KB/s], Decompressed: 862
Downloaded: 5050 file(s) [attempted 5050/8690 = 58%, 628 KB/s], Decompressed: 862
Downloaded: 5150 file(s) [attempted 5150/8690 = 59%, 644 KB/s], Decompressed: 862
Downloaded: 5258 file(s) [attempted 5258/8690 = 60%, 226 KB/s], Decompressed: 862
Downloaded: 5359 file(s) [attempted 5359/8690 = 61%, 469 KB/s], Decompressed: 862
Downloaded: 5466 file(s) [attempted 5466/8690 = 62%, 215 KB/s], Decompressed: 862
Downloaded: 5569 file(s) [attempted 5569/8690 = 64%, 971 KB/s], Decompressed: 862
Downloaded: 5683 file(s) [attempted 5683/8690 = 65%, 370 KB/s], Decompressed: 862
Downloaded: 5770 file(s) [attempted 5770/8690 = 66%, 3566 KB/s], Decompressed: 862
Downloaded: 5869 file(s) [attempted 5869/8690 = 67%, 1516 KB/s], Decompressed: 862
Downloaded: 5985 file(s) [attempted 5985/8690 = 68%, 275 KB/s], Decompressed: 862
Downloaded: 6097 file(s) [attempted 6097/8690 = 70%, 4497 KB/s], Decompressed: 862
Downloaded: 6221 file(s) [attempted 6221/8690 = 71%, 1312 KB/s], Decompressed: 862
Downloaded: 6337 file(s) [attempted 6337/8690 = 72%, 2886 KB/s], Decompressed: 862
Downloaded: 6440 file(s) [attempted 6440/8690 = 74%, 226 KB/s], Decompressed: 862
Downloaded: 6447 file(s) [attempted 6447/8690 = 74%, 2175 KB/s], Decompressed: 862
Downloaded: 6450 file(s) [attempted 6450/8690 = 74%, 182 KB/s], Decompressed: 862
Downloaded: 6548 file(s) [attempted 6548/8690 = 75%, 2833 KB/s], Decompressed: 862
Downloaded: 6653 file(s) [attempted 6653/8690 = 76%, 596 KB/s], Decompressed: 862
Downloaded: 6754 file(s) [attempted 6754/8690 = 77%, 265 KB/s], Decompressed: 862
Downloaded: 6856 file(s) [attempted 6856/8690 = 78%, 275 KB/s], Decompressed: 862
Downloaded: 6982 file(s) [attempted 6982/8690 = 80%, 994 KB/s], Decompressed: 2621
Downloaded: 7087 file(s) [attempted 7087/8690 = 81%, 657 KB/s], Decompressed: 2621
Downloaded: 7213 file(s) [attempted 7213/8690 = 83%, 70 KB/s], Decompressed: 2621
Downloaded: 7323 file(s) [attempted 7323/8690 = 84%, 695 KB/s], Decompressed: 2621
Downloaded: 7430 file(s) [attempted 7430/8690 = 85%, 550 KB/s], Decompressed: 2621
Downloaded: 7552 file(s) [attempted 7552/8690 = 86%, 175 KB/s], Decompressed: 2621
Downloaded: 7671 file(s) [attempted 7671/8690 = 88%, 62 KB/s], Decompressed: 2621
Downloaded: 7780 file(s) [attempted 7780/8690 = 89%, 1452 KB/s], Decompressed: 2621
Downloaded: 7883 file(s) [attempted 7883/8690 = 90%, 3812 KB/s], Decompressed: 2621
Downloaded: 8004 file(s) [attempted 8004/8690 = 92%, 912 KB/s], Decompressed: 2621
Downloaded: 8107 file(s) [attempted 8107/8690 = 93%, 780 KB/s], Decompressed: 2621
Downloaded: 8229 file(s) [attempted 8229/8690 = 94%, 1135 KB/s], Decompressed: 2621
Downloaded: 8265 file(s) [attempted 8265/8690 = 95%, 4272 KB/s], Decompressed: 2621
Downloaded: 8366 file(s) [attempted 8366/8690 = 96%, 105 KB/s], Decompressed: 2621
Downloaded: 8496 file(s) [attempted 8496/8690 = 97%, 1447 KB/s], Decompressed: 2621
Downloaded: 8610 file(s) [attempted 8610/8690 = 99%, 994 KB/s], Decompressed: 2621
Downloaded: 8690 file(s) [attempted 8690/8690 = 100%, 2127 KB/s], Decompressed: 2621
Downloaded: 8690 file(s) [attempted 8690/8690 = 100%, 2127 KB/s], Decompressed: 2621
Decompressed 8690 file(s)
Already decompressed 8690 file(s)

EXIT_STATUS=0
