'NLA.TR06.Area.Proposed.coordProjection' depends on axioms: [propext, Classical.choice, Quot.sound]
'NLA.TR06.Area.Proposed.HasSmoothEmbeddedCharts' depends on axioms: [propext, Classical.choice, Quot.sound]
'NLA.TR06.Area.Proposed.ProjectionLocallyInjectiveSet' depends on axioms: [propext, Classical.choice, Quot.sound]
'NLA.TR06.Area.Proposed.UniformProjectionAtlasStatement' depends on axioms: [propext, Classical.choice, Quot.sound]
'NLA.TR06.Area.Proposed.matrix_exists_injective_row_restriction' depends on axioms: [propext,
 Classical.choice,
 Quot.sound]
'NLA.TR06.Area.Proposed.coordProjectionL' depends on axioms: [propext, Classical.choice, Quot.sound]
'NLA.TR06.Area.Proposed.coordProjectionL_apply' depends on axioms: [propext, Classical.choice, Quot.sound]
'NLA.TR06.Area.Proposed.exists_injective_coordinate_projection' depends on axioms: [propext,
 Classical.choice,
 Quot.sound]
'NLA.TR06.Area.Proposed.isometricOperators' depends on axioms: [propext, Classical.choice, Quot.sound]
'NLA.TR06.Area.Proposed.isCompact_isometricOperators' depends on axioms: [propext, Classical.choice, Quot.sound]
'NLA.TR06.Area.Proposed.exists_coordinate_bound_neighborhood' depends on axioms: [propext, Classical.choice, Quot.sound]
'NLA.TR06.Area.Proposed.uniform_isometric_coordinate_bound' depends on axioms: [propext, Classical.choice, Quot.sound]
'NLA.TR06.Area.Proposed.uniform_tangent_coordinate_bound' depends on axioms: [propext, Classical.choice, Quot.sound]
'NLA.TR06.Area.Proposed.tangent_coordinate_equiv' depends on axioms: [propext, Classical.choice, Quot.sound]
'NLA.TR06.Area.Proposed.projection_chart_locally_injective' depends on axioms: [propext, Classical.choice, Quot.sound]
'NLA.TR06.Area.Proposed.local_projection_charts' depends on axioms: [propext, Classical.choice, Quot.sound]
'NLA.TR06.Area.Proposed.zero_dimensional_charts_countable' depends on axioms: [propext, Classical.choice, Quot.sound]
'NLA.TR06.Area.Proposed.uniform_projection_atlas' depends on axioms: [propext, Classical.choice, Quot.sound]
