$ systemd-run --user --quiet --wait --pipe --collect -p 'RestrictAddressFamilies=~AF_UNIX' --working-directory /tmp/mf17-nla-tools/.verification-tmp/nla-fresh-proof-zpaeaagq/project /usr/bin/env -i PATH=/tmp/mf17-lean/bin:/tmp/mf17-lean/bin:/usr/bin:/bin XDG_RUNTIME_DIR=/run/user/1000 DBUS_SESSION_BUS_ADDRESS=unix:path=/run/user/1000/bus GIT_TERMINAL_PROMPT=0 GIT_CONFIG_NOSYSTEM=1 GIT_CONFIG_GLOBAL=/dev/null COMPARATOR_BIN=/tmp/mf17-nla-tools/.tools/comparator/.lake/build/bin/comparator COMPARATOR_LEAN4EXPORT=/tmp/mf17-nla-tools/.tools/lean4export/.lake/build/bin/lean4export COMPARATOR_LANDRUN=/tmp/mf17-nla-tools/scripts/strict_landrun.py XDG_CACHE_HOME=/tmp/mf17-nla-tools/.tools/cache TMPDIR=/tmp/mf17-nla-tools/.verification-tmp lake env /tmp/mf17-nla-tools/.tools/comparator/.lake/build/bin/comparator comparator.json
Building Challenge
✔ [8706/8708] Built ProofProject.Definitions (13s)
⚠ [8707/8708] Built Challenge (3.0s)
warning: Challenge.lean:10:8: declaration uses `sorry`
warning: Challenge.lean:15:8: declaration uses `sorry`
warning: Challenge.lean:19:8: declaration uses `sorry`
warning: Challenge.lean:26:8: declaration uses `sorry`
warning: Challenge.lean:32:8: declaration uses `sorry`
Build completed successfully (8708 jobs).
Exporting #[Quot, Quot.mk, Quot.lift, Quot.ind, ProofProject.stableSemigroup_hasGeneratorInverse, ProofProject.attainableNorms_bddAbove, ProofProject.sharp_growth, ProofProject.finite_dimensional_lower, ProofProject.contractive_envelope, propext, Classical.choice, Quot.sound, Nat.add, Nat.sub, Nat.mul, Nat.pow, Nat.gcd, Nat.div, Nat.mod, Nat.beq, Nat.ble, Nat.land, Nat.lor, Nat.xor, Nat.shiftLeft, Nat.shiftRight, String.ofList, Char.ofNat, List, eagerReduce, Nat, String, String.mk, Char, optParam, autoParam, semiOutParam, outParam] from Challenge
Building Solution
⚠ [8705/8844] Built ProofProject.DiskSector (5.6s)
warning: ProofProject/DiskSector.lean:29:47: Variable name `hw` is not explicitly referenced.

Hint: The binding can be removed (if unused) or named `_` (if used implicitly). Alternatively, prefix the name with `_` to silence this warning:
  [apply] _hw

Note: This linter can be disabled with `set_option linter.unusedVariables false`
⚠ [8706/8844] Built ProofProject.ReciprocalPolynomialApproximation (5.6s)
warning: ProofProject/ReciprocalPolynomialApproximation.lean:36:2: try 'simp' instead of 'simpa'

Note: This linter can be disabled with `set_option linter.unnecessarySimpa false`
✔ [8707/8846] Built ProofProject.CosineMargin (5.8s)
✔ [8708/8846] Built ProofProject.CStarSqrtSeparation (6.1s)
✔ [8709/8846] Built ProofProject.FiniteCircleParseval (6.3s)
✔ [8710/8846] Built ProofProject.HalfPlaneRadial (6.3s)
⚠ [8711/8846] Built ProofProject.HilbertFourier (6.5s)
warning: ProofProject/HilbertFourier.lean:81:8: automatically included section variable(s) unused in theorem `_private.ProofProject.HilbertFourier.0.ProofProject.norm_toLp_sq_eq_integral`:
  [CompleteSpace H]
consider restructuring your `variable` declarations so that the variables are not in scope or explicitly omit them:
  omit [CompleteSpace H] in theorem ...

Note: This linter can be disabled with `set_option linter.unusedSectionVars false`
✔ [8712/8846] Built ProofProject.ProjectionAngle (7.6s)
✔ [8713/8846] Built ProofProject.OperatorPolarRange (9.8s)
⚠ [8714/8846] Built ProofProject.SchurData (193s)
warning: ProofProject/SchurData.lean:41:33: Used `tac1 <;> tac2` where `(tac1; tac2)` would suffice

Note: This linter can be disabled with `set_option linter.unnecessarySeqFocus false`
✔ [8715/8846] Built ProofProject.PolynomialRadialMaximum (198s)
✔ [8717/8847] Built ProofProject.SchurFraction (210s)
✔ [8718/8847] Built ProofProject.AnalyticSector (210s)
✔ [8719/8847] Built ProofProject.CirclePolynomialDefs (222s)
✔ [8720/8847] Built ProofProject.WeightedCauchySchwarz (223s)
✔ [8721/8847] Built ProofProject.SourceWeightFactor (225s)
✔ [8722/8847] Built ProofProject.DirichletKernel (225s)
✔ [8723/8847] Built ProofProject.PowerIntegralBounds (226s)
✔ [8724/8847] Built ProofProject.ReplicationDeficit (224s)
✔ [8725/8847] Built ProofProject.ScalarEigenvalues (41s)
✔ [8726/8847] Built ProofProject.SeparatedIntegers (41s)
✔ [8727/8847] Built ProofProject.BalancedOperatorFactors (26s)
⚠ [8728/8847] Built ProofProject.IntervalOperatorIntegral (26s)
warning: ProofProject/IntervalOperatorIntegral.lean:28:0: automatically included section variable(s) unused in theorem `ProofProject.intervalOperatorIntegral_integrable`:
  [CompleteSpace H]
consider restructuring your `variable` declarations so that the variables are not in scope or explicitly omit them:
  omit [CompleteSpace H] in theorem ...

Note: This linter can be disabled with `set_option linter.unusedSectionVars false`
warning: ProofProject/IntervalOperatorIntegral.lean:36:0: automatically included section variable(s) unused in theorem `ProofProject.norm_intervalOperatorIntegral_apply_le`:
  [CompleteSpace H]
consider restructuring your `variable` declarations so that the variables are not in scope or explicitly omit them:
  omit [CompleteSpace H] in theorem ...

Note: This linter can be disabled with `set_option linter.unusedSectionVars false`
✔ [8729/8847] Built ProofProject.AveragingWindow (14s)
✔ [8730/8847] Built ProofProject.OperatorPolarExtension (15s)
✔ [8731/8847] Built ProofProject.AnalyticMajorant (14s)
✔ [8732/8847] Built ProofProject.PhaseDeficit (15s)
✔ [8733/8847] Built ProofProject.FactorizedSynthesis (16s)
✔ [8734/8847] Built ProofProject.BasisEnergy (11s)
✔ [8735/8847] Built ProofProject.DiagonalOperators (18s)
✔ [8736/8847] Built ProofProject.MetricMargin (15s)
✔ [8737/8847] Built ProofProject.Contractive (14s)
✔ [8738/8847] Built ProofProject.Rescaling (17s)
✔ [8739/8849] Built ProofProject.ScalarExamples (17s)
✔ [8740/8850] Built ProofProject.Generator (16s)
✔ [8741/8850] Built ProofProject.GrowthRate (17s)
✔ [8742/8850] Built ProofProject.ResolventKernelIntegration (15s)
✔ [8743/8850] Built ProofProject.CirclePolynomialReflection (17s)
⚠ [8744/8850] Built ProofProject.WeightedBoundaryEstimate (16s)
warning: ProofProject/WeightedBoundaryEstimate.lean:50:4: Used `tac1 <;> tac2` where `(tac1; tac2)` would suffice

Note: This linter can be disabled with `set_option linter.unnecessarySeqFocus false`
✔ [8745/8850] Built ProofProject.SourceWeightBounds (16s)
✔ [8746/8850] Built ProofProject.AngularPowerIntegrals (16s)
✔ [8747/8850] Built ProofProject.WeightedDirichletBounds (16s)
✔ [8748/8850] Built ProofProject.PolarFactorAlgebra (14s)
✔ [8749/8850] Built ProofProject.ScalarSeparation (14s)
✔ [8750/8850] Built ProofProject.PhaseIntegralEnergy (16s)
✔ [8751/8851] Built ProofProject.LaurentCircleProduct (16s)
⚠ [8752/8851] Built ProofProject.ApproximateSeparation (16s)
warning: ProofProject/ApproximateSeparation.lean:26:0: automatically included section variable(s) unused in theorem `ProofProject.coefficient_mul_norm_le_energy`:
  [NormedSpace ℂ H]
consider restructuring your `variable` declarations so that the variables are not in scope or explicitly omit them:
  omit [NormedSpace ℂ H] in theorem ...

Note: This linter can be disabled with `set_option linter.unusedSectionVars false`
✔ [8753/8851] Built ProofProject.BasisPatterns (15s)
✔ [8754/8851] Built ProofProject.ReplicationEnergy (17s)
✔ [8755/8851] Built ProofProject.FiniteModelMargin (14s)
✔ [8756/8851] Built ProofProject.DiagonalPeak (17s)
✔ [8757/8851] Built ProofProject.Endpoint (15s)
✔ [8758/8851] Built ProofProject.SeparationScale (16s)
✔ [8759/8851] Built ProofProject.AveragingTriangle (14s)
✔ [8760/8851] Built ProofProject.BoundedGenerator (16s)
✔ [8761/8854] Built ProofProject.Laplace (15s)
✔ [8762/8854] Built ProofProject.TailGeometry (16s)
✔ [8763/8854] Built ProofProject.OuterPolynomialBoundary (15s)
✔ [8764/8854] Built ProofProject.SectorPower (15s)
✔ [8765/8854] Built ProofProject.GrowthExponentPerturbation (15s)
✔ [8766/8854] Built ProofProject.SourceWeightParameters (16s)
✔ [8767/8855] Built ProofProject.CirclePolynomialDivision (17s)
✔ [8768/8855] Built ProofProject.PeakClock (17s)
✔ [8769/8857] Built ProofProject.OperatorBalancedFactors (16s)
✔ [8770/8857] Built ProofProject.PhaseQuotientIntegral (18s)
✔ [8771/8858] Built ProofProject.ReplicationOrder (17s)
✔ [8772/8858] Built ProofProject.RoundedSpace (18s)
✔ [8773/8859] Built ProofProject.DiagonalWitness (18s)
✔ [8774/8859] Built ProofProject.GeneratorOrbit (18s)
✔ [8775/8859] Built ProofProject.ScalarFourierReconstruction (16s)
✔ [8776/8859] Built ProofProject.LaplaceGenerator (18s)
✔ [8777/8859] Built ProofProject.FourierTailCoefficients (16s)
✔ [8778/8859] Built ProofProject.SourcePhaseDefs (16s)
✔ [8779/8859] Built ProofProject.OscillatoryIntegration (14s)
✔ [8780/8859] Built ProofProject.PositiveCircleFactorization (16s)
✔ [8781/8859] Built ProofProject.OscillatoryFirstDerivative (13s)
✔ [8782/8859] Built ProofProject.ReplicationBound (16s)
✔ [8783/8859] Built ProofProject.ReplicatedSpace (14s)
⚠ [8784/8859] Built ProofProject.AugmentedSynthesis (17s)
info: ProofProject/AugmentedSynthesis.lean:172:46: Try this:
  [apply] abel_nf
warning: ProofProject/AugmentedSynthesis.lean:172:42: Used `tac1 <;> tac2` where `(tac1; tac2)` would suffice

Note: This linter can be disabled with `set_option linter.unnecessarySeqFocus false`
✔ [8785/8860] Built ProofProject.RoundedOperators (17s)
⚠ [8786/8860] Built ProofProject.SourceOscillatoryPhase (15s)
warning: ProofProject/SourceOscillatoryPhase.lean:63:18: Used `tac1 <;> tac2` where `(tac1; tac2)` would suffice

Note: This linter can be disabled with `set_option linter.unnecessarySeqFocus false`
warning: ProofProject/SourceOscillatoryPhase.lean:75:11: Used `tac1 <;> tac2` where `(tac1; tac2)` would suffice

Note: This linter can be disabled with `set_option linter.unnecessarySeqFocus false`
warning: ProofProject/SourceOscillatoryPhase.lean:75:31: Used `tac1 <;> tac2` where `(tac1; tac2)` would suffice

Note: This linter can be disabled with `set_option linter.unnecessarySeqFocus false`
warning: ProofProject/SourceOscillatoryPhase.lean:114:35: Used `tac1 <;> tac2` where `(tac1; tac2)` would suffice

Note: This linter can be disabled with `set_option linter.unnecessarySeqFocus false`
✔ [8787/8860] Built ProofProject.DiscreteLower (19s)
✔ [8788/8860] Built ProofProject.OscillatoryKernel (16s)
✔ [8789/8864] Built ProofProject.TrianglePartition (16s)
✔ [8790/8865] Built ProofProject.InverseGenerator (16s)
✔ [8791/8865] Built ProofProject.WeightedCircleProjection (18s)
✔ [8792/8865] Built ProofProject.SourceRadialBounds (15s)
✔ [8793/8867] Built ProofProject.SourcePhasePolar (18s)
✔ [8794/8867] Built ProofProject.SourcePhaseCorrection (15s)
✔ [8795/8867] Built ProofProject.OscillatoryNonstationary (14s)
✔ [8796/8867] Built ProofProject.CoefficientSquare (16s)
✔ [8797/8867] Built ProofProject.ApproximateSynthesis (15s)
✔ [8798/8867] Built ProofProject.SourceWindowRescaling (15s)
✔ [8799/8867] Built ProofProject.OscillatoryCriticalInterval (15s)
✔ [8800/8867] Built ProofProject.RoundedSemigroupBound (20s)
⚠ [8801/8868] Built ProofProject.AdjointSemigroup (16s)
warning: ProofProject/AdjointSemigroup.lean:93:45: This simp argument is unused:
  NNReal.coe_mk

Hint: Omit it from the simp argument list.
  [apply] simp only [dist_eq_norm, Real.norm_eq_abs]

Note: This linter can be disabled with `set_option linter.unusedSimpArgs false`
✔ [8802/8868] Built ProofProject.Envelope (18s)
✔ [8803/8870] Built ProofProject.CircleGramPolynomial (15s)
✔ [8804/8870] Built ProofProject.OscillatoryTwiceIntegration (16s)
✔ [8805/8870] Built ProofProject.SourceRadialIntegrability (17s)
✔ [8806/8870] Built ProofProject.SourcePhaseMargin (16s)
✔ [8807/8871] Built ProofProject.BalancedSeparation (19s)
✔ [8808/8871] Built ProofProject.EndpointDeficit (17s)
✔ [8809/8871] Built ProofProject.SourceWindowAmplitude (16s)
✔ [8810/8873] Built ProofProject.SeparatedFactorSum (19s)
✔ [8811/8874] Built ProofProject.OscillatorySecondDerivative (16s)
✔ [8812/8874] Built ProofProject.OscillatorySemigroup (16s)
✔ [8813/8877] Built ProofProject.FiniteModelWitness (18s)
✔ [8814/8877] Built ProofProject.OuterCircleWeight (17s)
✔ [8815/8877] Built ProofProject.FiniteHankelForm (18s)
✔ [8816/8877] Built ProofProject.PolynomialLaurent (17s)
⚠ [8817/8877] Built ProofProject.SourceDirichletGain (16s)
warning: ProofProject/SourceDirichletGain.lean:45:44: Used `tac1 <;> tac2` where `(tac1; tac2)` would suffice

Note: This linter can be disabled with `set_option linter.unnecessarySeqFocus false`
warning: ProofProject/SourceDirichletGain.lean:46:46: Used `tac1 <;> tac2` where `(tac1; tac2)` would suffice

Note: This linter can be disabled with `set_option linter.unnecessarySeqFocus false`
warning: ProofProject/SourceDirichletGain.lean:48:27: Used `tac1 <;> tac2` where `(tac1; tac2)` would suffice

Note: This linter can be disabled with `set_option linter.unnecessarySeqFocus false`
✔ [8818/8878] Built ProofProject.SourceMomentDefs (17s)
✔ [8819/8878] Built ProofProject.SourceMarginIntegrability (16s)
✔ [8820/8878] Built ProofProject.HilbertULift (16s)
⚠ [8821/8878] Built ProofProject.ReciprocalSqrtSeparation (16s)
warning: ProofProject/ReciprocalSqrtSeparation.lean:104:6: Used `tac1 <;> tac2` where `(tac1; tac2)` would suffice

Note: This linter can be disabled with `set_option linter.unnecessarySeqFocus false`
✔ [8822/8881] Built ProofProject.SourceWindowStationary (14s)
✔ [8823/8881] Built ProofProject.FiniteLatticeDecay (13s)
✔ [8824/8881] Built ProofProject.BoundedSemigroup (14s)
⚠ [8825/8881] Built ProofProject.FiniteModelLower (14s)
warning: ProofProject/FiniteModelLower.lean:53:21: Used `tac1 <;> tac2` where `(tac1; tac2)` would suffice

Note: This linter can be disabled with `set_option linter.unnecessarySeqFocus false`
✔ [8826/8882] Built ProofProject.SourceAmplitudeConjugation (12s)
✔ [8827/8882] Built ProofProject.PolynomialGeometryReduction (13s)
✔ [8828/8886] Built ProofProject.SourceRadialLimits (13s)
✔ [8829/8898] Built ProofProject.HolomorphicCircleMoments (14s)
✔ [8830/8900] Built ProofProject.SourceMomentConvergence (13s)
✔ [8831/8900] Built ProofProject.DampedPowerDerivatives (14s)
⚠ [8832/8901] Built ProofProject.SourceWindowPhaseBounds (14s)
warning: ProofProject/SourceWindowPhaseBounds.lean:77:6: Used `tac1 <;> tac2` where `(tac1; tac2)` would suffice

Note: This linter can be disabled with `set_option linter.unnecessarySeqFocus false`
warning: ProofProject/SourceWindowPhaseBounds.lean:103:6: Used `tac1 <;> tac2` where `(tac1; tac2)` would suffice

Note: This linter can be disabled with `set_option linter.unnecessarySeqFocus false`
warning: ProofProject/SourceWindowPhaseBounds.lean:131:6: Used `tac1 <;> tac2` where `(tac1; tac2)` would suffice

Note: This linter can be disabled with `set_option linter.unnecessarySeqFocus false`
warning: ProofProject/SourceWindowPhaseBounds.lean:150:10: Unused tactic linter: `ring` does nothing

Note: This linter can be disabled with `set_option linter.unusedTactic false`
warning: ProofProject/SourceWindowPhaseBounds.lean:150:10: this tactic is never executed

Note: This linter can be disabled with `set_option linter.unreachableTactic false`
✔ [8833/8901] Built ProofProject.SourcePhaseMeasure (15s)
✔ [8834/8903] Built ProofProject.SourcePieceScale (13s)
⚠ [8835/8903] Built ProofProject.SemigroupKernelOperator (15s)
warning: ProofProject/SemigroupKernelOperator.lean:27:0: automatically included section variable(s) unused in theorem `ProofProject.BoundedSemigroup.positiveOrbit_continuous`:
  [CompleteSpace H]
consider restructuring your `variable` declarations so that the variables are not in scope or explicitly omit them:
  omit [CompleteSpace H] in theorem ...

Note: This linter can be disabled with `set_option linter.unusedSectionVars false`
warning: ProofProject/SemigroupKernelOperator.lean:32:0: automatically included section variable(s) unused in theorem `ProofProject.BoundedSemigroup.positiveOrbit_norm_le`:
  [CompleteSpace H]
consider restructuring your `variable` declarations so that the variables are not in scope or explicitly omit them:
  omit [CompleteSpace H] in theorem ...

Note: This linter can be disabled with `set_option linter.unusedSectionVars false`
⚠ [8836/8903] Built ProofProject.AveragedFourierOperator (15s)
warning: ProofProject/AveragedFourierOperator.lean:59:0: automatically included section variable(s) unused in theorem `ProofProject.BoundedSemigroup.averagingInterval_continuous`:
  [CompleteSpace H]
consider restructuring your `variable` declarations so that the variables are not in scope or explicitly omit them:
  omit [CompleteSpace H] in theorem ...

Note: This linter can be disabled with `set_option linter.unusedSectionVars false`
warning: ProofProject/AveragedFourierOperator.lean:64:0: automatically included section variable(s) unused in theorem `ProofProject.BoundedSemigroup.averagingInterval_bound`:
  [CompleteSpace H]
consider restructuring your `variable` declarations so that the variables are not in scope or explicitly omit them:
  omit [CompleteSpace H] in theorem ...

Note: This linter can be disabled with `set_option linter.unusedSectionVars false`
warning: ProofProject/AveragedFourierOperator.lean:118:8: This simp argument is unused:
  ← RCLike.real_smul_eq_coe_smul (K := ℂ)

Hint: Omit it from the simp argument list.
  [apply] simp only [averagingOrbit, averagingWindow_of_mem hs, indicator_of_mem hs, averagingFourierKernel,
    Circle.smul_def, mul_smul]

Note: Simp arguments with `←` have the additional effect of removing the other direction from the simp set, even if the simp argument itself is unused. If the hint above does not work, try replacing `←` with `-` to only get that effect and silence this warning.

Note: This linter can be disabled with `set_option linter.unusedSimpArgs false`
✔ [8837/8905] Built ProofProject.ReplicationModels (16s)
⚠ [8838/8905] Built ProofProject.WeightedPolynomialAngle (16s)
warning: ProofProject/WeightedPolynomialAngle.lean:108:34: This simp argument is unused:
  Pi.smul_apply

Hint: Omit it from the simp argument list.
  [apply] simp only [weightedLaurentFunction, laurentCirclePolynomial_add, laurentCirclePolynomial_smul, smul_eq_mul]

Note: This linter can be disabled with `set_option linter.unusedSimpArgs false`
✔ [8839/8905] Built ProofProject.FiniteGeometricError (14s)
⚠ [8840/8905] Built ProofProject.SeparatorBudget (14s)
warning: ProofProject/SeparatorBudget.lean:43:22: Used `tac1 <;> tac2` where `(tac1; tac2)` would suffice

Note: This linter can be disabled with `set_option linter.unnecessarySeqFocus false`
✔ [8841/8905] Built ProofProject.FiniteParitySplit (14s)
✔ [8842/8905] Built ProofProject.SourceBoundaryMoments (17s)
⚠ [8843/8905] Built ProofProject.PowerAmplitude (15s)
warning: ProofProject/PowerAmplitude.lean:111:49: Variable name `hA0` is not explicitly referenced.

Hint: The binding can be removed (if unused) or named `_` (if used implicitly). Alternatively, prefix the name with `_` to silence this warning:
  [apply] _hA0

Note: This linter can be disabled with `set_option linter.unusedVariables false`
ℹ [8844/8905] Built ProofProject.SourceWeightedAmplitude (15s)
info: ProofProject/SourceWeightedAmplitude.lean:95:8: Try this:
  [apply] ring_nf
  
  The `ring` tactic failed to close the goal. Use `ring_nf` to obtain a normal form.
    
  Note that `ring` works primarily in *commutative* rings. If you have a noncommutative ring, abelian group or module, consider using `noncomm_ring`, `abel` or `module` instead.
✔ [8845/8905] Built ProofProject.SourceFrequencyNormalization (12s)
⚠ [8846/8905] Built ProofProject.SourceWindowDecay (12s)
warning: ProofProject/SourceWindowDecay.lean:124:4: Used `tac1 <;> tac2` where `(tac1; tac2)` would suffice

Note: This linter can be disabled with `set_option linter.unnecessarySeqFocus false`
✔ [8847/8905] Built ProofProject.SourceSeparatorScale (9.8s)
✔ [8848/8905] Built ProofProject.SourcePieceCutoff (10s)
⚠ [8849/8905] Built ProofProject.PowerTailIntegral (12s)
warning: ProofProject/PowerTailIntegral.lean:55:65: Used `tac1 <;> tac2` where `(tac1; tac2)` would suffice

Note: This linter can be disabled with `set_option linter.unnecessarySeqFocus false`
warning: ProofProject/PowerTailIntegral.lean:74:20: Used `tac1 <;> tac2` where `(tac1; tac2)` would suffice

Note: This linter can be disabled with `set_option linter.unnecessarySeqFocus false`
✔ [8850/8908] Built ProofProject.ResolventAverage (12s)
✔ [8851/8908] Built ProofProject.AveragedFourierEstimate (11s)
✔ [8852/8908] Built ProofProject.SemigroupKernelConvolution (14s)
✔ [8853/8910] Built ProofProject.AveragedFourierFactor (14s)
✔ [8854/8910] Built ProofProject.ReplicationLower (14s)
✔ [8855/8910] Built ProofProject.SourcePieceDampedTail (14s)
⚠ [8856/8910] Built ProofProject.RationalCircleAngle (16s)
warning: ProofProject/RationalCircleAngle.lean:121:37: This simp argument is unused:
  star_inv

Hint: Omit it from the simp argument list.
  [apply] simp only [polynomialCirclePhase, fourier_neg, div_eq_mul_inv, starRingEnd_apply, star_mul, star_star]

Note: This linter can be disabled with `set_option linter.unusedSimpArgs false`
✔ [8857/8910] Built ProofProject.SignedTransformedAmplitude (15s)
✔ [8858/8910] Built ProofProject.FiniteMomentOrthogonality (18s)
⚠ [8859/8910] Built ProofProject.SourceWindowPointwise (15s)
warning: ProofProject/SourceWindowPointwise.lean:94:10: Unused tactic linter: `ring` does nothing

Note: This linter can be disabled with `set_option linter.unusedTactic false`
warning: ProofProject/SourceWindowPointwise.lean:94:10: this tactic is never executed

Note: This linter can be disabled with `set_option linter.unreachableTactic false`
✔ [8860/8910] Built ProofProject.SourceWindowSupportScale (13s)
✔ [8861/8911] Built ProofProject.SourcePieceAmplitude (11s)
✔ [8862/8911] Built ProofProject.SourcePieceClock (14s)
✔ [8863/8911] Built ProofProject.GammaKernel (12s)
✔ [8864/8911] Built ProofProject.ResolventConvolution (13s)
✔ [8865/8911] Built ProofProject.FiniteFourierReconstruction (15s)
✔ [8866/8913] Built ProofProject.RescaledResolventInverse (13s)
✔ [8867/8915] Built ProofProject.BoundaryLower (16s)
✔ [8868/8915] Built ProofProject.PolynomialPhaseMoments (15s)
✔ [8869/8915] Built ProofProject.TransformedAmplitudeBounds (16s)
✔ [8870/8915] Built ProofProject.ProjectionHankel (17s)
✔ [8871/8915] Built ProofProject.TailBoundaryAlgebra (17s)
✔ [8872/8915] Built ProofProject.SourcePolynomialHilbert (17s)
⚠ [8873/8917] Built ProofProject.SourceWindowSmoothedDecay (15s)
warning: ProofProject/SourceWindowSmoothedDecay.lean:87:20: Used `tac1 <;> tac2` where `(tac1; tac2)` would suffice

Note: This linter can be disabled with `set_option linter.unnecessarySeqFocus false`
✔ [8874/8917] Built ProofProject.FiniteMomentCoefficients (16s)
✖ [8876/8927] Building ProofProject.GammaConvolution (14s)
trace: .> LEAN_PATH=/tmp/mf17-nla-tools/.verification-tmp/nla-fresh-proof-zpaeaagq/project/.lake/packages/Cli/.lake/build/lib/lean:/tmp/mf17-nla-tools/.verification-tmp/nla-fresh-proof-zpaeaagq/project/.lake/packages/batteries/.lake/build/lib/lean:/tmp/mf17-nla-tools/.verification-tmp/nla-fresh-proof-zpaeaagq/project/.lake/packages/Qq/.lake/build/lib/lean:/tmp/mf17-nla-tools/.verification-tmp/nla-fresh-proof-zpaeaagq/project/.lake/packages/aesop/.lake/build/lib/lean:/tmp/mf17-nla-tools/.verification-tmp/nla-fresh-proof-zpaeaagq/project/.lake/packages/proofwidgets/.lake/build/lib/lean:/tmp/mf17-nla-tools/.verification-tmp/nla-fresh-proof-zpaeaagq/project/.lake/packages/importGraph/.lake/build/lib/lean:/tmp/mf17-nla-tools/.verification-tmp/nla-fresh-proof-zpaeaagq/project/.lake/packages/LeanSearchClient/.lake/build/lib/lean:/tmp/mf17-nla-tools/.verification-tmp/nla-fresh-proof-zpaeaagq/project/.lake/packages/plausible/.lake/build/lib/lean:/tmp/mf17-nla-tools/.verification-tmp/nla-fresh-proof-zpaeaagq/project/.lake/packages/mathlib/.lake/build/lib/lean:/tmp/mf17-nla-tools/.verification-tmp/nla-fresh-proof-zpaeaagq/project/.lake/build/lib/lean /tmp/mf17-lean/bin/lean /tmp/mf17-nla-tools/.verification-tmp/nla-fresh-proof-zpaeaagq/project/ProofProject/GammaConvolution.lean -o /tmp/mf17-nla-tools/.verification-tmp/nla-fresh-proof-zpaeaagq/project/.lake/build/lib/lean/ProofProject/GammaConvolution.olean -i /tmp/mf17-nla-tools/.verification-tmp/nla-fresh-proof-zpaeaagq/project/.lake/build/lib/lean/ProofProject/GammaConvolution.ilean -c /tmp/mf17-nla-tools/.verification-tmp/nla-fresh-proof-zpaeaagq/project/.lake/build/ir/ProofProject/GammaConvolution.c --setup /tmp/mf17-nla-tools/.verification-tmp/nla-fresh-proof-zpaeaagq/project/.lake/build/ir/ProofProject/GammaConvolution.setup.json --json
info: stderr:
resource exhausted (error code: 28, no space left on device)
  file: /tmp/mf17-nla-tools/.verification-tmp/nla-fresh-proof-zpaeaagq/project/.lake/build/lib/lean/ProofProject/GammaConvolution.ilean
error: Lean exited with code 1
✖ [8880/8927] Building ProofProject.BesselKernelSeries (11s)
trace: .> LEAN_PATH=/tmp/mf17-nla-tools/.verification-tmp/nla-fresh-proof-zpaeaagq/project/.lake/packages/Cli/.lake/build/lib/lean:/tmp/mf17-nla-tools/.verification-tmp/nla-fresh-proof-zpaeaagq/project/.lake/packages/batteries/.lake/build/lib/lean:/tmp/mf17-nla-tools/.verification-tmp/nla-fresh-proof-zpaeaagq/project/.lake/packages/Qq/.lake/build/lib/lean:/tmp/mf17-nla-tools/.verification-tmp/nla-fresh-proof-zpaeaagq/project/.lake/packages/aesop/.lake/build/lib/lean:/tmp/mf17-nla-tools/.verification-tmp/nla-fresh-proof-zpaeaagq/project/.lake/packages/proofwidgets/.lake/build/lib/lean:/tmp/mf17-nla-tools/.verification-tmp/nla-fresh-proof-zpaeaagq/project/.lake/packages/importGraph/.lake/build/lib/lean:/tmp/mf17-nla-tools/.verification-tmp/nla-fresh-proof-zpaeaagq/project/.lake/packages/LeanSearchClient/.lake/build/lib/lean:/tmp/mf17-nla-tools/.verification-tmp/nla-fresh-proof-zpaeaagq/project/.lake/packages/plausible/.lake/build/lib/lean:/tmp/mf17-nla-tools/.verification-tmp/nla-fresh-proof-zpaeaagq/project/.lake/packages/mathlib/.lake/build/lib/lean:/tmp/mf17-nla-tools/.verification-tmp/nla-fresh-proof-zpaeaagq/project/.lake/build/lib/lean /tmp/mf17-lean/bin/lean /tmp/mf17-nla-tools/.verification-tmp/nla-fresh-proof-zpaeaagq/project/ProofProject/BesselKernelSeries.lean -o /tmp/mf17-nla-tools/.verification-tmp/nla-fresh-proof-zpaeaagq/project/.lake/build/lib/lean/ProofProject/BesselKernelSeries.olean -i /tmp/mf17-nla-tools/.verification-tmp/nla-fresh-proof-zpaeaagq/project/.lake/build/lib/lean/ProofProject/BesselKernelSeries.ilean -c /tmp/mf17-nla-tools/.verification-tmp/nla-fresh-proof-zpaeaagq/project/.lake/build/ir/ProofProject/BesselKernelSeries.c --setup /tmp/mf17-nla-tools/.verification-tmp/nla-fresh-proof-zpaeaagq/project/.lake/build/ir/ProofProject/BesselKernelSeries.setup.json --json
warning: ProofProject/BesselKernelSeries.lean:48:9: Variable name `n` is not explicitly referenced.

Hint: The binding can be removed (if unused) or named `_` (if used implicitly). Alternatively, prefix the name with `_` to silence this warning:
  [apply] _n

Note: This linter can be disabled with `set_option linter.unusedVariables false`
info: stderr:
resource exhausted (error code: 28, no space left on device)
  file: /tmp/mf17-nla-tools/.verification-tmp/nla-fresh-proof-zpaeaagq/project/.lake/build/lib/lean/ProofProject/BesselKernelSeries.ilean
error: Lean exited with code 1
✖ [8883/8927] Building ProofProject.ResolventOperatorIdentity (17s)
trace: .> LEAN_PATH=/tmp/mf17-nla-tools/.verification-tmp/nla-fresh-proof-zpaeaagq/project/.lake/packages/Cli/.lake/build/lib/lean:/tmp/mf17-nla-tools/.verification-tmp/nla-fresh-proof-zpaeaagq/project/.lake/packages/batteries/.lake/build/lib/lean:/tmp/mf17-nla-tools/.verification-tmp/nla-fresh-proof-zpaeaagq/project/.lake/packages/Qq/.lake/build/lib/lean:/tmp/mf17-nla-tools/.verification-tmp/nla-fresh-proof-zpaeaagq/project/.lake/packages/aesop/.lake/build/lib/lean:/tmp/mf17-nla-tools/.verification-tmp/nla-fresh-proof-zpaeaagq/project/.lake/packages/proofwidgets/.lake/build/lib/lean:/tmp/mf17-nla-tools/.verification-tmp/nla-fresh-proof-zpaeaagq/project/.lake/packages/importGraph/.lake/build/lib/lean:/tmp/mf17-nla-tools/.verification-tmp/nla-fresh-proof-zpaeaagq/project/.lake/packages/LeanSearchClient/.lake/build/lib/lean:/tmp/mf17-nla-tools/.verification-tmp/nla-fresh-proof-zpaeaagq/project/.lake/packages/plausible/.lake/build/lib/lean:/tmp/mf17-nla-tools/.verification-tmp/nla-fresh-proof-zpaeaagq/project/.lake/packages/mathlib/.lake/build/lib/lean:/tmp/mf17-nla-tools/.verification-tmp/nla-fresh-proof-zpaeaagq/project/.lake/build/lib/lean /tmp/mf17-lean/bin/lean /tmp/mf17-nla-tools/.verification-tmp/nla-fresh-proof-zpaeaagq/project/ProofProject/ResolventOperatorIdentity.lean -o /tmp/mf17-nla-tools/.verification-tmp/nla-fresh-proof-zpaeaagq/project/.lake/build/lib/lean/ProofProject/ResolventOperatorIdentity.olean -i /tmp/mf17-nla-tools/.verification-tmp/nla-fresh-proof-zpaeaagq/project/.lake/build/lib/lean/ProofProject/ResolventOperatorIdentity.ilean -c /tmp/mf17-nla-tools/.verification-tmp/nla-fresh-proof-zpaeaagq/project/.lake/build/ir/ProofProject/ResolventOperatorIdentity.c --setup /tmp/mf17-nla-tools/.verification-tmp/nla-fresh-proof-zpaeaagq/project/.lake/build/ir/ProofProject/ResolventOperatorIdentity.setup.json --json
info: stderr:
failed to write '/tmp/mf17-nla-tools/.verification-tmp/nla-fresh-proof-zpaeaagq/project/.lake/build/lib/lean/ProofProject/ResolventOperatorIdentity.olean': failed to create file '/tmp/mf17-nla-tools/.verification-tmp/nla-fresh-proof-zpaeaagq/project/.lake/build/lib/lean/ProofProject/ResolventOperatorIdentity.olean'
error: Lean exited with code 1
✖ [8885/8927] Building ProofProject.SemigroupKernelSeries (15s)
trace: .> LEAN_PATH=/tmp/mf17-nla-tools/.verification-tmp/nla-fresh-proof-zpaeaagq/project/.lake/packages/Cli/.lake/build/lib/lean:/tmp/mf17-nla-tools/.verification-tmp/nla-fresh-proof-zpaeaagq/project/.lake/packages/batteries/.lake/build/lib/lean:/tmp/mf17-nla-tools/.verification-tmp/nla-fresh-proof-zpaeaagq/project/.lake/packages/Qq/.lake/build/lib/lean:/tmp/mf17-nla-tools/.verification-tmp/nla-fresh-proof-zpaeaagq/project/.lake/packages/aesop/.lake/build/lib/lean:/tmp/mf17-nla-tools/.verification-tmp/nla-fresh-proof-zpaeaagq/project/.lake/packages/proofwidgets/.lake/build/lib/lean:/tmp/mf17-nla-tools/.verification-tmp/nla-fresh-proof-zpaeaagq/project/.lake/packages/importGraph/.lake/build/lib/lean:/tmp/mf17-nla-tools/.verification-tmp/nla-fresh-proof-zpaeaagq/project/.lake/packages/LeanSearchClient/.lake/build/lib/lean:/tmp/mf17-nla-tools/.verification-tmp/nla-fresh-proof-zpaeaagq/project/.lake/packages/plausible/.lake/build/lib/lean:/tmp/mf17-nla-tools/.verification-tmp/nla-fresh-proof-zpaeaagq/project/.lake/packages/mathlib/.lake/build/lib/lean:/tmp/mf17-nla-tools/.verification-tmp/nla-fresh-proof-zpaeaagq/project/.lake/build/lib/lean /tmp/mf17-lean/bin/lean /tmp/mf17-nla-tools/.verification-tmp/nla-fresh-proof-zpaeaagq/project/ProofProject/SemigroupKernelSeries.lean -o /tmp/mf17-nla-tools/.verification-tmp/nla-fresh-proof-zpaeaagq/project/.lake/build/lib/lean/ProofProject/SemigroupKernelSeries.olean -i /tmp/mf17-nla-tools/.verification-tmp/nla-fresh-proof-zpaeaagq/project/.lake/build/lib/lean/ProofProject/SemigroupKernelSeries.ilean -c /tmp/mf17-nla-tools/.verification-tmp/nla-fresh-proof-zpaeaagq/project/.lake/build/ir/ProofProject/SemigroupKernelSeries.c --setup /tmp/mf17-nla-tools/.verification-tmp/nla-fresh-proof-zpaeaagq/project/.lake/build/ir/ProofProject/SemigroupKernelSeries.setup.json --json
error: resource exhausted (error code: 28, no space left on device)
  file: /tmp/mf17-nla-tools/.verification-tmp/nla-fresh-proof-zpaeaagq/project/.lake/build/lib/lean/ProofProject/SemigroupKernelSeries.ilean.hash
✖ [8887/8927] Building ProofProject.AnalyticCircleMean (13s)
trace: .> LEAN_PATH=/tmp/mf17-nla-tools/.verification-tmp/nla-fresh-proof-zpaeaagq/project/.lake/packages/Cli/.lake/build/lib/lean:/tmp/mf17-nla-tools/.verification-tmp/nla-fresh-proof-zpaeaagq/project/.lake/packages/batteries/.lake/build/lib/lean:/tmp/mf17-nla-tools/.verification-tmp/nla-fresh-proof-zpaeaagq/project/.lake/packages/Qq/.lake/build/lib/lean:/tmp/mf17-nla-tools/.verification-tmp/nla-fresh-proof-zpaeaagq/project/.lake/packages/aesop/.lake/build/lib/lean:/tmp/mf17-nla-tools/.verification-tmp/nla-fresh-proof-zpaeaagq/project/.lake/packages/proofwidgets/.lake/build/lib/lean:/tmp/mf17-nla-tools/.verification-tmp/nla-fresh-proof-zpaeaagq/project/.lake/packages/importGraph/.lake/build/lib/lean:/tmp/mf17-nla-tools/.verification-tmp/nla-fresh-proof-zpaeaagq/project/.lake/packages/LeanSearchClient/.lake/build/lib/lean:/tmp/mf17-nla-tools/.verification-tmp/nla-fresh-proof-zpaeaagq/project/.lake/packages/plausible/.lake/build/lib/lean:/tmp/mf17-nla-tools/.verification-tmp/nla-fresh-proof-zpaeaagq/project/.lake/packages/mathlib/.lake/build/lib/lean:/tmp/mf17-nla-tools/.verification-tmp/nla-fresh-proof-zpaeaagq/project/.lake/build/lib/lean /tmp/mf17-lean/bin/lean /tmp/mf17-nla-tools/.verification-tmp/nla-fresh-proof-zpaeaagq/project/ProofProject/AnalyticCircleMean.lean -o /tmp/mf17-nla-tools/.verification-tmp/nla-fresh-proof-zpaeaagq/project/.lake/build/lib/lean/ProofProject/AnalyticCircleMean.olean -i /tmp/mf17-nla-tools/.verification-tmp/nla-fresh-proof-zpaeaagq/project/.lake/build/lib/lean/ProofProject/AnalyticCircleMean.ilean -c /tmp/mf17-nla-tools/.verification-tmp/nla-fresh-proof-zpaeaagq/project/.lake/build/ir/ProofProject/AnalyticCircleMean.c --setup /tmp/mf17-nla-tools/.verification-tmp/nla-fresh-proof-zpaeaagq/project/.lake/build/ir/ProofProject/AnalyticCircleMean.setup.json --json
info: stderr:
resource exhausted (error code: 28, no space left on device)
  file: /tmp/mf17-nla-tools/.verification-tmp/nla-fresh-proof-zpaeaagq/project/.lake/build/lib/lean/ProofProject/AnalyticCircleMean.ilean
error: Lean exited with code 1
✔ [8888/8927] Built ProofProject.PhaseCoefficientPolynomial (14s)
✖ [8889/8927] Building ProofProject.FiniteToeplitz (13s)
trace: .> LEAN_PATH=/tmp/mf17-nla-tools/.verification-tmp/nla-fresh-proof-zpaeaagq/project/.lake/packages/Cli/.lake/build/lib/lean:/tmp/mf17-nla-tools/.verification-tmp/nla-fresh-proof-zpaeaagq/project/.lake/packages/batteries/.lake/build/lib/lean:/tmp/mf17-nla-tools/.verification-tmp/nla-fresh-proof-zpaeaagq/project/.lake/packages/Qq/.lake/build/lib/lean:/tmp/mf17-nla-tools/.verification-tmp/nla-fresh-proof-zpaeaagq/project/.lake/packages/aesop/.lake/build/lib/lean:/tmp/mf17-nla-tools/.verification-tmp/nla-fresh-proof-zpaeaagq/project/.lake/packages/proofwidgets/.lake/build/lib/lean:/tmp/mf17-nla-tools/.verification-tmp/nla-fresh-proof-zpaeaagq/project/.lake/packages/importGraph/.lake/build/lib/lean:/tmp/mf17-nla-tools/.verification-tmp/nla-fresh-proof-zpaeaagq/project/.lake/packages/LeanSearchClient/.lake/build/lib/lean:/tmp/mf17-nla-tools/.verification-tmp/nla-fresh-proof-zpaeaagq/project/.lake/packages/plausible/.lake/build/lib/lean:/tmp/mf17-nla-tools/.verification-tmp/nla-fresh-proof-zpaeaagq/project/.lake/packages/mathlib/.lake/build/lib/lean:/tmp/mf17-nla-tools/.verification-tmp/nla-fresh-proof-zpaeaagq/project/.lake/build/lib/lean /tmp/mf17-lean/bin/lean /tmp/mf17-nla-tools/.verification-tmp/nla-fresh-proof-zpaeaagq/project/ProofProject/FiniteToeplitz.lean -o /tmp/mf17-nla-tools/.verification-tmp/nla-fresh-proof-zpaeaagq/project/.lake/build/lib/lean/ProofProject/FiniteToeplitz.olean -i /tmp/mf17-nla-tools/.verification-tmp/nla-fresh-proof-zpaeaagq/project/.lake/build/lib/lean/ProofProject/FiniteToeplitz.ilean -c /tmp/mf17-nla-tools/.verification-tmp/nla-fresh-proof-zpaeaagq/project/.lake/build/ir/ProofProject/FiniteToeplitz.c --setup /tmp/mf17-nla-tools/.verification-tmp/nla-fresh-proof-zpaeaagq/project/.lake/build/ir/ProofProject/FiniteToeplitz.setup.json --json
error: resource exhausted (error code: 28, no space left on device)
  file: /tmp/mf17-nla-tools/.verification-tmp/nla-fresh-proof-zpaeaagq/project/.lake/build/lib/lean/ProofProject/FiniteToeplitz.trace
✔ [8901/8927] Built ProofProject.SourcePolynomialGain (14s)
✖ [8902/8927] Building ProofProject.SourceScalarBudget (12s)
trace: .> LEAN_PATH=/tmp/mf17-nla-tools/.verification-tmp/nla-fresh-proof-zpaeaagq/project/.lake/packages/Cli/.lake/build/lib/lean:/tmp/mf17-nla-tools/.verification-tmp/nla-fresh-proof-zpaeaagq/project/.lake/packages/batteries/.lake/build/lib/lean:/tmp/mf17-nla-tools/.verification-tmp/nla-fresh-proof-zpaeaagq/project/.lake/packages/Qq/.lake/build/lib/lean:/tmp/mf17-nla-tools/.verification-tmp/nla-fresh-proof-zpaeaagq/project/.lake/packages/aesop/.lake/build/lib/lean:/tmp/mf17-nla-tools/.verification-tmp/nla-fresh-proof-zpaeaagq/project/.lake/packages/proofwidgets/.lake/build/lib/lean:/tmp/mf17-nla-tools/.verification-tmp/nla-fresh-proof-zpaeaagq/project/.lake/packages/importGraph/.lake/build/lib/lean:/tmp/mf17-nla-tools/.verification-tmp/nla-fresh-proof-zpaeaagq/project/.lake/packages/LeanSearchClient/.lake/build/lib/lean:/tmp/mf17-nla-tools/.verification-tmp/nla-fresh-proof-zpaeaagq/project/.lake/packages/plausible/.lake/build/lib/lean:/tmp/mf17-nla-tools/.verification-tmp/nla-fresh-proof-zpaeaagq/project/.lake/packages/mathlib/.lake/build/lib/lean:/tmp/mf17-nla-tools/.verification-tmp/nla-fresh-proof-zpaeaagq/project/.lake/build/lib/lean /tmp/mf17-lean/bin/lean /tmp/mf17-nla-tools/.verification-tmp/nla-fresh-proof-zpaeaagq/project/ProofProject/SourceScalarBudget.lean -o /tmp/mf17-nla-tools/.verification-tmp/nla-fresh-proof-zpaeaagq/project/.lake/build/lib/lean/ProofProject/SourceScalarBudget.olean -i /tmp/mf17-nla-tools/.verification-tmp/nla-fresh-proof-zpaeaagq/project/.lake/build/lib/lean/ProofProject/SourceScalarBudget.ilean -c /tmp/mf17-nla-tools/.verification-tmp/nla-fresh-proof-zpaeaagq/project/.lake/build/ir/ProofProject/SourceScalarBudget.c --setup /tmp/mf17-nla-tools/.verification-tmp/nla-fresh-proof-zpaeaagq/project/.lake/build/ir/ProofProject/SourceScalarBudget.setup.json --json
info: stderr:
resource exhausted (error code: 28, no space left on device)
  file: /tmp/mf17-nla-tools/.verification-tmp/nla-fresh-proof-zpaeaagq/project/.lake/build/lib/lean/ProofProject/SourceScalarBudget.ilean
error: Lean exited with code 1
✖ [8914/8927] Building ProofProject.OscillatorEnergy (11s)
trace: .> LEAN_PATH=/tmp/mf17-nla-tools/.verification-tmp/nla-fresh-proof-zpaeaagq/project/.lake/packages/Cli/.lake/build/lib/lean:/tmp/mf17-nla-tools/.verification-tmp/nla-fresh-proof-zpaeaagq/project/.lake/packages/batteries/.lake/build/lib/lean:/tmp/mf17-nla-tools/.verification-tmp/nla-fresh-proof-zpaeaagq/project/.lake/packages/Qq/.lake/build/lib/lean:/tmp/mf17-nla-tools/.verification-tmp/nla-fresh-proof-zpaeaagq/project/.lake/packages/aesop/.lake/build/lib/lean:/tmp/mf17-nla-tools/.verification-tmp/nla-fresh-proof-zpaeaagq/project/.lake/packages/proofwidgets/.lake/build/lib/lean:/tmp/mf17-nla-tools/.verification-tmp/nla-fresh-proof-zpaeaagq/project/.lake/packages/importGraph/.lake/build/lib/lean:/tmp/mf17-nla-tools/.verification-tmp/nla-fresh-proof-zpaeaagq/project/.lake/packages/LeanSearchClient/.lake/build/lib/lean:/tmp/mf17-nla-tools/.verification-tmp/nla-fresh-proof-zpaeaagq/project/.lake/packages/plausible/.lake/build/lib/lean:/tmp/mf17-nla-tools/.verification-tmp/nla-fresh-proof-zpaeaagq/project/.lake/packages/mathlib/.lake/build/lib/lean:/tmp/mf17-nla-tools/.verification-tmp/nla-fresh-proof-zpaeaagq/project/.lake/build/lib/lean /tmp/mf17-lean/bin/lean /tmp/mf17-nla-tools/.verification-tmp/nla-fresh-proof-zpaeaagq/project/ProofProject/OscillatorEnergy.lean -o /tmp/mf17-nla-tools/.verification-tmp/nla-fresh-proof-zpaeaagq/project/.lake/build/lib/lean/ProofProject/OscillatorEnergy.olean -i /tmp/mf17-nla-tools/.verification-tmp/nla-fresh-proof-zpaeaagq/project/.lake/build/lib/lean/ProofProject/OscillatorEnergy.ilean -c /tmp/mf17-nla-tools/.verification-tmp/nla-fresh-proof-zpaeaagq/project/.lake/build/ir/ProofProject/OscillatorEnergy.c --setup /tmp/mf17-nla-tools/.verification-tmp/nla-fresh-proof-zpaeaagq/project/.lake/build/ir/ProofProject/OscillatorEnergy.setup.json --json
error: resource exhausted (error code: 28, no space left on device)
  file: /tmp/mf17-nla-tools/.verification-tmp/nla-fresh-proof-zpaeaagq/project/.lake/build/lib/lean/ProofProject/OscillatorEnergy.olean.hash
✔ [8915/8927] Built ProofProject.SourcePolynomialInner (15s)
✔ [8916/8927] Built ProofProject.DerivativeTailLimit (12s)
✔ [8921/8927] Built ProofProject.SourceBoundaryLower (6.7s)
✔ [8922/8927] Built ProofProject.SourceBoundaryEstimate (3.0s)
✔ [8923/8927] Built ProofProject.LowerBound (2.5s)
Some required targets logged failures:
- ProofProject.GammaConvolution
- ProofProject.BesselKernelSeries
- ProofProject.ResolventOperatorIdentity
- ProofProject.SemigroupKernelSeries
- ProofProject.AnalyticCircleMean
- ProofProject.FiniteToeplitz
- ProofProject.SourceScalarBudget
- ProofProject.OscillatorEnergy
error: build failed
uncaught exception: Child exited with 1

EXIT_STATUS=1
