'NLA.FR05.sourcePlantedDensity_le' depends on axioms: [propext, Classical.choice, Quot.sound]
'NLA.FR05.sourceReferenceDensity_le_four' depends on axioms: [propext, Classical.choice, Quot.sound]
'NLA.FR05.tendsto_sourceVariance' depends on axioms: [propext, Classical.choice, Quot.sound]
'NLA.FR05.source_covariance_gap' depends on axioms: [propext, Classical.choice, Quot.sound]
'NLA.FR05.sourceUnitaryCompactSpace' depends on axioms: [propext, Classical.choice, Quot.sound]
'NLA.FR05.sourceTwoFrame_orthonormal' depends on axioms: [propext, Classical.choice, Quot.sound]
'NLA.FR05.measurable_sourceLikelihood' depends on axioms: [propext, Classical.choice, Quot.sound]
'NLA.FR05.sourceLikelihood_le' depends on axioms: [propext, Classical.choice, Quot.sound]
'NLA.FR05.integrable_sourceLikelihood_products' depends on axioms: [propext, Classical.choice, Quot.sound]
'NLA.FR05.sourceLikelihoodL2_identity' depends on axioms: [propext, Classical.choice, Quot.sound]
'NLA.FR05.iid_mixture_second_moment' depends on axioms: [propext, Classical.choice, Quot.sound]
'NLA.FR05.map_pi_rows' depends on axioms: [propext, Classical.choice, Quot.sound]
'NLA.FR05.standardComplexGaussianFrame_eq_pi' depends on axioms: [propext, Classical.choice, Quot.sound]
'NLA.FR05.measurable_sourcePairKernel' depends on axioms: [propext, Classical.choice, Quot.sound]
'NLA.FR05.sourcePairKernel_le' depends on axioms: [propext, Classical.choice, Quot.sound]
'NLA.FR05.integrable_sourcePairKernel_pow' depends on axioms: [propext, Classical.choice, Quot.sound]
'NLA.FR05.source_second_moment_eq_pair_kernel' depends on axioms: [propext, Classical.choice, Quot.sound]
'NLA.FR05.sourceLikelihoodL2_eq_pair_integral' depends on axioms: [propext, Classical.choice, Quot.sound]
'NLA.FR05.sourceLikelihoodL2_le_pair_differences' depends on axioms: [propext, Classical.choice, Quot.sound]
'NLA.FR05.charFun_gaussianMatrixProjection_eq_exp' depends on axioms: [propext, Classical.choice, Quot.sound]
'NLA.FR05.gaussianMatrixProjection_law_eq_of_gram' depends on axioms: [propext, Classical.choice, Quot.sound]
'NLA.FR05.sourcePairColumns_gram' depends on axioms: [propext, Classical.choice, Quot.sound]
'NLA.FR05.charFun_sourcePairProjection' depends on axioms: [propext, Classical.choice, Quot.sound]
'NLA.FR05.sourceJointProjectionLaw_eq_of_overlap' depends on axioms: [propext, Classical.choice, Quot.sound]
'NLA.FR05.sourcePairKernel_eq_of_overlap' depends on axioms: [propext, Classical.choice, Quot.sound]
'NLA.FR05.sourceOverlapKernel_apply' depends on axioms: [propext, Classical.choice, Quot.sound]
'NLA.FR05.measurable_sourceOverlapKernel' depends on axioms: [propext, Classical.choice, Quot.sound]
'NLA.FR05.source_second_moment_eq_overlap_integral' depends on axioms: [propext, Classical.choice, Quot.sound]
'NLA.FR05.integrable_sourceOverlapKernel_pow' depends on axioms: [propext, Classical.choice, Quot.sound]
'NLA.FR05.sourceLikelihoodL2_eq_overlap_integral' depends on axioms: [propext, Classical.choice, Quot.sound]
'NLA.FR05.sourceLikelihoodL2_le_overlap_differences' depends on axioms: [propext, Classical.choice, Quot.sound]
'NLA.FR05.overlapDeterminant_identity' depends on axioms: [propext, Classical.choice, Quot.sound]
'NLA.FR05.overlapDeterminant_le_exp' depends on axioms: [propext, Classical.choice, Quot.sound]
'NLA.FR05.integrable_overlap_quartic_gaussian' depends on axioms: [propext, Classical.choice, Quot.sound]
'NLA.FR05.overlap_quartic_gaussian_rescale' depends on axioms: [propext, Classical.choice, Quot.sound]
'NLA.FR05.overlap_local_integral_scale' depends on axioms: [propext, Classical.choice, Quot.sound]
'NLA.FR05.kernel_power_difference_le' depends on axioms: [propext, Classical.choice, Quot.sound]
'NLA.FR05.source_tail_bound_of_rpow' depends on axioms: [propext, Classical.choice, Quot.sound]
'NLA.FR05.polynomial_exp_tail_le_inv' depends on axioms: [propext, Classical.choice, Quot.sound]
'NLA.FR05.mgf_square_standardGaussian' depends on axioms: [propext, Classical.choice, Quot.sound]
'NLA.FR05.mgf_standardComplexGaussian_energy' depends on axioms: [propext, Classical.choice, Quot.sound]
'NLA.FR05.integrable_energy_pow_mul_exp_standardComplexGaussian' depends on axioms: [propext,
 Classical.choice,
 Quot.sound]
'NLA.FR05.integral_energy_mul_exp_standardComplexGaussian_two' depends on axioms: [propext,
 Classical.choice,
 Quot.sound]
'NLA.FR05.integral_energy_sq_mul_exp_standardComplexGaussian_two' depends on axioms: [propext,
 Classical.choice,
 Quot.sound]
'NLA.FR05.integral_sourceReferenceDensity' depends on axioms: [propext, Classical.choice, Quot.sound]
'NLA.FR05.integral_sourceReferenceDensity_mul_exp' depends on axioms: [propext, Classical.choice, Quot.sound]
'NLA.FR05.isProbabilityMeasure_sourceReferenceLaw' depends on axioms: [propext, Classical.choice, Quot.sound]
'NLA.FR05.integral_sourceReferenceLaw' depends on axioms: [propext, Classical.choice, Quot.sound]
'NLA.FR05.integrable_exp_sourceReferenceLaw' depends on axioms: [propext, Classical.choice, Quot.sound]
'NLA.FR05.mgf_sourceReferenceLaw' depends on axioms: [propext, Classical.choice, Quot.sound]
'NLA.FR05.integrable_radius_pow_sourceReferenceLaw' depends on axioms: [propext, Classical.choice, Quot.sound]
'NLA.FR05.integral_radius_sourceReferenceLaw' depends on axioms: [propext, Classical.choice, Quot.sound]
'NLA.FR05.integral_radius_sq_sourceReferenceLaw' depends on axioms: [propext, Classical.choice, Quot.sound]
'NLA.FR05.sourceReferenceLaw_exp_quarter_bound' depends on axioms: [propext, Classical.choice, Quot.sound]
'NLA.FR05.map_withDensity_of_invariant' depends on axioms: [propext, Classical.choice, Quot.sound]
'NLA.FR05.standardComplexGaussianTail_map_unitary' depends on axioms: [propext, Classical.choice, Quot.sound]
'NLA.FR05.standardComplexGaussianTail_map_coordinatePhase' depends on axioms: [propext, Classical.choice, Quot.sound]
'NLA.FR05.sourceRadiusSq_coordinatePhase' depends on axioms: [propext, Classical.choice, Quot.sound]
'NLA.FR05.sourceImbalance_coordinatePhase' depends on axioms: [propext, Classical.choice, Quot.sound]
'NLA.FR05.coordinatePhase_eq_zero_iff' depends on axioms: [propext, Classical.choice, Quot.sound]
'NLA.FR05.sourceReferenceDensity_coordinatePhase' depends on axioms: [propext, Classical.choice, Quot.sound]
'NLA.FR05.sourcePlantedDensity_coordinatePhase' depends on axioms: [propext, Classical.choice, Quot.sound]
'NLA.FR05.sourceReferenceLaw_map_coordinatePhase' depends on axioms: [propext, Classical.choice, Quot.sound]
'NLA.FR05.standardComplexGaussianTail_map_swapTwo' depends on axioms: [propext, Classical.choice, Quot.sound]
'NLA.FR05.sourceRadiusSq_swapTwo' depends on axioms: [propext, Classical.choice, Quot.sound]
'NLA.FR05.sourceImbalance_swapTwo' depends on axioms: [propext, Classical.choice, Quot.sound]
'NLA.FR05.swapTwo_eq_zero_iff' depends on axioms: [propext, Classical.choice, Quot.sound]
'NLA.FR05.sourceReferenceDensity_swapTwo' depends on axioms: [propext, Classical.choice, Quot.sound]
'NLA.FR05.sourcePlantedDensity_swapTwo' depends on axioms: [propext, Classical.choice, Quot.sound]
'NLA.FR05.sourceReferenceLaw_map_swapTwo' depends on axioms: [propext, Classical.choice, Quot.sound]
'NLA.FR05.normSq_le_sourceRadiusSq' depends on axioms: [propext, Classical.choice, Quot.sound]
'NLA.FR05.integrable_coordinate_normSq' depends on axioms: [propext, Classical.choice, Quot.sound]
'NLA.FR05.integrable_coordinate' depends on axioms: [propext, Classical.choice, Quot.sound]
'NLA.FR05.integrable_coordinate_product' depends on axioms: [propext, Classical.choice, Quot.sound]
'NLA.FR05.integrable_coordinate_conj_product' depends on axioms: [propext, Classical.choice, Quot.sound]
'NLA.FR05.integral_coordinate_eq_zero_of_phase' depends on axioms: [propext, Classical.choice, Quot.sound]
'NLA.FR05.integral_coordinate_product_eq_zero_of_phase' depends on axioms: [propext, Classical.choice, Quot.sound]
'NLA.FR05.integral_coordinate_conj_product_eq_zero_of_phase' depends on axioms: [propext, Classical.choice, Quot.sound]
'NLA.FR05.integral_coordinate_normSq_eq_half' depends on axioms: [propext, Classical.choice, Quot.sound]
'NLA.FR05.integral_coordinate_covariance_of_symmetry' depends on axioms: [propext, Classical.choice, Quot.sound]
'NLA.FR05.sourceReferenceLaw_integrable_radius' depends on axioms: [propext, Classical.choice, Quot.sound]
'NLA.FR05.sourceReferenceLaw_centered' depends on axioms: [propext, Classical.choice, Quot.sound]
'NLA.FR05.sourceReferenceLaw_pseudocovariance' depends on axioms: [propext, Classical.choice, Quot.sound]
'NLA.FR05.sourceReferenceLaw_covariance' depends on axioms: [propext, Classical.choice, Quot.sound]
'NLA.FR05.integral_pair_radius' depends on axioms: [propext, Classical.choice, Quot.sound]
'NLA.FR05.integral_expMeasure_one' depends on axioms: [propext, Classical.choice, Quot.sound]
'NLA.FR05.integral_gaussian_pair_radius' depends on axioms: [propext, Classical.choice, Quot.sound]
'NLA.FR05.gaussian_pair_radius_law' depends on axioms: [propext, Classical.choice, Quot.sound]
'NLA.FR05.map_pi_uncurry' depends on axioms: [propext, Classical.choice, Quot.sound]
'NLA.FR05.gaussian_finTwo_radius_law' depends on axioms: [propext, Classical.choice, Quot.sound]
'NLA.FR05.normSq_standardComplexTail' depends on axioms: [propext, Classical.choice, Quot.sound]
'NLA.FR05.standardComplexGaussianTail_map_normSq' depends on axioms: [propext, Classical.choice, Quot.sound]
'NLA.FR05.standardComplexGaussianTail_map_normSq_pair' depends on axioms: [propext, Classical.choice, Quot.sound]
'NLA.FR05.exponentialTailPrimitive_deriv' depends on axioms: [propext, Classical.choice, Quot.sound]
'NLA.FR05.exponentialTailPrimitive_tendsto' depends on axioms: [propext, Classical.choice, Quot.sound]
'NLA.FR05.exponential_quadratic_tail' depends on axioms: [propext, Classical.choice, Quot.sound]
'NLA.FR05.measurable_magnitudeCone' depends on axioms: [propext, Classical.choice, Quot.sound]
'NLA.FR05.gammaPDFReal_one_one' depends on axioms: [propext, Classical.choice, Quot.sound]
'NLA.FR05.exp_pair_withDensity' depends on axioms: [propext, Classical.choice, Quot.sound]
'NLA.FR05.integrable_exp_pair_iff' depends on axioms: [propext, Classical.choice, Quot.sound]
'NLA.FR05.integral_exp_pair' depends on axioms: [propext, Classical.choice, Quot.sound]
'NLA.FR05.cone_interval_iff' depends on axioms: [propext, Classical.choice, Quot.sound]
'NLA.FR05.cone_interval_nonneg' depends on axioms: [propext, Classical.choice, Quot.sound]
'NLA.FR05.magnitudeCone_shear' depends on axioms: [propext, Classical.choice, Quot.sound]
'NLA.FR05.integral_magnitudeCone' depends on axioms: [propext, Classical.choice, Quot.sound]
'NLA.FR05.sourceEpsilon_le_one' depends on axioms: [propext, Classical.choice, Quot.sound]
'NLA.FR05.sourcePlantedDensity_mul_radial_eq_cone' depends on axioms: [propext, Classical.choice, Quot.sound]
'NLA.FR05.integral_sourcePlantedDensity_radial' depends on axioms: [propext, Classical.choice, Quot.sound]
'NLA.FR05.integrable_sourcePlantedDensity_mul_exp' depends on axioms: [propext, Classical.choice, Quot.sound]
'NLA.FR05.integrable_sourcePlantedDensity_mul_radius_pow' depends on axioms: [propext, Classical.choice, Quot.sound]
'NLA.FR05.integrable_sourcePlantedDensity' depends on axioms: [propext, Classical.choice, Quot.sound]
'NLA.FR05.integral_sourcePlantedDensity' depends on axioms: [propext, Classical.choice, Quot.sound]
'NLA.FR05.integral_sourcePlantedDensity_mul_radius' depends on axioms: [propext, Classical.choice, Quot.sound]
'NLA.FR05.integral_sourcePlantedDensity_mul_exp' depends on axioms: [propext, Classical.choice, Quot.sound]
'NLA.FR05.sourcePlantedDensity_exp_quarter_bound' depends on axioms: [propext, Classical.choice, Quot.sound]
'NLA.FR05.isProbabilityMeasure_sourcePlantedDensityLaw' depends on axioms: [propext, Classical.choice, Quot.sound]
'NLA.FR05.integral_sourcePlantedDensityLaw' depends on axioms: [propext, Classical.choice, Quot.sound]
'NLA.FR05.integrable_sourcePlantedDensityLaw_iff' depends on axioms: [propext, Classical.choice, Quot.sound]
'NLA.FR05.sourcePlantedDensityLaw_map_coordinatePhase' depends on axioms: [propext, Classical.choice, Quot.sound]
'NLA.FR05.sourcePlantedDensityLaw_map_swapTwo' depends on axioms: [propext, Classical.choice, Quot.sound]
'NLA.FR05.sourcePlantedDensityLaw_integrable_radius_pow' depends on axioms: [propext, Classical.choice, Quot.sound]
'NLA.FR05.sourcePlantedDensityLaw_integrable_radius' depends on axioms: [propext, Classical.choice, Quot.sound]
'NLA.FR05.sourcePlantedDensityLaw_centered' depends on axioms: [propext, Classical.choice, Quot.sound]
'NLA.FR05.sourcePlantedDensityLaw_pseudocovariance' depends on axioms: [propext, Classical.choice, Quot.sound]
'NLA.FR05.sourcePlantedDensityLaw_covariance' depends on axioms: [propext, Classical.choice, Quot.sound]
'NLA.FR05.sourcePlantedDensityLaw_exp_quarter_bound' depends on axioms: [propext, Classical.choice, Quot.sound]
'NLA.FR05.sourcePlantedDensityLaw_integrable_exp' depends on axioms: [propext, Classical.choice, Quot.sound]
'NLA.FR05.sourcePlantedDensityLaw_mgf' depends on axioms: [propext, Classical.choice, Quot.sound]
'NLA.FR05.isProbabilityMeasure_sourceDensityLaw' depends on axioms: [propext, Classical.choice, Quot.sound]
'NLA.FR05.sourceDensityLaw_integrable_radius' depends on axioms: [propext, Classical.choice, Quot.sound]
'NLA.FR05.sourceDensityLaw_map_coordinatePhase' depends on axioms: [propext, Classical.choice, Quot.sound]
'NLA.FR05.sourceDensityLaw_map_swapTwo' depends on axioms: [propext, Classical.choice, Quot.sound]
'NLA.FR05.integral_sourceDensityLaw_complex' depends on axioms: [propext, Classical.choice, Quot.sound]
'NLA.FR05.integrable_sourceDensityLaw_complex_iff' depends on axioms: [propext, Classical.choice, Quot.sound]
'NLA.FR05.integral_sourceDensity' depends on axioms: [propext, Classical.choice, Quot.sound]
'NLA.FR05.integrable_sourceDensity_coordinate' depends on axioms: [propext, Classical.choice, Quot.sound]
'NLA.FR05.integrable_sourceDensity_coordinate_product' depends on axioms: [propext, Classical.choice, Quot.sound]
'NLA.FR05.integrable_sourceDensity_coordinate_conj_product' depends on axioms: [propext, Classical.choice, Quot.sound]
'NLA.FR05.integral_sourceDensity_coordinate' depends on axioms: [propext, Classical.choice, Quot.sound]
'NLA.FR05.integral_sourceDensity_coordinate_product' depends on axioms: [propext, Classical.choice, Quot.sound]
'NLA.FR05.integral_sourceDensity_coordinate_conj_product' depends on axioms: [propext, Classical.choice, Quot.sound]
'NLA.FR05.integrable_sourceDensity_exp_quarter' depends on axioms: [propext, Classical.choice, Quot.sound]
'NLA.FR05.sourceDensity_exp_quarter_bound' depends on axioms: [propext, Classical.choice, Quot.sound]
'NLA.FR05.circleAverage_poisson_zero' depends on axioms: [propext, Classical.choice, Quot.sound]
'NLA.FR05.poissonKernel_zero_eq' depends on axioms: [propext, Classical.choice, Quot.sound]
'NLA.FR05.normSq_sub_circle' depends on axioms: [propext, Classical.choice, Quot.sound]
'NLA.FR05.poissonKernel_zero_eq_analytic' depends on axioms: [propext, Classical.choice, Quot.sound]
'NLA.FR05.circleAverage_poisson_zero_sq' depends on axioms: [propext, Classical.choice, Quot.sound]
'NLA.FR05.circleAverage_inv_affine' depends on axioms: [propext, Classical.choice, Quot.sound]
'NLA.FR05.cone_sqrt_sq' depends on axioms: [propext, Classical.choice, Quot.sound]
'NLA.FR05.coneDirection_energy' depends on axioms: [propext, Classical.choice, Quot.sound]
'NLA.FR05.coneNormal_energy' depends on axioms: [propext, Classical.choice, Quot.sound]
'NLA.FR05.coneNormal_inner_identity' depends on axioms: [propext, Classical.choice, Quot.sound]
'NLA.FR05.conePhaseB_normSq' depends on axioms: [propext, Classical.choice, Quot.sound]
'NLA.FR05.conePhase_discriminant' depends on axioms: [propext, Classical.choice, Quot.sound]
'NLA.FR05.conePhaseU_lower' depends on axioms: [propext, Classical.choice, Quot.sound]
'NLA.FR05.conePhaseB_norm_lt' depends on axioms: [propext, Classical.choice, Quot.sound]
'NLA.FR05.conePhaseR_pos' depends on axioms: [propext, Classical.choice, Quot.sound]
'NLA.FR05.conePhase_integrals' depends on axioms: [propext, Classical.choice, Quot.sound]
'NLA.FR05.continuous_coneDirection' depends on axioms: [propext, Classical.choice, Quot.sound]
'NLA.FR05.continuous_coneNormal' depends on axioms: [propext, Classical.choice, Quot.sound]
'NLA.FR05.continuous_coneInner' depends on axioms: [propext, Classical.choice, Quot.sound]
'NLA.FR05.cone_parseval' depends on axioms: [propext, Classical.choice, Quot.sound]
'NLA.FR05.coneNormal_inner_normSq_le' depends on axioms: [propext, Classical.choice, Quot.sound]
'NLA.FR05.conePhaseR_sq' depends on axioms: [propext, Classical.choice, Quot.sound]
'NLA.FR05.conePhaseR_inv_bound' depends on axioms: [propext, Classical.choice, Quot.sound]
'NLA.FR05.conePhaseU_upper_quarter' depends on axioms: [propext, Classical.choice, Quot.sound]
'NLA.FR05.cone_radial_correction_pointwise' depends on axioms: [propext, Classical.choice, Quot.sound]
'NLA.FR05.continuous_conePhasePoint' depends on axioms: [propext, Classical.choice, Quot.sound]
'NLA.FR05.norm_conePhasePoint' depends on axioms: [propext, Classical.choice, Quot.sound]
'NLA.FR05.integral_conePhasePoint' depends on axioms: [propext, Classical.choice, Quot.sound]
'NLA.FR05.integral_conePhasePoint_re_mul' depends on axioms: [propext, Classical.choice, Quot.sound]
'NLA.FR05.coneNormal_denominator_pos' depends on axioms: [propext, Classical.choice, Quot.sound]
'NLA.FR05.continuous_coneNormal_inv' depends on axioms: [propext, Classical.choice, Quot.sound]
'NLA.FR05.integral_coneNormal_inv' depends on axioms: [propext, Classical.choice, Quot.sound]
'NLA.FR05.integral_coneNormal_inv_sq' depends on axioms: [propext, Classical.choice, Quot.sound]
'NLA.FR05.conePhaseJ_ge_one' depends on axioms: [propext, Classical.choice, Quot.sound]
'NLA.FR05.integral_cone_radial_correction' depends on axioms: [propext, Classical.choice, Quot.sound]
'NLA.FR05.integral_cone_radial_correction_lower' depends on axioms: [propext, Classical.choice, Quot.sound]
'NLA.FR05.conePhaseJ_small' depends on axioms: [propext, Classical.choice, Quot.sound]
'NLA.FR05.conePhaseJ_weight_pointwise' depends on axioms: [propext, Classical.choice, Quot.sound]
'NLA.FR05.conePhaseJ_weighted_lower' depends on axioms: [propext, Classical.choice, Quot.sound]
'NLA.FR05.overlapOperatorNorm_nonneg' depends on axioms: [propext, Classical.choice, Quot.sound]
'NLA.FR05.overlapOperatorNorm_conjTranspose' depends on axioms: [propext, Classical.choice, Quot.sound]
'NLA.FR05.sourceRadiusSq_eq_norm_sq' depends on axioms: [propext, Classical.choice, Quot.sound]
'NLA.FR05.coneInner_cauchy' depends on axioms: [propext, Classical.choice, Quot.sound]
'NLA.FR05.sourceRadiusSq_mulVec_le' depends on axioms: [propext, Classical.choice, Quot.sound]
'NLA.FR05.sourceRadiusSq_mulVec_le_frobenius' depends on axioms: [propext, Classical.choice, Quot.sound]
'NLA.FR05.overlapOperatorNorm_sq_le_frobenius' depends on axioms: [propext, Classical.choice, Quot.sound]
'NLA.FR05.overlapColumnEnergy_le' depends on axioms: [propext, Classical.choice, Quot.sound]
'NLA.FR05.overlapDeterminant_columns' depends on axioms: [propext, Classical.choice, Quot.sound]
'NLA.FR05.overlapDeterminant_pos' depends on axioms: [propext, Classical.choice, Quot.sound]
'NLA.FR05.continuous_coneImage' depends on axioms: [propext, Classical.choice, Quot.sound]
'NLA.FR05.coneImage_energy_bound' depends on axioms: [propext, Classical.choice, Quot.sound]
'NLA.FR05.coneImage_energy_lt_one' depends on axioms: [propext, Classical.choice, Quot.sound]
'NLA.FR05.continuous_conePhaseJ_image' depends on axioms: [propext, Classical.choice, Quot.sound]
'NLA.FR05.coneImage_denominator' depends on axioms: [propext, Classical.choice, Quot.sound]
'NLA.FR05.coneImage_discriminant' depends on axioms: [propext, Classical.choice, Quot.sound]
'NLA.FR05.coneImageB_norm_lt' depends on axioms: [propext, Classical.choice, Quot.sound]
'NLA.FR05.integral_coneImage_energy' depends on axioms: [propext, Classical.choice, Quot.sound]
'NLA.FR05.integral_coneImage_energy_lower' depends on axioms: [propext, Classical.choice, Quot.sound]
'NLA.FR05.integral_coneImage_inv_bound' depends on axioms: [propext, Classical.choice, Quot.sound]
'NLA.FR05.coneBasis_col_zero' depends on axioms: [propext, Classical.choice, Quot.sound]
'NLA.FR05.coneBasis_col_one' depends on axioms: [propext, Classical.choice, Quot.sound]
'NLA.FR05.coneBasis_adjoint_apply' depends on axioms: [propext, Classical.choice, Quot.sound]
'NLA.FR05.coneBasis_adjoint_energy' depends on axioms: [propext, Classical.choice, Quot.sound]
'NLA.FR05.coneBasis_energy' depends on axioms: [propext, Classical.choice, Quot.sound]
'NLA.FR05.overlapOperatorNorm_le_of_energy' depends on axioms: [propext, Classical.choice, Quot.sound]
'NLA.FR05.coneRotatedOverlap_norm_le' depends on axioms: [propext, Classical.choice, Quot.sound]
'NLA.FR05.coneRotatedOverlap_apply' depends on axioms: [propext, Classical.choice, Quot.sound]
'NLA.FR05.continuous_coneRotatedOverlap' depends on axioms: [propext, Classical.choice, Quot.sound]
'NLA.FR05.coneRotatedOverlap_adjoint' depends on axioms: [propext, Classical.choice, Quot.sound]
'NLA.FR05.overlap_entry_normSq_le' depends on axioms: [propext, Classical.choice, Quot.sound]
'NLA.FR05.overlap_entry_norm_le' depends on axioms: [propext, Classical.choice, Quot.sound]
'NLA.FR05.coneSchurU_pos' depends on axioms: [propext, Classical.choice, Quot.sound]
'NLA.FR05.coneSchurFirst_bounds' depends on axioms: [propext, Classical.choice, Quot.sound]
'NLA.FR05.coneSchurSecond_bounds' depends on axioms: [propext, Classical.choice, Quot.sound]
'NLA.FR05.coneSchur_determinant' depends on axioms: [propext, Classical.choice, Quot.sound]
'NLA.FR05.coneSchurCross_normSq_le' depends on axioms: [propext, Classical.choice, Quot.sound]
'NLA.FR05.coneSchurCross_normSq_le_one' depends on axioms: [propext, Classical.choice, Quot.sound]
'NLA.FR05.coneSchurCross_normSq_le_four' depends on axioms: [propext, Classical.choice, Quot.sound]
'NLA.FR05.coneSchur_quadratic_bound' depends on axioms: [propext, Classical.choice, Quot.sound]
'NLA.FR05.coneBaseIntegral_ge_one' depends on axioms: [propext, Classical.choice, Quot.sound]
'NLA.FR05.cone_integral_sq_le' depends on axioms: [propext, Classical.choice, Quot.sound]
'NLA.FR05.continuous_coneImage_sqrt_inv' depends on axioms: [propext, Classical.choice, Quot.sound]
'NLA.FR05.coneBaseIntegral_bound' depends on axioms: [propext, Classical.choice, Quot.sound]
'NLA.FR05.coneBaseIntegral_weighted_lower' depends on axioms: [propext, Classical.choice, Quot.sound]
'NLA.FR05.conePair_u_pos' depends on axioms: [propext, Classical.choice, Quot.sound]
'NLA.FR05.continuous_conePairBase' depends on axioms: [propext, Classical.choice, Quot.sound]
'NLA.FR05.continuous_conePairFirst' depends on axioms: [propext, Classical.choice, Quot.sound]
'NLA.FR05.continuous_conePairSecond' depends on axioms: [propext, Classical.choice, Quot.sound]
'NLA.FR05.conePairBase_apply' depends on axioms: [propext, Classical.choice, Quot.sound]
'NLA.FR05.coneBaseIntegral_eq_double' depends on axioms: [propext, Classical.choice, Quot.sound]
'NLA.FR05.conePairBase_adjoint' depends on axioms: [propext, Classical.choice, Quot.sound]
'NLA.FR05.conePairSecond_adjoint' depends on axioms: [propext, Classical.choice, Quot.sound]
'NLA.FR05.coneBaseIntegral_adjoint' depends on axioms: [propext, Classical.choice, Quot.sound]
'NLA.FR05.integral_conePairFirst' depends on axioms: [propext, Classical.choice, Quot.sound]
'NLA.FR05.integral_conePairFirst_lower' depends on axioms: [propext, Classical.choice, Quot.sound]
'NLA.FR05.integral_conePairSecond_lower' depends on axioms: [propext, Classical.choice, Quot.sound]
'NLA.FR05.cone_log_bound' depends on axioms: [propext, Classical.choice, Quot.sound]
'NLA.FR05.cone_inverse_sqrt_bound' depends on axioms: [propext, Classical.choice, Quot.sound]
'NLA.FR05.cone_inverse_fourth_root_bound' depends on axioms: [propext, Classical.choice, Quot.sound]
'NLA.FR05.coneBaseIntegral_exp_bound' depends on axioms: [propext, Classical.choice, Quot.sound]
'NLA.FR05.cone_radial_final_arithmetic' depends on axioms: [propext, Classical.choice, Quot.sound]
'NLA.FR05.cone_radial_exponential_arithmetic' depends on axioms: [propext, Classical.choice, Quot.sound]
'NLA.FR05.continuous_conePairQuadratic' depends on axioms: [propext, Classical.choice, Quot.sound]
'NLA.FR05.coneRayMoment_decomposition' depends on axioms: [propext, Classical.choice, Quot.sound]
'NLA.FR05.continuous_coneRayMoment_pair' depends on axioms: [propext, Classical.choice, Quot.sound]
'NLA.FR05.coneBaseIntegral_eq_prod' depends on axioms: [propext, Classical.choice, Quot.sound]
'NLA.FR05.conePair_correction_bound' depends on axioms: [propext, Classical.choice, Quot.sound]
'NLA.FR05.conePair_quadratic_bound' depends on axioms: [propext, Classical.choice, Quot.sound]
'NLA.FR05.coneMomentCorrelation_decomposition' depends on axioms: [propext, Classical.choice, Quot.sound]
'NLA.FR05.coneMomentCorrelation_bound' depends on axioms: [propext, Classical.choice, Quot.sound]
'NLA.FR05.integrable_gaussian_radius_pow' depends on axioms: [propext, Classical.choice, Quot.sound]
'NLA.FR05.integral_expMeasure_one_id' depends on axioms: [propext, Classical.choice, Quot.sound]
'NLA.FR05.integral_expMeasure_one_sq' depends on axioms: [propext, Classical.choice, Quot.sound]
'NLA.FR05.integral_gaussian_normSq' depends on axioms: [propext, Classical.choice, Quot.sound]
'NLA.FR05.integral_gaussian_normSq_sq' depends on axioms: [propext, Classical.choice, Quot.sound]
'NLA.FR05.integral_gaussian_normSq_mul' depends on axioms: [propext, Classical.choice, Quot.sound]
'NLA.FR05.integral_gaussian_odd_second' depends on axioms: [propext, Classical.choice, Quot.sound]
'NLA.FR05.integral_gaussian_cross' depends on axioms: [propext, Classical.choice, Quot.sound]
'NLA.FR05.integrable_gaussian_normSq_pow' depends on axioms: [propext, Classical.choice, Quot.sound]
'NLA.FR05.integrable_gaussian_normSq_mul' depends on axioms: [propext, Classical.choice, Quot.sound]
'NLA.FR05.integrable_gaussian_cross' depends on axioms: [propext, Classical.choice, Quot.sound]
'NLA.FR05.normSq_linear_pair' depends on axioms: [propext, Classical.choice, Quot.sound]
'NLA.FR05.integrable_gaussian_linear_normSq' depends on axioms: [propext, Classical.choice, Quot.sound]
'NLA.FR05.integral_gaussian_linear_normSq' depends on axioms: [propext, Classical.choice, Quot.sound]
'NLA.FR05.gaussian_fourth_linear_identity' depends on axioms: [propext, Classical.choice, Quot.sound]
'NLA.FR05.integrable_gaussian_fourth_linear' depends on axioms: [propext, Classical.choice, Quot.sound]
'NLA.FR05.integral_gaussian_fourth_linear' depends on axioms: [propext, Classical.choice, Quot.sound]
'NLA.FR05.integral_gaussian_radial_weights' depends on axioms: [propext, Classical.choice, Quot.sound]
'NLA.FR05.continuous_scalarComplexMap' depends on axioms: [propext, Classical.choice, Quot.sound]
'NLA.FR05.standardComplexGaussianTail_eq_pi' depends on axioms: [propext, Classical.choice, Quot.sound]
'NLA.FR05.standardComplexGaussianTail_map_pair' depends on axioms: [propext, Classical.choice, Quot.sound]
'NLA.FR05.gaussian_real_pair_pdf' depends on axioms: [propext, Classical.choice, Quot.sound]
'NLA.FR05.integral_scalarComplexGaussian_continuous' depends on axioms: [propext, Classical.choice, Quot.sound]
'NLA.FR05.scalarComplexGaussian_eq_withDensity' depends on axioms: [propext, Classical.choice, Quot.sound]
'NLA.FR05.scalarComplexDensity_nonneg' depends on axioms: [propext, Classical.choice, Quot.sound]
'NLA.FR05.integral_scalarComplexGaussian' depends on axioms: [propext, Classical.choice, Quot.sound]
'NLA.FR05.scalarGaussianDensity_affine' depends on axioms: [propext, Classical.choice, Quot.sound]
'NLA.FR05.integral_scalarGaussianDensity' depends on axioms: [propext, Classical.choice, Quot.sound]
'NLA.FR05.integrable_scalarGaussianDensity' depends on axioms: [propext, Classical.choice, Quot.sound]
'NLA.FR05.scalarGaussianDensity_integral' depends on axioms: [propext, Classical.choice, Quot.sound]
'NLA.FR05.overlapResidualMatrix_eq' depends on axioms: [propext, Classical.choice, Quot.sound]
'NLA.FR05.overlapResidualMatrix_det' depends on axioms: [propext, Classical.choice, Quot.sound]
'NLA.FR05.coneBasis_unitary' depends on axioms: [propext, Classical.choice, Quot.sound]
'NLA.FR05.coneBasis_unitary_right' depends on axioms: [propext, Classical.choice, Quot.sound]
'NLA.FR05.coneInner_adjoint' depends on axioms: [propext, Classical.choice, Quot.sound]
'NLA.FR05.coneInner_unitary' depends on axioms: [propext, Classical.choice, Quot.sound]
'NLA.FR05.coneRotatedOverlap_residualMatrix' depends on axioms: [propext, Classical.choice, Quot.sound]
'NLA.FR05.coneRotatedOverlap_determinant' depends on axioms: [propext, Classical.choice, Quot.sound]
'NLA.FR05.coneRotatedOverlap_residualInverse' depends on axioms: [propext, Classical.choice, Quot.sound]
'NLA.FR05.coneRotatedOverlap_residual' depends on axioms: [propext, Classical.choice, Quot.sound]
'NLA.FR05.overlapGaussianRatio_coneBasis' depends on axioms: [propext, Classical.choice, Quot.sound]
'NLA.FR05.overlapResidualMatrix_inverse' depends on axioms: [propext, Classical.choice, Quot.sound]
'NLA.FR05.cone_ray_quadratic' depends on axioms: [propext, Classical.choice, Quot.sound]
'NLA.FR05.coneConditionalVariance_pos' depends on axioms: [propext, Classical.choice, Quot.sound]
'NLA.FR05.complex_complete_square' depends on axioms: [propext, Classical.choice, Quot.sound]
'NLA.FR05.cone_ray_schur_quadratic' depends on axioms: [propext, Classical.choice, Quot.sound]
'NLA.FR05.cone_ray_density' depends on axioms: [propext, Classical.choice, Quot.sound]
'NLA.FR05.measurePreserving_gaussian_coordinate' depends on axioms: [propext, Classical.choice, Quot.sound]
'NLA.FR05.integral_scalarGaussian_coordinate' depends on axioms: [propext, Classical.choice, Quot.sound]
'NLA.FR05.integrable_scalarGaussian_normSq_pow' depends on axioms: [propext, Classical.choice, Quot.sound]
'NLA.FR05.integral_scalarGaussian_normSq' depends on axioms: [propext, Classical.choice, Quot.sound]
'NLA.FR05.integral_scalarGaussian_normSq_sq' depends on axioms: [propext, Classical.choice, Quot.sound]
'NLA.FR05.integrable_scalarGaussian_re' depends on axioms: [propext, Classical.choice, Quot.sound]
'NLA.FR05.integral_scalarGaussian_re' depends on axioms: [propext, Classical.choice, Quot.sound]
'NLA.FR05.scalarGaussian_affine_normSq' depends on axioms: [propext, Classical.choice, Quot.sound]
'NLA.FR05.integrable_scalarGaussian_affine_normSq' depends on axioms: [propext, Classical.choice, Quot.sound]
'NLA.FR05.integral_scalarGaussian_affine_normSq' depends on axioms: [propext, Classical.choice, Quot.sound]
'NLA.FR05.integral_scalarGaussian_radial_weights' depends on axioms: [propext, Classical.choice, Quot.sound]
'NLA.FR05.integral_cone_conditional_weights' depends on axioms: [propext, Classical.choice, Quot.sound]
'NLA.FR05.integral_cone_ray' depends on axioms: [propext, Classical.choice, Quot.sound]
'NLA.FR05.coneRadialWeight_pos' depends on axioms: [propext, Classical.choice, Quot.sound]
'NLA.FR05.scalarComplexDensity_pos' depends on axioms: [propext, Classical.choice, Quot.sound]
'NLA.FR05.scalarGaussianDensity_pos' depends on axioms: [propext, Classical.choice, Quot.sound]
'NLA.FR05.coneRayMoment_pos' depends on axioms: [propext, Classical.choice, Quot.sound]
'NLA.FR05.overlapGaussianRatio_pos' depends on axioms: [propext, Classical.choice, Quot.sound]
'NLA.FR05.integral_scalarGaussianDensity_weight' depends on axioms: [propext, Classical.choice, Quot.sound]
'NLA.FR05.integral_cone_ray_inner_pos' depends on axioms: [propext, Classical.choice, Quot.sound]
'NLA.FR05.integrable_cone_ray' depends on axioms: [propext, Classical.choice, Quot.sound]
'NLA.FR05.integral_cone_ray_prod' depends on axioms: [propext, Classical.choice, Quot.sound]
'NLA.FR05.continuous_coneRadialWeight' depends on axioms: [propext, Classical.choice, Quot.sound]
'NLA.FR05.coneScalarMeasure_eq_density' depends on axioms: [propext, Classical.choice, Quot.sound]
'NLA.FR05.integrable_coneRadialWeight' depends on axioms: [propext, Classical.choice, Quot.sound]
'NLA.FR05.integral_coneRadialWeight' depends on axioms: [propext, Classical.choice, Quot.sound]
'NLA.FR05.continuous_conePoint' depends on axioms: [propext, Classical.choice, Quot.sound]
'NLA.FR05.conePoint_eq' depends on axioms: [propext, Classical.choice, Quot.sound]
'NLA.FR05.continuous_overlapGaussianRatio' depends on axioms: [propext, Classical.choice, Quot.sound]
'NLA.FR05.lintegral_coneMeasure' depends on axioms: [propext, Classical.choice, Quot.sound]
'NLA.FR05.lintegral_coneCorrelation' depends on axioms: [propext, Classical.choice, Quot.sound]
'NLA.FR05.coneCorrelation_eq_moment' depends on axioms: [propext, Classical.choice, Quot.sound]
'NLA.FR05.lemma_3_3_sqrt' depends on axioms: [propext, Classical.choice, Quot.sound]
'NLA.FR05.integrable_coneCorrelation' depends on axioms: [propext, Classical.choice, Quot.sound]
'NLA.FR05.lemma_3_3' depends on axioms: [propext, Classical.choice, Quot.sound]
'NLA.FR05.isProbabilityMeasure_coneScalarMeasure' depends on axioms: [propext, Classical.choice, Quot.sound]
'NLA.FR05.isProbabilityMeasure_coneMeasure' depends on axioms: [propext, Classical.choice, Quot.sound]
'NLA.FR05.overlapGaussianRatio' depends on axioms: [propext, Classical.choice, Quot.sound]
'NLA.FR05.coneScalarMeasure' depends on axioms: [propext, Classical.choice, Quot.sound]
'NLA.FR05.coneMeasure' depends on axioms: [propext, Classical.choice, Quot.sound]
'NLA.FR05.coneCorrelation' depends on axioms: [propext, Classical.choice, Quot.sound]
'NLA.FR05.canonicalOverlapLaw_map_fst' depends on axioms: [propext, Classical.choice, Quot.sound]
'NLA.FR05.canonicalOverlapLaw_map_snd' depends on axioms: [propext, Classical.choice, Quot.sound]
'NLA.FR05.integrable_canonical_projectedDensity' depends on axioms: [propext, Classical.choice, Quot.sound]
'NLA.FR05.integral_canonical_projectedDensity' depends on axioms: [propext, Classical.choice, Quot.sound]
'NLA.FR05.sourceDensityCorrelation_nonneg' depends on axioms: [propext, Classical.choice, Quot.sound]
'NLA.FR05.sourceDensityCorrelation_le_densityBound' depends on axioms: [propext, Classical.choice, Quot.sound]
'NLA.FR05.sourceDensityCorrelation_polynomial_bound' depends on axioms: [propext, Classical.choice, Quot.sound]
'NLA.FR05.triangularGaussian_eq_overlap' depends on axioms: [propext, Classical.choice, Quot.sound]
'NLA.FR05.lintegral_overlapGaussianRatio' depends on axioms: [propext, Classical.choice, Quot.sound]
'NLA.FR05.canonicalOverlapMap' depends on axioms: [propext, Classical.choice, Quot.sound]
'NLA.FR05.continuous_canonicalOverlapMap' depends on axioms: [propext, Classical.choice, Quot.sound]
'NLA.FR05.canonicalOverlapLaw' depends on axioms: [propext, Classical.choice, Quot.sound]
'NLA.FR05.canonicalOverlapLaw_eq_withDensity' depends on axioms: [propext, Classical.choice, Quot.sound]
'NLA.FR05.sourceDensityCorrelation_eq_integral_canonical' depends on axioms: [propext, Classical.choice, Quot.sound]
'NLA.FR05.coneMagnitudeMap' depends on axioms: [propext, Classical.choice, Quot.sound]
'NLA.FR05.coneMagnitudeInverse' depends on axioms: [propext, Classical.choice, Quot.sound]
'NLA.FR05.coneMagnitudeDerivative' depends on axioms: [propext, Classical.choice, Quot.sound]
'NLA.FR05.continuous_coneMagnitudeMap' depends on axioms: [propext, Classical.choice, Quot.sound]
'NLA.FR05.hasFDerivAt_coneMagnitudeMap' depends on axioms: [propext, Classical.choice, Quot.sound]
'NLA.FR05.coneMagnitudeDerivative_det' depends on axioms: [propext, Classical.choice, Quot.sound]
'NLA.FR05.coneMagnitudeInverse_map' depends on axioms: [propext, Classical.choice, Quot.sound]
'NLA.FR05.coneMagnitudeMap_inverse' depends on axioms: [propext, Classical.choice, Quot.sound]
'NLA.FR05.coneMagnitudeDomain' depends on axioms: [propext, Classical.choice, Quot.sound]
'NLA.FR05.coneMagnitudeRegion' depends on axioms: [propext, Classical.choice, Quot.sound]
'NLA.FR05.measurableSet_coneMagnitudeDomain' depends on axioms: [propext, Classical.choice, Quot.sound]
'NLA.FR05.coneMagnitudeMap_injOn' depends on axioms: [propext, Classical.choice, Quot.sound]
'NLA.FR05.coneMagnitudeMap_image' depends on axioms: [propext, Classical.choice, Quot.sound]
'NLA.FR05.coneMagnitudeMap_volume' depends on axioms: [propext, Classical.choice, Quot.sound]
'NLA.FR05.map_withDensity_comp' depends on axioms: [propext, Classical.choice, Quot.sound]
'NLA.FR05.coneMagnitudeMap_withDensity' depends on axioms: [propext, Classical.choice, Quot.sound]
'NLA.FR05.coneMagnitudeRegion_nonneg' depends on axioms: [propext, Classical.choice, Quot.sound]
'NLA.FR05.lintegral_expMeasure_one' depends on axioms: [propext, Classical.choice, Quot.sound]
'NLA.FR05.coneRadiusDensity' depends on axioms: [propext, Classical.choice, Quot.sound]
'NLA.FR05.lintegral_coneScalarMeasure' depends on axioms: [propext, Classical.choice, Quot.sound]
'NLA.FR05.phaseVectorLaw_eq_relative' depends on axioms: [propext, Classical.choice, Quot.sound]
'NLA.FR05.phaseVectorMap_coneMagnitude' depends on axioms: [propext, Classical.choice, Quot.sound]
'NLA.FR05.lintegral_phaseVector_cone' depends on axioms: [propext, Classical.choice, Quot.sound]
'NLA.FR05.lintegral_coneMeasure_parameters' depends on axioms: [propext, Classical.choice, Quot.sound]
'NLA.FR05.scalarGaussianDensity_nonneg' depends on axioms: [propext, Classical.choice, Quot.sound]
'NLA.FR05.scalarComplexGaussian_map_affine' depends on axioms: [propext, Classical.choice, Quot.sound]
'NLA.FR05.lintegral_scalarGaussianDensity' depends on axioms: [propext, Classical.choice, Quot.sound]
'NLA.FR05.standardComplexGaussianTail_eq_map_pair' depends on axioms: [propext, Classical.choice, Quot.sound]
'NLA.FR05.lintegral_standardComplexGaussianTail_two' depends on axioms: [propext, Classical.choice, Quot.sound]
'NLA.FR05.triangularGaussian' depends on axioms: [propext, Classical.choice, Quot.sound]
'NLA.FR05.triangularGaussianDensity' depends on axioms: [propext, Classical.choice, Quot.sound]
'NLA.FR05.lintegral_triangularGaussian' depends on axioms: [propext, Classical.choice, Quot.sound]
'NLA.FR05.splitGaussianSum' depends on axioms: [propext, Classical.choice, Quot.sound]
'NLA.FR05.continuous_splitGaussianSum' depends on axioms: [propext, Classical.choice, Quot.sound]
'NLA.FR05.standardComplexGaussianTail_map_splitSum' depends on axioms: [propext, Classical.choice, Quot.sound]
'NLA.FR05.conditionalGaussianMap' depends on axioms: [propext, Classical.choice, Quot.sound]
'NLA.FR05.continuous_conditionalGaussianMap' depends on axioms: [propext, Classical.choice, Quot.sound]
'NLA.FR05.conditionalGaussianColumns' depends on axioms: [propext, Classical.choice, Quot.sound]
'NLA.FR05.conditionalGaussianColumns_gram' depends on axioms: [propext, Classical.choice, Quot.sound]
'NLA.FR05.conditionalGaussianColumns_projection' depends on axioms: [propext, Classical.choice, Quot.sound]
'NLA.FR05.conditionalGaussianLaw_eq_canonical' depends on axioms: [propext, Classical.choice, Quot.sound]
'NLA.FR05.gaussianSmoothedDensity' depends on axioms: [propext, Classical.choice, Quot.sound]
'NLA.FR05.measurable_gaussianSmoothedDensity' depends on axioms: [propext, Classical.choice, Quot.sound]
'NLA.FR05.gaussianSmoothedDensity_nonneg' depends on axioms: [propext, Classical.choice, Quot.sound]
'NLA.FR05.gaussianSmoothedDensity_le' depends on axioms: [propext, Classical.choice, Quot.sound]
'NLA.FR05.memLp_gaussianSmoothedDensity' depends on axioms: [propext, Classical.choice, Quot.sound]
'NLA.FR05.integrable_sourceDensity_product_comp' depends on axioms: [propext, Classical.choice, Quot.sound]
'NLA.FR05.sourceDensityCorrelation_eq_smoothed' depends on axioms: [propext, Classical.choice, Quot.sound]
'NLA.FR05.integral_mul_sq_le' depends on axioms: [propext, Classical.choice, Quot.sound]
'NLA.FR05.sourceDensityCorrelation_cauchy_schwarz' depends on axioms: [propext, Classical.choice, Quot.sound]
'NLA.FR05.splitGaussianFour' depends on axioms: [propext, Classical.choice, Quot.sound]
'NLA.FR05.continuous_splitGaussianFour' depends on axioms: [propext, Classical.choice, Quot.sound]
'NLA.FR05.standardComplexGaussianTail_map_split' depends on axioms: [propext, Classical.choice, Quot.sound]
'NLA.FR05.canonicalOverlapColumns' depends on axioms: [propext, Classical.choice, Quot.sound]
'NLA.FR05.canonicalOverlapColumns_gram' depends on axioms: [propext, Classical.choice, Quot.sound]
'NLA.FR05.canonicalOverlapProjection' depends on axioms: [propext, Classical.choice, Quot.sound]
'NLA.FR05.canonicalOverlapLaw_eq_projection' depends on axioms: [propext, Classical.choice, Quot.sound]
'NLA.FR05.sourceJointProjectionLaw_eq_canonical' depends on axioms: [propext, Classical.choice, Quot.sound]
'NLA.FR05.sourcePairKernel_eq_densityCorrelation' depends on axioms: [propext, Classical.choice, Quot.sound]
'NLA.FR05.sourcePairKernel_local_expansion' depends on axioms: [propext, Classical.choice, Quot.sound]
'NLA.FR05.scalarComplexGaussian_map_normSq' depends on axioms: [propext, Classical.choice, Quot.sound]
'NLA.FR05.standardComplexGaussianTail_map_first' depends on axioms: [propext, Classical.choice, Quot.sound]
'NLA.FR05.scalarComplexGaussian_map_phase' depends on axioms: [propext, Classical.choice, Quot.sound]
'NLA.FR05.conePhasePoint_add' depends on axioms: [propext, Classical.choice, Quot.sound]
'NLA.FR05.conePhasePoint_arg' depends on axioms: [propext, Classical.choice, Quot.sound]
'NLA.FR05.integral_phase_mul_eq_radius' depends on axioms: [propext, Classical.choice, Quot.sound]
'NLA.FR05.scalarPolarMap' depends on axioms: [propext, Classical.choice, Quot.sound]
'NLA.FR05.continuous_scalarPolarMap' depends on axioms: [propext, Classical.choice, Quot.sound]
'NLA.FR05.scalarComplexGaussian_eq_polar' depends on axioms: [propext, Classical.choice, Quot.sound]
'NLA.FR05.integral_scalarGaussian_exp_neg' depends on axioms: [propext, Classical.choice, Quot.sound]
'NLA.FR05.standardComplexGaussianTail_map_unitary_mulVec' depends on axioms: [propext, Classical.choice, Quot.sound]
'NLA.FR05.gaussianQuadratic' depends on axioms: [propext, Classical.choice, Quot.sound]
'NLA.FR05.continuous_gaussianQuadratic' depends on axioms: [propext, Classical.choice, Quot.sound]
'NLA.FR05.gaussianQuadratic_mulVec' depends on axioms: [propext, Classical.choice, Quot.sound]
'NLA.FR05.gaussianQuadratic_diagonal' depends on axioms: [propext, Classical.choice, Quot.sound]
'NLA.FR05.gaussianQuadratic_nonneg' depends on axioms: [propext, Classical.choice, Quot.sound]
'NLA.FR05.integral_gaussianQuadratic_exp' depends on axioms: [propext, Classical.choice, Quot.sound]
'NLA.FR05.det_one_add_eigenvalues' depends on axioms: [propext, Classical.choice, Quot.sound]
'NLA.FR05.integral_gaussianQuadratic_exp_det' depends on axioms: [propext, Classical.choice, Quot.sound]
'NLA.FR05.kernelEvenExp' depends on axioms: [propext, Classical.choice, Quot.sound]
'NLA.FR05.kernelEvenExp_cubic_bound' depends on axioms: [propext, Classical.choice, Quot.sound]
'NLA.FR05.kernelEvenExponent_bounds' depends on axioms: [propext, Classical.choice, Quot.sound]
'NLA.FR05.kernelOddExponent_bounds' depends on axioms: [propext, Classical.choice, Quot.sound]
'NLA.FR05.integrable_sourceDensityLaw_iff' depends on axioms: [propext, Classical.choice, Quot.sound]
'NLA.FR05.sourceDensityLaw_integrable_exp_quarter' depends on axioms: [propext, Classical.choice, Quot.sound]
'NLA.FR05.sourceDensityLaw_exp_quarter' depends on axioms: [propext, Classical.choice, Quot.sound]
'NLA.FR05.kernel_polynomial_exp_bound' depends on axioms: [propext, Classical.choice, Quot.sound]
'NLA.FR05.integrable_sourceDensityPair_exp' depends on axioms: [propext, Classical.choice, Quot.sound]
'NLA.FR05.sourceDensityPair_exp_bound' depends on axioms: [propext, Classical.choice, Quot.sound]
'NLA.FR05.kernelMomentConstant' depends on axioms: [propext, Classical.choice, Quot.sound]
'NLA.FR05.integrable_sourceDensityPair_polynomial_exp' depends on axioms: [propext, Classical.choice, Quot.sound]
'NLA.FR05.sourceDensityPair_polynomial_exp_bound' depends on axioms: [propext, Classical.choice, Quot.sound]
'NLA.FR05.kernelTotalRadius_nonneg' depends on axioms: [propext, Classical.choice, Quot.sound]
'NLA.FR05.kernelCross_abs_le' depends on axioms: [propext, Classical.choice, Quot.sound]
'NLA.FR05.kernelEvenQuadratic_bounds' depends on axioms: [propext, Classical.choice, Quot.sound]
'NLA.FR05.overlapOperatorNorm_one' depends on axioms: [propext, Classical.choice, Quot.sound]
'NLA.FR05.kernelAdjugateResidual_sub_one' depends on axioms: [propext, Classical.choice, Quot.sound]
'NLA.FR05.kernelAdjugateResidual_sub_one_norm' depends on axioms: [propext, Classical.choice, Quot.sound]
'NLA.FR05.kernelAdjugateResidual_norm' depends on axioms: [propext, Classical.choice, Quot.sound]
'NLA.FR05.kernelOddNumerator_difference' depends on axioms: [propext, Classical.choice, Quot.sound]
'NLA.FR05.kernelSmall_determinant' depends on axioms: [propext, Classical.choice, Quot.sound]
'NLA.FR05.kernelSmall_inverse_bounds' depends on axioms: [propext, Classical.choice, Quot.sound]
'NLA.FR05.sourceDensityLaw_map_neg' depends on axioms: [propext, Classical.choice, Quot.sound]
'NLA.FR05.sourceDensityPair_map_neg_fst' depends on axioms: [propext, Classical.choice, Quot.sound]
'NLA.FR05.integral_sourceDensityPair_neg_fst' depends on axioms: [propext, Classical.choice, Quot.sound]
'NLA.FR05.sourceDensityCorrelation_eq_even' depends on axioms: [propext, Classical.choice, Quot.sound]
'NLA.FR05.sourceDensityCorrelation_local_expansion' depends on axioms: [propext, Classical.choice, Quot.sound]
'NLA.FR05.kernelEvenExponent_neg' depends on axioms: [propext, Classical.choice, Quot.sound]
'NLA.FR05.kernelOddExponent_neg' depends on axioms: [propext, Classical.choice, Quot.sound]
'NLA.FR05.overlapGaussianRatio_even' depends on axioms: [propext, Classical.choice, Quot.sound]
'NLA.FR05.overlapGaussianRatio_even_remainder' depends on axioms: [propext, Classical.choice, Quot.sound]
'NLA.FR05.overlapGaussianRatio_nonneg' depends on axioms: [propext, Classical.choice, Quot.sound]
'NLA.FR05.overlapGaussianRatio_local_bound' depends on axioms: [propext, Classical.choice, Quot.sound]
'NLA.FR05.sourceDensityCorrelation' depends on axioms: [propext, Classical.choice, Quot.sound]
'NLA.FR05.integrable_sourceDensityCorrelation_local' depends on axioms: [propext, Classical.choice, Quot.sound]
'NLA.FR05.overlapOperatorNorm_mul' depends on axioms: [propext, Classical.choice, Quot.sound]
'NLA.FR05.overlapOperatorNorm_add' depends on axioms: [propext, Classical.choice, Quot.sound]
'NLA.FR05.overlapOperatorNorm_neg' depends on axioms: [propext, Classical.choice, Quot.sound]
'NLA.FR05.overlapOperatorNorm_real_smul' depends on axioms: [propext, Classical.choice, Quot.sound]
'NLA.FR05.overlapFrobeniusSq_le' depends on axioms: [propext, Classical.choice, Quot.sound]
'NLA.FR05.kernelTotalRadius' depends on axioms: [propext, Classical.choice, Quot.sound]
'NLA.FR05.kernelEvenQuadratic' depends on axioms: [propext, Classical.choice, Quot.sound]
'NLA.FR05.kernelAdjugateResidual' depends on axioms: [propext, Classical.choice, Quot.sound]
'NLA.FR05.kernelAdjugateResidual_eq' depends on axioms: [propext, Classical.choice, Quot.sound]
'NLA.FR05.kernelEvenExponent' depends on axioms: [propext, Classical.choice, Quot.sound]
'NLA.FR05.kernelOddExponent' depends on axioms: [propext, Classical.choice, Quot.sound]
'NLA.FR05.overlapGaussianRatio_exponents' depends on axioms: [propext, Classical.choice, Quot.sound]
'NLA.FR05.integral_sourceDensityLaw_normSq' depends on axioms: [propext, Classical.choice, Quot.sound]
'NLA.FR05.integral_sourceDensityLaw_cross' depends on axioms: [propext, Classical.choice, Quot.sound]
'NLA.FR05.coneInner_normSq_expansion' depends on axioms: [propext, Classical.choice, Quot.sound]
'NLA.FR05.integrable_coneInner_normSq' depends on axioms: [propext, Classical.choice, Quot.sound]
'NLA.FR05.integral_sourceDensityLaw_coneInner_normSq' depends on axioms: [propext, Classical.choice, Quot.sound]
'NLA.FR05.integrable_coneInner_re_sq' depends on axioms: [propext, Classical.choice, Quot.sound]
'NLA.FR05.integral_sourceDensityLaw_coneInner_re_sq' depends on axioms: [propext, Classical.choice, Quot.sound]
'NLA.FR05.sourceRadiusSq_mulVec_rows' depends on axioms: [propext, Classical.choice, Quot.sound]
'NLA.FR05.integrable_radius_mulVec' depends on axioms: [propext, Classical.choice, Quot.sound]
'NLA.FR05.integral_sourceDensityLaw_radius_mulVec' depends on axioms: [propext, Classical.choice, Quot.sound]
'NLA.FR05.kernelCross' depends on axioms: [propext, Classical.choice, Quot.sound]
'NLA.FR05.kernelQuadratic' depends on axioms: [propext, Classical.choice, Quot.sound]
'NLA.FR05.overlapFrobeniusSq_conjTranspose' depends on axioms: [propext, Classical.choice, Quot.sound]
'NLA.FR05.kernelCross_sq_le' depends on axioms: [propext, Classical.choice, Quot.sound]
'NLA.FR05.integrable_kernelCross_sq' depends on axioms: [propext, Classical.choice, Quot.sound]
'NLA.FR05.integral_kernelCross_sq' depends on axioms: [propext, Classical.choice, Quot.sound]
'NLA.FR05.integrable_kernelQuadratic' depends on axioms: [propext, Classical.choice, Quot.sound]
'NLA.FR05.integral_kernelQuadratic' depends on axioms: [propext, Classical.choice, Quot.sound]
'NLA.FR05.integral_kernel_second_order' depends on axioms: [propext, Classical.choice, Quot.sound]
'NLA.FR05.kernel_radius_power_bound' depends on axioms: [propext, Classical.choice, Quot.sound]
'NLA.FR05.kernel_even_exp_remainder' depends on axioms: [propext, Classical.choice, Quot.sound]
'NLA.FR05.kernel_scalar_remainder' depends on axioms: [propext, Classical.choice, Quot.sound]
'NLA.FR05.exp_quadratic_remainder' depends on axioms: [propext, Classical.choice, Quot.sound]
'NLA.FR05.exp_cubic_remainder' depends on axioms: [propext, Classical.choice, Quot.sound]
'NLA.FR05.cosh_quadratic_remainder' depends on axioms: [propext, Classical.choice, Quot.sound]
'NLA.FR05.exp_difference_bound' depends on axioms: [propext, Classical.choice, Quot.sound]
'NLA.FR05.polynomial_exp_eighth_bound' depends on axioms: [propext, Classical.choice, Quot.sound]
'NLA.FR05.overlapCholeskyFirst' depends on axioms: [propext, Classical.choice, Quot.sound]
'NLA.FR05.overlapCholeskySecond' depends on axioms: [propext, Classical.choice, Quot.sound]
'NLA.FR05.overlapCholeskySlope' depends on axioms: [propext, Classical.choice, Quot.sound]
'NLA.FR05.overlapCholesky' depends on axioms: [propext, Classical.choice, Quot.sound]
'NLA.FR05.overlapCholeskyFirst_pos' depends on axioms: [propext, Classical.choice, Quot.sound]
'NLA.FR05.overlapCholeskySecond_pos' depends on axioms: [propext, Classical.choice, Quot.sound]
'NLA.FR05.overlapResidual_complete_square' depends on axioms: [propext, Classical.choice, Quot.sound]
'NLA.FR05.overlapGaussianRatio_conditional_density' depends on axioms: [propext, Classical.choice, Quot.sound]
'NLA.FR05.overlapCholesky_mul_conjTranspose' depends on axioms: [propext, Classical.choice, Quot.sound]
'NLA.FR05.exists_overlap_latent_factors' depends on axioms: [propext, Classical.choice, Quot.sound]
'NLA.FR05.overlapSquaredSingularValues' depends on axioms: [propext, Classical.choice, Quot.sound]
'NLA.FR05.overlapSquaredSingularValues_nonneg' depends on axioms: [propext, Classical.choice, Quot.sound]
'NLA.FR05.overlapSquaredSingularValues_le' depends on axioms: [propext, Classical.choice, Quot.sound]
'NLA.FR05.overlapSquaredSingularValues_sum' depends on axioms: [propext, Classical.choice, Quot.sound]
'NLA.FR05.det_one_sub_smul_eigenvalues' depends on axioms: [propext, Classical.choice, Quot.sound]
'NLA.FR05.overlapDeterminant_singularValues' depends on axioms: [propext, Classical.choice, Quot.sound]
'NLA.FR05.overlapDeterminant_smul_singularValues' depends on axioms: [propext, Classical.choice, Quot.sound]
'NLA.FR05.reference_scalar_log_bound' depends on axioms: [propext, Classical.choice, Quot.sound]
'NLA.FR05.reference_scalar_bound' depends on axioms: [propext, Classical.choice, Quot.sound]
'NLA.FR05.overlapLeftRoot' depends on axioms: [propext, Classical.choice, Quot.sound]
'NLA.FR05.overlapRightRoot' depends on axioms: [propext, Classical.choice, Quot.sound]
'NLA.FR05.overlapLeftRoot_nonneg' depends on axioms: [propext, Classical.choice, Quot.sound]
'NLA.FR05.overlapRightRoot_nonneg' depends on axioms: [propext, Classical.choice, Quot.sound]
'NLA.FR05.overlapLeftRoot_hermitian' depends on axioms: [propext, Classical.choice, Quot.sound]
'NLA.FR05.overlapRightRoot_hermitian' depends on axioms: [propext, Classical.choice, Quot.sound]
'NLA.FR05.overlapLeftRoot_sq' depends on axioms: [propext, Classical.choice, Quot.sound]
'NLA.FR05.overlapRightRoot_sq' depends on axioms: [propext, Classical.choice, Quot.sound]
'NLA.FR05.overlapLeftRoot_norm' depends on axioms: [propext, Classical.choice, Quot.sound]
'NLA.FR05.overlapRightRoot_norm' depends on axioms: [propext, Classical.choice, Quot.sound]
'NLA.FR05.overlapLeftRoot_determinant' depends on axioms: [propext, Classical.choice, Quot.sound]
'NLA.FR05.overlapRightRoot_determinant' depends on axioms: [propext, Classical.choice, Quot.sound]
'NLA.FR05.overlapLeftRoot_le_one' depends on axioms: [propext, Classical.choice, Quot.sound]
'NLA.FR05.overlapRightRoot_le_one' depends on axioms: [propext, Classical.choice, Quot.sound]
'NLA.FR05.overlapHermitianBlock' depends on axioms: [propext, Classical.choice, Quot.sound]
'NLA.FR05.overlapRootBlock' depends on axioms: [propext, Classical.choice, Quot.sound]
'NLA.FR05.overlapRootBlock_nonneg' depends on axioms: [propext, Classical.choice, Quot.sound]
'NLA.FR05.overlapHermitianBlock_selfAdjoint' depends on axioms: [propext, Classical.choice, Quot.sound]
'NLA.FR05.overlapHermitianBlock_abs' depends on axioms: [propext, Classical.choice, Quot.sound]
'NLA.FR05.overlapLatentBlock_nonneg' depends on axioms: [propext, Classical.choice, Quot.sound]
'NLA.FR05.plantedConeNormalizer' depends on axioms: [propext, Classical.choice, Quot.sound]
'NLA.FR05.plantedConeNormalizer_nonneg' depends on axioms: [propext, Classical.choice, Quot.sound]
'NLA.FR05.plantedRadiusDensity_ratio' depends on axioms: [propext, Classical.choice, Quot.sound]
'NLA.FR05.lintegral_sourcePlanted_le_cones' depends on axioms: [propext, Classical.choice, Quot.sound]
'NLA.FR05.lintegral_planted_pair_le_cones' depends on axioms: [propext, Classical.choice, Quot.sound]
'NLA.FR05.lintegral_coneMagnitudeDomain' depends on axioms: [propext, Classical.choice, Quot.sound]
'NLA.FR05.lintegral_plantedMagnitudeLaw' depends on axioms: [propext, Classical.choice, Quot.sound]
'NLA.FR05.lintegral_sourcePlantedDensityLaw_parameters' depends on axioms: [propext, Classical.choice, Quot.sound]
'NLA.FR05.sourceEpsilon_le_quarter' depends on axioms: [propext, Classical.choice, Quot.sound]
'NLA.FR05.sourceRadialNormalizer_inv_le' depends on axioms: [propext, Classical.choice, Quot.sound]
'NLA.FR05.plantedConeNormalizer_cancel' depends on axioms: [propext, Classical.choice, Quot.sound]
'NLA.FR05.lintegral_planted_pair_global_bound' depends on axioms: [propext, Classical.choice, Quot.sound]
'NLA.FR05.sourceDensityCorrelation_planted_global_bound' depends on axioms: [propext, Classical.choice, Quot.sound]
'NLA.FR05.magnitudeGaussianDensity' depends on axioms: [propext, Classical.choice, Quot.sound]
'NLA.FR05.magnitudeGaussianLaw_eq_density' depends on axioms: [propext, Classical.choice, Quot.sound]
'NLA.FR05.plantedMagnitudeDensity' depends on axioms: [propext, Classical.choice, Quot.sound]
'NLA.FR05.measurableSet_coneMagnitudeRegion' depends on axioms: [propext, Classical.choice, Quot.sound]
'NLA.FR05.plantedMagnitudeLaw_eq_density' depends on axioms: [propext, Classical.choice, Quot.sound]
'NLA.FR05.plantedRadiusDensity' depends on axioms: [propext, Classical.choice, Quot.sound]
'NLA.FR05.plantedMagnitudeLaw_eq_coneMap' depends on axioms: [propext, Classical.choice, Quot.sound]
'NLA.FR05.phaseVectorMap' depends on axioms: [propext, Classical.choice, Quot.sound]
'NLA.FR05.continuous_phaseVectorMap' depends on axioms: [propext, Classical.choice, Quot.sound]
'NLA.FR05.magnitudeGaussianLaw' depends on axioms: [propext, Classical.choice, Quot.sound]
'NLA.FR05.phaseVectorLaw' depends on axioms: [propext, Classical.choice, Quot.sound]
'NLA.FR05.standardComplexGaussianTail_two_polar' depends on axioms: [propext, Classical.choice, Quot.sound]
'NLA.FR05.ae_magnitudeGaussianLaw_nonneg' depends on axioms: [propext, Classical.choice, Quot.sound]
'NLA.FR05.phaseVectorMap_normSq' depends on axioms: [propext, Classical.choice, Quot.sound]
'NLA.FR05.plantedMagnitudeWeight' depends on axioms: [propext, Classical.choice, Quot.sound]
'NLA.FR05.measurable_plantedMagnitudeWeight' depends on axioms: [propext, Classical.choice, Quot.sound]
'NLA.FR05.sourcePlantedDensity_phaseVectorMap' depends on axioms: [propext, Classical.choice, Quot.sound]
'NLA.FR05.plantedMagnitudeLaw' depends on axioms: [propext, Classical.choice, Quot.sound]
'NLA.FR05.sourcePlantedDensityLaw_eq_polar' depends on axioms: [propext, Classical.choice, Quot.sound]
'NLA.FR05.referenceOverlapBlock' depends on axioms: [propext, Classical.choice, Quot.sound]
'NLA.FR05.referenceOverlapBlock_det' depends on axioms: [propext, Classical.choice, Quot.sound]
'NLA.FR05.referenceOverlapBlock_scale' depends on axioms: [propext, Classical.choice, Quot.sound]
'NLA.FR05.canonical_reference_determinant' depends on axioms: [propext, Classical.choice, Quot.sound]
'NLA.FR05.canonical_reference_determinant_re' depends on axioms: [propext, Classical.choice, Quot.sound]
'NLA.FR05.sourceReference_bias_sq_bound' depends on axioms: [propext, Classical.choice, Quot.sound]
'NLA.FR05.overlapSquaredSingularValues_lt_one' depends on axioms: [propext, Classical.choice, Quot.sound]
'NLA.FR05.sourceDensityCorrelation_reference_global_bound' depends on axioms: [propext, Classical.choice, Quot.sound]
'NLA.FR05.gaussianQuadratic_smul' depends on axioms: [propext, Classical.choice, Quot.sound]
'NLA.FR05.gaussianQuadratic_gram' depends on axioms: [propext, Classical.choice, Quot.sound]
'NLA.FR05.canonical_projection_energy' depends on axioms: [propext, Classical.choice, Quot.sound]
'NLA.FR05.reference_projection_product' depends on axioms: [propext, Classical.choice, Quot.sound]
'NLA.FR05.sourceDensityCorrelation_reference_exact' depends on axioms: [propext, Classical.choice, Quot.sound]
'NLA.FR05.scalarComplexGaussian_map_star' depends on axioms: [propext, Classical.choice, Quot.sound]
'NLA.FR05.standardComplexGaussianTail_map_star' depends on axioms: [propext, Classical.choice, Quot.sound]
'NLA.FR05.standardComplexGaussianTail_map_orthonormal' depends on axioms: [propext, Classical.choice, Quot.sound]
'NLA.FR05.sourceProjectedRow_law' depends on axioms: [propext, Classical.choice, Quot.sound]
'NLA.FR05.integral_sourceProjectedDensity' depends on axioms: [propext, Classical.choice, Quot.sound]
'NLA.FR05.integrable_sourceProjectedDensity' depends on axioms: [propext, Classical.choice, Quot.sound]
'NLA.FR05.sourcePairKernel_le_densityBound' depends on axioms: [propext, Classical.choice, Quot.sound]
'NLA.FR05.sourceOverlapKernel_nonneg' depends on axioms: [propext, Classical.choice, Quot.sound]
'NLA.FR05.sourceOverlapKernel_polynomial_bound' depends on axioms: [propext, Classical.choice, Quot.sound]
'NLA.FR05.sourceDensityCorrelation_diagonal_global_bound' depends on axioms: [propext, Classical.choice, Quot.sound]
'NLA.FR05.sourceDensityCorrelation_global_bound' depends on axioms: [propext, Classical.choice, Quot.sound]
'NLA.FR05.lemma_3_4' depends on axioms: [propext, Classical.choice, Quot.sound]
'NLA.FR05.sourcePairKernel_global_bound' depends on axioms: [propext, Classical.choice, Quot.sound]
'NLA.FR05.sourceOverlapKernel_global_bound' depends on axioms: [propext, Classical.choice, Quot.sound]
'NLA.FR05.sourceOverlapKernel_local_expansion' depends on axioms: [propext, Classical.choice, Quot.sound]
'NLA.FR05.lintegral_complexVector_two' depends on axioms: [propext, Classical.choice, Quot.sound]
'NLA.FR05.standardComplexGaussianTail_two_eq_density' depends on axioms: [propext, Classical.choice, Quot.sound]
'NLA.FR05.sphereLebesgueDensity' depends on axioms: [propext, Classical.choice, Quot.sound]
'NLA.FR05.measurable_sphereLebesgueDensity' depends on axioms: [propext, Classical.choice, Quot.sound]
'NLA.FR05.sphereProjectionLaw_eq_density' depends on axioms: [propext, Classical.choice, Quot.sound]
'NLA.FR05.ellipticalEnergy' depends on axioms: [propext, Classical.choice, Quot.sound]
'NLA.FR05.continuous_ellipticalEnergy' depends on axioms: [propext, Classical.choice, Quot.sound]
'NLA.FR05.ellipticalEnergy_triangularGaussian' depends on axioms: [propext, Classical.choice, Quot.sound]
'NLA.FR05.triangularGaussianDensity_eq_elliptical' depends on axioms: [propext, Classical.choice, Quot.sound]
'NLA.FR05.ellipticalSphereDensity' depends on axioms: [propext, Classical.choice, Quot.sound]
'NLA.FR05.measurable_ellipticalSphereDensity' depends on axioms: [propext, Classical.choice, Quot.sound]
'NLA.FR05.ellipticalSphereDensity_eq_weight' depends on axioms: [propext, Classical.choice, Quot.sound]
'NLA.FR05.sphereProjectionLaw_map_triangular' depends on axioms: [propext, Classical.choice, Quot.sound]
'NLA.FR05.map_eq_of_mgf_on_Iio_one' depends on axioms: [propext, Classical.choice, Quot.sound]
'NLA.FR05.integral_gammaMeasure_one' depends on axioms: [propext, Classical.choice, Quot.sound]
'NLA.FR05.mgf_gammaMeasure_one' depends on axioms: [propext, Classical.choice, Quot.sound]
'NLA.FR05.standardComplexGaussianTail_map_energy' depends on axioms: [propext, Classical.choice, Quot.sound]
'NLA.FR05.radiusTripleEquiv' depends on axioms: [propext, Classical.choice, Quot.sound]
'NLA.FR05.radiusTripleEquiv_apply' depends on axioms: [propext, Classical.choice, Quot.sound]
'NLA.FR05.radiusTripleEquiv_symm_apply' depends on axioms: [propext, Classical.choice, Quot.sound]
'NLA.FR05.volumePreserving_radiusTripleEquiv' depends on axioms: [propext, Classical.choice, Quot.sound]
'NLA.FR05.radiusTripleEquiv_weighted' depends on axioms: [propext, Classical.choice, Quot.sound]
'NLA.FR05.positiveQuadrant' depends on axioms: [propext, Classical.choice, Quot.sound]
'NLA.FR05.openSimplex' depends on axioms: [propext, Classical.choice, Quot.sound]
'NLA.FR05.measurableSet_positiveQuadrant' depends on axioms: [propext, Classical.choice, Quot.sound]
'NLA.FR05.measurableSet_openSimplex' depends on axioms: [propext, Classical.choice, Quot.sound]
'NLA.FR05.gammaNatWeight' depends on axioms: [propext, Classical.choice, Quot.sound]
'NLA.FR05.continuous_gammaNatWeight' depends on axioms: [propext, Classical.choice, Quot.sound]
'NLA.FR05.gammaNatWeight_nonneg' depends on axioms: [propext, Classical.choice, Quot.sound]
'NLA.FR05.gammaMeasure_nat_eq_density' depends on axioms: [propext, Classical.choice, Quot.sound]
'NLA.FR05.expMeasure_one_eq_density' depends on axioms: [propext, Classical.choice, Quot.sound]
'NLA.FR05.magnitudeGaussianLaw_eq_quadrant_density' depends on axioms: [propext, Classical.choice, Quot.sound]
'NLA.FR05.normalizedComplexVector' depends on axioms: [propext, Classical.choice, Quot.sound]
'NLA.FR05.measurable_normalizedComplexVector' depends on axioms: [propext, Classical.choice, Quot.sound]
'NLA.FR05.signalEnergy_real_mul' depends on axioms: [propext, Classical.choice, Quot.sound]
'NLA.FR05.signalEnergy_normalizedComplexVector' depends on axioms: [propext, Classical.choice, Quot.sound]
'NLA.FR05.signalEnergy_unitary_mulVec' depends on axioms: [propext, Classical.choice, Quot.sound]
'NLA.FR05.normalizedComplexVector_unitary_mulVec' depends on axioms: [propext, Classical.choice, Quot.sound]
'NLA.FR05.ae_standardComplexGaussian_energy_pos' depends on axioms: [propext, Classical.choice, Quot.sound]
'NLA.FR05.sourceHaarFirstColumn' depends on axioms: [propext, Classical.choice, Quot.sound]
'NLA.FR05.continuous_sourceHaarFirstColumn' depends on axioms: [propext, Classical.choice, Quot.sound]
'NLA.FR05.integral_haar_unitVector' depends on axioms: [propext, Classical.choice, Quot.sound]
'NLA.FR05.normalizedComplexVector_map_unitary' depends on axioms: [propext, Classical.choice, Quot.sound]
'NLA.FR05.sourceHaarFirstColumn_eq_normalizedGaussian' depends on axioms: [propext, Classical.choice, Quot.sound]
'NLA.FR05.headFixedUnitaryMatrix' depends on axioms: [propext, Classical.choice, Quot.sound]
'NLA.FR05.headFixedUnitaryMatrix_gram' depends on axioms: [propext, Classical.choice, Quot.sound]
'NLA.FR05.headFixedUnitary' depends on axioms: [propext, Classical.choice, Quot.sound]
'NLA.FR05.continuous_headFixedUnitary' depends on axioms: [propext, Classical.choice, Quot.sound]
'NLA.FR05.headFixedUnitary_mul_first' depends on axioms: [propext, Classical.choice, Quot.sound]
'NLA.FR05.headFixedUnitary_mul_tail' depends on axioms: [propext, Classical.choice, Quot.sound]
'NLA.FR05.sourceComplementRows' depends on axioms: [propext, Classical.choice, Quot.sound]
'NLA.FR05.matrixOfColumns' depends on axioms: [propext, Classical.choice, Quot.sound]
'NLA.FR05.continuous_matrixOfColumns' depends on axioms: [propext, Classical.choice, Quot.sound]
'NLA.FR05.sourceHaarCorner_headFixedUnitary' depends on axioms: [propext, Classical.choice, Quot.sound]
'NLA.FR05.sourceComplementRows_gram' depends on axioms: [propext, Classical.choice, Quot.sound]
'NLA.FR05.sourceHaarCorner' depends on axioms: [propext, Classical.choice, Quot.sound]
'NLA.FR05.continuous_sourceHaarCorner' depends on axioms: [propext, Classical.choice, Quot.sound]
'NLA.FR05.sourceOverlap_eq_corner' depends on axioms: [propext, Classical.choice, Quot.sound]
'NLA.FR05.sourceOverlapLaw_eq_haarCorner' depends on axioms: [propext, Classical.choice, Quot.sound]
'NLA.FR05.continuous_overlapFrobeniusSq' depends on axioms: [propext, Classical.choice, Quot.sound]
'NLA.FR05.continuous_overlapDeterminant' depends on axioms: [propext, Classical.choice, Quot.sound]
'NLA.FR05.measurableSet_overlapOperatorNorm_lt_one' depends on axioms: [propext, Classical.choice, Quot.sound]
'NLA.FR05.measurable_haarOverlapDensity' depends on axioms: [propext, Classical.choice, Quot.sound]
'NLA.FR05.sphereLebesgueDensity_nonneg' depends on axioms: [propext, Classical.choice, Quot.sound]
'NLA.FR05.sourceOverlapLaw_eq_density' depends on axioms: [propext, Classical.choice, Quot.sound]
'NLA.FR05.sourceOverlapLebesgueDensity' depends on axioms: [propext, Classical.choice, Quot.sound]
'NLA.FR05.lemma_3_5' depends on axioms: [propext, Classical.choice, Quot.sound]
'NLA.FR05.normalizedGaussian_projection_of_factor' depends on axioms: [propext, Classical.choice, Quot.sound]
'NLA.FR05.continuous_sourceComplementRows' depends on axioms: [propext, Classical.choice, Quot.sound]
'NLA.FR05.lintegral_sourceHaarCorner_conditioning' depends on axioms: [propext, Classical.choice, Quot.sound]
'NLA.FR05.normalizedFirstTwo_gaussian_law_of_le' depends on axioms: [propext, Classical.choice, Quot.sound]
'NLA.FR05.normalizedGaussian_orthonormal_projection' depends on axioms: [propext, Classical.choice, Quot.sound]
'NLA.FR05.sourceHaarFirstTwoCoordinates' depends on axioms: [propext, Classical.choice, Quot.sound]
'NLA.FR05.continuous_sourceHaarFirstTwoCoordinates' depends on axioms: [propext, Classical.choice, Quot.sound]
'NLA.FR05.sourceHaarFirstTwoCoordinates_law' depends on axioms: [propext, Classical.choice, Quot.sound]
'NLA.FR05.normalizedGaussianHead' depends on axioms: [propext, Classical.choice, Quot.sound]
'NLA.FR05.measurable_normalizedGaussianHead' depends on axioms: [propext, Classical.choice, Quot.sound]
'NLA.FR05.normalizedGaussianHead_phaseVector' depends on axioms: [propext, Classical.choice, Quot.sound]
'NLA.FR05.normalizedGaussianHead_law' depends on axioms: [propext, Classical.choice, Quot.sound]
'NLA.FR05.signalEnergy_splitSum' depends on axioms: [propext, Classical.choice, Quot.sound]
'NLA.FR05.normalizedFirstTwo' depends on axioms: [propext, Classical.choice, Quot.sound]
'NLA.FR05.measurable_normalizedFirstTwo' depends on axioms: [propext, Classical.choice, Quot.sound]
'NLA.FR05.normalizedFirstTwo_gaussian_law' depends on axioms: [propext, Classical.choice, Quot.sound]
'NLA.FR05.overlapOperatorNorm_sq_eq_spectrum_norm' depends on axioms: [propext, Classical.choice, Quot.sound]
'NLA.FR05.overlapOperatorNorm_lt_one_iff' depends on axioms: [propext, Classical.choice, Quot.sound]
'NLA.FR05.overlapColumnsEquiv' depends on axioms: [propext, Classical.choice, Quot.sound]
'NLA.FR05.volumePreserving_overlapColumnsEquiv' depends on axioms: [propext, Classical.choice, Quot.sound]
'NLA.FR05.lintegral_overlapMatrix_columns' depends on axioms: [propext, Classical.choice, Quot.sound]
'NLA.FR05.overlapOperatorNorm_matrixOfColumns_lt_one_iff' depends on axioms: [propext, Classical.choice, Quot.sound]
'NLA.FR05.haarOverlapDensity' depends on axioms: [propext, Classical.choice, Quot.sound]
'NLA.FR05.column_sphere_densities_product' depends on axioms: [propext, Classical.choice, Quot.sound]
'NLA.FR05.haarOverlapDensity_eq_zero_of_firstColumn' depends on axioms: [propext, Classical.choice, Quot.sound]
'NLA.FR05.sphereComplementFirst' depends on axioms: [propext, Classical.choice, Quot.sound]
'NLA.FR05.sphereComplementDet' depends on axioms: [propext, Classical.choice, Quot.sound]
'NLA.FR05.sphereComplementSecond' depends on axioms: [propext, Classical.choice, Quot.sound]
'NLA.FR05.sphereComplementSlope' depends on axioms: [propext, Classical.choice, Quot.sound]
'NLA.FR05.sphereComplementFactor' depends on axioms: [propext, Classical.choice, Quot.sound]
'NLA.FR05.sphereComplementFirst_pos' depends on axioms: [propext, Classical.choice, Quot.sound]
'NLA.FR05.sphereComplementDet_pos' depends on axioms: [propext, Classical.choice, Quot.sound]
'NLA.FR05.sphereComplementSecond_pos' depends on axioms: [propext, Classical.choice, Quot.sound]
'NLA.FR05.sphereComplementFactor_mulVec' depends on axioms: [propext, Classical.choice, Quot.sound]
'NLA.FR05.sphereComplementFactor_gram' depends on axioms: [propext, Classical.choice, Quot.sound]
'NLA.FR05.sphereComplementFactor_det_ne_zero' depends on axioms: [propext, Classical.choice, Quot.sound]
'NLA.FR05.sphereComplement_energy' depends on axioms: [propext, Classical.choice, Quot.sound]
'NLA.FR05.overlapFrobeniusSq_matrixOfColumns' depends on axioms: [propext, Classical.choice, Quot.sound]
'NLA.FR05.overlapDeterminant_matrixOfColumns' depends on axioms: [propext, Classical.choice, Quot.sound]
'NLA.FR05.ae_sphereProjectionLaw_energy' depends on axioms: [propext, Classical.choice, Quot.sound]
'NLA.FR05.ae_sourceHaarFirstTwoCoordinates_energy' depends on axioms: [propext, Classical.choice, Quot.sound]
'NLA.FR05.measurable_sphereComplementFactor' depends on axioms: [propext, Classical.choice, Quot.sound]
'NLA.FR05.sequentialSphereMap' depends on axioms: [propext, Classical.choice, Quot.sound]
'NLA.FR05.measurable_sequentialSphereMap' depends on axioms: [propext, Classical.choice, Quot.sound]
'NLA.FR05.lintegral_sourceHaarCorner_spheres' depends on axioms: [propext, Classical.choice, Quot.sound]
'NLA.FR05.sourceOverlapLaw_eq_sequentialSpheres' depends on axioms: [propext, Classical.choice, Quot.sound]
'NLA.FR05.simplexMagnitudeWeight' depends on axioms: [propext, Classical.choice, Quot.sound]
'NLA.FR05.simplexMagnitudeLaw' depends on axioms: [propext, Classical.choice, Quot.sound]
'NLA.FR05.gammaTripleWeight' depends on axioms: [propext, Classical.choice, Quot.sound]
'NLA.FR05.gammaTripleLaw' depends on axioms: [propext, Classical.choice, Quot.sound]
'NLA.FR05.simplexJointLaw' depends on axioms: [propext, Classical.choice, Quot.sound]
'NLA.FR05.continuous_simplexMagnitudeWeight' depends on axioms: [propext, Classical.choice, Quot.sound]
'NLA.FR05.continuous_gammaTripleWeight' depends on axioms: [propext, Classical.choice, Quot.sound]
'NLA.FR05.positiveOctant_eq_triple_preimage' depends on axioms: [propext, Classical.choice, Quot.sound]
'NLA.FR05.simplexRadiusDomain_eq_triple_preimage' depends on axioms: [propext, Classical.choice, Quot.sound]
'NLA.FR05.gammaTripleLaw_map_split' depends on axioms: [propext, Classical.choice, Quot.sound]
'NLA.FR05.simplexJointLaw_map_split' depends on axioms: [propext, Classical.choice, Quot.sound]
'NLA.FR05.simplex_joint_weight' depends on axioms: [propext, Classical.choice, Quot.sound]
'NLA.FR05.simplexJointLaw_map_radius' depends on axioms: [propext, Classical.choice, Quot.sound]
'NLA.FR05.normalizedMagnitudes' depends on axioms: [propext, Classical.choice, Quot.sound]
'NLA.FR05.measurable_normalizedMagnitudes' depends on axioms: [propext, Classical.choice, Quot.sound]
'NLA.FR05.gamma_pair_normalizedMagnitudes' depends on axioms: [propext, Classical.choice, Quot.sound]
'NLA.FR05.simplexRadiusMap' depends on axioms: [propext, Classical.choice, Quot.sound]
'NLA.FR05.simplexRadiusInverse' depends on axioms: [propext, Classical.choice, Quot.sound]
'NLA.FR05.simplexRadiusDerivative' depends on axioms: [propext, Classical.choice, Quot.sound]
'NLA.FR05.continuous_simplexRadiusMap' depends on axioms: [propext, Classical.choice, Quot.sound]
'NLA.FR05.measurable_simplexRadiusInverse' depends on axioms: [propext, Classical.choice, Quot.sound]
'NLA.FR05.hasFDerivAt_simplexRadiusMap' depends on axioms: [propext, Classical.choice, Quot.sound]
'NLA.FR05.simplexRadiusDerivative_det' depends on axioms: [propext, Classical.choice, Quot.sound]
'NLA.FR05.simplexRadiusInverse_map' depends on axioms: [propext, Classical.choice, Quot.sound]
'NLA.FR05.simplexRadiusMap_inverse' depends on axioms: [propext, Classical.choice, Quot.sound]
'NLA.FR05.simplexRadiusDomain' depends on axioms: [propext, Classical.choice, Quot.sound]
'NLA.FR05.positiveOctant' depends on axioms: [propext, Classical.choice, Quot.sound]
'NLA.FR05.measurableSet_simplexRadiusDomain' depends on axioms: [propext, Classical.choice, Quot.sound]
'NLA.FR05.measurableSet_positiveOctant' depends on axioms: [propext, Classical.choice, Quot.sound]
'NLA.FR05.simplexRadiusMap_injOn' depends on axioms: [propext, Classical.choice, Quot.sound]
'NLA.FR05.simplexRadiusMap_image' depends on axioms: [propext, Classical.choice, Quot.sound]
'NLA.FR05.simplexRadiusMap_volume' depends on axioms: [propext, Classical.choice, Quot.sound]
'NLA.FR05.sphereRadialWeight' depends on axioms: [propext, Classical.choice, Quot.sound]
'NLA.FR05.measurable_sphereRadialWeight' depends on axioms: [propext, Classical.choice, Quot.sound]
'NLA.FR05.sphereRadialWeight_nonneg' depends on axioms: [propext, Classical.choice, Quot.sound]
'NLA.FR05.simplexMagnitudeLaw_eq_gaussian_weight' depends on axioms: [propext, Classical.choice, Quot.sound]
'NLA.FR05.sphereProjectionLaw' depends on axioms: [propext, Classical.choice, Quot.sound]
'NLA.FR05.sphereProjectionLaw_eq_polar' depends on axioms: [propext, Classical.choice, Quot.sound]
'NLA.FR05.exists_sourceUnitary_extension' depends on axioms: [propext, Classical.choice, Quot.sound]
'NLA.FR05.exists_sourceUnitary_firstColumn' depends on axioms: [propext, Classical.choice, Quot.sound]
'NLA.FR05.twoFlatten' depends on axioms: [propext, Classical.choice, Quot.sound]
'NLA.FR05.volumePreserving_twoFlatten' depends on axioms: [propext, Classical.choice, Quot.sound]
'NLA.FR05.sum_sq_twoFlatten' depends on axioms: [propext, Classical.choice, Quot.sound]
'NLA.FR05.complexPairRealCoordinates' depends on axioms: [propext, Classical.choice, Quot.sound]
'NLA.FR05.volumePreserving_complexPairRealCoordinates' depends on axioms: [propext, Classical.choice, Quot.sound]
'NLA.FR05.sum_sq_complexPairRealCoordinates' depends on axioms: [propext, Classical.choice, Quot.sound]
'NLA.FR05.overlapRealCoordinates' depends on axioms: [propext, Classical.choice, Quot.sound]
'NLA.FR05.volumePreserving_overlapRealCoordinates' depends on axioms: [propext, Classical.choice, Quot.sound]
'NLA.FR05.overlapRealCoordinates_norm_sq' depends on axioms: [propext, Classical.choice, Quot.sound]
'NLA.FR05.integrable_matrix_gaussian' depends on axioms: [propext, Classical.choice, Quot.sound]
'NLA.FR05.integrable_matrix_quartic_gaussian' depends on axioms: [propext, Classical.choice, Quot.sound]
'NLA.FR05.matrix_local_integral_scale' depends on axioms: [propext, Classical.choice, Quot.sound]
'NLA.FR05.sourceTaylorConstant' depends on axioms: [propext, Classical.choice, Quot.sound]
'NLA.FR05.sourceTaylorConstant_pos' depends on axioms: [propext, Classical.choice, Quot.sound]
'NLA.FR05.sourceLocalRadius' depends on axioms: [propext, Classical.choice, Quot.sound]
'NLA.FR05.sourceLocalRadius_pos' depends on axioms: [propext, Classical.choice, Quot.sound]
'NLA.FR05.sourceLocalRadius_le' depends on axioms: [propext, Classical.choice, Quot.sound]
'NLA.FR05.source_local_remainder_small' depends on axioms: [propext, Classical.choice, Quot.sound]
'NLA.FR05.source_local_kernel_exp' depends on axioms: [propext, Classical.choice, Quot.sound]
'NLA.FR05.source_local_power_density' depends on axioms: [propext, Classical.choice, Quot.sound]
'NLA.FR05.tendsto_sourceEpsilon' depends on axioms: [propext, Classical.choice, Quot.sound]
'NLA.FR05.source_tail_parameters_small' depends on axioms: [propext, Classical.choice, Quot.sound]
'NLA.FR05.sourceOverlapPrefactor' depends on axioms: [propext, Classical.choice, Quot.sound]
'NLA.FR05.sourceOverlapPrefactor_nonneg' depends on axioms: [propext, Classical.choice, Quot.sound]
'NLA.FR05.sourceOverlapPrefactor_le' depends on axioms: [propext, Classical.choice, Quot.sound]
'NLA.FR05.sourceOverlapLebesgueDensity_nonneg' depends on axioms: [propext, Classical.choice, Quot.sound]
'NLA.FR05.measurable_sourceOverlapLebesgueDensity' depends on axioms: [propext, Classical.choice, Quot.sound]
'NLA.FR05.integral_sourceOverlapLaw_density' depends on axioms: [propext, Classical.choice, Quot.sound]
'NLA.FR05.sourceKernelDifference' depends on axioms: [propext, Classical.choice, Quot.sound]
'NLA.FR05.measurable_sourceKernelDifference' depends on axioms: [propext, Classical.choice, Quot.sound]
'NLA.FR05.integrable_sourceKernelDifference' depends on axioms: [propext, Classical.choice, Quot.sound]
'NLA.FR05.integrable_sourceWeightedKernelDifference' depends on axioms: [propext, Classical.choice, Quot.sound]
'NLA.FR05.source_local_weighted_difference' depends on axioms: [propext, Classical.choice, Quot.sound]
'NLA.FR05.sourceTailRate' depends on axioms: [propext, Classical.choice, Quot.sound]
'NLA.FR05.sourceTailRate_pos' depends on axioms: [propext, Classical.choice, Quot.sound]
'NLA.FR05.sourceTailCoefficient' depends on axioms: [propext, Classical.choice, Quot.sound]
'NLA.FR05.sourceTailCoefficient_pos' depends on axioms: [propext, Classical.choice, Quot.sound]
'NLA.FR05.source_tail_power_determinant' depends on axioms: [propext, Classical.choice, Quot.sound]
'NLA.FR05.source_tail_weighted_difference' depends on axioms: [propext, Classical.choice, Quot.sound]
'NLA.FR05.source_weighted_difference_majorant' depends on axioms: [propext, Classical.choice, Quot.sound]
'NLA.FR05.sourcePairComparisonConstant' depends on axioms: [propext, Classical.choice, Quot.sound]
'NLA.FR05.sourcePairComparisonConstant_pos' depends on axioms: [propext, Classical.choice, Quot.sound]
'NLA.FR05.integrable_source_local_majorant' depends on axioms: [propext, Classical.choice, Quot.sound]
'NLA.FR05.integral_source_local_majorant' depends on axioms: [propext, Classical.choice, Quot.sound]
'NLA.FR05.source_overlap_differences_le' depends on axioms: [propext, Classical.choice, Quot.sound]
'NLA.FR05.source_second_moment_comparisons' depends on axioms: [propext, Classical.choice, Quot.sound]
'NLA.FR05.proposition_3_2' depends on axioms: [propext, Classical.choice, Quot.sound]
