$ systemd-run --user --quiet --wait --pipe --collect -p 'RestrictAddressFamilies=~AF_UNIX' --working-directory /home/admin/nla-lean-tools/.verification-tmp/nla-fresh-proof-vftg2mf9/project /usr/bin/env -i PATH=/home/admin/.elan/toolchains/leanprover--lean4---v4.33.1/bin:/home/admin/.elan/bin:/home/admin/mf21-tools/go/bin:/usr/local/sbin:/usr/local/bin:/usr/sbin:/usr/bin:/sbin:/bin HOME=/home/admin LANG=C.UTF-8 XDG_RUNTIME_DIR=/run/user/1000 DBUS_SESSION_BUS_ADDRESS=unix:path=/run/user/1000/bus GIT_TERMINAL_PROMPT=0 GIT_CONFIG_NOSYSTEM=1 GIT_CONFIG_GLOBAL=/dev/null COMPARATOR_BIN=/home/admin/nla-lean-tools/.tools/comparator/.lake/build/bin/comparator COMPARATOR_LEAN4EXPORT=/home/admin/nla-lean-tools/.tools/lean4export/.lake/build/bin/lean4export COMPARATOR_LANDRUN=/home/admin/nla-lean-tools/scripts/strict_landrun.py XDG_CACHE_HOME=/home/admin/nla-lean-tools/.tools/cache TMPDIR=/home/admin/nla-lean-tools/.verification-tmp lake env /home/admin/nla-lean-tools/.tools/comparator/.lake/build/bin/comparator comparator.json
Building Challenge
✔ [3176/3178] Built NLA.IE21.Definitions (3.7s)
⚠ [3177/3178] Built Challenge (1.0s)
warning: Challenge.lean:15:8: declaration uses `sorry`
warning: Challenge.lean:20:8: declaration uses `sorry`
warning: Challenge.lean:27:8: declaration uses `sorry`
warning: Challenge.lean:32:8: declaration uses `sorry`
warning: Challenge.lean:36:8: declaration uses `sorry`
warning: Challenge.lean:43:8: declaration uses `sorry`
warning: Challenge.lean:53:8: declaration uses `sorry`
warning: Challenge.lean:60:8: declaration uses `sorry`
warning: Challenge.lean:67:8: declaration uses `sorry`
warning: Challenge.lean:72:8: declaration uses `sorry`
warning: Challenge.lean:79:8: declaration uses `sorry`
warning: Challenge.lean:87:8: declaration uses `sorry`
warning: Challenge.lean:96:8: declaration uses `sorry`
warning: Challenge.lean:102:8: declaration uses `sorry`
warning: Challenge.lean:107:8: declaration uses `sorry`
warning: Challenge.lean:115:8: declaration uses `sorry`
warning: Challenge.lean:120:8: declaration uses `sorry`
warning: Challenge.lean:125:8: declaration uses `sorry`
warning: Challenge.lean:131:8: declaration uses `sorry`
warning: Challenge.lean:142:8: declaration uses `sorry`
warning: Challenge.lean:152:8: declaration uses `sorry`
warning: Challenge.lean:167:8: declaration uses `sorry`
warning: Challenge.lean:177:8: declaration uses `sorry`
Build completed successfully (3178 jobs).
Exporting #[Quot, Quot.mk, Quot.lift, Quot.ind, NLA.IE21.surface_probability, NLA.IE21.gaussian_surface_correspondence, NLA.IE21.product_row_semantics, NLA.IE21.independent_row_transport, NLA.IE21.matrix_semantics, NLA.IE21.deletion_minimum, NLA.IE21.deletion_zero_cases, NLA.IE21.finite_trimming_semantics, NLA.IE21.directional_minimum, NLA.IE21.statistics_measurable, NLA.IE21.gaussian_constant, NLA.IE21.spherical_moments, NLA.IE21.spherical_quadratic_mgf, NLA.IE21.spherical_gaussian_trimming, NLA.IE21.pointwise_trim_concentration, NLA.IE21.sphere_net, NLA.IE21.covariance_concentration, NLA.IE21.uniform_trim_concentration, NLA.IE21.finite_size_bound, NLA.IE21.finite_size_independent_rows, NLA.IE21.aspect_schedule, NLA.IE21.spherical_ratio_limit, NLA.IE21.original_random_row_limit, propext, Classical.choice, Quot.sound, Nat.add, Nat.sub, Nat.mul, Nat.pow, Nat.gcd, Nat.div, Nat.mod, Nat.beq, Nat.ble, Nat.land, Nat.lor, Nat.xor, Nat.shiftLeft, Nat.shiftRight, String.ofList, Char.ofNat, List, eagerReduce, Nat, String, String.mk, Char, optParam, autoParam, semiOutParam, outParam] from Challenge
Building Solution
✔ [3707/3725] Built NLA.IE21.SphericalLaw (1.8s)
✔ [3708/3727] Built NLA.IE21.MatrixSemantics (2.2s)
✔ [3709/3729] Built NLA.IE21.GaussianTrimming (2.6s)
ℹ [3710/3732] Built NLA.IE21.SphereNet (2.7s)
info: NLA/IE21/SphereNet.lean:106:0: 'NLA.IE21.sphere_net' depends on axioms: [propext, Classical.choice, Quot.sound]
✔ [3711/3732] Built NLA.IE21.RowLaw (1.4s)
✔ [3712/3734] Built NLA.IE21.GaussianPolar (1.8s)
✔ [3713/3734] Built NLA.IE21.FiniteTrimming (2.3s)
✔ [3714/3738] Built NLA.IE21.BoundedConcentration (1.7s)
✔ [3715/3738] Built NLA.IE21.Chernoff (1.0s)
✔ [3716/3738] Built NLA.IE21.RatioAlgebra (1.4s)
✔ [3718/3741] Built NLA.IE21.GaussianMoments (1.7s)
✔ [3720/3741] Built NLA.IE21.QuadraticNet (2.2s)
✔ [3721/3741] Built NLA.IE21.SphericalMoments (1.7s)
ℹ [3722/3741] Built NLA.IE21.AspectSchedule (2.3s)
info: NLA/IE21/AspectSchedule.lean:176:0: 'NLA.IE21.aspect_schedule' depends on axioms: [propext, Classical.choice, Quot.sound]
✔ [3723/3741] Built NLA.IE21.PopulationTrimming (6.2s)
✔ [3724/3741] Built NLA.IE21.CovarianceConcentration (1.6s)
✔ [3725/3741] Built LeanCert.Tactic.Verification (2.0s)
✔ [3726/3741] Built NLA.IE21.PointwiseTrimmingSemantics (1.2s)
✔ [3727/3741] Built NLA.IE21.UniformTrimmingGeometry (2.4s)
✔ [3728/3741] Built NLA.IE21.AsymptoticTail (1.8s)
✔ [3729/3741] Built NLA.IE21.SphericalMGF (2.0s)
✔ [3730/3741] Built NLA.IE21.QuantileTrimming (2.6s)
✔ [3731/3741] Built NLA.IE21.FiniteSizeGeometry (1.3s)
✔ [3732/3741] Built NLA.IE21.UniformTrimmingBound (1.4s)
✔ [3733/3741] Built NLA.IE21.SphericalTrimming (1.0s)
✔ [3734/3741] Built NLA.IE21.Covariance (1.0s)
✔ [3735/3741] Built NLA.IE21.EmpiricalTrimming (1.3s)
✔ [3736/3741] Built NLA.IE21.TrimmingConcentration (2.3s)
✔ [3737/3741] Built NLA.IE21.PointwiseTrimming (949ms)
✔ [3738/3741] Built NLA.IE21.UniformTrimming (942ms)
✔ [3739/3741] Built NLA.IE21.FiniteSize (952ms)
ℹ [3740/3741] Built Solution (1.0s)
info: Solution.lean:14:0: 'NLA.IE21.surface_probability' depends on axioms: [propext, Classical.choice, Quot.sound]
info: Solution.lean:16:0: 'NLA.IE21.gaussian_surface_correspondence' depends on axioms: [propext, Classical.choice, Quot.sound]
info: Solution.lean:18:0: 'NLA.IE21.product_row_semantics' depends on axioms: [propext, Classical.choice, Quot.sound]
info: Solution.lean:20:0: 'NLA.IE21.independent_row_transport' depends on axioms: [propext, Classical.choice, Quot.sound]
info: Solution.lean:22:0: 'NLA.IE21.matrix_semantics' depends on axioms: [propext, Classical.choice, Quot.sound]
info: Solution.lean:24:0: 'NLA.IE21.deletion_minimum' depends on axioms: [propext, Classical.choice, Quot.sound]
info: Solution.lean:26:0: 'NLA.IE21.deletion_zero_cases' depends on axioms: [propext, Classical.choice, Quot.sound]
info: Solution.lean:28:0: 'NLA.IE21.finite_trimming_semantics' depends on axioms: [propext, Classical.choice, Quot.sound]
info: Solution.lean:30:0: 'NLA.IE21.directional_minimum' depends on axioms: [propext, Classical.choice, Quot.sound]
info: Solution.lean:32:0: 'NLA.IE21.statistics_measurable' depends on axioms: [propext, Classical.choice, Quot.sound]
info: Solution.lean:34:0: 'NLA.IE21.gaussian_constant' depends on axioms: [propext, Classical.choice, Quot.sound]
info: Solution.lean:36:0: 'NLA.IE21.spherical_moments' depends on axioms: [propext, Classical.choice, Quot.sound]
info: Solution.lean:38:0: 'NLA.IE21.spherical_quadratic_mgf' depends on axioms: [propext, Classical.choice, Quot.sound]
info: Solution.lean:40:0: 'NLA.IE21.spherical_gaussian_trimming' depends on axioms: [propext, Classical.choice, Quot.sound]
info: Solution.lean:42:0: 'NLA.IE21.pointwise_trim_concentration' depends on axioms: [propext, Classical.choice, Quot.sound]
info: Solution.lean:44:0: 'NLA.IE21.sphere_net' depends on axioms: [propext, Classical.choice, Quot.sound]
info: Solution.lean:46:0: 'NLA.IE21.covariance_concentration' depends on axioms: [propext, Classical.choice, Quot.sound]
info: Solution.lean:48:0: 'NLA.IE21.uniform_trim_concentration' depends on axioms: [propext, Classical.choice, Quot.sound]
info: Solution.lean:50:0: 'NLA.IE21.finite_size_bound' depends on axioms: [propext, Classical.choice, Quot.sound]
info: Solution.lean:52:0: 'NLA.IE21.finite_size_independent_rows' depends on axioms: [propext, Classical.choice, Quot.sound]
info: Solution.lean:54:0: 'NLA.IE21.aspect_schedule' depends on axioms: [propext, Classical.choice, Quot.sound]
info: Solution.lean:56:0: 'NLA.IE21.spherical_ratio_limit' depends on axioms: [propext, Classical.choice, Quot.sound]
info: Solution.lean:58:0: 'NLA.IE21.original_random_row_limit' depends on axioms: [propext, Classical.choice, Quot.sound]
Build completed successfully (3741 jobs).
Exporting #[Quot, Quot.mk, Quot.lift, Quot.ind, NLA.IE21.surface_probability, NLA.IE21.gaussian_surface_correspondence, NLA.IE21.product_row_semantics, NLA.IE21.independent_row_transport, NLA.IE21.matrix_semantics, NLA.IE21.deletion_minimum, NLA.IE21.deletion_zero_cases, NLA.IE21.finite_trimming_semantics, NLA.IE21.directional_minimum, NLA.IE21.statistics_measurable, NLA.IE21.gaussian_constant, NLA.IE21.spherical_moments, NLA.IE21.spherical_quadratic_mgf, NLA.IE21.spherical_gaussian_trimming, NLA.IE21.pointwise_trim_concentration, NLA.IE21.sphere_net, NLA.IE21.covariance_concentration, NLA.IE21.uniform_trim_concentration, NLA.IE21.finite_size_bound, NLA.IE21.finite_size_independent_rows, NLA.IE21.aspect_schedule, NLA.IE21.spherical_ratio_limit, NLA.IE21.original_random_row_limit, propext, Classical.choice, Quot.sound, Nat.add, Nat.sub, Nat.mul, Nat.pow, Nat.gcd, Nat.div, Nat.mod, Nat.beq, Nat.ble, Nat.land, Nat.lor, Nat.xor, Nat.shiftLeft, Nat.shiftRight, String.ofList, Char.ofNat, List, eagerReduce, Nat, String, String.mk, Char, optParam, autoParam, semiOutParam, outParam] from Solution
Running Lean default kernel on solution.
Lean default kernel accepts the solution
Your solution is okay!

EXIT_STATUS=0
