$ lake exe cache get
✔ [1/5] Built Cache.Cli (110ms)
✔ [2/5] Built Cache.Lean (126ms)
✔ [6/26] Built Cache.Infra (184ms)
✔ [7/26] Built Cache.Cli:c.o (112ms)
✔ [8/26] Built Cache.Lean:c.o (138ms)
✔ [9/26] Built Cache.Infra:c.o (68ms)
✔ [10/26] Built Batteries.Tactic.OpenPrivate (348ms)
✔ [11/26] Built Cache.IO (481ms)
✔ [12/26] Built Batteries.Tactic.OpenPrivate:c.o (460ms)
✔ [13/26] Built Cache.Hashing (273ms)
✔ [14/26] Built Cache.Hashing:c.o (170ms)
✔ [15/26] Built Cache.IO:c.o (603ms)
✔ [16/26] Built Cache.Requests (702ms)
✔ [17/26] Built Cache.Marker (203ms)
✔ [18/26] Built Cache.Marker:c.o (46ms)
✔ [19/26] Built Cache.Query (240ms)
✔ [20/26] Built Cache.Query:c.o (122ms)
✔ [21/26] Built Cache.Warning (241ms)
✔ [22/26] Built Cache.Warning:c.o (108ms)
✔ [23/26] Built Cache.Main (423ms)
✔ [24/26] Built Cache.Requests:c.o (1.1s)
✔ [25/26] Built Cache.Main:c.o (340ms)
✔ [26/26] Built cache:exe (528ms)
Current branch: HEAD
Using cache from origin: (some leanprover-community/mathlib4)
Decompressing 8689 already-cached file(s) (1 already decompressed)
No files to download
Decompressed 8689 already-cached file(s)
Completed successfully in 11400 ms!

EXIT_STATUS=0
