Local cached development check only; frozen statements and all 31 vendored IE21 sources byte-checked. No Linux verification claim.
COMMAND ["/private/tmp/nla-campaign-toolchain/lean-4.33.1-darwin_aarch64/bin/lean", "-o", "/private/tmp/nla-ie22-root-proof-build/NLA/IE22/DeterministicSchedule.olean", "NLA/IE22/DeterministicSchedule.lean"]
NLA/IE22/DeterministicSchedule.lean:25:44: error: Tactic `rewrite` failed: Did not find an occurrence of the pattern
  (↑n ^ ?y) ^ ?z
in the target expression
  (↑n).rpow (-(1 / 6)) ^ ↑k = (↑n).rpow (-(1 / 6) * ↑k)

n : ℕ
hn : 1 ≤ n
hnpos : 0 < ↑n
k : ℕ
⊢ (↑n).rpow (-(1 / 6)) ^ ↑k = (↑n).rpow (-(1 / 6) * ↑k)
NLA/IE22/DeterministicSchedule.lean:29:8: error: Tactic `rewrite` failed: Did not find an occurrence of the pattern
  ↑n ^ ?y * ↑n ^ ?z
in the target expression
  ↑n ^ 1 * (↑n).rpow (-(1 / 6) * ↑6) = 1

case refine_1
n : ℕ
hn : 1 ≤ n
hnpos : 0 < ↑n
hp : ∀ (k : ℕ), errorSchedule n ^ k = (↑n).rpow (-(1 / 6) * ↑k)
⊢ ↑n ^ 1 * (↑n).rpow (-(1 / 6) * ↑6) = 1
NLA/IE22/DeterministicSchedule.lean:31:12: error: Tactic `rewrite` failed: Did not find an occurrence of the pattern
  ↑n ^ ?y * ↑n ^ ?z
in the target expression
  (↑n).rpow (2 / 3) * (↑n).rpow (-(1 / 6) * ↑4) = 1

case refine_2
n : ℕ
hn : 1 ≤ n
hnpos : 0 < ↑n
hp : ∀ (k : ℕ), errorSchedule n ^ k = (↑n).rpow (-(1 / 6) * ↑k)
⊢ (↑n).rpow (2 / 3) * (↑n).rpow (-(1 / 6) * ↑4) = 1
EXIT 1
