Local cached development check only; frozen statements and all 31 vendored IE21 sources byte-checked. No Linux verification claim.
COMMAND ["/private/tmp/nla-campaign-toolchain/lean-4.33.1-darwin_aarch64/bin/lean", "-o", "/private/tmp/nla-ie22-root-proof-build/NLA/IE22/DeterministicSchedule.olean", "NLA/IE22/DeterministicSchedule.lean"]
NLA/IE22/DeterministicSchedule.lean:62:10: error: Invalid projection: Projections extract constructor fields for one-constructor inductive types. The expression
  Nat.le_floor ?m.454
has type `Nat.le ?m.453 ⌊?m.452⌋₊` which is not a one-constructor inductive type.
NLA/IE22/DeterministicSchedule.lean:62:24: error: Application type mismatch: The argument
  hs0
has type
  0 ≤ s
but is expected to have type
  ↑?m.453 ≤ ?m.452
in the application
  Nat.le_floor hs0
NLA/IE22/DeterministicSchedule.lean:100:48: error: linarith failed to find a contradiction
θ : ℝ
hθ : 0 < θ ∧ θ < 1
n : ℕ
hn : 1 ≤ n
d : ℝ := errorSchedule n
r : ℕ := deletionSchedule n
L : ℝ := truncationScale θ
right✝ : (↑n).rpow (2 / 3) * errorSchedule n ^ 4 = 1
left✝¹ : 1 ≤ deletionSchedule n
hrn : deletionSchedule n < n
left✝ : ↑(deletionSchedule n) ≤ ↑n * errorSchedule n ^ 2
hdim : ↑n / 2 ≤ ↑(n - deletionSchedule n)
hdpos : 0 < d
hd : d ≤ 1 / 2
hn6 : ↑n * d ^ 6 = 1
hrinv : 1 / (↑r + 1) ≤ d ^ 4
hgap : 0 < 1 - θ
hL : 0 ≤ L
hnpos : 0 < ↑n
hdimpos : 0 < ↑(n - r)
hdinv : 1 / ↑(n - r) ≤ 2 * d ^ 6
a✝ : 2 * d ^ 4 < 2 / (↑r + 1)
⊢ False
failed
NLA/IE22/DeterministicSchedule.lean:105:30: error: `field_simp` made no progress on the goal
NLA/IE22/DeterministicSchedule.lean:108:30: error: `field_simp` made no progress on the goal
EXIT 1
