Local cached development check only; frozen statements and all 31 vendored IE21 sources byte-checked. No Linux verification claim.
COMMAND ["/private/tmp/nla-campaign-toolchain/lean-4.33.1-darwin_aarch64/bin/lean", "-o", "/private/tmp/nla-ie22-root-proof-build/NLA/IE22/Definitions.olean", "NLA/IE22/Definitions.lean"]
EXIT 0
COMMAND ["/private/tmp/nla-campaign-toolchain/lean-4.33.1-darwin_aarch64/bin/lean", "-o", "/private/tmp/nla-ie22-root-proof-build/NLA/IE22/SupremumSemantics.olean", "NLA/IE22/SupremumSemantics.lean"]
NLA/IE22/SupremumSemantics.lean:77:8: error: linarith failed to find a contradiction
θ : ℝ
hθ : 0 < θ ∧ θ < 1
m n : ℕ
hm : 1 ≤ m
hn : 1 ≤ n
A : Mat m n
hA : UnitRows A
S : Finset (Fin m)
x : Space n
hS : S.card = retainedRows θ m
hx : ‖x‖ = 1
heq : deletionSingular θ A = retainedNorm A S x
i : Fin m
hi : i ∈ S
hb : |((matrixMap A) x).ofLp i| ≤ 1
a✝ : 1 < ((matrixMap A) x).ofLp i ^ 2
⊢ False
failed
EXIT 1
