Definitions

GaussianNull
'NLA.IE06.GaussianNull.polynomial_ne_zero_ae' depends on axioms: [propext, Classical.choice, Quot.sound]
'NLA.IE06.GaussianNull.gaussian_minor_det_ne_zero' depends on axioms: [propext, Classical.choice, Quot.sound]
'NLA.IE06.gaussianMatrix_singular_null_proved' depends on axioms: [propext, Classical.choice, Quot.sound]

GaussianQuadratic
'NLA.IE06.GaussianQuadratic.scalar_quadratic_mgf' depends on axioms: [propext, Classical.choice, Quot.sound]
'NLA.IE06.GaussianQuadratic.weighted_quadratic_mgf' depends on axioms: [propext, Classical.choice, Quot.sound]
'NLA.IE06.GaussianQuadratic.scalar_mgf_bound' depends on axioms: [propext, Classical.choice, Quot.sound]
'NLA.IE06.GaussianQuadratic.weighted_mgf_bound' depends on axioms: [propext, Classical.choice, Quot.sound]
'NLA.IE06.GaussianQuadratic.weighted_square_tail' depends on axioms: [propext, Classical.choice, Quot.sound]

GaussianFrobenius
'NLA.IE06.GaussianFrobenius.centered_gaussian_frobenius_tail' depends on axioms: [propext, Classical.choice, Quot.sound]

GaussianSmallest
'NLA.IE06.GaussianSmallest.stdGaussian_density' depends on axioms: [propext, Classical.choice, Quot.sound]
'NLA.IE06.GaussianSmallest.gaussian_norm_moment' depends on axioms: [propext, Classical.choice, Quot.sound]
'NLA.IE06.GaussianSmallest.gaussian_inverse_norm_moment' depends on axioms: [propext, Classical.choice, Quot.sound]
'NLA.IE06.GaussianSmallest.gaussian_sumSquares_moment' depends on axioms: [propext, Classical.choice, Quot.sound]
'NLA.IE06.GaussianSmallest.gaussian_inverse_sumSquares_moment' depends on axioms: [propext,
 Classical.choice,
 Quot.sound]

GaussianRegression
'NLA.IE06.GaussianRegression.gram_posDef_ae' depends on axioms: [propext, Classical.choice, Quot.sound]
'NLA.IE06.GaussianRegression.rotateColumns_measurePreserving' depends on axioms: [propext, Classical.choice, Quot.sound]
'NLA.IE06.GaussianRegression.inverse_gram_first_diagonal' depends on axioms: [propext, Classical.choice, Quot.sound]
'NLA.IE06.GaussianRegression.projected_inverse_norm_moment' depends on axioms: [propext, Classical.choice, Quot.sound]
'NLA.IE06.GaussianRegression.residual_inverse_norm_moment' depends on axioms: [propext, Classical.choice, Quot.sound]
'NLA.IE06.GaussianRegression.inverse_gram_first_moment' depends on axioms: [propext, Classical.choice, Quot.sound]
'NLA.IE06.GaussianRegression.directionalQuadratic_rotateColumns' depends on axioms: [propext,
 Classical.choice,
 Quot.sound]
'NLA.IE06.GaussianRegression.directional_inverse_gram_moment' depends on axioms: [propext, Classical.choice, Quot.sound]

Spectral
'NLA.IE06.Spectral.euclideanMap' depends on axioms: [propext, Classical.choice, Quot.sound]
'NLA.IE06.Spectral.opNorm' depends on axioms: [propext, Classical.choice, Quot.sound]
'NLA.IE06.Spectral.singularValue' depends on axioms: [propext, Classical.choice, Quot.sound]
'NLA.IE06.Spectral.pinv' depends on axioms: [propext, Classical.choice, Quot.sound]
'NLA.IE06.Spectral.opNorm_eq_l2' depends on axioms: [propext, Classical.choice, Quot.sound]
'NLA.IE06.Spectral.opNorm_nonneg' depends on axioms: [propext, Classical.choice, Quot.sound]
'NLA.IE06.Spectral.singularValue_nonneg' depends on axioms: [propext, Classical.choice, Quot.sound]
'NLA.IE06.Spectral.singularValue_antitone' depends on axioms: [propext, Classical.choice, Quot.sound]
'NLA.IE06.Spectral.singularValue_pos_iff' depends on axioms: [propext, Classical.choice, Quot.sound]
'NLA.IE06.Spectral.singularValue_eq_zero_iff' depends on axioms: [propext, Classical.choice, Quot.sound]
'NLA.IE06.Spectral.pinv_spectral_formula' depends on axioms: [propext, Classical.choice, Quot.sound]
'NLA.IE06.Spectral.pinv_eq_gram_inverse' depends on axioms: [propext, Classical.choice, Quot.sound]
'NLA.IE06.Spectral.mul_pinv_eq_one' depends on axioms: [propext, Classical.choice, Quot.sound]
'NLA.IE06.Spectral.pinv_gram' depends on axioms: [propext, Classical.choice, Quot.sound]
'NLA.IE06.Spectral.opNorm_pinv_sq_eq_gram_inverse' depends on axioms: [propext, Classical.choice, Quot.sound]
'NLA.IE06.Spectral.pinv_eq_gram_inverse_of_posDef' depends on axioms: [propext, Classical.choice, Quot.sound]
'NLA.IE06.Spectral.opNorm_pinv_sq_eq_gram_inverse_of_posDef' depends on axioms: [propext, Classical.choice, Quot.sound]
'NLA.IE06.Spectral.gram_posDef_of_surjective' depends on axioms: [propext, Classical.choice, Quot.sound]

Vendor/SLT/MatrixInfra/Basic
'Matrix.singularValues' depends on axioms: [propext, Classical.choice, Quot.sound]
'Matrix.singularValues_toEuclideanLin' depends on axioms: [propext, Classical.choice, Quot.sound]
'Matrix.singularValues_nonneg' depends on axioms: [propext, Classical.choice, Quot.sound]
'Matrix.singularValues_antitone' depends on axioms: [propext, Classical.choice, Quot.sound]
'Matrix.singularValues_fin' depends on axioms: [propext, Classical.choice, Quot.sound]
'Matrix.singularValues_of_card_le' depends on axioms: [propext, Classical.choice, Quot.sound]
'Matrix.sq_singularValues_fin' depends on axioms: [propext, Classical.choice, Quot.sound]
'Matrix.hasEigenvalue_adjoint_comp_self_sq_singularValues' depends on axioms: [propext, Classical.choice, Quot.sound]
'Matrix.conjTranspose_mul_self_toEuclideanLin' depends on axioms: [propext, Classical.choice, Quot.sound]
'Matrix.hasEigenvalue_conjTranspose_mul_self_sq_singularValues' depends on axioms: [propext,
 Classical.choice,
 Quot.sound]
'Matrix.support_singularValues' depends on axioms: [propext, Classical.choice, Quot.sound]
'Matrix.singularValues_pos_iff_lt_finrank_range' depends on axioms: [propext, Classical.choice, Quot.sound]
'Matrix.singularValues_eq_zero_iff_le_finrank_range' depends on axioms: [propext, Classical.choice, Quot.sound]
'Matrix.injective_toEuclideanLin_iff_singularValues_pos' depends on axioms: [propext, Classical.choice, Quot.sound]
'Matrix.rightSingularVectorBasis' depends on axioms: [propext, Classical.choice, Quot.sound]
'Matrix.adjoint_comp_self_apply_rightSingularVectorBasis' depends on axioms: [propext, Classical.choice, Quot.sound]
'Matrix.leftSingularVector' depends on axioms: [propext, Classical.choice, Quot.sound]
'Matrix.apply_rightSingularVectorBasis_eq_smul_leftSingularVector' depends on axioms: [propext,
 Classical.choice,
 Quot.sound]
'Matrix.apply_rightSingularVectorBasis_eq_zero_of_singularValues_eq_zero' depends on axioms: [propext,
 Classical.choice,
 Quot.sound]
'Matrix.apply_rightSingularVectorBasis_eq_smul_leftSingularVector'' depends on axioms: [propext,
 Classical.choice,
 Quot.sound]
'Matrix.norm_apply_rightSingularVectorBasis' depends on axioms: [propext, Classical.choice, Quot.sound]
'Matrix.norm_leftSingularVector_of_singularValues_ne_zero' depends on axioms: [propext, Classical.choice, Quot.sound]
'Matrix.orthonormal_leftSingularVector_of_singularValues_ne_zero' depends on axioms: [propext,
 Classical.choice,
 Quot.sound]
'Matrix.toEuclideanLin_apply_eq_sum_singularValue_leftSingularVector' depends on axioms: [propext,
 Classical.choice,
 Quot.sound]
'Matrix.toEuclideanLin_apply_eq_sum_singularValue_rankOne' depends on axioms: [propext, Classical.choice, Quot.sound]
'Matrix.vecMulVec_star_toEuclideanLin_eq_rankOne' depends on axioms: [propext, Classical.choice, Quot.sound]
'Matrix.eq_sum_singularValue_vecMulVec' depends on axioms: [propext, Classical.choice, Quot.sound]
'Matrix.leftSingularMatrix' depends on axioms: [propext, Classical.choice, Quot.sound]
'Matrix.singularValueDiagonalMatrix' depends on axioms: [propext, Classical.choice, Quot.sound]
'Matrix.rightSingularMatrix' depends on axioms: [propext, Classical.choice, Quot.sound]
'Matrix.rightSingularMatrix_conjTranspose_mul_self' depends on axioms: [propext, Classical.choice, Quot.sound]
'Matrix.rightSingularMatrix_mul_conjTranspose' depends on axioms: [propext, Classical.choice, Quot.sound]
'Matrix.eq_leftSingularMatrix_mul_diagonal_mul_conjTranspose_rightSingularMatrix' depends on axioms: [propext,
 Classical.choice,
 Quot.sound]
'Matrix.adjoint_comp_self_apply_eq_sum_sq_singularValue_rankOne' depends on axioms: [propext,
 Classical.choice,
 Quot.sound]
'Matrix.conjTranspose_mul_self_eq_sum_sq_singularValue_vecMulVec' depends on axioms: [propext,
 Classical.choice,
 Quot.sound]
'Matrix.mul_conjTranspose_toEuclideanLin' depends on axioms: [propext, Classical.choice, Quot.sound]
'Matrix.self_adjoint_apply_eq_sum_sq_singularValue_leftRankOne' depends on axioms: [propext,
 Classical.choice,
 Quot.sound]
'Matrix.mul_conjTranspose_eq_sum_sq_singularValue_vecMulVec' depends on axioms: [propext, Classical.choice, Quot.sound]
'Matrix.self_adjoint_apply_leftSingularVector' depends on axioms: [propext, Classical.choice, Quot.sound]
'Matrix.IsHermitian.eigenvaluesToEuclideanLin' depends on axioms: [propext, Classical.choice, Quot.sound]
'Matrix.IsHermitian.eigenvectorBasisToEuclideanLin' depends on axioms: [propext, Classical.choice, Quot.sound]
'Matrix.IsHermitian.apply_eigenvectorBasisToEuclideanLin' depends on axioms: [propext, Classical.choice, Quot.sound]
'Matrix.IsHermitian.spectral_decomposition_toEuclideanLin' depends on axioms: [propext, Classical.choice, Quot.sound]
'Matrix.IsHermitian.eq_sum_eigenvalue_vecMulVec' depends on axioms: [propext, Classical.choice, Quot.sound]
'Submodule.starProjection_isSymmetricProjection' depends on axioms: [propext, Classical.choice, Quot.sound]
'Submodule.starProjection_eq_self_iff_mem' depends on axioms: [propext, Classical.choice, Quot.sound]
'Submodule.orthogonalProjectionOnto_apply_eq_sum' depends on axioms: [propext, Classical.choice, Quot.sound]
'Submodule.orthogonalProjectionOnto_eq_sum_rankOne' depends on axioms: [propext, Classical.choice, Quot.sound]
'Submodule.starProjection_apply_eq_sum' depends on axioms: [propext, Classical.choice, Quot.sound]
'Submodule.starProjection_eq_sum_rankOne' depends on axioms: [propext, Classical.choice, Quot.sound]

Vendor/SLT/MatrixInfra/CourantFischer
NLA/IE06/Vendor/SLT/MatrixInfra/CourantFischer.lean:195:2: warning: Try this: 
  haveI̵

The goal is a proposition, so `have` is preferred over `haveI`.
The difference between `have` and `haveI` is that `haveI` inlines the value.
But this is not relevant for proofs because of proof irrelevance.

Note: This linter can be disabled with `set_option linter.style.haveILetI false`
NLA/IE06/Vendor/SLT/MatrixInfra/CourantFischer.lean:208:2: warning: Try this: 
  haveI̵

The goal is a proposition, so `have` is preferred over `haveI`.
The difference between `have` and `haveI` is that `haveI` inlines the value.
But this is not relevant for proofs because of proof irrelevance.

Note: This linter can be disabled with `set_option linter.style.haveILetI false`
NLA/IE06/Vendor/SLT/MatrixInfra/CourantFischer.lean:222:2: warning: Try this: 
  haveI̵

The goal is a proposition, so `have` is preferred over `haveI`.
The difference between `have` and `haveI` is that `haveI` inlines the value.
But this is not relevant for proofs because of proof irrelevance.

Note: This linter can be disabled with `set_option linter.style.haveILetI false`
NLA/IE06/Vendor/SLT/MatrixInfra/CourantFischer.lean:225:2: warning: Try this: 
  haveI̵

The goal is a proposition, so `have` is preferred over `haveI`.
The difference between `have` and `haveI` is that `haveI` inlines the value.
But this is not relevant for proofs because of proof irrelevance.

Note: This linter can be disabled with `set_option linter.style.haveILetI false`
NLA/IE06/Vendor/SLT/MatrixInfra/CourantFischer.lean:241:2: warning: Try this: 
  haveI̵

The goal is a proposition, so `have` is preferred over `haveI`.
The difference between `have` and `haveI` is that `haveI` inlines the value.
But this is not relevant for proofs because of proof irrelevance.

Note: This linter can be disabled with `set_option linter.style.haveILetI false`
NLA/IE06/Vendor/SLT/MatrixInfra/CourantFischer.lean:244:2: warning: Try this: 
  haveI̵

The goal is a proposition, so `have` is preferred over `haveI`.
The difference between `have` and `haveI` is that `haveI` inlines the value.
But this is not relevant for proofs because of proof irrelevance.

Note: This linter can be disabled with `set_option linter.style.haveILetI false`
NLA/IE06/Vendor/SLT/MatrixInfra/CourantFischer.lean:278:2: warning: Try this: 
  haveI̵

The goal is a proposition, so `have` is preferred over `haveI`.
The difference between `have` and `haveI` is that `haveI` inlines the value.
But this is not relevant for proofs because of proof irrelevance.

Note: This linter can be disabled with `set_option linter.style.haveILetI false`
NLA/IE06/Vendor/SLT/MatrixInfra/CourantFischer.lean:309:2: warning: Try this: 
  haveI̵

The goal is a proposition, so `have` is preferred over `haveI`.
The difference between `have` and `haveI` is that `haveI` inlines the value.
But this is not relevant for proofs because of proof irrelevance.

Note: This linter can be disabled with `set_option linter.style.haveILetI false`
NLA/IE06/Vendor/SLT/MatrixInfra/CourantFischer.lean:340:2: warning: Try this: 
  haveI̵

The goal is a proposition, so `have` is preferred over `haveI`.
The difference between `have` and `haveI` is that `haveI` inlines the value.
But this is not relevant for proofs because of proof irrelevance.

Note: This linter can be disabled with `set_option linter.style.haveILetI false`
NLA/IE06/Vendor/SLT/MatrixInfra/CourantFischer.lean:343:2: warning: Try this: 
  haveI̵

The goal is a proposition, so `have` is preferred over `haveI`.
The difference between `have` and `haveI` is that `haveI` inlines the value.
But this is not relevant for proofs because of proof irrelevance.

Note: This linter can be disabled with `set_option linter.style.haveILetI false`
NLA/IE06/Vendor/SLT/MatrixInfra/CourantFischer.lean:381:2: warning: Try this: 
  haveI̵

The goal is a proposition, so `have` is preferred over `haveI`.
The difference between `have` and `haveI` is that `haveI` inlines the value.
But this is not relevant for proofs because of proof irrelevance.

Note: This linter can be disabled with `set_option linter.style.haveILetI false`
NLA/IE06/Vendor/SLT/MatrixInfra/CourantFischer.lean:384:2: warning: Try this: 
  haveI̵

The goal is a proposition, so `have` is preferred over `haveI`.
The difference between `have` and `haveI` is that `haveI` inlines the value.
But this is not relevant for proofs because of proof irrelevance.

Note: This linter can be disabled with `set_option linter.style.haveILetI false`
NLA/IE06/Vendor/SLT/MatrixInfra/CourantFischer.lean:508:2: warning: Try this: 
  haveI̵

The goal is a proposition, so `have` is preferred over `haveI`.
The difference between `have` and `haveI` is that `haveI` inlines the value.
But this is not relevant for proofs because of proof irrelevance.

Note: This linter can be disabled with `set_option linter.style.haveILetI false`
NLA/IE06/Vendor/SLT/MatrixInfra/CourantFischer.lean:521:2: warning: Try this: 
  haveI̵

The goal is a proposition, so `have` is preferred over `haveI`.
The difference between `have` and `haveI` is that `haveI` inlines the value.
But this is not relevant for proofs because of proof irrelevance.

Note: This linter can be disabled with `set_option linter.style.haveILetI false`
NLA/IE06/Vendor/SLT/MatrixInfra/CourantFischer.lean:535:2: warning: Try this: 
  haveI̵

The goal is a proposition, so `have` is preferred over `haveI`.
The difference between `have` and `haveI` is that `haveI` inlines the value.
But this is not relevant for proofs because of proof irrelevance.

Note: This linter can be disabled with `set_option linter.style.haveILetI false`
NLA/IE06/Vendor/SLT/MatrixInfra/CourantFischer.lean:538:2: warning: Try this: 
  haveI̵

The goal is a proposition, so `have` is preferred over `haveI`.
The difference between `have` and `haveI` is that `haveI` inlines the value.
But this is not relevant for proofs because of proof irrelevance.

Note: This linter can be disabled with `set_option linter.style.haveILetI false`
NLA/IE06/Vendor/SLT/MatrixInfra/CourantFischer.lean:554:2: warning: Try this: 
  haveI̵

The goal is a proposition, so `have` is preferred over `haveI`.
The difference between `have` and `haveI` is that `haveI` inlines the value.
But this is not relevant for proofs because of proof irrelevance.

Note: This linter can be disabled with `set_option linter.style.haveILetI false`
NLA/IE06/Vendor/SLT/MatrixInfra/CourantFischer.lean:557:2: warning: Try this: 
  haveI̵

The goal is a proposition, so `have` is preferred over `haveI`.
The difference between `have` and `haveI` is that `haveI` inlines the value.
But this is not relevant for proofs because of proof irrelevance.

Note: This linter can be disabled with `set_option linter.style.haveILetI false`
NLA/IE06/Vendor/SLT/MatrixInfra/CourantFischer.lean:590:2: warning: Try this: 
  haveI̵

The goal is a proposition, so `have` is preferred over `haveI`.
The difference between `have` and `haveI` is that `haveI` inlines the value.
But this is not relevant for proofs because of proof irrelevance.

Note: This linter can be disabled with `set_option linter.style.haveILetI false`
NLA/IE06/Vendor/SLT/MatrixInfra/CourantFischer.lean:621:2: warning: Try this: 
  haveI̵

The goal is a proposition, so `have` is preferred over `haveI`.
The difference between `have` and `haveI` is that `haveI` inlines the value.
But this is not relevant for proofs because of proof irrelevance.

Note: This linter can be disabled with `set_option linter.style.haveILetI false`
NLA/IE06/Vendor/SLT/MatrixInfra/CourantFischer.lean:652:2: warning: Try this: 
  haveI̵

The goal is a proposition, so `have` is preferred over `haveI`.
The difference between `have` and `haveI` is that `haveI` inlines the value.
But this is not relevant for proofs because of proof irrelevance.

Note: This linter can be disabled with `set_option linter.style.haveILetI false`
NLA/IE06/Vendor/SLT/MatrixInfra/CourantFischer.lean:655:2: warning: Try this: 
  haveI̵

The goal is a proposition, so `have` is preferred over `haveI`.
The difference between `have` and `haveI` is that `haveI` inlines the value.
But this is not relevant for proofs because of proof irrelevance.

Note: This linter can be disabled with `set_option linter.style.haveILetI false`
NLA/IE06/Vendor/SLT/MatrixInfra/CourantFischer.lean:693:2: warning: Try this: 
  haveI̵

The goal is a proposition, so `have` is preferred over `haveI`.
The difference between `have` and `haveI` is that `haveI` inlines the value.
But this is not relevant for proofs because of proof irrelevance.

Note: This linter can be disabled with `set_option linter.style.haveILetI false`
NLA/IE06/Vendor/SLT/MatrixInfra/CourantFischer.lean:696:2: warning: Try this: 
  haveI̵

The goal is a proposition, so `have` is preferred over `haveI`.
The difference between `have` and `haveI` is that `haveI` inlines the value.
But this is not relevant for proofs because of proof irrelevance.

Note: This linter can be disabled with `set_option linter.style.haveILetI false`
NLA/IE06/Vendor/SLT/MatrixInfra/CourantFischer.lean:1023:2: warning: Try this: 
  haveI̵

The goal is a proposition, so `have` is preferred over `haveI`.
The difference between `have` and `haveI` is that `haveI` inlines the value.
But this is not relevant for proofs because of proof irrelevance.

Note: This linter can be disabled with `set_option linter.style.haveILetI false`
NLA/IE06/Vendor/SLT/MatrixInfra/CourantFischer.lean:1025:2: warning: Try this: 
  haveI̵

The goal is a proposition, so `have` is preferred over `haveI`.
The difference between `have` and `haveI` is that `haveI` inlines the value.
But this is not relevant for proofs because of proof irrelevance.

Note: This linter can be disabled with `set_option linter.style.haveILetI false`
NLA/IE06/Vendor/SLT/MatrixInfra/CourantFischer.lean:1035:4: warning: Try this: 
  haveI̵

The goal is a proposition, so `have` is preferred over `haveI`.
The difference between `have` and `haveI` is that `haveI` inlines the value.
But this is not relevant for proofs because of proof irrelevance.

Note: This linter can be disabled with `set_option linter.style.haveILetI false`
NLA/IE06/Vendor/SLT/MatrixInfra/CourantFischer.lean:1087:2: warning: Try this: 
  haveI̵

The goal is a proposition, so `have` is preferred over `haveI`.
The difference between `have` and `haveI` is that `haveI` inlines the value.
But this is not relevant for proofs because of proof irrelevance.

Note: This linter can be disabled with `set_option linter.style.haveILetI false`
NLA/IE06/Vendor/SLT/MatrixInfra/CourantFischer.lean:1089:2: warning: Try this: 
  haveI̵

The goal is a proposition, so `have` is preferred over `haveI`.
The difference between `have` and `haveI` is that `haveI` inlines the value.
But this is not relevant for proofs because of proof irrelevance.

Note: This linter can be disabled with `set_option linter.style.haveILetI false`
NLA/IE06/Vendor/SLT/MatrixInfra/CourantFischer.lean:1099:4: warning: Try this: 
  haveI̵

The goal is a proposition, so `have` is preferred over `haveI`.
The difference between `have` and `haveI` is that `haveI` inlines the value.
But this is not relevant for proofs because of proof irrelevance.

Note: This linter can be disabled with `set_option linter.style.haveILetI false`
NLA/IE06/Vendor/SLT/MatrixInfra/CourantFischer.lean:1395:2: warning: Try this: 
  haveI̵

The goal is a proposition, so `have` is preferred over `haveI`.
The difference between `have` and `haveI` is that `haveI` inlines the value.
But this is not relevant for proofs because of proof irrelevance.

Note: This linter can be disabled with `set_option linter.style.haveILetI false`
NLA/IE06/Vendor/SLT/MatrixInfra/CourantFischer.lean:1397:2: warning: Try this: 
  haveI̵

The goal is a proposition, so `have` is preferred over `haveI`.
The difference between `have` and `haveI` is that `haveI` inlines the value.
But this is not relevant for proofs because of proof irrelevance.

Note: This linter can be disabled with `set_option linter.style.haveILetI false`
NLA/IE06/Vendor/SLT/MatrixInfra/CourantFischer.lean:1407:4: warning: Try this: 
  haveI̵

The goal is a proposition, so `have` is preferred over `haveI`.
The difference between `have` and `haveI` is that `haveI` inlines the value.
But this is not relevant for proofs because of proof irrelevance.

Note: This linter can be disabled with `set_option linter.style.haveILetI false`
NLA/IE06/Vendor/SLT/MatrixInfra/CourantFischer.lean:1461:2: warning: Try this: 
  haveI̵

The goal is a proposition, so `have` is preferred over `haveI`.
The difference between `have` and `haveI` is that `haveI` inlines the value.
But this is not relevant for proofs because of proof irrelevance.

Note: This linter can be disabled with `set_option linter.style.haveILetI false`
NLA/IE06/Vendor/SLT/MatrixInfra/CourantFischer.lean:1463:2: warning: Try this: 
  haveI̵

The goal is a proposition, so `have` is preferred over `haveI`.
The difference between `have` and `haveI` is that `haveI` inlines the value.
But this is not relevant for proofs because of proof irrelevance.

Note: This linter can be disabled with `set_option linter.style.haveILetI false`
NLA/IE06/Vendor/SLT/MatrixInfra/CourantFischer.lean:1473:4: warning: Try this: 
  haveI̵

The goal is a proposition, so `have` is preferred over `haveI`.
The difference between `have` and `haveI` is that `haveI` inlines the value.
But this is not relevant for proofs because of proof irrelevance.

Note: This linter can be disabled with `set_option linter.style.haveILetI false`
'Submodule.exists_ne_zero_mem_inf_of_finrank_lt_add_finrank' depends on axioms: [propext, Classical.choice, Quot.sound]
'Submodule.exists_span_singleton_eq_of_finrank_eq_one' depends on axioms: [propext, Classical.choice, Quot.sound]
'LinearMap.rayleighQuotient' depends on axioms: [propext, Classical.choice, Quot.sound]
'LinearMap.rayleighQuotient_toContinuousLinearMap' depends on axioms: [propext, Classical.choice, Quot.sound]
'LinearMap.rayleighQuotient_smul' depends on axioms: [propext, Classical.choice, Quot.sound]
'LinearMap.bddAbove_range_rayleighQuotient' depends on axioms: [propext, Classical.choice, Quot.sound]
'LinearMap.bddBelow_range_rayleighQuotient' depends on axioms: [propext, Classical.choice, Quot.sound]
'LinearMap.minRayleighQuotientOn' depends on axioms: [propext, Classical.choice, Quot.sound]
'LinearMap.maxRayleighQuotientOn' depends on axioms: [propext, Classical.choice, Quot.sound]
'LinearMap.bddAbove_range_rayleighQuotientOn' depends on axioms: [propext, Classical.choice, Quot.sound]
'LinearMap.bddBelow_range_rayleighQuotientOn' depends on axioms: [propext, Classical.choice, Quot.sound]
'LinearMap.minRayleighQuotientOn_le_of_mem' depends on axioms: [propext, Classical.choice, Quot.sound]
'LinearMap.le_maxRayleighQuotientOn_of_mem' depends on axioms: [propext, Classical.choice, Quot.sound]
'LinearMap.rayleighQuotient_eq_of_mem_span_singleton' depends on axioms: [propext, Classical.choice, Quot.sound]
'LinearMap.minRayleighQuotientOn_span_singleton' depends on axioms: [propext, Classical.choice, Quot.sound]
'LinearMap.maxRayleighQuotientOn_span_singleton' depends on axioms: [propext, Classical.choice, Quot.sound]
'LinearMap.minRayleighQuotientOn_top' depends on axioms: [propext, Classical.choice, Quot.sound]
'LinearMap.maxRayleighQuotientOn_top' depends on axioms: [propext, Classical.choice, Quot.sound]
'LinearMap.courantFischerMaxMin' depends on axioms: [propext, Classical.choice, Quot.sound]
'LinearMap.courantFischerMinMax' depends on axioms: [propext, Classical.choice, Quot.sound]
'LinearMap.courantFischerMaxMin_finrank' depends on axioms: [propext, Classical.choice, Quot.sound]
'LinearMap.courantFischerMinMax_finrank' depends on axioms: [propext, Classical.choice, Quot.sound]
'LinearMap.courantFischerMaxMin_one' depends on axioms: [propext, Classical.choice, Quot.sound]
'LinearMap.courantFischerMinMax_one' depends on axioms: [propext, Classical.choice, Quot.sound]
'LinearMap.singularQuotient' depends on axioms: [propext, Classical.choice, Quot.sound]
'LinearMap.sq_singularQuotient_eq_rayleighQuotient_adjoint_comp_self' depends on axioms: [propext,
 Classical.choice,
 Quot.sound]
'LinearMap.singularQuotient_smul' depends on axioms: [propext, Classical.choice, Quot.sound]
'LinearMap.minSingularQuotientOn' depends on axioms: [propext, Classical.choice, Quot.sound]
'LinearMap.maxSingularQuotientOn' depends on axioms: [propext, Classical.choice, Quot.sound]
'LinearMap.bddAbove_range_singularQuotient' depends on axioms: [propext, Classical.choice, Quot.sound]
'LinearMap.bddBelow_range_singularQuotient' depends on axioms: [propext, Classical.choice, Quot.sound]
'LinearMap.bddAbove_range_singularQuotientOn' depends on axioms: [propext, Classical.choice, Quot.sound]
'LinearMap.bddBelow_range_singularQuotientOn' depends on axioms: [propext, Classical.choice, Quot.sound]
'LinearMap.minSingularQuotientOn_le_of_mem' depends on axioms: [propext, Classical.choice, Quot.sound]
'LinearMap.le_maxSingularQuotientOn_of_mem' depends on axioms: [propext, Classical.choice, Quot.sound]
'LinearMap.singularQuotient_eq_of_mem_span_singleton' depends on axioms: [propext, Classical.choice, Quot.sound]
'LinearMap.minSingularQuotientOn_span_singleton' depends on axioms: [propext, Classical.choice, Quot.sound]
'LinearMap.maxSingularQuotientOn_span_singleton' depends on axioms: [propext, Classical.choice, Quot.sound]
'LinearMap.minSingularQuotientOn_top' depends on axioms: [propext, Classical.choice, Quot.sound]
'LinearMap.maxSingularQuotientOn_top' depends on axioms: [propext, Classical.choice, Quot.sound]
'LinearMap.singularCourantFischerMaxMin' depends on axioms: [propext, Classical.choice, Quot.sound]
'LinearMap.singularCourantFischerMinMax' depends on axioms: [propext, Classical.choice, Quot.sound]
'LinearMap.singularCourantFischerMaxMin_finrank' depends on axioms: [propext, Classical.choice, Quot.sound]
'LinearMap.singularCourantFischerMinMax_finrank' depends on axioms: [propext, Classical.choice, Quot.sound]
'LinearMap.singularCourantFischerMaxMin_one' depends on axioms: [propext, Classical.choice, Quot.sound]
'LinearMap.singularCourantFischerMinMax_one' depends on axioms: [propext, Classical.choice, Quot.sound]
'LinearMap.IsSymmetric.leadingEigenSubspace' depends on axioms: [propext, Classical.choice, Quot.sound]
'LinearMap.IsSymmetric.eigenvectorBasis_mem_leadingEigenSubspace' depends on axioms: [propext,
 Classical.choice,
 Quot.sound]
'LinearMap.IsSymmetric.finrank_leadingEigenSubspace' depends on axioms: [propext, Classical.choice, Quot.sound]
'LinearMap.IsSymmetric.trailingEigenSubspace' depends on axioms: [propext, Classical.choice, Quot.sound]
'LinearMap.IsSymmetric.eigenvectorBasis_mem_trailingEigenSubspace' depends on axioms: [propext,
 Classical.choice,
 Quot.sound]
'LinearMap.IsSymmetric.finrank_trailingEigenSubspace' depends on axioms: [propext, Classical.choice, Quot.sound]
'LinearMap.IsSymmetric.exists_ne_zero_mem_inf_trailingEigenSubspace_of_finrank_eq_succ' depends on axioms: [propext,
 Classical.choice,
 Quot.sound]
'LinearMap.IsSymmetric.exists_ne_zero_mem_inf_leadingEigenSubspace_of_finrank_eq_sub' depends on axioms: [propext,
 Classical.choice,
 Quot.sound]
'LinearMap.IsSymmetric.eigenvalues_le_leadingEigenSubspace_index' depends on axioms: [propext,
 Classical.choice,
 Quot.sound]
'LinearMap.IsSymmetric.eigenvalues_trailingEigenSubspace_index_le' depends on axioms: [propext,
 Classical.choice,
 Quot.sound]
'LinearMap.IsSymmetric.re_inner_apply_self_eq_sum_eigenvalues_mul_norm_sq_repr' depends on axioms: [propext,
 Classical.choice,
 Quot.sound]
'LinearMap.IsSymmetric.norm_sq_eq_sum_norm_sq_repr' depends on axioms: [propext, Classical.choice, Quot.sound]
'LinearMap.IsSymmetric.eigenvectorBasis_repr_eq_zero_of_mem_leadingEigenSubspace' depends on axioms: [propext,
 Classical.choice,
 Quot.sound]
'LinearMap.IsSymmetric.eigenvectorBasis_repr_eq_zero_of_mem_trailingEigenSubspace' depends on axioms: [propext,
 Classical.choice,
 Quot.sound]
'LinearMap.IsSymmetric.eigenvalues_le_rayleighQuotient_of_mem_leadingEigenSubspace' depends on axioms: [propext,
 Classical.choice,
 Quot.sound]
'LinearMap.IsSymmetric.rayleighQuotient_le_eigenvalues_of_mem_trailingEigenSubspace' depends on axioms: [propext,
 Classical.choice,
 Quot.sound]
'LinearMap.IsSymmetric.eigenvalues_eq_courantFischerMaxMin_succ' depends on axioms: [propext,
 Classical.choice,
 Quot.sound]
'LinearMap.IsSymmetric.eigenvalues_eq_courantFischerMinMax_sub' depends on axioms: [propext,
 Classical.choice,
 Quot.sound]
'LinearMap.IsSymmetric.hasEigenvalue_iSup_rayleigh' depends on axioms: [propext, Classical.choice, Quot.sound]
'LinearMap.IsSymmetric.hasEigenvalue_iInf_rayleigh' depends on axioms: [propext, Classical.choice, Quot.sound]
'LinearMap.IsSymmetric.rayleighQuotient_eigenvectorBasis' depends on axioms: [propext, Classical.choice, Quot.sound]
'LinearMap.IsSymmetric.eigenvalues_zero_eq_iSup_rayleighQuotient' depends on axioms: [propext,
 Classical.choice,
 Quot.sound]
'LinearMap.IsSymmetric.eigenvalues_last_eq_iInf_rayleighQuotient' depends on axioms: [propext,
 Classical.choice,
 Quot.sound]
'LinearMap.IsSymmetric.eigenvalues_zero_eq_courantFischerMinMax_finrank' depends on axioms: [propext,
 Classical.choice,
 Quot.sound]
'LinearMap.IsSymmetric.eigenvalues_last_eq_courantFischerMaxMin_finrank' depends on axioms: [propext,
 Classical.choice,
 Quot.sound]
'LinearMap.IsSymmetric.eigenvalues_zero_eq_courantFischerMaxMin_one' depends on axioms: [propext,
 Classical.choice,
 Quot.sound]
'LinearMap.IsSymmetric.eigenvalues_last_eq_courantFischerMinMax_one' depends on axioms: [propext,
 Classical.choice,
 Quot.sound]
'LinearMap.IsSymmetric.apply_eq_sum_eigenvalue_rankOne' depends on axioms: [propext, Classical.choice, Quot.sound]
'LinearMap.IsSymmetric.spectral_decomposition_toMatrix' depends on axioms: [propext, Classical.choice, Quot.sound]
'LinearMap.singularValues_le_singularQuotient_of_mem_gram_leadingEigenSubspace' depends on axioms: [propext,
 Classical.choice,
 Quot.sound]
'LinearMap.singularQuotient_le_singularValues_of_mem_gram_trailingEigenSubspace' depends on axioms: [propext,
 Classical.choice,
 Quot.sound]
'LinearMap.singularValues_eq_singularCourantFischerMaxMin_succ' depends on axioms: [propext,
 Classical.choice,
 Quot.sound]
'LinearMap.singularValues_eq_singularCourantFischerMinMax_sub' depends on axioms: [propext,
 Classical.choice,
 Quot.sound]
'Matrix.singularQuotient_rightSingularVectorBasis' depends on axioms: [propext, Classical.choice, Quot.sound]

SpectralStacking
'NLA.IE06.SpectralStacking.singular_lower_of_subspace' depends on axioms: [propext, Classical.choice, Quot.sound]
'NLA.IE06.SpectralStacking.norm_le_singularValue_mul_of_mem_trailing' depends on axioms: [propext,
 Classical.choice,
 Quot.sound]
'NLA.IE06.SpectralStacking.singularValue_mul_norm_le_of_mem_leading' depends on axioms: [propext,
 Classical.choice,
 Quot.sound]
'NLA.IE06.SpectralStacking.adjoint_lower_on_image' depends on axioms: [propext, Classical.choice, Quot.sound]
'NLA.IE06.SpectralStacking.adjoint_upper_off_image' depends on axioms: [propext, Classical.choice, Quot.sound]
'NLA.IE06.SpectralStacking.injective_of_norm_lower' depends on axioms: [propext, Classical.choice, Quot.sound]
'NLA.IE06.SpectralStacking.exists_good_subspace' depends on axioms: [propext, Classical.choice, Quot.sound]
'NLA.IE06.SpectralStacking.exists_bounded_rightInverse' depends on axioms: [propext, Classical.choice, Quot.sound]
'NLA.IE06.SpectralStacking.projection_comp_adjoint' depends on axioms: [propext, Classical.choice, Quot.sound]
'NLA.IE06.SpectralStacking.projection_norm_le_of_adjoint' depends on axioms: [propext, Classical.choice, Quot.sound]
'NLA.IE06.SpectralStacking.exists_lifted_subspace' depends on axioms: [propext, Classical.choice, Quot.sound]
'NLA.IE06.SpectralStacking.norm_stack_sq' depends on axioms: [propext, Classical.choice, Quot.sound]
'NLA.IE06.SpectralStacking.norm_map_of_orthonormal_columns' depends on axioms: [propext, Classical.choice, Quot.sound]
'NLA.IE06.SpectralStacking.spectral_stacking' depends on axioms: [propext, Classical.choice, Quot.sound]

KyFan
'NLA.IE06.KyFan.frobeniusNorm' depends on axioms: [propext, Classical.choice, Quot.sound]
'NLA.IE06.KyFan.frobeniusNorm_eq_sqrt_sq' depends on axioms: [propext, Classical.choice, Quot.sound]
'NLA.IE06.KyFan.frobeniusNorm_eq_norm' depends on axioms: [propext, Classical.choice, Quot.sound]
'NLA.IE06.KyFan.frobeniusNorm_nonneg' depends on axioms: [propext, Classical.choice, Quot.sound]
'NLA.IE06.KyFan.frobeniusNorm_sq' depends on axioms: [propext, Classical.choice, Quot.sound]
'NLA.IE06.KyFan.entries' depends on axioms: [propext, Classical.choice, Quot.sound]
'NLA.IE06.KyFan.norm_entries' depends on axioms: [propext, Classical.choice, Quot.sound]
'NLA.IE06.KyFan.frobeniusNorm_conjTranspose' depends on axioms: [propext, Classical.choice, Quot.sound]
'NLA.IE06.KyFan.opNorm_conjTranspose' depends on axioms: [propext, Classical.choice, Quot.sound]
'NLA.IE06.KyFan.frobeniusNorm_sq_columns' depends on axioms: [propext, Classical.choice, Quot.sound]
'NLA.IE06.KyFan.frobeniusNorm_mul_left' depends on axioms: [propext, Classical.choice, Quot.sound]
'NLA.IE06.KyFan.frobeniusNorm_mul_right' depends on axioms: [propext, Classical.choice, Quot.sound]
'NLA.IE06.KyFan.frobeniusNorm_one' depends on axioms: [propext, Classical.choice, Quot.sound]
'NLA.IE06.KyFan.frobeniusNorm_le_sqrt_rows_opNorm' depends on axioms: [propext, Classical.choice, Quot.sound]
'NLA.IE06.KyFan.contractionValues' depends on axioms: [propext, Classical.choice, Quot.sound]
'NLA.IE06.KyFan.kyFan' depends on axioms: [propext, Classical.choice, Quot.sound]
'NLA.IE06.KyFan.contractionValues_nonempty' depends on axioms: [propext, Classical.choice, Quot.sound]
'NLA.IE06.KyFan.contraction_frobenius_le' depends on axioms: [propext, Classical.choice, Quot.sound]
'NLA.IE06.KyFan.contractionValues_bddAbove' depends on axioms: [propext, Classical.choice, Quot.sound]
'NLA.IE06.KyFan.contraction_le_kyFan' depends on axioms: [propext, Classical.choice, Quot.sound]
'NLA.IE06.KyFan.kyFan_le_sqrt_mul_opNorm' depends on axioms: [propext, Classical.choice, Quot.sound]
'NLA.IE06.KyFan.kyFan_nonneg' depends on axioms: [propext, Classical.choice, Quot.sound]
'NLA.IE06.KyFan.kyFan_zero' depends on axioms: [propext, Classical.choice, Quot.sound]
'NLA.IE06.KyFan.kyFan_le_add' depends on axioms: [propext, Classical.choice, Quot.sound]
'NLA.IE06.KyFan.kyFan_abs_sub_le' depends on axioms: [propext, Classical.choice, Quot.sound]
'NLA.IE06.KyFan.kyFan_mul_abs_sub_le' depends on axioms: [propext, Classical.choice, Quot.sound]
'NLA.IE06.KyFan.rowMatrix' depends on axioms: [propext, Classical.choice, Quot.sound]
'NLA.IE06.KyFan.rowMatrix_apply' depends on axioms: [propext, Classical.choice, Quot.sound]
'NLA.IE06.KyFan.rowMatrix_contraction' depends on axioms: [propext, Classical.choice, Quot.sound]
'NLA.IE06.KyFan.rowMatrix_mul_row' depends on axioms: [propext, Classical.choice, Quot.sound]
'NLA.IE06.KyFan.frobeniusNorm_sq_rowMatrix_mul' depends on axioms: [propext, Classical.choice, Quot.sound]
'NLA.IE06.KyFan.adjoint_leftSingularVector' depends on axioms: [propext, Classical.choice, Quot.sound]
'NLA.IE06.KyFan.sqrt_mul_singularValue_le_kyFan' depends on axioms: [propext, Classical.choice, Quot.sound]
'NLA.IE06.KyFan.matrixOfEntries' depends on axioms: [propext, Classical.choice, Quot.sound]
'NLA.IE06.KyFan.frobeniusNorm_matrixOfEntries_sub' depends on axioms: [propext, Classical.choice, Quot.sound]
'NLA.IE06.KyFan.kyFan_lipschitz' depends on axioms: [propext, Classical.choice, Quot.sound]
'NLA.IE06.KyFan.kyFan_mul_lipschitz' depends on axioms: [propext, Classical.choice, Quot.sound]
'NLA.IE06.KyFan.opNorm_le_frobeniusNorm' depends on axioms: [propext, Classical.choice, Quot.sound]
'NLA.IE06.KyFan.opNorm_abs_sub_le_frobeniusNorm' depends on axioms: [propext, Classical.choice, Quot.sound]
'NLA.IE06.KyFan.opNorm_mul_lipschitz' depends on axioms: [propext, Classical.choice, Quot.sound]

RightInverseBounds
'NLA.IE06.RightInverseBounds.opNorm_projection_le_one' depends on axioms: [propext, Classical.choice, Quot.sound]
'NLA.IE06.RightInverseBounds.gram_posDef_of_rightInverse' depends on axioms: [propext, Classical.choice, Quot.sound]
'NLA.IE06.RightInverseBounds.pinv_projection' depends on axioms: [propext, Classical.choice, Quot.sound]
'NLA.IE06.RightInverseBounds.pinv_norms_le_rightInverse' depends on axioms: [propext, Classical.choice, Quot.sound]
'NLA.IE06.RightInverseBounds.append' depends on axioms: [propext, Classical.choice, Quot.sound]
'NLA.IE06.RightInverseBounds.stack' depends on axioms: [propext, Classical.choice, Quot.sound]
'NLA.IE06.RightInverseBounds.append_mul_stack' depends on axioms: [propext, Classical.choice, Quot.sound]
'NLA.IE06.RightInverseBounds.stack_gram' depends on axioms: [propext, Classical.choice, Quot.sound]
'NLA.IE06.RightInverseBounds.opNorm_stack_sq_le' depends on axioms: [propext, Classical.choice, Quot.sound]
'NLA.IE06.RightInverseBounds.frobeniusNorm_stack_sq' depends on axioms: [propext, Classical.choice, Quot.sound]
'NLA.IE06.RightInverseBounds.opNorm_orthonormal_columns_le_one' depends on axioms: [propext,
 Classical.choice,
 Quot.sound]
'NLA.IE06.RightInverseBounds.frobeniusNorm_le_sqrt_columns_opNorm' depends on axioms: [propext,
 Classical.choice,
 Quot.sound]
'NLA.IE06.RightInverseBounds.frobeniusNorm_sub_mul_sq' depends on axioms: [propext, Classical.choice, Quot.sound]
'NLA.IE06.RightInverseBounds.appendRightInverse' depends on axioms: [propext, Classical.choice, Quot.sound]
'NLA.IE06.RightInverseBounds.append_mul_rightInverse' depends on axioms: [propext, Classical.choice, Quot.sound]
'NLA.IE06.RightInverseBounds.appendRightInverse_bounds' depends on axioms: [propext, Classical.choice, Quot.sound]
