{
  "selected_job_checks": "PASS",
  "complete_inputs": 173,
  "exports": 8,
  "original_archives": [
    {
      "name": "lean-checker-controls",
      "id": 10306627955,
      "sha256": "55dd2ca9c189c2b5fda8d8785cbf0177a74f77cdc26d0f12f03a3c4c11526f8d",
      "file_count": 10
    },
    {
      "name": "lean-MI-03",
      "id": 10306413755,
      "sha256": "ca9ae612e2b9daef185d7d23fcfe2930c6a73b3cdbefa2b77bb24108ffc74e8d",
      "file_count": 13
    }
  ],
  "overall_run_success_observed": true
}
