'NLA.IE06.GaussianPivotConditioning.rowLabels' depends on axioms: [propext, Classical.choice, Quot.sound]
'NLA.IE06.GaussianPivotConditioning.rowLabels_succ' depends on axioms: [propext, Classical.choice, Quot.sound]
'NLA.IE06.GaussianPivotConditioning.rowLabels_prefix_congr' depends on axioms: [propext, Classical.choice, Quot.sound]
'NLA.IE06.GaussianPivotConditioning.rowLabels_earlier' depends on axioms: [propext, Classical.choice, Quot.sound]
'NLA.IE06.GaussianPivotConditioning.pivotOrder' depends on axioms: [propext, Classical.choice, Quot.sound]
'NLA.IE06.GaussianPivotConditioning.pivotOrder_stage' depends on axioms: [propext, Classical.choice, Quot.sound]
'NLA.IE06.GaussianPivotConditioning.pivotOrder_columns_congr' depends on axioms: [propext, Classical.choice, Quot.sound]
'NLA.IE06.GaussianPivotConditioning.measurable_pivotOrder_coordinate' depends on axioms: [propext,
 Classical.choice,
 Quot.sound]
'NLA.IE06.GaussianPivotConditioning.orderEvent' depends on axioms: [propext, Classical.choice, Quot.sound]
'NLA.IE06.GaussianPivotConditioning.measurableSet_orderEvent' depends on axioms: [propext, Classical.choice, Quot.sound]
'NLA.IE06.GaussianPivotConditioning.orderEvent_partition' depends on axioms: [propext, Classical.choice, Quot.sound]
'NLA.IE06.GaussianPivotConditioning.orderEvent_disjoint' depends on axioms: [propext, Classical.choice, Quot.sound]
'NLA.IE06.GaussianPivotConditioning.RemainingRows' does not depend on any axioms
'NLA.IE06.GaussianPivotConditioning.prefixRows' depends on axioms: [propext, Classical.choice, Quot.sound]
'NLA.IE06.GaussianPivotConditioning.selectedBlock' depends on axioms: [propext, Classical.choice, Quot.sound]
'NLA.IE06.GaussianPivotConditioning.remainingBlock' depends on axioms: [propext, Classical.choice, Quot.sound]
'NLA.IE06.GaussianPivotConditioning.gaussian_coordinates_map' depends on axioms: [propext, Classical.choice, Quot.sound]
'NLA.IE06.GaussianPivotConditioning.gaussian_prefixRows_map' depends on axioms: [propext, Classical.choice, Quot.sound]
'NLA.IE06.GaussianPivotConditioning.fixed_blocks_joint_law' depends on axioms: [propext, Classical.choice, Quot.sound]
'NLA.IE06.GaussianPivotConditioning.upperRow' depends on axioms: [propext, Classical.choice, Quot.sound]
'NLA.IE06.GaussianPivotConditioning.pivotValue' depends on axioms: [propext, Classical.choice, Quot.sound]
'NLA.IE06.GaussianPivotConditioning.residualMap' depends on axioms: [propext, Classical.choice, Quot.sound]
'NLA.IE06.GaussianPivotConditioning.multiplier' depends on axioms: [propext, Classical.choice, Quot.sound]
'NLA.IE06.GaussianPivotConditioning.residualMap_succ' depends on axioms: [propext, Classical.choice, Quot.sound]
'NLA.IE06.GaussianPivotConditioning.truncationBody' depends on axioms: [propext, Classical.choice, Quot.sound]
'NLA.IE06.GaussianPivotConditioning.strictTruncationBody' depends on axioms: [propext, Classical.choice, Quot.sound]
'NLA.IE06.GaussianPivotConditioning.truncationBody_closed' depends on axioms: [propext, Classical.choice, Quot.sound]
'NLA.IE06.GaussianPivotConditioning.truncationBody_convex' depends on axioms: [propext, Classical.choice, Quot.sound]
'NLA.IE06.GaussianPivotConditioning.truncationBody_symmetric' depends on axioms: [propext, Classical.choice, Quot.sound]
'NLA.IE06.GaussianPivotConditioning.strictTruncationBody_open' depends on axioms: [propext,
 Classical.choice,
 Quot.sound]
'NLA.IE06.GaussianPivotConditioning.zero_mem_strictTruncationBody' depends on axioms: [propext,
 Classical.choice,
 Quot.sound]
'NLA.IE06.GaussianPivotConditioning.strictTruncationBody_subset' depends on axioms: [propext,
 Classical.choice,
 Quot.sound]
'NLA.IE06.GaussianPivotConditioning.measurable_upperRow' depends on axioms: [propext, Classical.choice, Quot.sound]
'NLA.IE06.GaussianPivotConditioning.measurable_pivotValue' depends on axioms: [propext, Classical.choice, Quot.sound]
'NLA.IE06.GaussianPivotConditioning.measurable_residualMap_apply' depends on axioms: [propext,
 Classical.choice,
 Quot.sound]
'NLA.IE06.GaussianPivotConditioning.measurable_multiplier' depends on axioms: [propext, Classical.choice, Quot.sound]
'NLA.IE06.GaussianPivotConditioning.measurableSet_truncationBody_joint' depends on axioms: [propext,
 Classical.choice,
 Quot.sound]
'NLA.IE06.GaussianPivotConditioning.gaussianVector_open_positive' depends on axioms: [propext,
 Classical.choice,
 Quot.sound]
'NLA.IE06.GaussianPivotConditioning.truncationBody_mass_pos' depends on axioms: [propext, Classical.choice, Quot.sound]
'NLA.IE06.GaussianPivotConditioning.linear_nonzero_level_null' depends on axioms: [propext,
 Classical.choice,
 Quot.sound]
'NLA.IE06.GaussianPivotConditioning.truncationBody_boundary_null' depends on axioms: [propext,
 Classical.choice,
 Quot.sound]
'NLA.IE06.GaussianPivotConditioning.remainingRows_card' depends on axioms: [propext, Classical.choice, Quot.sound]
'NLA.IE06.GaussianPivotConditioning.product_restriction_normalized' depends on axioms: [propext,
 Classical.choice,
 Quot.sound]
'NLA.IE06.GaussianPivotConditioning.product_restriction_lintegral' depends on axioms: [propext,
 Classical.choice,
 Quot.sound]
'NLA.IE06.GaussianPivotConditioning.fiber_directional_subGaussian' depends on axioms: [propext,
 Classical.choice,
 Quot.sound]
'NLA.IE06.GaussianPivotConditioning.fiber_quadratic_tail' depends on axioms: [propext, Classical.choice, Quot.sound]
'NLA.IE06.GaussianPivotConditioning.residualMap_row_eq_trajectory' depends on axioms: [propext,
 Classical.choice,
 Quot.sound]
'NLA.IE06.GaussianPivotConditioning.measurable_truncationBody_mass' depends on axioms: [propext,
 Classical.choice,
 Quot.sound]
'NLA.IE06.GaussianPivotConditioning.trajectory_prefix_residual' depends on axioms: [propext,
 Classical.choice,
 Quot.sound]
'NLA.IE06.GaussianPivotConditioning.firstTrajectory_prefix_residual' depends on axioms: [propext,
 Classical.choice,
 Quot.sound]
'NLA.IE06.GaussianPivotConditioning.multiplier_apply' depends on axioms: [propext, Classical.choice, Quot.sound]
'NLA.IE06.GaussianPivotConditioning.unselected_position_active' depends on axioms: [propext,
 Classical.choice,
 Quot.sound]
'NLA.IE06.GaussianPivotConditioning.firstTrajectory_pivot_entry' depends on axioms: [propext,
 Classical.choice,
 Quot.sound]
'NLA.IE06.GaussianPivotConditioning.actual_remaining_mem_truncationBody' depends on axioms: [propext,
 Classical.choice,
 Quot.sound]
'NLA.IE06.GaussianPivotConditioning.Good' depends on axioms: [propext, Classical.choice, Quot.sound]
'NLA.IE06.GaussianPivotConditioning.measurableSet_good' depends on axioms: [propext, Classical.choice, Quot.sound]
'NLA.IE06.GaussianPivotConditioning.selected_label_position' depends on axioms: [propext, Classical.choice, Quot.sound]
'NLA.IE06.GaussianPivotConditioning.strict_fiber_implies_order' depends on axioms: [propext,
 Classical.choice,
 Quot.sound]
'NLA.IE06.GaussianPivotConditioning.actual_good_of_nonsingular_separated' depends on axioms: [propext,
 Classical.choice,
 Quot.sound]
'NLA.IE06.GaussianPivotConditioning.actual_good_ae' depends on axioms: [propext, Classical.choice, Quot.sound]
'NLA.IE06.GaussianPivotConditioning.measurableSet_strictTruncationBody_joint' depends on axioms: [propext,
 Classical.choice,
 Quot.sound]
'NLA.IE06.GaussianPivotConditioning.measurableSet_product_body' depends on axioms: [propext,
 Classical.choice,
 Quot.sound]
'NLA.IE06.GaussianPivotConditioning.measurableSet_product_strict_body' depends on axioms: [propext,
 Classical.choice,
 Quot.sound]
'NLA.IE06.GaussianPivotConditioning.product_body_strict_ae' depends on axioms: [propext, Classical.choice, Quot.sound]
'NLA.IE06.GaussianPivotConditioning.fiberRegion' depends on axioms: [propext, Classical.choice, Quot.sound]
'NLA.IE06.GaussianPivotConditioning.measurableSet_fiberRegion' depends on axioms: [propext,
 Classical.choice,
 Quot.sound]
'NLA.IE06.GaussianPivotConditioning.measurable_fixed_blocks' depends on axioms: [propext, Classical.choice, Quot.sound]
'NLA.IE06.GaussianPivotConditioning.orderEvent_ae_eq_fiber' depends on axioms: [propext, Classical.choice, Quot.sound]
'NLA.IE06.GaussianPivotConditioning.fixed_order_restricted_law' depends on axioms: [propext,
 Classical.choice,
 Quot.sound]
'NLA.IE06.GaussianPivotConditioning.fixed_order_lintegral' depends on axioms: [propext, Classical.choice, Quot.sound]
'NLA.IE06.GaussianPivotConditioning.orderWeight' depends on axioms: [propext, Classical.choice, Quot.sound]
'NLA.IE06.GaussianPivotConditioning.orderEvent_measure' depends on axioms: [propext, Classical.choice, Quot.sound]
'NLA.IE06.GaussianPivotConditioning.orderWeights_sum_one' depends on axioms: [propext, Classical.choice, Quot.sound]
'NLA.IE06.GaussianPivotConditioning.adaptive_lintegral_le' depends on axioms: [propext, Classical.choice, Quot.sound]
'NLA.IE06.GaussianPivotConditioning.adaptive_event_le' depends on axioms: [propext, Classical.choice, Quot.sound]
'NLA.IE06.GaussianPivotConditioning.upperMatrix' depends on axioms: [propext, Classical.choice, Quot.sound]
'NLA.IE06.GaussianPivotConditioning.multiplierVector' depends on axioms: [propext, Classical.choice, Quot.sound]
'NLA.IE06.GaussianPivotConditioning.trajectory_inactive_column' depends on axioms: [propext,
 Classical.choice,
 Quot.sound]
'NLA.IE06.GaussianPivotConditioning.upperMatrix_triangular' depends on axioms: [propext, Classical.choice, Quot.sound]
'NLA.IE06.GaussianPivotConditioning.upperMatrix_det_ne_zero' depends on axioms: [propext, Classical.choice, Quot.sound]
'NLA.IE06.GaussianPivotConditioning.residualMap_earlier_zero' depends on axioms: [propext, Classical.choice, Quot.sound]
'NLA.IE06.GaussianPivotConditioning.residualMap_terminal_zero' depends on axioms: [propext,
 Classical.choice,
 Quot.sound]
'NLA.IE06.GaussianPivotConditioning.residualMap_telescoping' depends on axioms: [propext, Classical.choice, Quot.sound]
'NLA.IE06.GaussianPivotConditioning.multiplierVector_vecMul_upper' depends on axioms: [propext,
 Classical.choice,
 Quot.sound]
'NLA.IE06.GaussianPivotConditioning.multiplierVector_eq_vecMul_inv' depends on axioms: [propext,
 Classical.choice,
 Quot.sound]
'NLA.IE06.GaussianPivotConditioning.truncationBody_eq_inverse_upper' depends on axioms: [propext,
 Classical.choice,
 Quot.sound]
