ℹ [3631/3642] Replayed NLA.IE14.Certificates
info: NLA/IE14/Certificates.lean:19:0: 'NLA.IE14.half_bounds_certificate' depends on axioms: [propext, Classical.choice, Quot.sound]
ℹ [3635/3642] Replayed NLA.IE14.Front
info: NLA/IE14/Front.lean:286:0: 'NLA.IE14.frontInvariant_all' depends on axioms: [propext, Classical.choice, Quot.sound]
ℹ [3636/3642] Replayed NLA.IE14.FrontBounds
info: NLA/IE14/FrontBounds.lean:202:0: 'NLA.IE14.front_step_bounds' depends on axioms: [propext, Classical.choice, Quot.sound]
info: NLA/IE14/FrontBounds.lean:204:0: 'NLA.IE14.final_scalar_le_frontSum' depends on axioms: [propext, Classical.choice, Quot.sound]
ℹ [3637/3642] Replayed NLA.IE14.ColumnBounds
info: NLA/IE14/ColumnBounds.lean:336:0: 'NLA.IE14.front_fibonacci_run' depends on axioms: [propext, Classical.choice, Quot.sound]
info: NLA/IE14/ColumnBounds.lean:338:0: 'NLA.IE14.last_column_sum_bound' depends on axioms: [propext, Classical.choice, Quot.sound]
info: NLA/IE14/ColumnBounds.lean:340:0: 'NLA.IE14.penultimate_column_front_bound' depends on axioms: [propext, Classical.choice, Quot.sound]
info: NLA/IE14/ColumnBounds.lean:342:0: 'NLA.IE14.all_active_entries_bound_proved' depends on axioms: [propext, Classical.choice, Quot.sound]
✔ [3639/3642] Built NLA.IE14.Attainment (3.1s)
ℹ [3640/3642] Built NLA.IE14.Proof (2.5s)
info: NLA/IE14/Proof.lean:38:0: 'NLA.IE14.numerical_bounds' depends on axioms: [propext, Classical.choice, Quot.sound]
info: NLA/IE14/Proof.lean:40:0: 'NLA.IE14.entryMax_semantics' depends on axioms: [propext, Classical.choice, Quot.sound]
info: NLA/IE14/Proof.lean:42:0: 'NLA.IE14.admissible_path_exists' depends on axioms: [propext, Classical.choice, Quot.sound]
info: NLA/IE14/Proof.lean:44:0: 'NLA.IE14.all_active_entries_bound' depends on axioms: [propext, Classical.choice, Quot.sound]
info: NLA/IE14/Proof.lean:46:0: 'NLA.IE14.witness_data' depends on axioms: [propext, Classical.choice, Quot.sound]
info: NLA/IE14/Proof.lean:48:0: 'NLA.IE14.witness_attainment' depends on axioms: [propext, Classical.choice, Quot.sound]
info: NLA/IE14/Proof.lean:50:0: 'NLA.IE14.canonical_result' depends on axioms: [propext, Classical.choice, Quot.sound]
✔ [3641/3642] Built Solution (2.4s)
Build completed successfully (3642 jobs).
