'NLA.IE06.SelectedBlockElimination.annihilates_of_pivots' depends on axioms: [propext, Classical.choice, Quot.sound]
'NLA.IE06.SelectedBlockElimination.det_ne_zero_of_pivots' depends on axioms: [propext, Classical.choice, Quot.sound]
'NLA.IE06.SelectedBlockElimination.PrefixNonzero' depends on axioms: [propext, Classical.choice, Quot.sound]
'NLA.IE06.SelectedBlockElimination.prefixNonzero_of_det_ne_zero' depends on axioms: [propext,
 Classical.choice,
 Quot.sound]
'NLA.IE06.SelectedBlockElimination.prefixNonzero_of_good' depends on axioms: [propext, Classical.choice, Quot.sound]
'NLA.IE06.SelectedBlockElimination.selectedBlock_det_ne_zero_of_prefix' depends on axioms: [propext,
 Classical.choice,
 Quot.sound]
'NLA.IE06.SelectedBlockElimination.selectedBlock_det_ne_zero' depends on axioms: [propext, Classical.choice, Quot.sound]
'NLA.IE06.SelectedBlockElimination.swap_active' depends on axioms: [propext, Classical.choice, Quot.sound]
'NLA.IE06.SelectedBlockElimination.remaining_coordinates' depends on axioms: [propext, Classical.choice, Quot.sound]
'NLA.IE06.SelectedBlockElimination.active_label_not_selected' depends on axioms: [propext, Classical.choice, Quot.sound]
'NLA.IE06.SelectedBlockElimination.row_reconstruction' depends on axioms: [propext, Classical.choice, Quot.sound]
'NLA.IE06.SelectedBlockElimination.selected_coefficients_mul' depends on axioms: [propext, Classical.choice, Quot.sound]
'NLA.IE06.SelectedBlockElimination.selected_coefficients' depends on axioms: [propext, Classical.choice, Quot.sound]
'NLA.IE06.SelectedBlockElimination.row_eq_selected_inverse_of_prefix' depends on axioms: [propext,
 Classical.choice,
 Quot.sound]
'NLA.IE06.SelectedBlockElimination.row_eq_selected_inverse' depends on axioms: [propext, Classical.choice, Quot.sound]
'NLA.IE06.SelectedBlockElimination.selected_embedding_sq' depends on axioms: [propext, Classical.choice, Quot.sound]
'NLA.IE06.SelectedBlockElimination.row_norm_sq_of_prefix' depends on axioms: [propext, Classical.choice, Quot.sound]
'NLA.IE06.SelectedBlockElimination.row_norm_sq' depends on axioms: [propext, Classical.choice, Quot.sound]
