$ systemd-run --user --quiet --wait --pipe --collect -p 'RestrictAddressFamilies=~AF_UNIX' --working-directory /home/runner/work/_temp/nla-lean-tools/.verification-tmp/nla-fresh-proof-ae4lawzl/project /usr/bin/env -i PATH=/home/runner/.elan/toolchains/leanprover--lean4---v4.33.1/bin:/home/runner/.elan/bin:/home/runner/go/bin:/opt/hostedtoolcache/go/1.27.1/x64/bin:/snap/bin:/home/runner/.local/bin:/opt/pipx_bin:/home/runner/.cargo/bin:/home/runner/.config/composer/vendor/bin:/usr/local/.ghcup/bin:/home/runner/.dotnet/tools:/usr/local/sbin:/usr/local/bin:/usr/sbin:/usr/bin:/sbin:/bin:/usr/games:/usr/local/games:/snap/bin HOME=/home/runner LANG=C.UTF-8 XDG_RUNTIME_DIR=/run/user/1001 DBUS_SESSION_BUS_ADDRESS=unix:path=/run/user/1001/bus GIT_TERMINAL_PROMPT=0 GIT_CONFIG_NOSYSTEM=1 GIT_CONFIG_GLOBAL=/dev/null COMPARATOR_BIN=/home/runner/work/_temp/nla-lean-tools/.tools/comparator/.lake/build/bin/comparator COMPARATOR_LEAN4EXPORT=/home/runner/work/_temp/nla-lean-tools/.tools/lean4export/.lake/build/bin/lean4export COMPARATOR_LANDRUN=/home/runner/work/_temp/nla-lean-tools/scripts/strict_landrun.py XDG_CACHE_HOME=/home/runner/work/_temp/nla-lean-tools/.tools/cache TMPDIR=/home/runner/work/_temp/nla-lean-tools/.verification-tmp lake env /home/runner/work/_temp/nla-lean-tools/.tools/comparator/.lake/build/bin/comparator comparator.json
Building Challenge
✔ [1888/1890] Built NLA.NR04.Definitions (1.5s)
⚠ [1889/1890] Built Challenge (1.4s)
warning: Challenge.lean:21:8: declaration uses `sorry`
warning: Challenge.lean:25:8: declaration uses `sorry`
warning: Challenge.lean:30:8: declaration uses `sorry`
warning: Challenge.lean:35:8: declaration uses `sorry`
warning: Challenge.lean:41:8: declaration uses `sorry`
warning: Challenge.lean:47:8: declaration uses `sorry`
warning: Challenge.lean:53:8: declaration uses `sorry`
warning: Challenge.lean:61:8: declaration uses `sorry`
warning: Challenge.lean:72:8: declaration uses `sorry`
warning: Challenge.lean:84:8: declaration uses `sorry`
warning: Challenge.lean:94:8: declaration uses `sorry`
warning: Challenge.lean:101:8: declaration uses `sorry`
warning: Challenge.lean:109:8: declaration uses `sorry`
warning: Challenge.lean:114:8: declaration uses `sorry`
warning: Challenge.lean:119:8: declaration uses `sorry`
Build completed successfully (1890 jobs).
Exporting #[Quot, Quot.mk, Quot.lift, Quot.ind, NLA.NR04.minor_eight_positive, NLA.NR04.distance_index_semantics, NLA.NR04.centered_labels, NLA.NR04.reflection_identity, NLA.NR04.seven_factor_certificate, NLA.NR04.distance_rank_certificate, NLA.NR04.distance_sign_pattern, NLA.NR04.small_section_bound, NLA.NR04.section_contact_bound, NLA.NR04.low_rank_factor_obstruction, NLA.NR04.rank_three_small_factor, NLA.NR04.general_rank_seven_lower, NLA.NR04.nine_point_no_small_factor, NLA.NR04.nine_point_nonnegative_rank_seven, NLA.NR04.canonical_six_factor_impossible, propext, Classical.choice, Quot.sound, Nat.add, Nat.sub, Nat.mul, Nat.pow, Nat.gcd, Nat.div, Nat.mod, Nat.beq, Nat.ble, Nat.land, Nat.lor, Nat.xor, Nat.shiftLeft, Nat.shiftRight, String.ofList, Char.ofNat, List, eagerReduce, Nat, String, String.mk, Char, optParam, autoParam, semiOutParam, outParam] from Challenge
Building Solution
✔ [2307/2342] Built LeanCert.Tactic.Verification (3.9s)
ℹ [2308/2344] Built NLA.NR04.SliceRecombination (4.1s)
info: NLA/NR04/SliceRecombination.lean:248:0: 'NLA.NR04.slice_cross_weight_sum' depends on axioms: [propext, Classical.choice, Quot.sound]
info: NLA/NR04/SliceRecombination.lean:249:0: 'NLA.NR04.slice_cross_vector_sum' depends on axioms: [propext, Classical.choice, Quot.sound]
info: NLA/NR04/SliceRecombination.lean:250:0: 'NLA.NR04.balanced_slice_mem_hull' depends on axioms: [propext, Classical.choice, Quot.sound]
info: NLA/NR04/SliceRecombination.lean:251:0: 'NLA.NR04.slice_cross_mem_convexHull' depends on axioms: [propext, Classical.choice, Quot.sound]
info: NLA/NR04/SliceRecombination.lean:252:0: 'NLA.NR04.slice_cross_height_zero' depends on axioms: [propext, Classical.choice, Quot.sound]
info: NLA/NR04/SliceRecombination.lean:253:0: 'NLA.NR04.slice_balance_of_height_zero' depends on axioms: [propext, Classical.choice, Quot.sound]
info: NLA/NR04/SliceRecombination.lean:254:0: 'NLA.NR04.height_zero_combination_mem_slice_hull' depends on axioms: [propext, Classical.choice, Quot.sound]
⚠ [2309/2344] Built NLA.NR04.FiniteSection (5.2s)
warning: NLA/NR04/FiniteSection.lean:118:33: Used `tac1 <;> tac2` where `(tac1; tac2)` would suffice

Note: This linter can be disabled with `set_option linter.unnecessarySeqFocus false`
warning: NLA/NR04/FiniteSection.lean:129:29: Used `tac1 <;> tac2` where `(tac1; tac2)` would suffice

Note: This linter can be disabled with `set_option linter.unnecessarySeqFocus false`
warning: NLA/NR04/FiniteSection.lean:155:2: Try this: 
  haveI̵

The goal is a proposition, so `have` is preferred over `haveI`.
The difference between `have` and `haveI` is that `haveI` inlines the value.
But this is not relevant for proofs because of proof irrelevance.

Note: This linter can be disabled with `set_option linter.style.haveILetI false`
info: NLA/NR04/FiniteSection.lean:175:0: 'NLA.NR04.extreme_eq_of_weight_support_subset' depends on axioms: [propext, Classical.choice, Quot.sound]
info: NLA/NR04/FiniteSection.lean:176:0: 'NLA.NR04.finite_extremePoints_affine_section' depends on axioms: [propext, Classical.choice, Quot.sound]
info: NLA/NR04/FiniteSection.lean:177:0: 'NLA.NR04.convexHull_extremePoints_affine_section' depends on axioms: [propext, Classical.choice, Quot.sound]
ℹ [2310/2344] Built NLA.NR04.SectionLinearAlgebra (5.9s)
info: NLA/NR04/SectionLinearAlgebra.lean:142:0: 'NLA.NR04.positive_offdiagonal_three_det' depends on axioms: [propext, Classical.choice, Quot.sound]
info: NLA/NR04/SectionLinearAlgebra.lean:143:0: 'NLA.NR04.rank_three_span_zero_of_three_coordinates' depends on axioms: [propext, Classical.choice, Quot.sound]
info: NLA/NR04/SectionLinearAlgebra.lean:144:0: 'NLA.NR04.sum_eq_one_of_mem_columnAffineSpan' depends on axioms: [propext, Classical.choice, Quot.sound]
info: NLA/NR04/SectionLinearAlgebra.lean:145:0: 'NLA.NR04.no_three_zero_coordinates' depends on axioms: [propext, Classical.choice, Quot.sound]
info: NLA/NR04/SectionLinearAlgebra.lean:146:0: 'NLA.NR04.zero_coordinate_card_le_two' depends on axioms: [propext, Classical.choice, Quot.sound]
ℹ [2311/2344] Built NLA.NR04.PlaneSeparation (2.4s)
info: NLA/NR04/PlaneSeparation.lean:81:0: 'NLA.NR04.finite_plane_family_separating_coordinate' depends on axioms: [propext, Classical.choice, Quot.sound]
info: NLA/NR04/PlaneSeparation.lean:82:0: 'NLA.NR04.separated_plane_family_strict_minimum' depends on axioms: [propext, Classical.choice, Quot.sound]
ℹ [2312/2344] Built NLA.NR04.RectangleParity (2.9s)
info: NLA/NR04/RectangleParity.lean:31:0: 'NLA.NR04.nine_rectangle_parities_impossible' depends on axioms: [propext, Quot.sound]
ℹ [2314/2344] Built NLA.NR04.CrossingComparisonParity (2.1s)
info: NLA/NR04/CrossingComparisonParity.lean:67:0: 'NLA.NR04.key_indicator_reverse' depends on axioms: [propext, Classical.choice, Quot.sound]
info: NLA/NR04/CrossingComparisonParity.lean:68:0: 'NLA.NR04.key_indicator_pair_left' depends on axioms: [propext, Classical.choice, Quot.sound]
info: NLA/NR04/CrossingComparisonParity.lean:69:0: 'NLA.NR04.key_indicator_pair_middle' depends on axioms: [propext, Classical.choice, Quot.sound]
info: NLA/NR04/CrossingComparisonParity.lean:70:0: 'NLA.NR04.key_indicator_pair_right' depends on axioms: [propext, Classical.choice, Quot.sound]
info: NLA/NR04/CrossingComparisonParity.lean:71:0: 'NLA.NR04.key_indicator_sum_odd_of_one_between' depends on axioms: [propext, Classical.choice, Quot.sound]
ℹ [2315/2344] Built NLA.NR04.PlaneDeterminants (2.4s)
info: NLA/NR04/PlaneDeterminants.lean:92:0: 'NLA.NR04.plane_det_self' depends on axioms: [propext, Classical.choice, Quot.sound]
info: NLA/NR04/PlaneDeterminants.lean:93:0: 'NLA.NR04.plane_det_swap' depends on axioms: [propext, Classical.choice, Quot.sound]
info: NLA/NR04/PlaneDeterminants.lean:94:0: 'NLA.NR04.plane_orientation_zero' depends on axioms: [propext, Classical.choice, Quot.sound]
info: NLA/NR04/PlaneDeterminants.lean:95:0: 'NLA.NR04.plane_det_pos_of_slope_lt' depends on axioms: [propext, Classical.choice, Quot.sound]
info: NLA/NR04/PlaneDeterminants.lean:96:0: 'NLA.NR04.plane_cramer_combination' depends on axioms: [propext, Classical.choice, Quot.sound]
info: NLA/NR04/PlaneDeterminants.lean:97:0: 'NLA.NR04.plane_orientation_of_combination' depends on axioms: [propext, Classical.choice, Quot.sound]
info: NLA/NR04/PlaneDeterminants.lean:98:0: 'NLA.NR04.plane_positive_combination_of_ordered_slopes' depends on axioms: [propext, Classical.choice, Quot.sound]
ℹ [2316/2344] Built NLA.NR04.ColumnNormalization (2.8s)
info: NLA/NR04/ColumnNormalization.lean:143:0: 'NLA.NR04.columnMass_nonnegative' depends on axioms: [propext, Classical.choice, Quot.sound]
info: NLA/NR04/ColumnNormalization.lean:144:0: 'NLA.NR04.column_zero_of_mass_zero' depends on axioms: [propext, Classical.choice, Quot.sound]
info: NLA/NR04/ColumnNormalization.lean:145:0: 'NLA.NR04.columnMass_mul' depends on axioms: [propext, Classical.choice, Quot.sound]
info: NLA/NR04/ColumnNormalization.lean:146:0: 'NLA.NR04.columnNormalized_stochastic' depends on axioms: [propext, Classical.choice, Quot.sound]
info: NLA/NR04/ColumnNormalization.lean:147:0: 'NLA.NR04.columnNormalized_rank' depends on axioms: [propext, Classical.choice, Quot.sound]
info: NLA/NR04/ColumnNormalization.lean:148:0: 'NLA.NR04.filledColumnNormalized_stochastic' depends on axioms: [propext, Classical.choice, Quot.sound]
info: NLA/NR04/ColumnNormalization.lean:149:0: 'NLA.NR04.filledColumnNormalized_rank_le' depends on axioms: [propext, Classical.choice, Quot.sound]
info: NLA/NR04/ColumnNormalization.lean:150:0: 'NLA.NR04.filledColumnNormalized_mass_mul' depends on axioms: [propext, Classical.choice, Quot.sound]
⚠ [2317/2344] Built NLA.NR04.CrossingRectangles (3.1s)
warning: NLA/NR04/CrossingRectangles.lean:20:66: Used `tac1 <;> tac2` where `(tac1; tac2)` would suffice

Note: This linter can be disabled with `set_option linter.unnecessarySeqFocus false`
info: NLA/NR04/CrossingRectangles.lean:66:0: 'NLA.NR04.slice_cross_diagonals_intersect' depends on axioms: [propext, Classical.choice, Quot.sound]
ℹ [2318/2344] Built NLA.NR04.FiniteHeightSlice (2.8s)
info: NLA/NR04/FiniteHeightSlice.lean:176:0: 'NLA.NR04.height_partition_card' depends on axioms: [propext, Classical.choice, Quot.sound]
info: NLA/NR04/FiniteHeightSlice.lean:177:0: 'NLA.NR04.sum_height_partition_fin' depends on axioms: [propext, Classical.choice, Quot.sound]
info: NLA/NR04/FiniteHeightSlice.lean:178:0: 'NLA.NR04.mem_finite_range_convexHull_weights' depends on axioms: [propext, Classical.choice, Quot.sound]
info: NLA/NR04/FiniteHeightSlice.lean:179:0: 'NLA.NR04.finite_height_slice_eq' depends on axioms: [propext, Classical.choice, Quot.sound]
ℹ [2319/2344] Built NLA.NR04.SylvesterRank (3.0s)
info: NLA/NR04/SylvesterRank.lean:61:0: 'NLA.NR04.matrix_sylvester_rank_bound' depends on axioms: [propext, Classical.choice, Quot.sound]
info: NLA/NR04/SylvesterRank.lean:62:0: 'NLA.NR04.rank_three_small_factor' depends on axioms: [propext, Classical.choice, Quot.sound]
ℹ [2320/2344] Built NLA.NR04.SmallSectionRankThree (2.5s)
info: NLA/NR04/SmallSectionRankThree.lean:103:0: 'NLA.NR04.mem_columnAffineSpan_of_mem_span_sum_one' depends on axioms: [propext, Classical.choice, Quot.sound]
info: NLA/NR04/SmallSectionRankThree.lean:104:0: 'NLA.NR04.columnHull_subset_columnAffineSpan_of_rank_le_three' depends on axioms: [propext,
 Classical.choice,
 Quot.sound]
info: NLA/NR04/SmallSectionRankThree.lean:105:0: 'NLA.NR04.small_section_bound_of_rank_le_three' depends on axioms: [propext, Classical.choice, Quot.sound]
⚠ [2321/2344] Built NLA.NR04.PlaneShear (2.6s)
warning: NLA/NR04/PlaneShear.lean:29:38: Used `tac1 <;> tac2` where `(tac1; tac2)` would suffice

Note: This linter can be disabled with `set_option linter.unnecessarySeqFocus false`
warning: NLA/NR04/PlaneShear.lean:32:51: Used `tac1 <;> tac2` where `(tac1; tac2)` would suffice

Note: This linter can be disabled with `set_option linter.unnecessarySeqFocus false`
info: NLA/NR04/PlaneShear.lean:97:0: 'NLA.NR04.plane_shear_shift_apply_zero' depends on axioms: [propext, Classical.choice, Quot.sound]
info: NLA/NR04/PlaneShear.lean:98:0: 'NLA.NR04.plane_shear_shift_apply_one' depends on axioms: [propext, Classical.choice, Quot.sound]
info: NLA/NR04/PlaneShear.lean:99:0: 'NLA.NR04.plane_shear_shift_center' depends on axioms: [propext, Classical.choice, Quot.sound]
info: NLA/NR04/PlaneShear.lean:100:0: 'NLA.NR04.plane_shear_shift_injective' depends on axioms: [propext, Classical.choice, Quot.sound]
info: NLA/NR04/PlaneShear.lean:101:0: 'NLA.NR04.finite_plane_family_positive_shear' depends on axioms: [propext, Classical.choice, Quot.sound]
⚠ [2322/2344] Built NLA.NR04.IncidenceCount (2.9s)
warning: NLA/NR04/IncidenceCount.lean:108:2: Try this: 
  letI̵

The goal is a proposition, so `let` is preferred over `letI`.
The difference between `let` and `letI` is that `letI` inlines the value.
But this is not relevant for proofs because of proof irrelevance.

Note: This linter can be disabled with `set_option linter.style.haveILetI false`
info: NLA/NR04/IncidenceCount.lean:181:0: 'NLA.NR04.incidence_card_le' depends on axioms: [propext, Classical.choice, Quot.sound]
info: NLA/NR04/IncidenceCount.lean:182:0: 'NLA.NR04.factor_width_ge_order_of_two_zeros' depends on axioms: [propext, Classical.choice, Quot.sound]
info: NLA/NR04/IncidenceCount.lean:183:0: 'NLA.NR04.factor_width_ge_order_of_column_plane' depends on axioms: [propext, Classical.choice, Quot.sound]
⚠ [2323/2344] Built NLA.NR04.ExtremeOrientation (2.7s)
warning: NLA/NR04/ExtremeOrientation.lean:41:33: Unused tactic linter: `ring` does nothing

Note: This linter can be disabled with `set_option linter.unusedTactic false`
warning: NLA/NR04/ExtremeOrientation.lean:41:33: this tactic is never executed

Note: This linter can be disabled with `set_option linter.unreachableTactic false`
info: NLA/NR04/ExtremeOrientation.lean:92:0: 'NLA.NR04.extreme_positive_combination_weight_sum' depends on axioms: [propext, Classical.choice, Quot.sound]
info: NLA/NR04/ExtremeOrientation.lean:93:0: 'NLA.NR04.plane_orientation_pos_of_extreme_ordered_slopes' depends on axioms: [propext, Classical.choice, Quot.sound]
info: NLA/NR04/ExtremeOrientation.lean:94:0: 'NLA.NR04.ordered_extreme_hull_triples_positive' depends on axioms: [propext, Classical.choice, Quot.sound]
ℹ [2324/2344] Built NLA.NR04.PlaneCrossingOrientation (2.7s)
info: NLA/NR04/PlaneCrossingOrientation.lean:89:0: 'NLA.NR04.plane_orientation_cyclic' depends on axioms: [propext, Classical.choice, Quot.sound]
info: NLA/NR04/PlaneCrossingOrientation.lean:90:0: 'NLA.NR04.plane_orientation_swap_first' depends on axioms: [propext, Classical.choice, Quot.sound]
info: NLA/NR04/PlaneCrossingOrientation.lean:91:0: 'NLA.NR04.plane_orientation_swap_last' depends on axioms: [propext, Classical.choice, Quot.sound]
info: NLA/NR04/PlaneCrossingOrientation.lean:92:0: 'NLA.NR04.plane_orientation_left_eq_zero' depends on axioms: [propext, Classical.choice, Quot.sound]
info: NLA/NR04/PlaneCrossingOrientation.lean:93:0: 'NLA.NR04.plane_orientation_right_eq_zero' depends on axioms: [propext, Classical.choice, Quot.sound]
info: NLA/NR04/PlaneCrossingOrientation.lean:94:0: 'NLA.NR04.plane_orientation_affine_combination' depends on axioms: [propext, Classical.choice, Quot.sound]
info: NLA/NR04/PlaneCrossingOrientation.lean:95:0: 'NLA.NR04.plane_orientation_on_open_segment' depends on axioms: [propext, Classical.choice, Quot.sound]
info: NLA/NR04/PlaneCrossingOrientation.lean:96:0: 'NLA.NR04.crossing_orientation_opposite' depends on axioms: [propext, Classical.choice, Quot.sound]
ℹ [2325/2344] Built NLA.NR04.FactorNormalization (2.8s)
info: NLA/NR04/FactorNormalization.lean:94:0: 'NLA.NR04.normalized_factor_column_containment' depends on axioms: [propext, Classical.choice, Quot.sound]
info: NLA/NR04/FactorNormalization.lean:95:0: 'NLA.NR04.sign_pattern_columnMass_positive' depends on axioms: [propext, Classical.choice, Quot.sound]
ℹ [2326/2344] Built NLA.NR04.RankFourHeight (2.4s)
info: NLA/NR04/RankFourHeight.lean:132:0: 'NLA.NR04.exists_linear_height_of_finrank_succ' depends on axioms: [propext, Classical.choice, Quot.sound]
info: NLA/NR04/RankFourHeight.lean:133:0: 'NLA.NR04.sum_eq_one_of_mem_columnHull' depends on axioms: [propext, Classical.choice, Quot.sound]
info: NLA/NR04/RankFourHeight.lean:134:0: 'NLA.NR04.rank_four_column_section_height' depends on axioms: [propext, Classical.choice, Quot.sound]
info: NLA/NR04/RankFourHeight.lean:135:0: 'NLA.NR04.rank_four_column_section_candidates' depends on axioms: [propext, Classical.choice, Quot.sound]
ℹ [2327/2385] Built NLA.NR04.SectionContact (2.6s)
info: NLA/NR04/SectionContact.lean:107:0: 'NLA.NR04.nonnegative_of_mem_columnHull' depends on axioms: [propext, Classical.choice, Quot.sound]
info: NLA/NR04/SectionContact.lean:108:0: 'NLA.NR04.finite_extremePoints_columnSection' depends on axioms: [propext, Classical.choice, Quot.sound]
info: NLA/NR04/SectionContact.lean:109:0: 'NLA.NR04.convexHull_extremePoints_columnSection' depends on axioms: [propext, Classical.choice, Quot.sound]
info: NLA/NR04/SectionContact.lean:110:0: 'NLA.NR04.section_contact_bound' depends on axioms: [propext, Classical.choice, Quot.sound]
ℹ [2656/2771] Built NLA.NR04.AffinePlaneDimension (3.1s)
info: NLA/NR04/AffinePlaneDimension.lean:114:0: 'NLA.NR04.column_direction_mem_iff' depends on axioms: [propext, Classical.choice, Quot.sound]
info: NLA/NR04/AffinePlaneDimension.lean:115:0: 'NLA.NR04.column_affine_direction_finrank' depends on axioms: [propext, Classical.choice, Quot.sound]
ℹ [2752/2775] Built NLA.NR04.PlaneKeyOrientationSigns (2.5s)
info: NLA/NR04/PlaneKeyOrientationSigns.lean:75:0: 'NLA.NR04.plane_orientation_key_regions' depends on axioms: [propext, Classical.choice, Quot.sound]
info: NLA/NR04/PlaneKeyOrientationSigns.lean:76:0: 'NLA.NR04.plane_orientation_negative_iff_between' depends on axioms: [propext, Classical.choice, Quot.sound]
info: NLA/NR04/PlaneKeyOrientationSigns.lean:77:0: 'NLA.NR04.plane_orientation_ne_zero_of_key_order' depends on axioms: [propext, Classical.choice, Quot.sound]
⚠ [2753/2817] Built NLA.NR04.HeightCandidateCount (2.8s)
warning: NLA/NR04/HeightCandidateCount.lean:130:2: Try this: 
  letI̵

The goal is a proposition, so `let` is preferred over `letI`.
The difference between `let` and `letI` is that `letI` inlines the value.
But this is not relevant for proofs because of proof irrelevance.

Note: This linter can be disabled with `set_option linter.style.haveILetI false`
info: NLA/NR04/HeightCandidateCount.lean:169:0: 'NLA.NR04.height_candidates_ncard_le' depends on axioms: [propext, Classical.choice, Quot.sound]
info: NLA/NR04/HeightCandidateCount.lean:170:0: 'NLA.NR04.height_slice_extreme_bound_actual_candidates' depends on axioms: [propext, Classical.choice, Quot.sound]
info: NLA/NR04/HeightCandidateCount.lean:171:0: 'NLA.NR04.six_height_partition_nonexceptional' depends on axioms: [propext, Classical.choice, Quot.sound]
info: NLA/NR04/HeightCandidateCount.lean:172:0: 'NLA.NR04.height_slice_duplicate_exception_bound' depends on axioms: [propext, Classical.choice, Quot.sound]
info: NLA/NR04/HeightCandidateCount.lean:173:0: 'NLA.NR04.rank_four_section_bound_or_distinct_exception' depends on axioms: [propext, Classical.choice, Quot.sound]
✔ [2794/2817] Built LeanCert.Core.Interval (2.9s)
⚠ [2795/2817] Built NLA.NR04.AffinePlaneCoordinates (3.2s)
warning: NLA/NR04/AffinePlaneCoordinates.lean:41:2: Try this: 
  letI̵

The goal is a proposition, so `let` is preferred over `letI`.
The difference between `let` and `letI` is that `letI` inlines the value.
But this is not relevant for proofs because of proof irrelevance.

Note: This linter can be disabled with `set_option linter.style.haveILetI false`
info: NLA/NR04/AffinePlaneCoordinates.lean:158:0: 'NLA.NR04.column_affine_plane_parametrization' depends on axioms: [propext, Classical.choice, Quot.sound]
info: NLA/NR04/AffinePlaneCoordinates.lean:159:0: 'NLA.NR04.affine_injective_extreme_image_iff' depends on axioms: [propext, Classical.choice, Quot.sound]
info: NLA/NR04/AffinePlaneCoordinates.lean:160:0: 'NLA.NR04.affine_injective_open_crossing_iff' depends on axioms: [propext, Classical.choice, Quot.sound]
info: NLA/NR04/AffinePlaneCoordinates.lean:161:0: 'NLA.NR04.column_family_plane_coordinates' depends on axioms: [propext, Classical.choice, Quot.sound]
ℹ [2796/2818] Built NLA.NR04.FourEndpointCrossingParity (2.6s)
info: NLA/NR04/FourEndpointCrossingParity.lean:88:0: 'NLA.NR04.ordered_key_crossing_odd' depends on axioms: [propext, Classical.choice, Quot.sound]
info: NLA/NR04/FourEndpointCrossingParity.lean:89:0: 'NLA.NR04.four_endpoint_crossing_odd' depends on axioms: [propext, Classical.choice, Quot.sound]
ℹ [2797/2822] Built NLA.NR04.NineGridKeyObstruction (3.3s)
info: NLA/NR04/NineGridKeyObstruction.lean:56:0: 'NLA.NR04.nine_grid_key_crossings_impossible' depends on axioms: [propext, Classical.choice, Quot.sound]
⚠ [2798/2822] Built NLA.NR04.ExtremeSlopes (3.4s)
warning: NLA/NR04/ExtremeSlopes.lean:33:29: Used `tac1 <;> tac2` where `(tac1; tac2)` would suffice

Note: This linter can be disabled with `set_option linter.unnecessarySeqFocus false`
info: NLA/NR04/ExtremeSlopes.lean:122:0: 'NLA.NR04.plane_eq_smul_of_slope_eq' depends on axioms: [propext, Classical.choice, Quot.sound]
info: NLA/NR04/ExtremeSlopes.lean:123:0: 'NLA.NR04.not_extreme_of_strict_smul' depends on axioms: [propext, Classical.choice, Quot.sound]
info: NLA/NR04/ExtremeSlopes.lean:124:0: 'NLA.NR04.extreme_positive_slope_eq' depends on axioms: [propext, Classical.choice, Quot.sound]
info: NLA/NR04/ExtremeSlopes.lean:125:0: 'NLA.NR04.extreme_nonorigin_slopes_injective' depends on axioms: [propext, Classical.choice, Quot.sound]
info: NLA/NR04/ExtremeSlopes.lean:126:0: 'NLA.NR04.finite_extreme_family_positive_normalization' depends on axioms: [propext, Classical.choice, Quot.sound]
✔ [2816/2845] Built LeanCert.Core.Expr (5.6s)
ℹ [2819/2845] Built NLA.NR04.PlaneOrderKey (3.6s)
info: NLA/NR04/PlaneOrderKey.lean:91:0: 'NLA.NR04.plane_order_key_center' depends on axioms: [propext, Classical.choice, Quot.sound]
info: NLA/NR04/PlaneOrderKey.lean:92:0: 'NLA.NR04.plane_order_key_center_lt' depends on axioms: [propext, Classical.choice, Quot.sound]
info: NLA/NR04/PlaneOrderKey.lean:93:0: 'NLA.NR04.plane_order_key_lt_iff_of_ne' depends on axioms: [propext, Classical.choice, Quot.sound]
info: NLA/NR04/PlaneOrderKey.lean:94:0: 'NLA.NR04.plane_order_key_injective' depends on axioms: [propext, Classical.choice, Quot.sound]
info: NLA/NR04/PlaneOrderKey.lean:95:0: 'NLA.NR04.plane_order_key_triple_positive' depends on axioms: [propext, Classical.choice, Quot.sound]
✔ [2820/2845] Built LeanCert.Core.DerivativeIntervals (3.7s)
✔ [2821/2848] Built LeanCert.Core.IntervalRat.Basic (7.7s)
✔ [2823/2848] Built LeanCert.Core.IntervalRat.LogReduction (5.5s)
✔ [2824/2848] Built LeanCert.Core.Support (3.3s)
ℹ [2825/2848] Built NLA.NR04.PlaneKeyNormalization (3.2s)
info: NLA/NR04/PlaneKeyNormalization.lean:60:0: 'NLA.NR04.finite_extreme_family_key_order' depends on axioms: [propext, Classical.choice, Quot.sound]
✔ [2826/2852] Built LeanCert.Meta.Numeral (3.9s)
✔ [2827/2852] Built LeanCert.Core.IntervalRat.Transcendental (4.9s)
✔ [2828/2852] Built LeanCert.Tactic.IntervalAuto.Types (4.1s)
✔ [2829/2852] Built LeanCert.Core.TrigReduction (3.8s)
ℹ [2830/2852] Built NLA.NR04.NineGridPlanarObstruction (3.0s)
info: NLA/NR04/NineGridPlanarObstruction.lean:71:0: 'NLA.NR04.nine_grid_not_all_extreme' depends on axioms: [propext, Classical.choice, Quot.sound]
✔ [2831/2852] Built LeanCert.Tactic.IntervalAuto.Extract (3.8s)
✔ [2832/2853] Built LeanCert.Core.Taylor (7.5s)
✔ [2833/2854] Built LeanCert.Meta.ToExpr (5.5s)
✔ [2834/2855] Built LeanCert.Engine.Eval.Result (2.7s)
ℹ [2835/2856] Built NLA.NR04.ColumnPlaneGridObstruction (2.9s)
info: NLA/NR04/ColumnPlaneGridObstruction.lean:68:0: 'NLA.NR04.nine_grid_in_column_plane_not_all_extreme' depends on axioms: [propext, Classical.choice, Quot.sound]
✔ [2836/2861] Built LeanCert.Tactic.IntervalAuto.Norm (3.5s)
ℹ [2838/2861] Built NLA.NR04.HeightCrossingObstruction (3.7s)
info: NLA/NR04/HeightCrossingObstruction.lean:71:0: 'NLA.NR04.height_crossings_not_all_extreme_in_column_plane' depends on axioms: [propext, Classical.choice, Quot.sound]
✔ [2839/2867] Built LeanCert.Contrib.Sinc (5.8s)
✔ [2840/2871] Built LeanCert.Tactic.IntervalAuto.Parse (7.6s)
⚠ [2841/2871] Built NLA.NR04.ExceptionalHeightBound (4.7s)
warning: NLA/NR04/ExceptionalHeightBound.lean:33:2: Try this: 
  letI̵

The goal is a proposition, so `let` is preferred over `letI`.
The difference between `let` and `letI` is that `letI` inlines the value.
But this is not relevant for proofs because of proof irrelevance.

Note: This linter can be disabled with `set_option linter.style.haveILetI false`
info: NLA/NR04/ExceptionalHeightBound.lean:59:0: 'NLA.NR04.height_distinct_exception_bound_in_column_plane' depends on axioms: [propext, Classical.choice, Quot.sound]
✔ [2842/2871] Built LeanCert.Core.Dyadic (5.3s)
✔ [2843/2872] Built LeanCert.Tactic.IntervalAuto.Diagnostic (4.7s)
✔ [2844/2872] Built LeanCert.Tactic.LeanCert.Bridge.Environment (3.6s)
✔ [2845/2907] Built LeanCert.Tactic.NumericalRefinement (622ms)
ℹ [2898/2976] Built NLA.NR04.SmallSectionBound (2.9s)
info: NLA/NR04/SmallSectionBound.lean:63:0: 'NLA.NR04.rank_four_section_bound' depends on axioms: [propext, Classical.choice, Quot.sound]
info: NLA/NR04/SmallSectionBound.lean:64:0: 'NLA.NR04.small_section_bound' depends on axioms: [propext, Classical.choice, Quot.sound]
✔ [2900/2978] Built LeanCert.Tactic.VecUtil (2.4s)
✔ [2901/2978] Built LeanCert.Tactic.LeanCert.Normalize (3.5s)
✔ [2902/2982] Built LeanCert.Core.IntervalRat.Taylor (18s)
✔ [2903/2982] Built LeanCert.Tactic.FinSumExpand (2.3s)
ℹ [2904/2982] Built NLA.NR04.LowRankFactorObstruction (2.9s)
info: NLA/NR04/LowRankFactorObstruction.lean:64:0: 'NLA.NR04.low_rank_factor_obstruction' depends on axioms: [propext, Classical.choice, Quot.sound]
✔ [2905/2982] Built LeanCert.Tactic.FinsetParse (3.4s)
✔ [2906/2983] Built LeanCert.Tactic.BridgeNative (1.7s)
✔ [3563/3642] Built LeanCert.Core.IntervalReal (2.5s)
✔ [3564/3642] Built LeanCert.Core.IntervalRat.TrigReduced (2.0s)
ℹ [3565/3642] Built NLA.NR04.GeneralLowerBound (2.9s)
info: NLA/NR04/GeneralLowerBound.lean:43:0: 'NLA.NR04.general_rank_seven_lower' depends on axioms: [propext, Classical.choice, Quot.sound]
✔ [3566/3642] Built LeanCert.Validity.Eventual (3.1s)
✔ [3567/3644] Built LeanCert.Tactic.LeanCert.Semantic.Domain (3.5s)
✔ [3568/3646] Built LeanCert.Engine.Affine.Basic (8.2s)
✔ [3569/3648] Built LeanCert.Core.IntervalRealEndpoints (6.5s)
✔ [3570/3649] Built LeanCert.Core.IntervalDyadic (9.1s)
✔ [3571/3649] Built LeanCert.Tactic.LeanCert.Semantic.Goal (2.0s)
✔ [3572/3649] Built LeanCert.Tactic.EventualBound (5.9s)
✔ [3573/3649] Built LeanCert.Engine.Affine.Nonlinear (6.1s)
✔ [3574/3653] Built LeanCert.Tactic.VecSimp (3.2s)
✔ [3575/3654] Built LeanCert.Core.DyadicCell (5.7s)
✔ [3576/3654] Built LeanCert.Tactic.LeanCert.Semantic.Parse.Comparison (1.8s)
✔ [3577/3657] Built LeanCert.Engine.Eval.Core (8.6s)
✔ [3578/3657] Built LeanCert.Tactic.Extension.Protocol (3.3s)
✔ [3579/3657] Built LeanCert.Core.DyadicFrontier (3.1s)
✔ [3580/3657] Built LeanCert.Tactic.LeanCert.Diagnostic.Evidence (3.3s)
✔ [3581/3661] Built LeanCert.Tactic.LeanCert.Config (1.8s)
✔ [3583/3670] Built LeanCert.Tactic.LeanCert.Semantic.Parse.Bound (3.8s)
✔ [3584/3672] Built LeanCert.Engine.Eval.Extended (4.3s)
✔ [3586/3680] Built LeanCert.Tactic.Extension.Registry (3.5s)
✔ [3587/3680] Built LeanCert.Engine.FloatEval (2.9s)
✔ [3588/3680] Built LeanCert.Engine.Algebra.QPoly (4.6s)
✔ [3589/3680] Built LeanCert.Tactic.Extension.Command (2.6s)
✔ [3590/3680] Built LeanCert.Engine.Bounds.Lemmas (3.0s)
✔ [3591/3680] Built LeanCert.Engine.Algebra.QPolyIntegral (2.5s)
✔ [3592/3680] Built LeanCert.Tactic.Extension (2.3s)
✔ [3593/3680] Built LeanCert.Engine.IntervalEval (2.2s)
✔ [3594/3680] Built LeanCert.Validity.Bounds.Core (2.8s)
✔ [3595/3680] Built LeanCert.Validity.Bounds.Checked (3.0s)
✔ [3596/3680] Built LeanCert.Engine.Affine.Transcendental (4.6s)
✔ [3597/3680] Built LeanCert.Engine.IntervalEvalDyadic (6.9s)
✔ [3598/3680] Built LeanCert.Engine.Optimization.Box (3.9s)
✔ [3599/3680] Built LeanCert.Engine.RootFinding.Basic (5.8s)
✔ [3600/3680] Built LeanCert.Engine.AD.Basic (2.9s)
✔ [3601/3680] Built LeanCert.Engine.Integrate (6.9s)
✔ [3602/3680] Built LeanCert.Engine.IntervalEvalAffine (7.2s)
✔ [3603/3680] Built LeanCert.Engine.FinSumDyadic (5.0s)
✔ [3604/3680] Built LeanCert.Validity.DyadicBounds (5.1s)
✔ [3605/3680] Built LeanCert.Engine.TaylorModel.Core (10s)
✔ [3606/3680] Built LeanCert.Engine.Search.Heuristic (3.3s)
✔ [3607/3680] Built LeanCert.Engine.WitnessSum (3.4s)
✔ [3608/3680] Built LeanCert.Engine.RootFinding.Bisection (5.2s)
✔ [3609/3680] Built LeanCert.Engine.AD.Transcendental (4.7s)
✔ [3610/3680] Built LeanCert.Engine.Affine.Environment (4.2s)
✔ [3611/3680] Built LeanCert.Engine.TaylorModel.Special (2.9s)
✔ [3612/3680] Built LeanCert.Engine.TaylorModel.Integral (3.7s)
✔ [3613/3680] Built LeanCert.Engine.AD.Eval (5.9s)
✔ [3614/3680] Built LeanCert.Engine.TaylorModel.ExpLog (10s)
✔ [3615/3680] Built LeanCert.Engine.AD.Correctness (4.8s)
✔ [3616/3680] Built LeanCert.Engine.TaylorModel.Hyperbolic (13s)
✔ [3617/3680] Built LeanCert.Engine.TaylorModel.Trig (11s)
✔ [3618/3680] Built LeanCert.Engine.TaylorModel.Functions (2.5s)
✔ [3619/3680] Built LeanCert.Engine.AD.Computable (3.5s)
✔ [3620/3680] Built LeanCert.Engine.AD.PartialCorrectness (4.7s)
✔ [3621/3680] Built LeanCert.Engine.AD.DomainChecked (3.2s)
✔ [3622/3680] Built LeanCert.Engine.TaylorModel.Expr (3.0s)
✔ [3623/3680] Built LeanCert.Engine.TaylorModel (1.8s)
✔ [3624/3680] Built LeanCert.Engine.AD.Dyadic (2.8s)
✔ [3625/3680] Built LeanCert.Engine.AD (1.6s)
✔ [3626/3680] Built LeanCert.Validity.Bounds.Smart (3.5s)
✔ [3627/3680] Built LeanCert.Engine.IntervalEvalRefined (3.8s)
✔ [3628/3680] Built LeanCert.Meta.ProveSupported (4.2s)
✔ [3629/3680] Built LeanCert.Engine.Optimize (5.9s)
✔ [3630/3680] Built LeanCert.Validity.Bounds.Bridge (3.4s)
✔ [3631/3680] Built LeanCert.Meta.ProveContinuous (4.8s)
✔ [3632/3680] Built LeanCert.Tactic.IntervalAuto.ProveCommon (5.5s)
✔ [3633/3680] Built LeanCert.Validity.Bounds.Basic (2.8s)
✔ [3634/3680] Built LeanCert.Engine.Optimization.Gradient (5.9s)
✔ [3635/3680] Built LeanCert.Engine.RootFinding.Newton (5.1s)
✔ [3636/3680] Built LeanCert.Tactic.IntervalAuto.Basic (3.4s)
✔ [3637/3680] Built LeanCert.Tactic.LeanCert.Bridge.ReifiedFunction (3.6s)
✔ [3638/3680] Built LeanCert.Validity.Integration (6.8s)
✔ [3639/3680] Built LeanCert.Tactic.LeanCert.Semantic.Prepare (7.7s)
✔ [3640/3680] Built LeanCert.Engine.RootFinding.Krawczyk (9.4s)
✔ [3641/3680] Built LeanCert.Engine.RootFinding.MVTBounds (11s)
✔ [3642/3680] Built LeanCert.Tactic.LeanCert.Integral (8.4s)
✔ [3643/3680] Built LeanCert.Tactic.LeanCert.Solver.Protocol (6.4s)
✔ [3644/3680] Built LeanCert.Tactic.Extension.Execute (8.3s)
✔ [3645/3680] Built LeanCert.Engine.Optimization.Global (22s)
✔ [3646/3680] Built LeanCert.Validity.Krawczyk (2.9s)
✔ [3647/3680] Built LeanCert.Engine.RootFinding.KrawczykCandidate (3.4s)
✔ [3648/3680] Built LeanCert.Engine.RootFinding.Contraction (4.6s)
✔ [3649/3680] Built LeanCert.Tactic.LeanCert.Diagnostic.Render (3.8s)
✔ [3650/3680] Built LeanCert.Validity.Types (2.9s)
✔ [3651/3680] Built LeanCert.Tactic.Enclosure (3.5s)
✔ [3652/3680] Built LeanCert.Engine.Optimization.Guided (3.0s)
✔ [3653/3680] Built LeanCert.Engine.Search.CounterExample (2.7s)
✔ [3654/3680] Built LeanCert.Engine.RootFinding.Main (2.3s)
✔ [3655/3680] Built LeanCert.Engine.Optimization.BoundVerify (2.9s)
✔ [3656/3680] Built LeanCert.Validity.Bounds (3.9s)
✔ [3657/3680] Built LeanCert.Discovery.Find (3.5s)
✔ [3658/3680] Built LeanCert.Tactic.IntervalAuto.OptBound (3.7s)
✔ [3659/3680] Built LeanCert.Tactic.IntervalAuto.Multivariate (5.6s)
✔ [3660/3680] Built LeanCert.Tactic.IntervalAuto.RootBound (2.0s)
✔ [3661/3680] Built LeanCert.Tactic.IntervalAuto.Bound (12s)
✔ [3662/3680] Built LeanCert.Tactic.IntervalAuto.Subdiv (4.7s)
✔ [3663/3680] Built LeanCert.Tactic.IntervalAuto.Adaptive (5.2s)
✔ [3664/3680] Built LeanCert.Tactic.IntervalAuto.PointIneq (7.6s)
✔ [3665/3680] Built LeanCert.Tactic.IntervalAuto (2.1s)
✔ [3666/3680] Built LeanCert.Tactic.Refute (3.4s)
✔ [3667/3680] Built LeanCert.Tactic.FinSumWitness (4.2s)
✔ [3668/3680] Built LeanCert.Tactic.FinSumBound (3.6s)
✔ [3669/3680] Built LeanCert.Tactic.LeanCert.Semantic.Parse (2.7s)
✔ [3670/3680] Built LeanCert.Tactic.Discovery (11s)
✔ [3671/3680] Built LeanCert.Tactic.Krawczyk (2.8s)
✔ [3672/3680] Built LeanCert.Tactic.LeanCert.Router (6.2s)
✔ [3673/3680] Built LeanCert.Tactic.LeanCert (2.2s)
✔ [3674/3680] Built LeanCert.Tactic (2.2s)
ℹ [3675/3680] Built NLA.NR04.Numerical (2.4s)
info: NLA/NR04/Numerical.lean:25:0: 'NLA.NR04.minor_eight_positive' depends on axioms: [propext, Classical.choice, Quot.sound]
⚠ [3676/3680] Built NLA.NR04.OrdinaryRank (2.7s)
warning: NLA/NR04/OrdinaryRank.lean:36:28: Used `tac1 <;> tac2` where `(tac1; tac2)` would suffice

Note: This linter can be disabled with `set_option linter.unnecessarySeqFocus false`
info: NLA/NR04/OrdinaryRank.lean:58:0: 'NLA.NR04.distance_rank_certificate' depends on axioms: [propext, Classical.choice, Quot.sound]
⚠ [3677/3680] Built NLA.NR04.ReflectionCertificate (2.0s)
warning: NLA/NR04/ReflectionCertificate.lean:106:32: Used `tac1 <;> tac2` where `(tac1; tac2)` would suffice

Note: This linter can be disabled with `set_option linter.unnecessarySeqFocus false`
info: NLA/NR04/ReflectionCertificate.lean:134:0: 'NLA.NR04.distance_index_semantics' depends on axioms: [propext, Classical.choice, Quot.sound]
info: NLA/NR04/ReflectionCertificate.lean:135:0: 'NLA.NR04.centered_labels' depends on axioms: [propext, Classical.choice, Quot.sound]
info: NLA/NR04/ReflectionCertificate.lean:136:0: 'NLA.NR04.reflection_identity' depends on axioms: [propext, Classical.choice, Quot.sound]
info: NLA/NR04/ReflectionCertificate.lean:137:0: 'NLA.NR04.seven_factor_certificate' depends on axioms: [propext, Classical.choice, Quot.sound]
info: NLA/NR04/ReflectionCertificate.lean:138:0: 'NLA.NR04.distance_sign_pattern' depends on axioms: [propext, Classical.choice, Quot.sound]
ℹ [3678/3680] Built NLA.NR04.FinalBounds (2.3s)
info: NLA/NR04/FinalBounds.lean:48:0: 'NLA.NR04.nine_point_no_small_factor' depends on axioms: [propext, Classical.choice, Quot.sound]
info: NLA/NR04/FinalBounds.lean:49:0: 'NLA.NR04.nine_point_nonnegative_rank_seven' depends on axioms: [propext, Classical.choice, Quot.sound]
info: NLA/NR04/FinalBounds.lean:50:0: 'NLA.NR04.canonical_six_factor_impossible' depends on axioms: [propext, Classical.choice, Quot.sound]
ℹ [3679/3680] Built Solution (2.3s)
info: Solution.lean:21:0: 'NLA.NR04.minor_eight_positive' depends on axioms: [propext, Classical.choice, Quot.sound]
info: Solution.lean:22:0: 'NLA.NR04.distance_index_semantics' depends on axioms: [propext, Classical.choice, Quot.sound]
info: Solution.lean:23:0: 'NLA.NR04.centered_labels' depends on axioms: [propext, Classical.choice, Quot.sound]
info: Solution.lean:24:0: 'NLA.NR04.reflection_identity' depends on axioms: [propext, Classical.choice, Quot.sound]
info: Solution.lean:25:0: 'NLA.NR04.seven_factor_certificate' depends on axioms: [propext, Classical.choice, Quot.sound]
info: Solution.lean:26:0: 'NLA.NR04.distance_rank_certificate' depends on axioms: [propext, Classical.choice, Quot.sound]
info: Solution.lean:27:0: 'NLA.NR04.distance_sign_pattern' depends on axioms: [propext, Classical.choice, Quot.sound]
info: Solution.lean:28:0: 'NLA.NR04.small_section_bound' depends on axioms: [propext, Classical.choice, Quot.sound]
info: Solution.lean:29:0: 'NLA.NR04.section_contact_bound' depends on axioms: [propext, Classical.choice, Quot.sound]
info: Solution.lean:30:0: 'NLA.NR04.low_rank_factor_obstruction' depends on axioms: [propext, Classical.choice, Quot.sound]
info: Solution.lean:31:0: 'NLA.NR04.rank_three_small_factor' depends on axioms: [propext, Classical.choice, Quot.sound]
info: Solution.lean:32:0: 'NLA.NR04.general_rank_seven_lower' depends on axioms: [propext, Classical.choice, Quot.sound]
info: Solution.lean:33:0: 'NLA.NR04.nine_point_no_small_factor' depends on axioms: [propext, Classical.choice, Quot.sound]
info: Solution.lean:34:0: 'NLA.NR04.nine_point_nonnegative_rank_seven' depends on axioms: [propext, Classical.choice, Quot.sound]
info: Solution.lean:35:0: 'NLA.NR04.canonical_six_factor_impossible' depends on axioms: [propext, Classical.choice, Quot.sound]
Build completed successfully (3680 jobs).
Exporting #[Quot, Quot.mk, Quot.lift, Quot.ind, NLA.NR04.minor_eight_positive, NLA.NR04.distance_index_semantics, NLA.NR04.centered_labels, NLA.NR04.reflection_identity, NLA.NR04.seven_factor_certificate, NLA.NR04.distance_rank_certificate, NLA.NR04.distance_sign_pattern, NLA.NR04.small_section_bound, NLA.NR04.section_contact_bound, NLA.NR04.low_rank_factor_obstruction, NLA.NR04.rank_three_small_factor, NLA.NR04.general_rank_seven_lower, NLA.NR04.nine_point_no_small_factor, NLA.NR04.nine_point_nonnegative_rank_seven, NLA.NR04.canonical_six_factor_impossible, propext, Classical.choice, Quot.sound, Nat.add, Nat.sub, Nat.mul, Nat.pow, Nat.gcd, Nat.div, Nat.mod, Nat.beq, Nat.ble, Nat.land, Nat.lor, Nat.xor, Nat.shiftLeft, Nat.shiftRight, String.ofList, Char.ofNat, List, eagerReduce, Nat, String, String.mk, Char, optParam, autoParam, semiOutParam, outParam] from Solution
Running Lean default kernel on solution.
Lean default kernel accepts the solution
Your solution is okay!

EXIT_STATUS=0
