Running elan toolchain install leanprover/lean4:v4.33.1
Log: /tmp/mf17-nla-tools/logs/bootstrap/elan.log
Running go build -mod=readonly -buildvcs=false -o /tmp/mf17-nla-tools/.tools/bin/landrun ./cmd/landrun
Log: /tmp/mf17-nla-tools/logs/bootstrap/landrun-build.log
go: downloading github.com/urfave/cli/v3 v3.6.2
go: downloading github.com/landlock-lsm/go-landlock v0.9.0
go: downloading kernel.org/pub/linux/libs/security/libcap/psx v1.2.77
go: downloading golang.org/x/sys v0.40.0
Running lake build lean4export comparator
Log: /tmp/mf17-nla-tools/logs/bootstrap/comparator-build.log
✔ [3/20] Built Comparator.Util (148ms)
✔ [4/20] Built Comparator.Util:c.o (79ms)
✔ [5/20] Built Export.Parse (655ms)
✔ [6/20] Built Comparator.Axioms (193ms)
✔ [7/20] Built Comparator.Axioms:c.o (148ms)
✔ [8/20] Built Comparator.Compare (237ms)
✔ [9/20] Built Comparator (119ms)
✔ [10/20] Built Export (1.2s)
✔ [11/20] Built Comparator.Compare:c.o (200ms)
✔ [12/20] Built Comparator:c.o (22ms)
✔ [13/20] Built Main (422ms)
✔ [14/20] Built Main:c.o (109ms)
✔ [15/20] Built Main (716ms)
✔ [16/20] Built Main:c.o (379ms)
✔ [17/20] Built Export:c.o (1.2s)
✔ [18/20] Built Export.Parse:c.o (1.7s)
✔ [19/20] Built comparator:exe (763ms)
✔ [20/20] Built lean4export:exe (766ms)
Build completed successfully (20 jobs).
Tools built; isolation and checker controls run during verify. Receipt: /tmp/mf17-nla-tools/bootstrap.json
