'NLA.IE06.SpectralMeasurability.matrixMeasurable' depends on axioms: [propext, Classical.choice, Quot.sound]
'NLA.IE06.SpectralMeasurability.matrixBorel' depends on axioms: [propext, Classical.choice, Quot.sound]
'NLA.IE06.SpectralMeasurability.singularValues_le_add_opNorm' depends on axioms: [propext, Classical.choice, Quot.sound]
'NLA.IE06.SpectralMeasurability.singularValues_lipschitz' depends on axioms: [propext, Classical.choice, Quot.sound]
'NLA.IE06.SpectralMeasurability.singularValues_le_of_norm_le' depends on axioms: [propext, Classical.choice, Quot.sound]
'NLA.IE06.SpectralMeasurability.singularValues_eq_of_norm_eq' depends on axioms: [propext, Classical.choice, Quot.sound]
'NLA.IE06.SpectralMeasurability.continuous_euclideanMap' depends on axioms: [propext, Classical.choice, Quot.sound]
'NLA.IE06.SpectralMeasurability.continuous_singularValue' depends on axioms: [propext, Classical.choice, Quot.sound]
'NLA.IE06.SpectralMeasurability.measurable_singularValue' depends on axioms: [propext, Classical.choice, Quot.sound]
'NLA.IE06.SpectralMeasurability.continuous_opNorm' depends on axioms: [propext, Classical.choice, Quot.sound]
'NLA.IE06.SpectralMeasurability.measurable_opNorm' depends on axioms: [propext, Classical.choice, Quot.sound]
'NLA.IE06.SpectralMeasurability.measurable_frobeniusNorm' depends on axioms: [propext, Classical.choice, Quot.sound]
'NLA.IE06.SpectralMeasurability.gramInverse' depends on axioms: [propext, Classical.choice, Quot.sound]
'NLA.IE06.SpectralMeasurability.measurable_gramInverse' depends on axioms: [propext, Classical.choice, Quot.sound]
'NLA.IE06.SpectralMeasurability.gramInverse_eq_pinv' depends on axioms: [propext, Classical.choice, Quot.sound]
'NLA.IE06.SpectralMeasurability.surjective_iff_gram_det_ne_zero' depends on axioms: [propext,
 Classical.choice,
 Quot.sound]
'NLA.IE06.SpectralMeasurability.measurableSet_surjective' depends on axioms: [propext, Classical.choice, Quot.sound]
'NLA.IE06.SpectralMeasurability.singularValue_rowEquiv' depends on axioms: [propext, Classical.choice, Quot.sound]
